[0.022s] Invoking command in '/home/kllemo/ros2_ws/build/block1_kleman': CMAKE_PREFIX_PATH=/home/kllemo/ros2_ws/install/abb_model:/home/kllemo/ros2_ws/install/abb_irb4600_ikfast:/home/kllemo/ros2_ws/install/rrm_simple_robot_model:/home/kllemo/ros2_ws/install/rrm_sim:/home/kllemo/ros2_ws/install/rrm_msgs:/home/kllemo/ros2_ws/install/kleman_interface:/home/kllemo/ros2_ws/install/block1_kleman:/opt/ros/jazzy/opt/gz_math_vendor:/opt/ros/jazzy/opt/gz_utils_vendor:/opt/ros/jazzy/opt/gz_cmake_vendor:/opt/ros/jazzy DEBUGINFOD_URLS=https://debuginfod.ubuntu.com /usr/bin/cmake --build /home/kllemo/ros2_ws/build/block1_kleman -- -j16 -l16
[0.068s] -- Found ament_cmake: 2.5.5 (/opt/ros/jazzy/share/ament_cmake/cmake)
[0.517s] -- Override CMake install command with custom implementation using symlinks instead of copying resources
[0.532s] -- Found rclcpp: 28.1.16 (/opt/ros/jazzy/share/rclcpp/cmake)
[0.593s] -- Found rosidl_generator_c: 4.6.7 (/opt/ros/jazzy/share/rosidl_generator_c/cmake)
[0.614s] -- Found rosidl_generator_cpp: 4.6.7 (/opt/ros/jazzy/share/rosidl_generator_cpp/cmake)
[0.642s] -- Using all available rosidl_typesupport_c: rosidl_typesupport_fastrtps_c;rosidl_typesupport_introspection_c
[0.686s] -- Using all available rosidl_typesupport_cpp: rosidl_typesupport_fastrtps_cpp;rosidl_typesupport_introspection_cpp
[0.845s] -- Found rmw_implementation_cmake: 7.3.3 (/opt/ros/jazzy/share/rmw_implementation_cmake/cmake)
[0.849s] -- Found rmw_fastrtps_cpp: 8.4.3 (/opt/ros/jazzy/share/rmw_fastrtps_cpp/cmake)
[1.030s] -- Using RMW implementation 'rmw_fastrtps_cpp' as default
[1.239s] -- Found sensor_msgs: 5.3.6 (/opt/ros/jazzy/share/sensor_msgs/cmake)
[1.380s] -- Found visualization_msgs: 5.3.6 (/opt/ros/jazzy/share/visualization_msgs/cmake)
[1.466s] -- Found interactive_markers: 2.5.5 (/opt/ros/jazzy/share/interactive_markers/cmake)
[1.488s] -- Found abb_irb4600_ikfast: 0.0.0 (/home/kllemo/ros2_ws/install/abb_irb4600_ikfast/share/abb_irb4600_ikfast/cmake)
[1.735s] -- Configuring done (1.7s)
[1.780s] -- Generating done (0.0s)
[1.796s] -- Build files have been written to: /home/kllemo/ros2_ws/build/block1_kleman
[1.872s] [ 16%] [32mBuilding CXX object CMakeFiles/joint_logger.dir/src/joint_logger.cpp.o[0m
[1.894s] [ 50%] Built target pose_teacher
[1.894s] [ 83%] Built target model_spawner
[18.238s] [100%] [32m[1mLinking CXX executable joint_logger[0m
[18.839s] [100%] Built target joint_logger
[18.859s] Invoked command in '/home/kllemo/ros2_ws/build/block1_kleman' returned '0': CMAKE_PREFIX_PATH=/home/kllemo/ros2_ws/install/abb_model:/home/kllemo/ros2_ws/install/abb_irb4600_ikfast:/home/kllemo/ros2_ws/install/rrm_simple_robot_model:/home/kllemo/ros2_ws/install/rrm_sim:/home/kllemo/ros2_ws/install/rrm_msgs:/home/kllemo/ros2_ws/install/kleman_interface:/home/kllemo/ros2_ws/install/block1_kleman:/opt/ros/jazzy/opt/gz_math_vendor:/opt/ros/jazzy/opt/gz_utils_vendor:/opt/ros/jazzy/opt/gz_cmake_vendor:/opt/ros/jazzy DEBUGINFOD_URLS=https://debuginfod.ubuntu.com /usr/bin/cmake --build /home/kllemo/ros2_ws/build/block1_kleman -- -j16 -l16
[18.861s] Invoking command in '/home/kllemo/ros2_ws/build/block1_kleman': CMAKE_PREFIX_PATH=/home/kllemo/ros2_ws/install/abb_model:/home/kllemo/ros2_ws/install/abb_irb4600_ikfast:/home/kllemo/ros2_ws/install/rrm_simple_robot_model:/home/kllemo/ros2_ws/install/rrm_sim:/home/kllemo/ros2_ws/install/rrm_msgs:/home/kllemo/ros2_ws/install/kleman_interface:/home/kllemo/ros2_ws/install/block1_kleman:/opt/ros/jazzy/opt/gz_math_vendor:/opt/ros/jazzy/opt/gz_utils_vendor:/opt/ros/jazzy/opt/gz_cmake_vendor:/opt/ros/jazzy DEBUGINFOD_URLS=https://debuginfod.ubuntu.com /usr/bin/cmake --install /home/kllemo/ros2_ws/build/block1_kleman
[18.875s] -- Install configuration: ""
[18.876s] -- Execute custom install script
[18.877s] -- Up-to-date symlink: /home/kllemo/ros2_ws/install/block1_kleman/lib/block1_kleman/model_spawner
[18.878s] -- Up-to-date symlink: /home/kllemo/ros2_ws/install/block1_kleman/lib/block1_kleman/pose_teacher
[18.878s] -- Symlinking: /home/kllemo/ros2_ws/install/block1_kleman/lib/block1_kleman/joint_logger
[18.894s] -- Up-to-date symlink: /home/kllemo/ros2_ws/install/block1_kleman/include/manipulator.hpp
[18.895s] -- Up-to-date symlink: /home/kllemo/ros2_ws/install/block1_kleman/include/model_spawner.hpp
[18.895s] -- Up-to-date symlink: /home/kllemo/ros2_ws/install/block1_kleman/include/pose_teacher.hpp
[18.895s] -- Up-to-date symlink: /home/kllemo/ros2_ws/install/block1_kleman/share/block1_kleman/launch/teach_scene.launch.py
[18.896s] -- Up-to-date symlink: /home/kllemo/ros2_ws/install/block1_kleman/share/block1_kleman/meshes/tie.stl
[18.896s] -- Up-to-date symlink: /home/kllemo/ros2_ws/install/block1_kleman/share/ament_index/resource_index/package_run_dependencies/block1_kleman
[18.896s] -- Up-to-date symlink: /home/kllemo/ros2_ws/install/block1_kleman/share/ament_index/resource_index/parent_prefix_path/block1_kleman
[18.897s] -- Up-to-date symlink: /home/kllemo/ros2_ws/install/block1_kleman/share/block1_kleman/environment/ament_prefix_path.sh
[18.897s] -- Up-to-date symlink: /home/kllemo/ros2_ws/install/block1_kleman/share/block1_kleman/environment/ament_prefix_path.dsv
[18.898s] -- Up-to-date symlink: /home/kllemo/ros2_ws/install/block1_kleman/share/block1_kleman/environment/path.sh
[18.898s] -- Up-to-date symlink: /home/kllemo/ros2_ws/install/block1_kleman/share/block1_kleman/environment/path.dsv
[18.898s] -- Up-to-date symlink: /home/kllemo/ros2_ws/install/block1_kleman/share/block1_kleman/local_setup.bash
[18.898s] -- Up-to-date symlink: /home/kllemo/ros2_ws/install/block1_kleman/share/block1_kleman/local_setup.sh
[18.898s] -- Up-to-date symlink: /home/kllemo/ros2_ws/install/block1_kleman/share/block1_kleman/local_setup.zsh
[18.899s] -- Up-to-date symlink: /home/kllemo/ros2_ws/install/block1_kleman/share/block1_kleman/local_setup.dsv
[18.899s] -- Symlinking: /home/kllemo/ros2_ws/install/block1_kleman/share/block1_kleman/package.dsv
[18.916s] -- Up-to-date symlink: /home/kllemo/ros2_ws/install/block1_kleman/share/ament_index/resource_index/packages/block1_kleman
[18.916s] -- Up-to-date symlink: /home/kllemo/ros2_ws/install/block1_kleman/share/block1_kleman/cmake/block1_klemanConfig.cmake
[18.916s] -- Up-to-date symlink: /home/kllemo/ros2_ws/install/block1_kleman/share/block1_kleman/cmake/block1_klemanConfig-version.cmake
[18.916s] -- Up-to-date symlink: /home/kllemo/ros2_ws/install/block1_kleman/share/block1_kleman/package.xml
[18.920s] Invoked command in '/home/kllemo/ros2_ws/build/block1_kleman' returned '0': CMAKE_PREFIX_PATH=/home/kllemo/ros2_ws/install/abb_model:/home/kllemo/ros2_ws/install/abb_irb4600_ikfast:/home/kllemo/ros2_ws/install/rrm_simple_robot_model:/home/kllemo/ros2_ws/install/rrm_sim:/home/kllemo/ros2_ws/install/rrm_msgs:/home/kllemo/ros2_ws/install/kleman_interface:/home/kllemo/ros2_ws/install/block1_kleman:/opt/ros/jazzy/opt/gz_math_vendor:/opt/ros/jazzy/opt/gz_utils_vendor:/opt/ros/jazzy/opt/gz_cmake_vendor:/opt/ros/jazzy DEBUGINFOD_URLS=https://debuginfod.ubuntu.com /usr/bin/cmake --install /home/kllemo/ros2_ws/build/block1_kleman
