[0.225s] DEBUG:colcon:Command line arguments: ['/usr/bin/colcon', 'build']
[0.226s] DEBUG:colcon:Parsed command line arguments: Namespace(log_base=None, log_level=None, verb_name='build', build_base='build', install_base='install', merge_install=False, symlink_install=False, test_result_base=None, continue_on_error=False, executor='parallel', parallel_workers=16, event_handlers=None, ignore_user_meta=False, metas=['./colcon.meta'], base_paths=['.'], packages_ignore=None, packages_ignore_regex=None, paths=None, packages_up_to=None, packages_up_to_regex=None, packages_above=None, packages_above_and_dependencies=None, packages_above_depth=None, packages_select_by_dep=None, packages_skip_by_dep=None, packages_skip_up_to=None, packages_select_build_failed=False, packages_skip_build_finished=False, packages_select_test_failures=False, packages_skip_test_passed=False, packages_select=None, packages_skip=None, packages_select_regex=None, packages_skip_regex=None, packages_start=None, packages_end=None, allow_overriding=[], cmake_args=None, cmake_target=None, cmake_target_skip_unavailable=False, cmake_clean_cache=False, cmake_clean_first=False, cmake_force_configure=False, ament_cmake_args=None, catkin_cmake_args=None, catkin_skip_building_tests=False, mixin_files=None, mixin=None, verb_parser=<colcon_mixin.mixin.mixin_argument.MixinArgumentDecorator object at 0x7b594f881a60>, verb_extension=<colcon_core.verb.build.BuildVerb object at 0x7b594f881460>, main=<bound method BuildVerb.main of <colcon_core.verb.build.BuildVerb object at 0x7b594f881460>>, mixin_verb=('build',))
[0.309s] Level 1:colcon.colcon_core.package_discovery:discover_packages(colcon_meta) check parameters
[0.309s] Level 1:colcon.colcon_core.package_discovery:discover_packages(recursive) check parameters
[0.309s] Level 1:colcon.colcon_core.package_discovery:discover_packages(ignore) check parameters
[0.310s] Level 1:colcon.colcon_core.package_discovery:discover_packages(path) check parameters
[0.310s] Level 1:colcon.colcon_core.package_discovery:discover_packages(colcon_meta) discover
[0.310s] Level 1:colcon.colcon_core.package_discovery:discover_packages(recursive) discover
[0.310s] INFO:colcon.colcon_core.package_discovery:Crawling recursively for packages in '/home/kllemo/ros2_ws'
[0.310s] Level 1:colcon.colcon_core.package_identification:_identify(.) by extensions ['ignore', 'ignore_ament_install']
[0.310s] Level 1:colcon.colcon_core.package_identification:_identify(.) by extension 'ignore'
[0.310s] Level 1:colcon.colcon_core.package_identification:_identify(.) by extension 'ignore_ament_install'
[0.310s] Level 1:colcon.colcon_core.package_identification:_identify(.) by extensions ['colcon_pkg']
[0.311s] Level 1:colcon.colcon_core.package_identification:_identify(.) by extension 'colcon_pkg'
[0.311s] Level 1:colcon.colcon_core.package_identification:_identify(.) by extensions ['colcon_meta']
[0.311s] Level 1:colcon.colcon_core.package_identification:_identify(.) by extension 'colcon_meta'
[0.311s] Level 1:colcon.colcon_core.package_identification:_identify(.) by extensions ['ros']
[0.311s] Level 1:colcon.colcon_core.package_identification:_identify(.) by extension 'ros'
[0.369s] Level 1:colcon.colcon_core.package_identification:_identify(.) by extensions ['cmake', 'python']
[0.370s] Level 1:colcon.colcon_core.package_identification:_identify(.) by extension 'cmake'
[0.370s] Level 1:colcon.colcon_core.package_identification:_identify(.) by extension 'python'
[0.370s] Level 1:colcon.colcon_core.package_identification:_identify(.) by extensions ['python_setup_py']
[0.370s] Level 1:colcon.colcon_core.package_identification:_identify(.) by extension 'python_setup_py'
[0.370s] Level 1:colcon.colcon_core.package_identification:_identify(build) by extensions ['ignore', 'ignore_ament_install']
[0.370s] Level 1:colcon.colcon_core.package_identification:_identify(build) by extension 'ignore'
[0.370s] Level 1:colcon.colcon_core.package_identification:_identify(build) ignored
[0.371s] Level 1:colcon.colcon_core.package_identification:_identify(install) by extensions ['ignore', 'ignore_ament_install']
[0.371s] Level 1:colcon.colcon_core.package_identification:_identify(install) by extension 'ignore'
[0.371s] Level 1:colcon.colcon_core.package_identification:_identify(install) ignored
[0.371s] Level 1:colcon.colcon_core.package_identification:_identify(log) by extensions ['ignore', 'ignore_ament_install']
[0.371s] Level 1:colcon.colcon_core.package_identification:_identify(log) by extension 'ignore'
[0.371s] Level 1:colcon.colcon_core.package_identification:_identify(log) ignored
[0.371s] Level 1:colcon.colcon_core.package_identification:_identify(src) by extensions ['ignore', 'ignore_ament_install']
[0.372s] Level 1:colcon.colcon_core.package_identification:_identify(src) by extension 'ignore'
[0.372s] Level 1:colcon.colcon_core.package_identification:_identify(src) by extension 'ignore_ament_install'
[0.372s] Level 1:colcon.colcon_core.package_identification:_identify(src) by extensions ['colcon_pkg']
[0.372s] Level 1:colcon.colcon_core.package_identification:_identify(src) by extension 'colcon_pkg'
[0.372s] Level 1:colcon.colcon_core.package_identification:_identify(src) by extensions ['colcon_meta']
[0.372s] Level 1:colcon.colcon_core.package_identification:_identify(src) by extension 'colcon_meta'
[0.372s] Level 1:colcon.colcon_core.package_identification:_identify(src) by extensions ['ros']
[0.372s] Level 1:colcon.colcon_core.package_identification:_identify(src) by extension 'ros'
[0.372s] Level 1:colcon.colcon_core.package_identification:_identify(src) by extensions ['cmake', 'python']
[0.372s] Level 1:colcon.colcon_core.package_identification:_identify(src) by extension 'cmake'
[0.373s] Level 1:colcon.colcon_core.package_identification:_identify(src) by extension 'python'
[0.373s] Level 1:colcon.colcon_core.package_identification:_identify(src) by extensions ['python_setup_py']
[0.373s] Level 1:colcon.colcon_core.package_identification:_identify(src) by extension 'python_setup_py'
[0.373s] Level 1:colcon.colcon_core.package_identification:_identify(src/abb_irb4600_ikfast) by extensions ['ignore', 'ignore_ament_install']
[0.373s] Level 1:colcon.colcon_core.package_identification:_identify(src/abb_irb4600_ikfast) by extension 'ignore'
[0.373s] Level 1:colcon.colcon_core.package_identification:_identify(src/abb_irb4600_ikfast) by extension 'ignore_ament_install'
[0.373s] Level 1:colcon.colcon_core.package_identification:_identify(src/abb_irb4600_ikfast) by extensions ['colcon_pkg']
[0.373s] Level 1:colcon.colcon_core.package_identification:_identify(src/abb_irb4600_ikfast) by extension 'colcon_pkg'
[0.373s] Level 1:colcon.colcon_core.package_identification:_identify(src/abb_irb4600_ikfast) by extensions ['colcon_meta']
[0.374s] Level 1:colcon.colcon_core.package_identification:_identify(src/abb_irb4600_ikfast) by extension 'colcon_meta'
[0.374s] Level 1:colcon.colcon_core.package_identification:_identify(src/abb_irb4600_ikfast) by extensions ['ros']
[0.374s] Level 1:colcon.colcon_core.package_identification:_identify(src/abb_irb4600_ikfast) by extension 'ros'
[0.379s] DEBUG:colcon.colcon_core.package_identification:Package 'src/abb_irb4600_ikfast' with type 'ros.ament_cmake' and name 'abb_irb4600_ikfast'
[0.379s] Level 1:colcon.colcon_core.package_identification:_identify(src/abb_model) by extensions ['ignore', 'ignore_ament_install']
[0.380s] Level 1:colcon.colcon_core.package_identification:_identify(src/abb_model) by extension 'ignore'
[0.380s] Level 1:colcon.colcon_core.package_identification:_identify(src/abb_model) by extension 'ignore_ament_install'
[0.380s] Level 1:colcon.colcon_core.package_identification:_identify(src/abb_model) by extensions ['colcon_pkg']
[0.380s] Level 1:colcon.colcon_core.package_identification:_identify(src/abb_model) by extension 'colcon_pkg'
[0.380s] Level 1:colcon.colcon_core.package_identification:_identify(src/abb_model) by extensions ['colcon_meta']
[0.380s] Level 1:colcon.colcon_core.package_identification:_identify(src/abb_model) by extension 'colcon_meta'
[0.380s] Level 1:colcon.colcon_core.package_identification:_identify(src/abb_model) by extensions ['ros']
[0.380s] Level 1:colcon.colcon_core.package_identification:_identify(src/abb_model) by extension 'ros'
[0.381s] DEBUG:colcon.colcon_core.package_identification:Package 'src/abb_model' with type 'ros.ament_cmake' and name 'abb_model'
[0.382s] Level 1:colcon.colcon_core.package_identification:_identify(src/block1_kleman) by extensions ['ignore', 'ignore_ament_install']
[0.382s] Level 1:colcon.colcon_core.package_identification:_identify(src/block1_kleman) by extension 'ignore'
[0.382s] Level 1:colcon.colcon_core.package_identification:_identify(src/block1_kleman) by extension 'ignore_ament_install'
[0.382s] Level 1:colcon.colcon_core.package_identification:_identify(src/block1_kleman) by extensions ['colcon_pkg']
[0.382s] Level 1:colcon.colcon_core.package_identification:_identify(src/block1_kleman) by extension 'colcon_pkg'
[0.382s] Level 1:colcon.colcon_core.package_identification:_identify(src/block1_kleman) by extensions ['colcon_meta']
[0.382s] Level 1:colcon.colcon_core.package_identification:_identify(src/block1_kleman) by extension 'colcon_meta'
[0.382s] Level 1:colcon.colcon_core.package_identification:_identify(src/block1_kleman) by extensions ['ros']
[0.382s] Level 1:colcon.colcon_core.package_identification:_identify(src/block1_kleman) by extension 'ros'
[0.384s] DEBUG:colcon.colcon_core.package_identification:Package 'src/block1_kleman' with type 'ros.ament_cmake' and name 'block1_kleman'
[0.384s] Level 1:colcon.colcon_core.package_identification:_identify(src/cvicenie_2) by extensions ['ignore', 'ignore_ament_install']
[0.385s] Level 1:colcon.colcon_core.package_identification:_identify(src/cvicenie_2) by extension 'ignore'
[0.385s] Level 1:colcon.colcon_core.package_identification:_identify(src/cvicenie_2) by extension 'ignore_ament_install'
[0.385s] Level 1:colcon.colcon_core.package_identification:_identify(src/cvicenie_2) by extensions ['colcon_pkg']
[0.385s] Level 1:colcon.colcon_core.package_identification:_identify(src/cvicenie_2) by extension 'colcon_pkg'
[0.385s] Level 1:colcon.colcon_core.package_identification:_identify(src/cvicenie_2) by extensions ['colcon_meta']
[0.385s] Level 1:colcon.colcon_core.package_identification:_identify(src/cvicenie_2) by extension 'colcon_meta'
[0.385s] Level 1:colcon.colcon_core.package_identification:_identify(src/cvicenie_2) by extensions ['ros']
[0.385s] Level 1:colcon.colcon_core.package_identification:_identify(src/cvicenie_2) by extension 'ros'
[0.385s] Level 1:colcon.colcon_core.package_identification:_identify(src/cvicenie_2) by extensions ['cmake', 'python']
[0.385s] Level 1:colcon.colcon_core.package_identification:_identify(src/cvicenie_2) by extension 'cmake'
[0.386s] Level 1:colcon.colcon_core.package_identification:_identify(src/cvicenie_2) by extension 'python'
[0.386s] Level 1:colcon.colcon_core.package_identification:_identify(src/cvicenie_2) by extensions ['python_setup_py']
[0.386s] Level 1:colcon.colcon_core.package_identification:_identify(src/cvicenie_2) by extension 'python_setup_py'
[0.386s] Level 1:colcon.colcon_core.package_identification:_identify(src/cvicenie_2/rrm_msgs) by extensions ['ignore', 'ignore_ament_install']
[0.386s] Level 1:colcon.colcon_core.package_identification:_identify(src/cvicenie_2/rrm_msgs) by extension 'ignore'
[0.386s] Level 1:colcon.colcon_core.package_identification:_identify(src/cvicenie_2/rrm_msgs) by extension 'ignore_ament_install'
[0.386s] Level 1:colcon.colcon_core.package_identification:_identify(src/cvicenie_2/rrm_msgs) by extensions ['colcon_pkg']
[0.386s] Level 1:colcon.colcon_core.package_identification:_identify(src/cvicenie_2/rrm_msgs) by extension 'colcon_pkg'
[0.386s] Level 1:colcon.colcon_core.package_identification:_identify(src/cvicenie_2/rrm_msgs) by extensions ['colcon_meta']
[0.386s] Level 1:colcon.colcon_core.package_identification:_identify(src/cvicenie_2/rrm_msgs) by extension 'colcon_meta'
[0.386s] Level 1:colcon.colcon_core.package_identification:_identify(src/cvicenie_2/rrm_msgs) by extensions ['ros']
[0.387s] Level 1:colcon.colcon_core.package_identification:_identify(src/cvicenie_2/rrm_msgs) by extension 'ros'
[0.388s] DEBUG:colcon.colcon_core.package_identification:Package 'src/cvicenie_2/rrm_msgs' with type 'ros.ament_cmake' and name 'rrm_msgs'
[0.388s] Level 1:colcon.colcon_core.package_identification:_identify(src/cvicenie_2/rrm_sim) by extensions ['ignore', 'ignore_ament_install']
[0.388s] Level 1:colcon.colcon_core.package_identification:_identify(src/cvicenie_2/rrm_sim) by extension 'ignore'
[0.388s] Level 1:colcon.colcon_core.package_identification:_identify(src/cvicenie_2/rrm_sim) by extension 'ignore_ament_install'
[0.388s] Level 1:colcon.colcon_core.package_identification:_identify(src/cvicenie_2/rrm_sim) by extensions ['colcon_pkg']
[0.388s] Level 1:colcon.colcon_core.package_identification:_identify(src/cvicenie_2/rrm_sim) by extension 'colcon_pkg'
[0.388s] Level 1:colcon.colcon_core.package_identification:_identify(src/cvicenie_2/rrm_sim) by extensions ['colcon_meta']
[0.388s] Level 1:colcon.colcon_core.package_identification:_identify(src/cvicenie_2/rrm_sim) by extension 'colcon_meta'
[0.389s] Level 1:colcon.colcon_core.package_identification:_identify(src/cvicenie_2/rrm_sim) by extensions ['ros']
[0.389s] Level 1:colcon.colcon_core.package_identification:_identify(src/cvicenie_2/rrm_sim) by extension 'ros'
[0.390s] DEBUG:colcon.colcon_core.package_identification:Package 'src/cvicenie_2/rrm_sim' with type 'ros.ament_cmake' and name 'rrm_sim'
[0.390s] Level 1:colcon.colcon_core.package_identification:_identify(src/cvicenie_2/rrm_simple_robot_model) by extensions ['ignore', 'ignore_ament_install']
[0.390s] Level 1:colcon.colcon_core.package_identification:_identify(src/cvicenie_2/rrm_simple_robot_model) by extension 'ignore'
[0.391s] Level 1:colcon.colcon_core.package_identification:_identify(src/cvicenie_2/rrm_simple_robot_model) by extension 'ignore_ament_install'
[0.391s] Level 1:colcon.colcon_core.package_identification:_identify(src/cvicenie_2/rrm_simple_robot_model) by extensions ['colcon_pkg']
[0.391s] Level 1:colcon.colcon_core.package_identification:_identify(src/cvicenie_2/rrm_simple_robot_model) by extension 'colcon_pkg'
[0.391s] Level 1:colcon.colcon_core.package_identification:_identify(src/cvicenie_2/rrm_simple_robot_model) by extensions ['colcon_meta']
[0.391s] Level 1:colcon.colcon_core.package_identification:_identify(src/cvicenie_2/rrm_simple_robot_model) by extension 'colcon_meta'
[0.391s] Level 1:colcon.colcon_core.package_identification:_identify(src/cvicenie_2/rrm_simple_robot_model) by extensions ['ros']
[0.391s] Level 1:colcon.colcon_core.package_identification:_identify(src/cvicenie_2/rrm_simple_robot_model) by extension 'ros'
[0.392s] DEBUG:colcon.colcon_core.package_identification:Package 'src/cvicenie_2/rrm_simple_robot_model' with type 'ros.ament_cmake' and name 'rrm_simple_robot_model'
[0.392s] Level 1:colcon.colcon_core.package_identification:_identify(src/kleman_interface) by extensions ['ignore', 'ignore_ament_install']
[0.392s] Level 1:colcon.colcon_core.package_identification:_identify(src/kleman_interface) by extension 'ignore'
[0.393s] Level 1:colcon.colcon_core.package_identification:_identify(src/kleman_interface) by extension 'ignore_ament_install'
[0.393s] Level 1:colcon.colcon_core.package_identification:_identify(src/kleman_interface) by extensions ['colcon_pkg']
[0.393s] Level 1:colcon.colcon_core.package_identification:_identify(src/kleman_interface) by extension 'colcon_pkg'
[0.393s] Level 1:colcon.colcon_core.package_identification:_identify(src/kleman_interface) by extensions ['colcon_meta']
[0.393s] Level 1:colcon.colcon_core.package_identification:_identify(src/kleman_interface) by extension 'colcon_meta'
[0.393s] Level 1:colcon.colcon_core.package_identification:_identify(src/kleman_interface) by extensions ['ros']
[0.393s] Level 1:colcon.colcon_core.package_identification:_identify(src/kleman_interface) by extension 'ros'
[0.394s] DEBUG:colcon.colcon_core.package_identification:Package 'src/kleman_interface' with type 'ros.ament_cmake' and name 'kleman_interface'
[0.394s] Level 1:colcon.colcon_core.package_identification:_identify(src/msg) by extensions ['ignore', 'ignore_ament_install']
[0.394s] Level 1:colcon.colcon_core.package_identification:_identify(src/msg) by extension 'ignore'
[0.395s] Level 1:colcon.colcon_core.package_identification:_identify(src/msg) by extension 'ignore_ament_install'
[0.395s] Level 1:colcon.colcon_core.package_identification:_identify(src/msg) by extensions ['colcon_pkg']
[0.395s] Level 1:colcon.colcon_core.package_identification:_identify(src/msg) by extension 'colcon_pkg'
[0.395s] Level 1:colcon.colcon_core.package_identification:_identify(src/msg) by extensions ['colcon_meta']
[0.395s] Level 1:colcon.colcon_core.package_identification:_identify(src/msg) by extension 'colcon_meta'
[0.395s] Level 1:colcon.colcon_core.package_identification:_identify(src/msg) by extensions ['ros']
[0.395s] Level 1:colcon.colcon_core.package_identification:_identify(src/msg) by extension 'ros'
[0.395s] Level 1:colcon.colcon_core.package_identification:_identify(src/msg) by extensions ['cmake', 'python']
[0.395s] Level 1:colcon.colcon_core.package_identification:_identify(src/msg) by extension 'cmake'
[0.395s] Level 1:colcon.colcon_core.package_identification:_identify(src/msg) by extension 'python'
[0.395s] Level 1:colcon.colcon_core.package_identification:_identify(src/msg) by extensions ['python_setup_py']
[0.395s] Level 1:colcon.colcon_core.package_identification:_identify(src/msg) by extension 'python_setup_py'
[0.396s] Level 1:colcon.colcon_core.package_identification:_identify(src/srv) by extensions ['ignore', 'ignore_ament_install']
[0.396s] Level 1:colcon.colcon_core.package_identification:_identify(src/srv) by extension 'ignore'
[0.396s] Level 1:colcon.colcon_core.package_identification:_identify(src/srv) by extension 'ignore_ament_install'
[0.396s] Level 1:colcon.colcon_core.package_identification:_identify(src/srv) by extensions ['colcon_pkg']
[0.396s] Level 1:colcon.colcon_core.package_identification:_identify(src/srv) by extension 'colcon_pkg'
[0.396s] Level 1:colcon.colcon_core.package_identification:_identify(src/srv) by extensions ['colcon_meta']
[0.396s] Level 1:colcon.colcon_core.package_identification:_identify(src/srv) by extension 'colcon_meta'
[0.396s] Level 1:colcon.colcon_core.package_identification:_identify(src/srv) by extensions ['ros']
[0.396s] Level 1:colcon.colcon_core.package_identification:_identify(src/srv) by extension 'ros'
[0.396s] Level 1:colcon.colcon_core.package_identification:_identify(src/srv) by extensions ['cmake', 'python']
[0.397s] Level 1:colcon.colcon_core.package_identification:_identify(src/srv) by extension 'cmake'
[0.397s] Level 1:colcon.colcon_core.package_identification:_identify(src/srv) by extension 'python'
[0.397s] Level 1:colcon.colcon_core.package_identification:_identify(src/srv) by extensions ['python_setup_py']
[0.397s] Level 1:colcon.colcon_core.package_identification:_identify(src/srv) by extension 'python_setup_py'
[0.397s] Level 1:colcon.colcon_core.package_identification:_identify(src/stl_modely) by extensions ['ignore', 'ignore_ament_install']
[0.397s] Level 1:colcon.colcon_core.package_identification:_identify(src/stl_modely) by extension 'ignore'
[0.397s] Level 1:colcon.colcon_core.package_identification:_identify(src/stl_modely) by extension 'ignore_ament_install'
[0.397s] Level 1:colcon.colcon_core.package_identification:_identify(src/stl_modely) by extensions ['colcon_pkg']
[0.397s] Level 1:colcon.colcon_core.package_identification:_identify(src/stl_modely) by extension 'colcon_pkg'
[0.397s] Level 1:colcon.colcon_core.package_identification:_identify(src/stl_modely) by extensions ['colcon_meta']
[0.397s] Level 1:colcon.colcon_core.package_identification:_identify(src/stl_modely) by extension 'colcon_meta'
[0.398s] Level 1:colcon.colcon_core.package_identification:_identify(src/stl_modely) by extensions ['ros']
[0.398s] Level 1:colcon.colcon_core.package_identification:_identify(src/stl_modely) by extension 'ros'
[0.398s] Level 1:colcon.colcon_core.package_identification:_identify(src/stl_modely) by extensions ['cmake', 'python']
[0.398s] Level 1:colcon.colcon_core.package_identification:_identify(src/stl_modely) by extension 'cmake'
[0.398s] Level 1:colcon.colcon_core.package_identification:_identify(src/stl_modely) by extension 'python'
[0.398s] Level 1:colcon.colcon_core.package_identification:_identify(src/stl_modely) by extensions ['python_setup_py']
[0.398s] Level 1:colcon.colcon_core.package_identification:_identify(src/stl_modely) by extension 'python_setup_py'
[0.398s] Level 1:colcon.colcon_core.package_discovery:discover_packages(recursive) using defaults
[0.398s] Level 1:colcon.colcon_core.package_discovery:discover_packages(ignore) discover
[0.398s] Level 1:colcon.colcon_core.package_discovery:discover_packages(ignore) using defaults
[0.398s] Level 1:colcon.colcon_core.package_discovery:discover_packages(path) discover
[0.398s] Level 1:colcon.colcon_core.package_discovery:discover_packages(path) using defaults
[0.447s] Level 1:colcon.colcon_core.package_discovery:discover_packages(prefix_path) check parameters
[0.447s] Level 1:colcon.colcon_core.package_discovery:discover_packages(prefix_path) discover
[0.452s] DEBUG:colcon.colcon_installed_package_information.package_discovery:Found 7 installed packages in /home/kllemo/ros2_ws/install
[0.456s] DEBUG:colcon.colcon_installed_package_information.package_discovery:Found 289 installed packages in /opt/ros/jazzy
[0.460s] Level 1:colcon.colcon_core.package_discovery:discover_packages(prefix_path) using defaults
[0.568s] Level 5:colcon.colcon_core.verb:set package 'abb_irb4600_ikfast' build argument 'cmake_args' from command line to 'None'
[0.569s] Level 5:colcon.colcon_core.verb:set package 'abb_irb4600_ikfast' build argument 'cmake_target' from command line to 'None'
[0.569s] Level 5:colcon.colcon_core.verb:set package 'abb_irb4600_ikfast' build argument 'cmake_target_skip_unavailable' from command line to 'False'
[0.569s] Level 5:colcon.colcon_core.verb:set package 'abb_irb4600_ikfast' build argument 'cmake_clean_cache' from command line to 'False'
[0.569s] Level 5:colcon.colcon_core.verb:set package 'abb_irb4600_ikfast' build argument 'cmake_clean_first' from command line to 'False'
[0.569s] Level 5:colcon.colcon_core.verb:set package 'abb_irb4600_ikfast' build argument 'cmake_force_configure' from command line to 'False'
[0.569s] Level 5:colcon.colcon_core.verb:set package 'abb_irb4600_ikfast' build argument 'ament_cmake_args' from command line to 'None'
[0.569s] Level 5:colcon.colcon_core.verb:set package 'abb_irb4600_ikfast' build argument 'catkin_cmake_args' from command line to 'None'
[0.569s] Level 5:colcon.colcon_core.verb:set package 'abb_irb4600_ikfast' build argument 'catkin_skip_building_tests' from command line to 'False'
[0.569s] DEBUG:colcon.colcon_core.verb:Building package 'abb_irb4600_ikfast' with the following arguments: {'ament_cmake_args': None, 'build_base': '/home/kllemo/ros2_ws/build/abb_irb4600_ikfast', 'catkin_cmake_args': None, 'catkin_skip_building_tests': False, 'cmake_args': None, 'cmake_clean_cache': False, 'cmake_clean_first': False, 'cmake_force_configure': False, 'cmake_target': None, 'cmake_target_skip_unavailable': False, 'install_base': '/home/kllemo/ros2_ws/install/abb_irb4600_ikfast', 'merge_install': False, 'path': '/home/kllemo/ros2_ws/src/abb_irb4600_ikfast', 'symlink_install': False, 'test_result_base': None}
[0.570s] Level 5:colcon.colcon_core.verb:set package 'abb_model' build argument 'cmake_args' from command line to 'None'
[0.570s] Level 5:colcon.colcon_core.verb:set package 'abb_model' build argument 'cmake_target' from command line to 'None'
[0.570s] Level 5:colcon.colcon_core.verb:set package 'abb_model' build argument 'cmake_target_skip_unavailable' from command line to 'False'
[0.570s] Level 5:colcon.colcon_core.verb:set package 'abb_model' build argument 'cmake_clean_cache' from command line to 'False'
[0.570s] Level 5:colcon.colcon_core.verb:set package 'abb_model' build argument 'cmake_clean_first' from command line to 'False'
[0.570s] Level 5:colcon.colcon_core.verb:set package 'abb_model' build argument 'cmake_force_configure' from command line to 'False'
[0.570s] Level 5:colcon.colcon_core.verb:set package 'abb_model' build argument 'ament_cmake_args' from command line to 'None'
[0.570s] Level 5:colcon.colcon_core.verb:set package 'abb_model' build argument 'catkin_cmake_args' from command line to 'None'
[0.570s] Level 5:colcon.colcon_core.verb:set package 'abb_model' build argument 'catkin_skip_building_tests' from command line to 'False'
[0.570s] DEBUG:colcon.colcon_core.verb:Building package 'abb_model' with the following arguments: {'ament_cmake_args': None, 'build_base': '/home/kllemo/ros2_ws/build/abb_model', 'catkin_cmake_args': None, 'catkin_skip_building_tests': False, 'cmake_args': None, 'cmake_clean_cache': False, 'cmake_clean_first': False, 'cmake_force_configure': False, 'cmake_target': None, 'cmake_target_skip_unavailable': False, 'install_base': '/home/kllemo/ros2_ws/install/abb_model', 'merge_install': False, 'path': '/home/kllemo/ros2_ws/src/abb_model', 'symlink_install': False, 'test_result_base': None}
[0.571s] Level 5:colcon.colcon_core.verb:set package 'kleman_interface' build argument 'cmake_args' from command line to 'None'
[0.571s] Level 5:colcon.colcon_core.verb:set package 'kleman_interface' build argument 'cmake_target' from command line to 'None'
[0.571s] Level 5:colcon.colcon_core.verb:set package 'kleman_interface' build argument 'cmake_target_skip_unavailable' from command line to 'False'
[0.571s] Level 5:colcon.colcon_core.verb:set package 'kleman_interface' build argument 'cmake_clean_cache' from command line to 'False'
[0.571s] Level 5:colcon.colcon_core.verb:set package 'kleman_interface' build argument 'cmake_clean_first' from command line to 'False'
[0.571s] Level 5:colcon.colcon_core.verb:set package 'kleman_interface' build argument 'cmake_force_configure' from command line to 'False'
[0.571s] Level 5:colcon.colcon_core.verb:set package 'kleman_interface' build argument 'ament_cmake_args' from command line to 'None'
[0.571s] Level 5:colcon.colcon_core.verb:set package 'kleman_interface' build argument 'catkin_cmake_args' from command line to 'None'
[0.571s] Level 5:colcon.colcon_core.verb:set package 'kleman_interface' build argument 'catkin_skip_building_tests' from command line to 'False'
[0.571s] DEBUG:colcon.colcon_core.verb:Building package 'kleman_interface' with the following arguments: {'ament_cmake_args': None, 'build_base': '/home/kllemo/ros2_ws/build/kleman_interface', 'catkin_cmake_args': None, 'catkin_skip_building_tests': False, 'cmake_args': None, 'cmake_clean_cache': False, 'cmake_clean_first': False, 'cmake_force_configure': False, 'cmake_target': None, 'cmake_target_skip_unavailable': False, 'install_base': '/home/kllemo/ros2_ws/install/kleman_interface', 'merge_install': False, 'path': '/home/kllemo/ros2_ws/src/kleman_interface', 'symlink_install': False, 'test_result_base': None}
[0.572s] Level 5:colcon.colcon_core.verb:set package 'rrm_msgs' build argument 'cmake_args' from command line to 'None'
[0.572s] Level 5:colcon.colcon_core.verb:set package 'rrm_msgs' build argument 'cmake_target' from command line to 'None'
[0.572s] Level 5:colcon.colcon_core.verb:set package 'rrm_msgs' build argument 'cmake_target_skip_unavailable' from command line to 'False'
[0.572s] Level 5:colcon.colcon_core.verb:set package 'rrm_msgs' build argument 'cmake_clean_cache' from command line to 'False'
[0.572s] Level 5:colcon.colcon_core.verb:set package 'rrm_msgs' build argument 'cmake_clean_first' from command line to 'False'
[0.572s] Level 5:colcon.colcon_core.verb:set package 'rrm_msgs' build argument 'cmake_force_configure' from command line to 'False'
[0.572s] Level 5:colcon.colcon_core.verb:set package 'rrm_msgs' build argument 'ament_cmake_args' from command line to 'None'
[0.572s] Level 5:colcon.colcon_core.verb:set package 'rrm_msgs' build argument 'catkin_cmake_args' from command line to 'None'
[0.572s] Level 5:colcon.colcon_core.verb:set package 'rrm_msgs' build argument 'catkin_skip_building_tests' from command line to 'False'
[0.572s] DEBUG:colcon.colcon_core.verb:Building package 'rrm_msgs' with the following arguments: {'ament_cmake_args': None, 'build_base': '/home/kllemo/ros2_ws/build/rrm_msgs', 'catkin_cmake_args': None, 'catkin_skip_building_tests': False, 'cmake_args': None, 'cmake_clean_cache': False, 'cmake_clean_first': False, 'cmake_force_configure': False, 'cmake_target': None, 'cmake_target_skip_unavailable': False, 'install_base': '/home/kllemo/ros2_ws/install/rrm_msgs', 'merge_install': False, 'path': '/home/kllemo/ros2_ws/src/cvicenie_2/rrm_msgs', 'symlink_install': False, 'test_result_base': None}
[0.573s] Level 5:colcon.colcon_core.verb:set package 'rrm_simple_robot_model' build argument 'cmake_args' from command line to 'None'
[0.573s] Level 5:colcon.colcon_core.verb:set package 'rrm_simple_robot_model' build argument 'cmake_target' from command line to 'None'
[0.573s] Level 5:colcon.colcon_core.verb:set package 'rrm_simple_robot_model' build argument 'cmake_target_skip_unavailable' from command line to 'False'
[0.573s] Level 5:colcon.colcon_core.verb:set package 'rrm_simple_robot_model' build argument 'cmake_clean_cache' from command line to 'False'
[0.573s] Level 5:colcon.colcon_core.verb:set package 'rrm_simple_robot_model' build argument 'cmake_clean_first' from command line to 'False'
[0.573s] Level 5:colcon.colcon_core.verb:set package 'rrm_simple_robot_model' build argument 'cmake_force_configure' from command line to 'False'
[0.573s] Level 5:colcon.colcon_core.verb:set package 'rrm_simple_robot_model' build argument 'ament_cmake_args' from command line to 'None'
[0.573s] Level 5:colcon.colcon_core.verb:set package 'rrm_simple_robot_model' build argument 'catkin_cmake_args' from command line to 'None'
[0.573s] Level 5:colcon.colcon_core.verb:set package 'rrm_simple_robot_model' build argument 'catkin_skip_building_tests' from command line to 'False'
[0.574s] DEBUG:colcon.colcon_core.verb:Building package 'rrm_simple_robot_model' with the following arguments: {'ament_cmake_args': None, 'build_base': '/home/kllemo/ros2_ws/build/rrm_simple_robot_model', 'catkin_cmake_args': None, 'catkin_skip_building_tests': False, 'cmake_args': None, 'cmake_clean_cache': False, 'cmake_clean_first': False, 'cmake_force_configure': False, 'cmake_target': None, 'cmake_target_skip_unavailable': False, 'install_base': '/home/kllemo/ros2_ws/install/rrm_simple_robot_model', 'merge_install': False, 'path': '/home/kllemo/ros2_ws/src/cvicenie_2/rrm_simple_robot_model', 'symlink_install': False, 'test_result_base': None}
[0.574s] Level 5:colcon.colcon_core.verb:set package 'block1_kleman' build argument 'cmake_args' from command line to 'None'
[0.574s] Level 5:colcon.colcon_core.verb:set package 'block1_kleman' build argument 'cmake_target' from command line to 'None'
[0.574s] Level 5:colcon.colcon_core.verb:set package 'block1_kleman' build argument 'cmake_target_skip_unavailable' from command line to 'False'
[0.574s] Level 5:colcon.colcon_core.verb:set package 'block1_kleman' build argument 'cmake_clean_cache' from command line to 'False'
[0.574s] Level 5:colcon.colcon_core.verb:set package 'block1_kleman' build argument 'cmake_clean_first' from command line to 'False'
[0.574s] Level 5:colcon.colcon_core.verb:set package 'block1_kleman' build argument 'cmake_force_configure' from command line to 'False'
[0.575s] Level 5:colcon.colcon_core.verb:set package 'block1_kleman' build argument 'ament_cmake_args' from command line to 'None'
[0.575s] Level 5:colcon.colcon_core.verb:set package 'block1_kleman' build argument 'catkin_cmake_args' from command line to 'None'
[0.575s] Level 5:colcon.colcon_core.verb:set package 'block1_kleman' build argument 'catkin_skip_building_tests' from command line to 'False'
[0.575s] DEBUG:colcon.colcon_core.verb:Building package 'block1_kleman' with the following arguments: {'ament_cmake_args': None, 'build_base': '/home/kllemo/ros2_ws/build/block1_kleman', 'catkin_cmake_args': None, 'catkin_skip_building_tests': False, 'cmake_args': None, 'cmake_clean_cache': False, 'cmake_clean_first': False, 'cmake_force_configure': False, 'cmake_target': None, 'cmake_target_skip_unavailable': False, 'install_base': '/home/kllemo/ros2_ws/install/block1_kleman', 'merge_install': False, 'path': '/home/kllemo/ros2_ws/src/block1_kleman', 'symlink_install': False, 'test_result_base': None}
[0.575s] Level 5:colcon.colcon_core.verb:set package 'rrm_sim' build argument 'cmake_args' from command line to 'None'
[0.575s] Level 5:colcon.colcon_core.verb:set package 'rrm_sim' build argument 'cmake_target' from command line to 'None'
[0.575s] Level 5:colcon.colcon_core.verb:set package 'rrm_sim' build argument 'cmake_target_skip_unavailable' from command line to 'False'
[0.575s] Level 5:colcon.colcon_core.verb:set package 'rrm_sim' build argument 'cmake_clean_cache' from command line to 'False'
[0.575s] Level 5:colcon.colcon_core.verb:set package 'rrm_sim' build argument 'cmake_clean_first' from command line to 'False'
[0.575s] Level 5:colcon.colcon_core.verb:set package 'rrm_sim' build argument 'cmake_force_configure' from command line to 'False'
[0.576s] Level 5:colcon.colcon_core.verb:set package 'rrm_sim' build argument 'ament_cmake_args' from command line to 'None'
[0.576s] Level 5:colcon.colcon_core.verb:set package 'rrm_sim' build argument 'catkin_cmake_args' from command line to 'None'
[0.576s] Level 5:colcon.colcon_core.verb:set package 'rrm_sim' build argument 'catkin_skip_building_tests' from command line to 'False'
[0.576s] DEBUG:colcon.colcon_core.verb:Building package 'rrm_sim' with the following arguments: {'ament_cmake_args': None, 'build_base': '/home/kllemo/ros2_ws/build/rrm_sim', 'catkin_cmake_args': None, 'catkin_skip_building_tests': False, 'cmake_args': None, 'cmake_clean_cache': False, 'cmake_clean_first': False, 'cmake_force_configure': False, 'cmake_target': None, 'cmake_target_skip_unavailable': False, 'install_base': '/home/kllemo/ros2_ws/install/rrm_sim', 'merge_install': False, 'path': '/home/kllemo/ros2_ws/src/cvicenie_2/rrm_sim', 'symlink_install': False, 'test_result_base': None}
[0.576s] INFO:colcon.colcon_core.executor:Executing jobs using 'parallel' executor
[0.578s] DEBUG:colcon.colcon_parallel_executor.executor.parallel:run_until_complete
[0.579s] INFO:colcon.colcon_ros.task.ament_cmake.build:Building ROS package in '/home/kllemo/ros2_ws/src/abb_irb4600_ikfast' with build type 'ament_cmake'
[0.580s] INFO:colcon.colcon_cmake.task.cmake.build:Building CMake package in '/home/kllemo/ros2_ws/src/abb_irb4600_ikfast'
[0.584s] INFO:colcon.colcon_core.plugin_system:Skipping extension 'colcon_core.shell.bat': Not used on non-Windows systems
[0.585s] INFO:colcon.colcon_core.shell:Skip shell extension 'powershell' for command environment: Not usable outside of PowerShell
[0.585s] DEBUG:colcon.colcon_core.shell:Skip shell extension 'dsv' for command environment
[0.595s] INFO:colcon.colcon_ros.task.ament_cmake.build:Building ROS package in '/home/kllemo/ros2_ws/src/abb_model' with build type 'ament_cmake'
[0.595s] INFO:colcon.colcon_cmake.task.cmake.build:Building CMake package in '/home/kllemo/ros2_ws/src/abb_model'
[0.595s] INFO:colcon.colcon_core.shell:Skip shell extension 'powershell' for command environment: Not usable outside of PowerShell
[0.596s] DEBUG:colcon.colcon_core.shell:Skip shell extension 'dsv' for command environment
[0.604s] INFO:colcon.colcon_ros.task.ament_cmake.build:Building ROS package in '/home/kllemo/ros2_ws/src/cvicenie_2/rrm_msgs' with build type 'ament_cmake'
[0.605s] INFO:colcon.colcon_cmake.task.cmake.build:Building CMake package in '/home/kllemo/ros2_ws/src/cvicenie_2/rrm_msgs'
[0.605s] INFO:colcon.colcon_core.shell:Skip shell extension 'powershell' for command environment: Not usable outside of PowerShell
[0.605s] DEBUG:colcon.colcon_core.shell:Skip shell extension 'dsv' for command environment
[0.613s] INFO:colcon.colcon_ros.task.ament_cmake.build:Building ROS package in '/home/kllemo/ros2_ws/src/kleman_interface' with build type 'ament_cmake'
[0.614s] INFO:colcon.colcon_cmake.task.cmake.build:Building CMake package in '/home/kllemo/ros2_ws/src/kleman_interface'
[0.615s] INFO:colcon.colcon_core.shell:Skip shell extension 'powershell' for command environment: Not usable outside of PowerShell
[0.615s] DEBUG:colcon.colcon_core.shell:Skip shell extension 'dsv' for command environment
[0.623s] INFO:colcon.colcon_ros.task.ament_cmake.build:Building ROS package in '/home/kllemo/ros2_ws/src/cvicenie_2/rrm_simple_robot_model' with build type 'ament_cmake'
[0.624s] INFO:colcon.colcon_cmake.task.cmake.build:Building CMake package in '/home/kllemo/ros2_ws/src/cvicenie_2/rrm_simple_robot_model'
[0.624s] INFO:colcon.colcon_core.shell:Skip shell extension 'powershell' for command environment: Not usable outside of PowerShell
[0.624s] DEBUG:colcon.colcon_core.shell:Skip shell extension 'dsv' for command environment
[0.644s] DEBUG:colcon.colcon_core.event_handler.log_command:Invoking command in '/home/kllemo/ros2_ws/build/abb_irb4600_ikfast': CMAKE_PREFIX_PATH=${CMAKE_PREFIX_PATH}:/opt/ros/jazzy DEBUGINFOD_URLS=https://debuginfod.ubuntu.com /usr/bin/cmake --build /home/kllemo/ros2_ws/build/abb_irb4600_ikfast -- -j16 -l16
[0.650s] DEBUG:colcon.colcon_core.event_handler.log_command:Invoking command in '/home/kllemo/ros2_ws/build/abb_model': CMAKE_PREFIX_PATH=${CMAKE_PREFIX_PATH}:/opt/ros/jazzy DEBUGINFOD_URLS=https://debuginfod.ubuntu.com /usr/bin/cmake --build /home/kllemo/ros2_ws/build/abb_model -- -j16 -l16
[0.655s] DEBUG:colcon.colcon_core.event_handler.log_command:Invoking command in '/home/kllemo/ros2_ws/build/rrm_msgs': CMAKE_PREFIX_PATH=${CMAKE_PREFIX_PATH}:/opt/ros/jazzy DEBUGINFOD_URLS=https://debuginfod.ubuntu.com /usr/bin/cmake --build /home/kllemo/ros2_ws/build/rrm_msgs -- -j16 -l16
[0.661s] DEBUG:colcon.colcon_core.event_handler.log_command:Invoking command in '/home/kllemo/ros2_ws/build/kleman_interface': CMAKE_PREFIX_PATH=${CMAKE_PREFIX_PATH}:/opt/ros/jazzy DEBUGINFOD_URLS=https://debuginfod.ubuntu.com /usr/bin/cmake --build /home/kllemo/ros2_ws/build/kleman_interface -- -j16 -l16
[0.674s] DEBUG:colcon.colcon_core.event_handler.log_command:Invoking command in '/home/kllemo/ros2_ws/build/rrm_simple_robot_model': CMAKE_PREFIX_PATH=${CMAKE_PREFIX_PATH}:/opt/ros/jazzy DEBUGINFOD_URLS=https://debuginfod.ubuntu.com /usr/bin/cmake --build /home/kllemo/ros2_ws/build/rrm_simple_robot_model -- -j16 -l16
[0.738s] DEBUG:colcon.colcon_core.event_handler.log_command:Invoked command in '/home/kllemo/ros2_ws/build/abb_model' returned '0': CMAKE_PREFIX_PATH=${CMAKE_PREFIX_PATH}:/opt/ros/jazzy DEBUGINFOD_URLS=https://debuginfod.ubuntu.com /usr/bin/cmake --build /home/kllemo/ros2_ws/build/abb_model -- -j16 -l16
[0.762s] DEBUG:colcon.colcon_core.event_handler.log_command:Invoking command in '/home/kllemo/ros2_ws/build/abb_model': CMAKE_PREFIX_PATH=${CMAKE_PREFIX_PATH}:/opt/ros/jazzy DEBUGINFOD_URLS=https://debuginfod.ubuntu.com /usr/bin/cmake --install /home/kllemo/ros2_ws/build/abb_model
[0.766s] DEBUG:colcon.colcon_core.event_handler.log_command:Invoked command in '/home/kllemo/ros2_ws/build/rrm_simple_robot_model' returned '0': CMAKE_PREFIX_PATH=${CMAKE_PREFIX_PATH}:/opt/ros/jazzy DEBUGINFOD_URLS=https://debuginfod.ubuntu.com /usr/bin/cmake --build /home/kllemo/ros2_ws/build/rrm_simple_robot_model -- -j16 -l16
[0.768s] DEBUG:colcon.colcon_core.event_handler.log_command:Invoking command in '/home/kllemo/ros2_ws/build/rrm_simple_robot_model': CMAKE_PREFIX_PATH=${CMAKE_PREFIX_PATH}:/opt/ros/jazzy DEBUGINFOD_URLS=https://debuginfod.ubuntu.com /usr/bin/cmake --install /home/kllemo/ros2_ws/build/rrm_simple_robot_model
[0.796s] DEBUG:colcon.colcon_core.event_handler.log_command:Invoked command in '/home/kllemo/ros2_ws/build/abb_irb4600_ikfast' returned '0': CMAKE_PREFIX_PATH=${CMAKE_PREFIX_PATH}:/opt/ros/jazzy DEBUGINFOD_URLS=https://debuginfod.ubuntu.com /usr/bin/cmake --build /home/kllemo/ros2_ws/build/abb_irb4600_ikfast -- -j16 -l16
[0.808s] DEBUG:colcon.colcon_core.event_handler.log_command:Invoking command in '/home/kllemo/ros2_ws/build/abb_irb4600_ikfast': CMAKE_PREFIX_PATH=${CMAKE_PREFIX_PATH}:/opt/ros/jazzy DEBUGINFOD_URLS=https://debuginfod.ubuntu.com /usr/bin/cmake --install /home/kllemo/ros2_ws/build/abb_irb4600_ikfast
[0.828s] Level 1:colcon.colcon_core.environment:create_environment_scripts_only(abb_model)
[0.832s] DEBUG:colcon.colcon_core.event_handler.log_command:Invoked command in '/home/kllemo/ros2_ws/build/abb_model' returned '0': CMAKE_PREFIX_PATH=${CMAKE_PREFIX_PATH}:/opt/ros/jazzy DEBUGINFOD_URLS=https://debuginfod.ubuntu.com /usr/bin/cmake --install /home/kllemo/ros2_ws/build/abb_model
[0.838s] Level 1:colcon.colcon_core.environment:checking '/home/kllemo/ros2_ws/install/abb_model' for CMake module files
[0.840s] Level 1:colcon.colcon_core.environment:checking '/home/kllemo/ros2_ws/install/abb_model' for CMake config files
[0.841s] Level 1:colcon.colcon_core.shell:create_environment_hook('abb_model', 'cmake_prefix_path')
[0.843s] INFO:colcon.colcon_core.shell:Creating environment hook '/home/kllemo/ros2_ws/install/abb_model/share/abb_model/hook/cmake_prefix_path.ps1'
[0.845s] INFO:colcon.colcon_core.shell:Creating environment descriptor '/home/kllemo/ros2_ws/install/abb_model/share/abb_model/hook/cmake_prefix_path.dsv'
[0.848s] INFO:colcon.colcon_core.shell:Creating environment hook '/home/kllemo/ros2_ws/install/abb_model/share/abb_model/hook/cmake_prefix_path.sh'
[0.856s] Level 1:colcon.colcon_core.environment:checking '/home/kllemo/ros2_ws/install/abb_model/bin'
[0.857s] Level 1:colcon.colcon_core.environment:checking '/home/kllemo/ros2_ws/install/abb_model/lib/pkgconfig/abb_model.pc'
[0.857s] Level 1:colcon.colcon_core.environment:checking '/home/kllemo/ros2_ws/install/abb_model/lib/python3.12/site-packages'
[0.859s] Level 1:colcon.colcon_core.environment:checking '/home/kllemo/ros2_ws/install/abb_model/bin'
[0.861s] INFO:colcon.colcon_core.shell:Creating package script '/home/kllemo/ros2_ws/install/abb_model/share/abb_model/package.ps1'
[0.864s] INFO:colcon.colcon_core.shell:Creating package descriptor '/home/kllemo/ros2_ws/install/abb_model/share/abb_model/package.dsv'
[0.866s] INFO:colcon.colcon_core.shell:Creating package script '/home/kllemo/ros2_ws/install/abb_model/share/abb_model/package.sh'
[0.868s] INFO:colcon.colcon_core.shell:Creating package script '/home/kllemo/ros2_ws/install/abb_model/share/abb_model/package.bash'
[0.870s] INFO:colcon.colcon_core.shell:Creating package script '/home/kllemo/ros2_ws/install/abb_model/share/abb_model/package.zsh'
[0.872s] Level 1:colcon.colcon_core.environment:create_file_with_runtime_dependencies(/home/kllemo/ros2_ws/install/abb_model/share/colcon-core/packages/abb_model)
[0.873s] Level 1:colcon.colcon_core.environment:create_environment_scripts_only(abb_model)
[0.874s] Level 1:colcon.colcon_core.environment:checking '/home/kllemo/ros2_ws/install/abb_model' for CMake module files
[0.876s] Level 1:colcon.colcon_core.environment:checking '/home/kllemo/ros2_ws/install/abb_model' for CMake config files
[0.877s] Level 1:colcon.colcon_core.shell:create_environment_hook('abb_model', 'cmake_prefix_path')
[0.878s] INFO:colcon.colcon_core.shell:Creating environment hook '/home/kllemo/ros2_ws/install/abb_model/share/abb_model/hook/cmake_prefix_path.ps1'
[0.879s] INFO:colcon.colcon_core.shell:Creating environment descriptor '/home/kllemo/ros2_ws/install/abb_model/share/abb_model/hook/cmake_prefix_path.dsv'
[0.880s] INFO:colcon.colcon_core.shell:Creating environment hook '/home/kllemo/ros2_ws/install/abb_model/share/abb_model/hook/cmake_prefix_path.sh'
[0.883s] Level 1:colcon.colcon_core.environment:checking '/home/kllemo/ros2_ws/install/abb_model/bin'
[0.883s] Level 1:colcon.colcon_core.environment:checking '/home/kllemo/ros2_ws/install/abb_model/lib/pkgconfig/abb_model.pc'
[0.884s] Level 1:colcon.colcon_core.environment:checking '/home/kllemo/ros2_ws/install/abb_model/lib/python3.12/site-packages'
[0.885s] Level 1:colcon.colcon_core.environment:checking '/home/kllemo/ros2_ws/install/abb_model/bin'
[0.885s] INFO:colcon.colcon_core.shell:Creating package script '/home/kllemo/ros2_ws/install/abb_model/share/abb_model/package.ps1'
[0.887s] INFO:colcon.colcon_core.shell:Creating package descriptor '/home/kllemo/ros2_ws/install/abb_model/share/abb_model/package.dsv'
[0.888s] INFO:colcon.colcon_core.shell:Creating package script '/home/kllemo/ros2_ws/install/abb_model/share/abb_model/package.sh'
[0.890s] INFO:colcon.colcon_core.shell:Creating package script '/home/kllemo/ros2_ws/install/abb_model/share/abb_model/package.bash'
[0.891s] INFO:colcon.colcon_core.shell:Creating package script '/home/kllemo/ros2_ws/install/abb_model/share/abb_model/package.zsh'
[0.892s] Level 1:colcon.colcon_core.environment:create_file_with_runtime_dependencies(/home/kllemo/ros2_ws/install/abb_model/share/colcon-core/packages/abb_model)
[0.894s] Level 1:colcon.colcon_core.environment:create_environment_scripts_only(rrm_simple_robot_model)
[0.895s] Level 1:colcon.colcon_core.environment:checking '/home/kllemo/ros2_ws/install/rrm_simple_robot_model' for CMake module files
[0.897s] Level 1:colcon.colcon_core.environment:checking '/home/kllemo/ros2_ws/install/rrm_simple_robot_model' for CMake config files
[0.898s] DEBUG:colcon.colcon_core.event_handler.log_command:Invoked command in '/home/kllemo/ros2_ws/build/rrm_simple_robot_model' returned '0': CMAKE_PREFIX_PATH=${CMAKE_PREFIX_PATH}:/opt/ros/jazzy DEBUGINFOD_URLS=https://debuginfod.ubuntu.com /usr/bin/cmake --install /home/kllemo/ros2_ws/build/rrm_simple_robot_model
[0.901s] Level 1:colcon.colcon_core.shell:create_environment_hook('rrm_simple_robot_model', 'cmake_prefix_path')
[0.902s] INFO:colcon.colcon_core.shell:Creating environment hook '/home/kllemo/ros2_ws/install/rrm_simple_robot_model/share/rrm_simple_robot_model/hook/cmake_prefix_path.ps1'
[0.904s] INFO:colcon.colcon_core.shell:Creating environment descriptor '/home/kllemo/ros2_ws/install/rrm_simple_robot_model/share/rrm_simple_robot_model/hook/cmake_prefix_path.dsv'
[0.905s] INFO:colcon.colcon_core.shell:Creating environment hook '/home/kllemo/ros2_ws/install/rrm_simple_robot_model/share/rrm_simple_robot_model/hook/cmake_prefix_path.sh'
[0.906s] Level 1:colcon.colcon_core.environment:checking '/home/kllemo/ros2_ws/install/rrm_simple_robot_model/bin'
[0.906s] Level 1:colcon.colcon_core.environment:checking '/home/kllemo/ros2_ws/install/rrm_simple_robot_model/lib/pkgconfig/rrm_simple_robot_model.pc'
[0.907s] Level 1:colcon.colcon_core.environment:checking '/home/kllemo/ros2_ws/install/rrm_simple_robot_model/lib/python3.12/site-packages'
[0.907s] Level 1:colcon.colcon_core.environment:checking '/home/kllemo/ros2_ws/install/rrm_simple_robot_model/bin'
[0.908s] INFO:colcon.colcon_core.shell:Creating package script '/home/kllemo/ros2_ws/install/rrm_simple_robot_model/share/rrm_simple_robot_model/package.ps1'
[0.909s] INFO:colcon.colcon_core.shell:Creating package descriptor '/home/kllemo/ros2_ws/install/rrm_simple_robot_model/share/rrm_simple_robot_model/package.dsv'
[0.910s] INFO:colcon.colcon_core.shell:Creating package script '/home/kllemo/ros2_ws/install/rrm_simple_robot_model/share/rrm_simple_robot_model/package.sh'
[0.911s] INFO:colcon.colcon_core.shell:Creating package script '/home/kllemo/ros2_ws/install/rrm_simple_robot_model/share/rrm_simple_robot_model/package.bash'
[0.911s] INFO:colcon.colcon_core.shell:Creating package script '/home/kllemo/ros2_ws/install/rrm_simple_robot_model/share/rrm_simple_robot_model/package.zsh'
[0.912s] Level 1:colcon.colcon_core.environment:create_file_with_runtime_dependencies(/home/kllemo/ros2_ws/install/rrm_simple_robot_model/share/colcon-core/packages/rrm_simple_robot_model)
[0.913s] Level 1:colcon.colcon_core.environment:create_environment_scripts_only(rrm_simple_robot_model)
[0.913s] Level 1:colcon.colcon_core.environment:checking '/home/kllemo/ros2_ws/install/rrm_simple_robot_model' for CMake module files
[0.914s] Level 1:colcon.colcon_core.environment:checking '/home/kllemo/ros2_ws/install/rrm_simple_robot_model' for CMake config files
[0.915s] Level 1:colcon.colcon_core.shell:create_environment_hook('rrm_simple_robot_model', 'cmake_prefix_path')
[0.915s] INFO:colcon.colcon_core.shell:Creating environment hook '/home/kllemo/ros2_ws/install/rrm_simple_robot_model/share/rrm_simple_robot_model/hook/cmake_prefix_path.ps1'
[0.916s] INFO:colcon.colcon_core.shell:Creating environment descriptor '/home/kllemo/ros2_ws/install/rrm_simple_robot_model/share/rrm_simple_robot_model/hook/cmake_prefix_path.dsv'
[0.916s] INFO:colcon.colcon_core.shell:Creating environment hook '/home/kllemo/ros2_ws/install/rrm_simple_robot_model/share/rrm_simple_robot_model/hook/cmake_prefix_path.sh'
[0.917s] Level 1:colcon.colcon_core.environment:checking '/home/kllemo/ros2_ws/install/rrm_simple_robot_model/bin'
[0.917s] Level 1:colcon.colcon_core.environment:checking '/home/kllemo/ros2_ws/install/rrm_simple_robot_model/lib/pkgconfig/rrm_simple_robot_model.pc'
[0.918s] Level 1:colcon.colcon_core.environment:checking '/home/kllemo/ros2_ws/install/rrm_simple_robot_model/lib/python3.12/site-packages'
[0.919s] Level 1:colcon.colcon_core.environment:checking '/home/kllemo/ros2_ws/install/rrm_simple_robot_model/bin'
[0.919s] INFO:colcon.colcon_core.shell:Creating package script '/home/kllemo/ros2_ws/install/rrm_simple_robot_model/share/rrm_simple_robot_model/package.ps1'
[0.920s] INFO:colcon.colcon_core.shell:Creating package descriptor '/home/kllemo/ros2_ws/install/rrm_simple_robot_model/share/rrm_simple_robot_model/package.dsv'
[0.921s] INFO:colcon.colcon_core.shell:Creating package script '/home/kllemo/ros2_ws/install/rrm_simple_robot_model/share/rrm_simple_robot_model/package.sh'
[0.922s] INFO:colcon.colcon_core.shell:Creating package script '/home/kllemo/ros2_ws/install/rrm_simple_robot_model/share/rrm_simple_robot_model/package.bash'
[0.922s] INFO:colcon.colcon_core.shell:Creating package script '/home/kllemo/ros2_ws/install/rrm_simple_robot_model/share/rrm_simple_robot_model/package.zsh'
[0.923s] Level 1:colcon.colcon_core.environment:create_file_with_runtime_dependencies(/home/kllemo/ros2_ws/install/rrm_simple_robot_model/share/colcon-core/packages/rrm_simple_robot_model)
[0.924s] Level 1:colcon.colcon_core.environment:create_environment_scripts_only(abb_irb4600_ikfast)
[0.925s] Level 1:colcon.colcon_core.environment:checking '/home/kllemo/ros2_ws/install/abb_irb4600_ikfast' for CMake module files
[0.927s] DEBUG:colcon.colcon_core.event_handler.log_command:Invoked command in '/home/kllemo/ros2_ws/build/abb_irb4600_ikfast' returned '0': CMAKE_PREFIX_PATH=${CMAKE_PREFIX_PATH}:/opt/ros/jazzy DEBUGINFOD_URLS=https://debuginfod.ubuntu.com /usr/bin/cmake --install /home/kllemo/ros2_ws/build/abb_irb4600_ikfast
[0.928s] Level 1:colcon.colcon_core.environment:checking '/home/kllemo/ros2_ws/install/abb_irb4600_ikfast' for CMake config files
[0.928s] Level 1:colcon.colcon_core.shell:create_environment_hook('abb_irb4600_ikfast', 'cmake_prefix_path')
[0.928s] INFO:colcon.colcon_core.shell:Creating environment hook '/home/kllemo/ros2_ws/install/abb_irb4600_ikfast/share/abb_irb4600_ikfast/hook/cmake_prefix_path.ps1'
[0.929s] INFO:colcon.colcon_core.shell:Creating environment descriptor '/home/kllemo/ros2_ws/install/abb_irb4600_ikfast/share/abb_irb4600_ikfast/hook/cmake_prefix_path.dsv'
[0.930s] INFO:colcon.colcon_core.shell:Creating environment hook '/home/kllemo/ros2_ws/install/abb_irb4600_ikfast/share/abb_irb4600_ikfast/hook/cmake_prefix_path.sh'
[0.931s] Level 1:colcon.colcon_core.environment:checking '/home/kllemo/ros2_ws/install/abb_irb4600_ikfast/lib'
[0.931s] Level 1:colcon.colcon_core.environment:checking '/home/kllemo/ros2_ws/install/abb_irb4600_ikfast/bin'
[0.931s] Level 1:colcon.colcon_core.environment:checking '/home/kllemo/ros2_ws/install/abb_irb4600_ikfast/lib/pkgconfig/abb_irb4600_ikfast.pc'
[0.932s] Level 1:colcon.colcon_core.environment:checking '/home/kllemo/ros2_ws/install/abb_irb4600_ikfast/lib/python3.12/site-packages'
[0.933s] Level 1:colcon.colcon_core.environment:checking '/home/kllemo/ros2_ws/install/abb_irb4600_ikfast/bin'
[0.933s] INFO:colcon.colcon_core.shell:Creating package script '/home/kllemo/ros2_ws/install/abb_irb4600_ikfast/share/abb_irb4600_ikfast/package.ps1'
[0.934s] INFO:colcon.colcon_core.shell:Creating package descriptor '/home/kllemo/ros2_ws/install/abb_irb4600_ikfast/share/abb_irb4600_ikfast/package.dsv'
[0.935s] INFO:colcon.colcon_core.shell:Creating package script '/home/kllemo/ros2_ws/install/abb_irb4600_ikfast/share/abb_irb4600_ikfast/package.sh'
[0.936s] INFO:colcon.colcon_core.shell:Creating package script '/home/kllemo/ros2_ws/install/abb_irb4600_ikfast/share/abb_irb4600_ikfast/package.bash'
[0.936s] INFO:colcon.colcon_core.shell:Creating package script '/home/kllemo/ros2_ws/install/abb_irb4600_ikfast/share/abb_irb4600_ikfast/package.zsh'
[0.937s] Level 1:colcon.colcon_core.environment:create_file_with_runtime_dependencies(/home/kllemo/ros2_ws/install/abb_irb4600_ikfast/share/colcon-core/packages/abb_irb4600_ikfast)
[0.938s] Level 1:colcon.colcon_core.environment:create_environment_scripts_only(abb_irb4600_ikfast)
[0.938s] Level 1:colcon.colcon_core.environment:checking '/home/kllemo/ros2_ws/install/abb_irb4600_ikfast' for CMake module files
[0.939s] Level 1:colcon.colcon_core.environment:checking '/home/kllemo/ros2_ws/install/abb_irb4600_ikfast' for CMake config files
[0.940s] Level 1:colcon.colcon_core.shell:create_environment_hook('abb_irb4600_ikfast', 'cmake_prefix_path')
[0.940s] INFO:colcon.colcon_core.shell:Creating environment hook '/home/kllemo/ros2_ws/install/abb_irb4600_ikfast/share/abb_irb4600_ikfast/hook/cmake_prefix_path.ps1'
[0.941s] INFO:colcon.colcon_core.shell:Creating environment descriptor '/home/kllemo/ros2_ws/install/abb_irb4600_ikfast/share/abb_irb4600_ikfast/hook/cmake_prefix_path.dsv'
[0.942s] INFO:colcon.colcon_core.shell:Creating environment hook '/home/kllemo/ros2_ws/install/abb_irb4600_ikfast/share/abb_irb4600_ikfast/hook/cmake_prefix_path.sh'
[0.943s] Level 1:colcon.colcon_core.environment:checking '/home/kllemo/ros2_ws/install/abb_irb4600_ikfast/lib'
[0.944s] Level 1:colcon.colcon_core.environment:checking '/home/kllemo/ros2_ws/install/abb_irb4600_ikfast/bin'
[0.944s] Level 1:colcon.colcon_core.environment:checking '/home/kllemo/ros2_ws/install/abb_irb4600_ikfast/lib/pkgconfig/abb_irb4600_ikfast.pc'
[0.944s] Level 1:colcon.colcon_core.environment:checking '/home/kllemo/ros2_ws/install/abb_irb4600_ikfast/lib/python3.12/site-packages'
[0.945s] Level 1:colcon.colcon_core.environment:checking '/home/kllemo/ros2_ws/install/abb_irb4600_ikfast/bin'
[0.945s] INFO:colcon.colcon_core.shell:Creating package script '/home/kllemo/ros2_ws/install/abb_irb4600_ikfast/share/abb_irb4600_ikfast/package.ps1'
[0.946s] INFO:colcon.colcon_core.shell:Creating package descriptor '/home/kllemo/ros2_ws/install/abb_irb4600_ikfast/share/abb_irb4600_ikfast/package.dsv'
[0.947s] INFO:colcon.colcon_core.shell:Creating package script '/home/kllemo/ros2_ws/install/abb_irb4600_ikfast/share/abb_irb4600_ikfast/package.sh'
[0.948s] INFO:colcon.colcon_core.shell:Creating package script '/home/kllemo/ros2_ws/install/abb_irb4600_ikfast/share/abb_irb4600_ikfast/package.bash'
[0.949s] INFO:colcon.colcon_core.shell:Creating package script '/home/kllemo/ros2_ws/install/abb_irb4600_ikfast/share/abb_irb4600_ikfast/package.zsh'
[0.950s] Level 1:colcon.colcon_core.environment:create_file_with_runtime_dependencies(/home/kllemo/ros2_ws/install/abb_irb4600_ikfast/share/colcon-core/packages/abb_irb4600_ikfast)
[0.950s] INFO:colcon.colcon_ros.task.ament_cmake.build:Building ROS package in '/home/kllemo/ros2_ws/src/block1_kleman' with build type 'ament_cmake'
[0.951s] INFO:colcon.colcon_cmake.task.cmake.build:Building CMake package in '/home/kllemo/ros2_ws/src/block1_kleman'
[0.951s] INFO:colcon.colcon_core.shell:Skip shell extension 'powershell' for command environment: Not usable outside of PowerShell
[0.951s] DEBUG:colcon.colcon_core.shell:Skip shell extension 'dsv' for command environment
[0.972s] DEBUG:colcon.colcon_core.event_handler.log_command:Invoking command in '/home/kllemo/ros2_ws/build/block1_kleman': CMAKE_PREFIX_PATH=/home/kllemo/ros2_ws/install/abb_model:/home/kllemo/ros2_ws/install/abb_irb4600_ikfast:/home/kllemo/ros2_ws/install/rrm_simple_robot_model:/home/kllemo/ros2_ws/install/rrm_sim:/home/kllemo/ros2_ws/install/rrm_msgs:/home/kllemo/ros2_ws/install/kleman_interface:/home/kllemo/ros2_ws/install/block1_kleman:/opt/ros/jazzy/opt/gz_math_vendor:/opt/ros/jazzy/opt/gz_utils_vendor:/opt/ros/jazzy/opt/gz_cmake_vendor:/opt/ros/jazzy DEBUGINFOD_URLS=https://debuginfod.ubuntu.com /usr/bin/cmake --build /home/kllemo/ros2_ws/build/block1_kleman -- -j16 -l16
[1.657s] DEBUG:colcon.colcon_core.event_handler.log_command:Invoked command in '/home/kllemo/ros2_ws/build/kleman_interface' returned '0': CMAKE_PREFIX_PATH=${CMAKE_PREFIX_PATH}:/opt/ros/jazzy DEBUGINFOD_URLS=https://debuginfod.ubuntu.com /usr/bin/cmake --build /home/kllemo/ros2_ws/build/kleman_interface -- -j16 -l16
[1.660s] DEBUG:colcon.colcon_core.event_handler.log_command:Invoking command in '/home/kllemo/ros2_ws/build/kleman_interface': CMAKE_PREFIX_PATH=${CMAKE_PREFIX_PATH}:/opt/ros/jazzy DEBUGINFOD_URLS=https://debuginfod.ubuntu.com /usr/bin/cmake --install /home/kllemo/ros2_ws/build/kleman_interface
[1.678s] DEBUG:colcon.colcon_core.event_handler.log_command:Invoked command in '/home/kllemo/ros2_ws/build/rrm_msgs' returned '0': CMAKE_PREFIX_PATH=${CMAKE_PREFIX_PATH}:/opt/ros/jazzy DEBUGINFOD_URLS=https://debuginfod.ubuntu.com /usr/bin/cmake --build /home/kllemo/ros2_ws/build/rrm_msgs -- -j16 -l16
[1.682s] DEBUG:colcon.colcon_core.event_handler.log_command:Invoking command in '/home/kllemo/ros2_ws/build/rrm_msgs': CMAKE_PREFIX_PATH=${CMAKE_PREFIX_PATH}:/opt/ros/jazzy DEBUGINFOD_URLS=https://debuginfod.ubuntu.com /usr/bin/cmake --install /home/kllemo/ros2_ws/build/rrm_msgs
[1.890s] Level 1:colcon.colcon_core.environment:create_environment_scripts_only(kleman_interface)
[1.890s] DEBUG:colcon.colcon_core.event_handler.log_command:Invoked command in '/home/kllemo/ros2_ws/build/kleman_interface' returned '0': CMAKE_PREFIX_PATH=${CMAKE_PREFIX_PATH}:/opt/ros/jazzy DEBUGINFOD_URLS=https://debuginfod.ubuntu.com /usr/bin/cmake --install /home/kllemo/ros2_ws/build/kleman_interface
[1.891s] Level 1:colcon.colcon_core.environment:checking '/home/kllemo/ros2_ws/install/kleman_interface' for CMake module files
[1.894s] Level 1:colcon.colcon_core.environment:checking '/home/kllemo/ros2_ws/install/kleman_interface' for CMake config files
[1.895s] Level 1:colcon.colcon_core.shell:create_environment_hook('kleman_interface', 'cmake_prefix_path')
[1.896s] INFO:colcon.colcon_core.shell:Creating environment hook '/home/kllemo/ros2_ws/install/kleman_interface/share/kleman_interface/hook/cmake_prefix_path.ps1'
[1.897s] INFO:colcon.colcon_core.shell:Creating environment descriptor '/home/kllemo/ros2_ws/install/kleman_interface/share/kleman_interface/hook/cmake_prefix_path.dsv'
[1.900s] INFO:colcon.colcon_core.shell:Creating environment hook '/home/kllemo/ros2_ws/install/kleman_interface/share/kleman_interface/hook/cmake_prefix_path.sh'
[1.902s] Level 1:colcon.colcon_core.environment:checking '/home/kllemo/ros2_ws/install/kleman_interface/lib'
[1.902s] Level 1:colcon.colcon_core.shell:create_environment_hook('kleman_interface', 'ld_library_path_lib')
[1.902s] INFO:colcon.colcon_core.shell:Creating environment hook '/home/kllemo/ros2_ws/install/kleman_interface/share/kleman_interface/hook/ld_library_path_lib.ps1'
[1.904s] INFO:colcon.colcon_core.shell:Creating environment descriptor '/home/kllemo/ros2_ws/install/kleman_interface/share/kleman_interface/hook/ld_library_path_lib.dsv'
[1.905s] INFO:colcon.colcon_core.shell:Creating environment hook '/home/kllemo/ros2_ws/install/kleman_interface/share/kleman_interface/hook/ld_library_path_lib.sh'
[1.906s] Level 1:colcon.colcon_core.environment:checking '/home/kllemo/ros2_ws/install/kleman_interface/bin'
[1.906s] Level 1:colcon.colcon_core.environment:checking '/home/kllemo/ros2_ws/install/kleman_interface/lib/pkgconfig/kleman_interface.pc'
[1.907s] Level 1:colcon.colcon_core.environment:checking '/home/kllemo/ros2_ws/install/kleman_interface/lib/python3.12/site-packages'
[1.908s] Level 1:colcon.colcon_core.shell:create_environment_hook('kleman_interface', 'pythonpath')
[1.908s] INFO:colcon.colcon_core.shell:Creating environment hook '/home/kllemo/ros2_ws/install/kleman_interface/share/kleman_interface/hook/pythonpath.ps1'
[1.909s] INFO:colcon.colcon_core.shell:Creating environment descriptor '/home/kllemo/ros2_ws/install/kleman_interface/share/kleman_interface/hook/pythonpath.dsv'
[1.910s] INFO:colcon.colcon_core.shell:Creating environment hook '/home/kllemo/ros2_ws/install/kleman_interface/share/kleman_interface/hook/pythonpath.sh'
[1.913s] Level 1:colcon.colcon_core.environment:checking '/home/kllemo/ros2_ws/install/kleman_interface/bin'
[1.914s] INFO:colcon.colcon_core.shell:Creating package script '/home/kllemo/ros2_ws/install/kleman_interface/share/kleman_interface/package.ps1'
[1.917s] INFO:colcon.colcon_core.shell:Creating package descriptor '/home/kllemo/ros2_ws/install/kleman_interface/share/kleman_interface/package.dsv'
[1.920s] INFO:colcon.colcon_core.shell:Creating package script '/home/kllemo/ros2_ws/install/kleman_interface/share/kleman_interface/package.sh'
[1.922s] INFO:colcon.colcon_core.shell:Creating package script '/home/kllemo/ros2_ws/install/kleman_interface/share/kleman_interface/package.bash'
[1.923s] INFO:colcon.colcon_core.shell:Creating package script '/home/kllemo/ros2_ws/install/kleman_interface/share/kleman_interface/package.zsh'
[1.924s] Level 1:colcon.colcon_core.environment:create_file_with_runtime_dependencies(/home/kllemo/ros2_ws/install/kleman_interface/share/colcon-core/packages/kleman_interface)
[1.926s] Level 1:colcon.colcon_core.environment:create_environment_scripts_only(kleman_interface)
[1.926s] Level 1:colcon.colcon_core.environment:checking '/home/kllemo/ros2_ws/install/kleman_interface' for CMake module files
[1.928s] Level 1:colcon.colcon_core.environment:checking '/home/kllemo/ros2_ws/install/kleman_interface' for CMake config files
[1.929s] Level 1:colcon.colcon_core.shell:create_environment_hook('kleman_interface', 'cmake_prefix_path')
[1.929s] INFO:colcon.colcon_core.shell:Creating environment hook '/home/kllemo/ros2_ws/install/kleman_interface/share/kleman_interface/hook/cmake_prefix_path.ps1'
[1.930s] INFO:colcon.colcon_core.shell:Creating environment descriptor '/home/kllemo/ros2_ws/install/kleman_interface/share/kleman_interface/hook/cmake_prefix_path.dsv'
[1.931s] INFO:colcon.colcon_core.shell:Creating environment hook '/home/kllemo/ros2_ws/install/kleman_interface/share/kleman_interface/hook/cmake_prefix_path.sh'
[1.933s] Level 1:colcon.colcon_core.environment:checking '/home/kllemo/ros2_ws/install/kleman_interface/lib'
[1.933s] Level 1:colcon.colcon_core.shell:create_environment_hook('kleman_interface', 'ld_library_path_lib')
[1.933s] INFO:colcon.colcon_core.shell:Creating environment hook '/home/kllemo/ros2_ws/install/kleman_interface/share/kleman_interface/hook/ld_library_path_lib.ps1'
[1.934s] INFO:colcon.colcon_core.shell:Creating environment descriptor '/home/kllemo/ros2_ws/install/kleman_interface/share/kleman_interface/hook/ld_library_path_lib.dsv'
[1.935s] INFO:colcon.colcon_core.shell:Creating environment hook '/home/kllemo/ros2_ws/install/kleman_interface/share/kleman_interface/hook/ld_library_path_lib.sh'
[1.936s] Level 1:colcon.colcon_core.environment:checking '/home/kllemo/ros2_ws/install/kleman_interface/bin'
[1.936s] Level 1:colcon.colcon_core.environment:checking '/home/kllemo/ros2_ws/install/kleman_interface/lib/pkgconfig/kleman_interface.pc'
[1.936s] Level 1:colcon.colcon_core.environment:checking '/home/kllemo/ros2_ws/install/kleman_interface/lib/python3.12/site-packages'
[1.937s] Level 1:colcon.colcon_core.shell:create_environment_hook('kleman_interface', 'pythonpath')
[1.937s] INFO:colcon.colcon_core.shell:Creating environment hook '/home/kllemo/ros2_ws/install/kleman_interface/share/kleman_interface/hook/pythonpath.ps1'
[1.938s] INFO:colcon.colcon_core.shell:Creating environment descriptor '/home/kllemo/ros2_ws/install/kleman_interface/share/kleman_interface/hook/pythonpath.dsv'
[1.939s] INFO:colcon.colcon_core.shell:Creating environment hook '/home/kllemo/ros2_ws/install/kleman_interface/share/kleman_interface/hook/pythonpath.sh'
[1.940s] Level 1:colcon.colcon_core.environment:checking '/home/kllemo/ros2_ws/install/kleman_interface/bin'
[1.941s] INFO:colcon.colcon_core.shell:Creating package script '/home/kllemo/ros2_ws/install/kleman_interface/share/kleman_interface/package.ps1'
[1.942s] INFO:colcon.colcon_core.shell:Creating package descriptor '/home/kllemo/ros2_ws/install/kleman_interface/share/kleman_interface/package.dsv'
[1.944s] INFO:colcon.colcon_core.shell:Creating package script '/home/kllemo/ros2_ws/install/kleman_interface/share/kleman_interface/package.sh'
[1.945s] INFO:colcon.colcon_core.shell:Creating package script '/home/kllemo/ros2_ws/install/kleman_interface/share/kleman_interface/package.bash'
[1.946s] INFO:colcon.colcon_core.shell:Creating package script '/home/kllemo/ros2_ws/install/kleman_interface/share/kleman_interface/package.zsh'
[1.946s] Level 1:colcon.colcon_core.environment:create_file_with_runtime_dependencies(/home/kllemo/ros2_ws/install/kleman_interface/share/colcon-core/packages/kleman_interface)
[1.948s] Level 1:colcon.colcon_core.environment:create_environment_scripts_only(rrm_msgs)
[1.949s] Level 1:colcon.colcon_core.environment:checking '/home/kllemo/ros2_ws/install/rrm_msgs' for CMake module files
[1.950s] DEBUG:colcon.colcon_core.event_handler.log_command:Invoked command in '/home/kllemo/ros2_ws/build/rrm_msgs' returned '0': CMAKE_PREFIX_PATH=${CMAKE_PREFIX_PATH}:/opt/ros/jazzy DEBUGINFOD_URLS=https://debuginfod.ubuntu.com /usr/bin/cmake --install /home/kllemo/ros2_ws/build/rrm_msgs
[1.951s] Level 1:colcon.colcon_core.environment:checking '/home/kllemo/ros2_ws/install/rrm_msgs' for CMake config files
[1.952s] Level 1:colcon.colcon_core.shell:create_environment_hook('rrm_msgs', 'cmake_prefix_path')
[1.952s] INFO:colcon.colcon_core.shell:Creating environment hook '/home/kllemo/ros2_ws/install/rrm_msgs/share/rrm_msgs/hook/cmake_prefix_path.ps1'
[1.954s] INFO:colcon.colcon_core.shell:Creating environment descriptor '/home/kllemo/ros2_ws/install/rrm_msgs/share/rrm_msgs/hook/cmake_prefix_path.dsv'
[1.955s] INFO:colcon.colcon_core.shell:Creating environment hook '/home/kllemo/ros2_ws/install/rrm_msgs/share/rrm_msgs/hook/cmake_prefix_path.sh'
[1.956s] Level 1:colcon.colcon_core.environment:checking '/home/kllemo/ros2_ws/install/rrm_msgs/lib'
[1.956s] Level 1:colcon.colcon_core.shell:create_environment_hook('rrm_msgs', 'ld_library_path_lib')
[1.956s] INFO:colcon.colcon_core.shell:Creating environment hook '/home/kllemo/ros2_ws/install/rrm_msgs/share/rrm_msgs/hook/ld_library_path_lib.ps1'
[1.957s] INFO:colcon.colcon_core.shell:Creating environment descriptor '/home/kllemo/ros2_ws/install/rrm_msgs/share/rrm_msgs/hook/ld_library_path_lib.dsv'
[1.958s] INFO:colcon.colcon_core.shell:Creating environment hook '/home/kllemo/ros2_ws/install/rrm_msgs/share/rrm_msgs/hook/ld_library_path_lib.sh'
[1.958s] Level 1:colcon.colcon_core.environment:checking '/home/kllemo/ros2_ws/install/rrm_msgs/bin'
[1.958s] Level 1:colcon.colcon_core.environment:checking '/home/kllemo/ros2_ws/install/rrm_msgs/lib/pkgconfig/rrm_msgs.pc'
[1.959s] Level 1:colcon.colcon_core.environment:checking '/home/kllemo/ros2_ws/install/rrm_msgs/lib/python3.12/site-packages'
[1.959s] Level 1:colcon.colcon_core.shell:create_environment_hook('rrm_msgs', 'pythonpath')
[1.960s] INFO:colcon.colcon_core.shell:Creating environment hook '/home/kllemo/ros2_ws/install/rrm_msgs/share/rrm_msgs/hook/pythonpath.ps1'
[1.960s] INFO:colcon.colcon_core.shell:Creating environment descriptor '/home/kllemo/ros2_ws/install/rrm_msgs/share/rrm_msgs/hook/pythonpath.dsv'
[1.961s] INFO:colcon.colcon_core.shell:Creating environment hook '/home/kllemo/ros2_ws/install/rrm_msgs/share/rrm_msgs/hook/pythonpath.sh'
[1.962s] Level 1:colcon.colcon_core.environment:checking '/home/kllemo/ros2_ws/install/rrm_msgs/bin'
[1.963s] INFO:colcon.colcon_core.shell:Creating package script '/home/kllemo/ros2_ws/install/rrm_msgs/share/rrm_msgs/package.ps1'
[1.964s] INFO:colcon.colcon_core.shell:Creating package descriptor '/home/kllemo/ros2_ws/install/rrm_msgs/share/rrm_msgs/package.dsv'
[1.965s] INFO:colcon.colcon_core.shell:Creating package script '/home/kllemo/ros2_ws/install/rrm_msgs/share/rrm_msgs/package.sh'
[1.966s] INFO:colcon.colcon_core.shell:Creating package script '/home/kllemo/ros2_ws/install/rrm_msgs/share/rrm_msgs/package.bash'
[1.967s] INFO:colcon.colcon_core.shell:Creating package script '/home/kllemo/ros2_ws/install/rrm_msgs/share/rrm_msgs/package.zsh'
[1.968s] Level 1:colcon.colcon_core.environment:create_file_with_runtime_dependencies(/home/kllemo/ros2_ws/install/rrm_msgs/share/colcon-core/packages/rrm_msgs)
[1.969s] Level 1:colcon.colcon_core.environment:create_environment_scripts_only(rrm_msgs)
[1.969s] Level 1:colcon.colcon_core.environment:checking '/home/kllemo/ros2_ws/install/rrm_msgs' for CMake module files
[1.971s] Level 1:colcon.colcon_core.environment:checking '/home/kllemo/ros2_ws/install/rrm_msgs' for CMake config files
[1.971s] Level 1:colcon.colcon_core.shell:create_environment_hook('rrm_msgs', 'cmake_prefix_path')
[1.972s] INFO:colcon.colcon_core.shell:Creating environment hook '/home/kllemo/ros2_ws/install/rrm_msgs/share/rrm_msgs/hook/cmake_prefix_path.ps1'
[1.973s] INFO:colcon.colcon_core.shell:Creating environment descriptor '/home/kllemo/ros2_ws/install/rrm_msgs/share/rrm_msgs/hook/cmake_prefix_path.dsv'
[1.973s] INFO:colcon.colcon_core.shell:Creating environment hook '/home/kllemo/ros2_ws/install/rrm_msgs/share/rrm_msgs/hook/cmake_prefix_path.sh'
[1.974s] Level 1:colcon.colcon_core.environment:checking '/home/kllemo/ros2_ws/install/rrm_msgs/lib'
[1.975s] Level 1:colcon.colcon_core.shell:create_environment_hook('rrm_msgs', 'ld_library_path_lib')
[1.975s] INFO:colcon.colcon_core.shell:Creating environment hook '/home/kllemo/ros2_ws/install/rrm_msgs/share/rrm_msgs/hook/ld_library_path_lib.ps1'
[1.976s] INFO:colcon.colcon_core.shell:Creating environment descriptor '/home/kllemo/ros2_ws/install/rrm_msgs/share/rrm_msgs/hook/ld_library_path_lib.dsv'
[1.976s] INFO:colcon.colcon_core.shell:Creating environment hook '/home/kllemo/ros2_ws/install/rrm_msgs/share/rrm_msgs/hook/ld_library_path_lib.sh'
[1.977s] Level 1:colcon.colcon_core.environment:checking '/home/kllemo/ros2_ws/install/rrm_msgs/bin'
[1.977s] Level 1:colcon.colcon_core.environment:checking '/home/kllemo/ros2_ws/install/rrm_msgs/lib/pkgconfig/rrm_msgs.pc'
[1.978s] Level 1:colcon.colcon_core.environment:checking '/home/kllemo/ros2_ws/install/rrm_msgs/lib/python3.12/site-packages'
[1.978s] Level 1:colcon.colcon_core.shell:create_environment_hook('rrm_msgs', 'pythonpath')
[1.978s] INFO:colcon.colcon_core.shell:Creating environment hook '/home/kllemo/ros2_ws/install/rrm_msgs/share/rrm_msgs/hook/pythonpath.ps1'
[1.979s] INFO:colcon.colcon_core.shell:Creating environment descriptor '/home/kllemo/ros2_ws/install/rrm_msgs/share/rrm_msgs/hook/pythonpath.dsv'
[1.980s] INFO:colcon.colcon_core.shell:Creating environment hook '/home/kllemo/ros2_ws/install/rrm_msgs/share/rrm_msgs/hook/pythonpath.sh'
[1.981s] Level 1:colcon.colcon_core.environment:checking '/home/kllemo/ros2_ws/install/rrm_msgs/bin'
[1.982s] INFO:colcon.colcon_core.shell:Creating package script '/home/kllemo/ros2_ws/install/rrm_msgs/share/rrm_msgs/package.ps1'
[1.983s] INFO:colcon.colcon_core.shell:Creating package descriptor '/home/kllemo/ros2_ws/install/rrm_msgs/share/rrm_msgs/package.dsv'
[1.984s] INFO:colcon.colcon_core.shell:Creating package script '/home/kllemo/ros2_ws/install/rrm_msgs/share/rrm_msgs/package.sh'
[1.985s] INFO:colcon.colcon_core.shell:Creating package script '/home/kllemo/ros2_ws/install/rrm_msgs/share/rrm_msgs/package.bash'
[1.986s] INFO:colcon.colcon_core.shell:Creating package script '/home/kllemo/ros2_ws/install/rrm_msgs/share/rrm_msgs/package.zsh'
[1.987s] Level 1:colcon.colcon_core.environment:create_file_with_runtime_dependencies(/home/kllemo/ros2_ws/install/rrm_msgs/share/colcon-core/packages/rrm_msgs)
[1.987s] INFO:colcon.colcon_ros.task.ament_cmake.build:Building ROS package in '/home/kllemo/ros2_ws/src/cvicenie_2/rrm_sim' with build type 'ament_cmake'
[1.988s] INFO:colcon.colcon_cmake.task.cmake.build:Building CMake package in '/home/kllemo/ros2_ws/src/cvicenie_2/rrm_sim'
[1.988s] INFO:colcon.colcon_core.shell:Skip shell extension 'powershell' for command environment: Not usable outside of PowerShell
[1.988s] DEBUG:colcon.colcon_core.shell:Skip shell extension 'dsv' for command environment
[2.009s] DEBUG:colcon.colcon_core.event_handler.log_command:Invoking command in '/home/kllemo/ros2_ws/build/rrm_sim': CMAKE_PREFIX_PATH=/home/kllemo/ros2_ws/install/rrm_msgs:/home/kllemo/ros2_ws/install/rrm_simple_robot_model:/home/kllemo/ros2_ws/install/rrm_sim:/home/kllemo/ros2_ws/install/kleman_interface:/home/kllemo/ros2_ws/install/block1_kleman:/home/kllemo/ros2_ws/install/abb_model:/home/kllemo/ros2_ws/install/abb_irb4600_ikfast:/opt/ros/jazzy/opt/gz_math_vendor:/opt/ros/jazzy/opt/gz_utils_vendor:/opt/ros/jazzy/opt/gz_cmake_vendor:/opt/ros/jazzy DEBUGINFOD_URLS=https://debuginfod.ubuntu.com /usr/bin/cmake --build /home/kllemo/ros2_ws/build/rrm_sim -- -j16 -l16
[2.157s] DEBUG:colcon.colcon_core.event_handler.log_command:Invoked command in '/home/kllemo/ros2_ws/build/rrm_sim' returned '0': CMAKE_PREFIX_PATH=/home/kllemo/ros2_ws/install/rrm_msgs:/home/kllemo/ros2_ws/install/rrm_simple_robot_model:/home/kllemo/ros2_ws/install/rrm_sim:/home/kllemo/ros2_ws/install/kleman_interface:/home/kllemo/ros2_ws/install/block1_kleman:/home/kllemo/ros2_ws/install/abb_model:/home/kllemo/ros2_ws/install/abb_irb4600_ikfast:/opt/ros/jazzy/opt/gz_math_vendor:/opt/ros/jazzy/opt/gz_utils_vendor:/opt/ros/jazzy/opt/gz_cmake_vendor:/opt/ros/jazzy DEBUGINFOD_URLS=https://debuginfod.ubuntu.com /usr/bin/cmake --build /home/kllemo/ros2_ws/build/rrm_sim -- -j16 -l16
[2.159s] DEBUG:colcon.colcon_core.event_handler.log_command:Invoking command in '/home/kllemo/ros2_ws/build/rrm_sim': CMAKE_PREFIX_PATH=/home/kllemo/ros2_ws/install/rrm_msgs:/home/kllemo/ros2_ws/install/rrm_simple_robot_model:/home/kllemo/ros2_ws/install/rrm_sim:/home/kllemo/ros2_ws/install/kleman_interface:/home/kllemo/ros2_ws/install/block1_kleman:/home/kllemo/ros2_ws/install/abb_model:/home/kllemo/ros2_ws/install/abb_irb4600_ikfast:/opt/ros/jazzy/opt/gz_math_vendor:/opt/ros/jazzy/opt/gz_utils_vendor:/opt/ros/jazzy/opt/gz_cmake_vendor:/opt/ros/jazzy DEBUGINFOD_URLS=https://debuginfod.ubuntu.com /usr/bin/cmake --install /home/kllemo/ros2_ws/build/rrm_sim
[2.202s] Level 1:colcon.colcon_core.environment:create_environment_scripts_only(rrm_sim)
[2.202s] Level 1:colcon.colcon_core.environment:checking '/home/kllemo/ros2_ws/install/rrm_sim' for CMake module files
[2.203s] DEBUG:colcon.colcon_core.event_handler.log_command:Invoked command in '/home/kllemo/ros2_ws/build/rrm_sim' returned '0': CMAKE_PREFIX_PATH=/home/kllemo/ros2_ws/install/rrm_msgs:/home/kllemo/ros2_ws/install/rrm_simple_robot_model:/home/kllemo/ros2_ws/install/rrm_sim:/home/kllemo/ros2_ws/install/kleman_interface:/home/kllemo/ros2_ws/install/block1_kleman:/home/kllemo/ros2_ws/install/abb_model:/home/kllemo/ros2_ws/install/abb_irb4600_ikfast:/opt/ros/jazzy/opt/gz_math_vendor:/opt/ros/jazzy/opt/gz_utils_vendor:/opt/ros/jazzy/opt/gz_cmake_vendor:/opt/ros/jazzy DEBUGINFOD_URLS=https://debuginfod.ubuntu.com /usr/bin/cmake --install /home/kllemo/ros2_ws/build/rrm_sim
[2.204s] Level 1:colcon.colcon_core.environment:checking '/home/kllemo/ros2_ws/install/rrm_sim' for CMake config files
[2.205s] Level 1:colcon.colcon_core.shell:create_environment_hook('rrm_sim', 'cmake_prefix_path')
[2.205s] INFO:colcon.colcon_core.shell:Creating environment hook '/home/kllemo/ros2_ws/install/rrm_sim/share/rrm_sim/hook/cmake_prefix_path.ps1'
[2.206s] INFO:colcon.colcon_core.shell:Creating environment descriptor '/home/kllemo/ros2_ws/install/rrm_sim/share/rrm_sim/hook/cmake_prefix_path.dsv'
[2.207s] INFO:colcon.colcon_core.shell:Creating environment hook '/home/kllemo/ros2_ws/install/rrm_sim/share/rrm_sim/hook/cmake_prefix_path.sh'
[2.208s] Level 1:colcon.colcon_core.environment:checking '/home/kllemo/ros2_ws/install/rrm_sim/lib'
[2.208s] Level 1:colcon.colcon_core.environment:checking '/home/kllemo/ros2_ws/install/rrm_sim/bin'
[2.208s] Level 1:colcon.colcon_core.environment:checking '/home/kllemo/ros2_ws/install/rrm_sim/lib/pkgconfig/rrm_sim.pc'
[2.209s] Level 1:colcon.colcon_core.environment:checking '/home/kllemo/ros2_ws/install/rrm_sim/lib/python3.12/site-packages'
[2.209s] Level 1:colcon.colcon_core.environment:checking '/home/kllemo/ros2_ws/install/rrm_sim/bin'
[2.210s] INFO:colcon.colcon_core.shell:Creating package script '/home/kllemo/ros2_ws/install/rrm_sim/share/rrm_sim/package.ps1'
[2.210s] INFO:colcon.colcon_core.shell:Creating package descriptor '/home/kllemo/ros2_ws/install/rrm_sim/share/rrm_sim/package.dsv'
[2.211s] INFO:colcon.colcon_core.shell:Creating package script '/home/kllemo/ros2_ws/install/rrm_sim/share/rrm_sim/package.sh'
[2.212s] INFO:colcon.colcon_core.shell:Creating package script '/home/kllemo/ros2_ws/install/rrm_sim/share/rrm_sim/package.bash'
[2.213s] INFO:colcon.colcon_core.shell:Creating package script '/home/kllemo/ros2_ws/install/rrm_sim/share/rrm_sim/package.zsh'
[2.213s] Level 1:colcon.colcon_core.environment:create_file_with_runtime_dependencies(/home/kllemo/ros2_ws/install/rrm_sim/share/colcon-core/packages/rrm_sim)
[2.214s] Level 1:colcon.colcon_core.environment:create_environment_scripts_only(rrm_sim)
[2.215s] Level 1:colcon.colcon_core.environment:checking '/home/kllemo/ros2_ws/install/rrm_sim' for CMake module files
[2.215s] Level 1:colcon.colcon_core.environment:checking '/home/kllemo/ros2_ws/install/rrm_sim' for CMake config files
[2.216s] Level 1:colcon.colcon_core.shell:create_environment_hook('rrm_sim', 'cmake_prefix_path')
[2.216s] INFO:colcon.colcon_core.shell:Creating environment hook '/home/kllemo/ros2_ws/install/rrm_sim/share/rrm_sim/hook/cmake_prefix_path.ps1'
[2.217s] INFO:colcon.colcon_core.shell:Creating environment descriptor '/home/kllemo/ros2_ws/install/rrm_sim/share/rrm_sim/hook/cmake_prefix_path.dsv'
[2.218s] INFO:colcon.colcon_core.shell:Creating environment hook '/home/kllemo/ros2_ws/install/rrm_sim/share/rrm_sim/hook/cmake_prefix_path.sh'
[2.219s] Level 1:colcon.colcon_core.environment:checking '/home/kllemo/ros2_ws/install/rrm_sim/lib'
[2.219s] Level 1:colcon.colcon_core.environment:checking '/home/kllemo/ros2_ws/install/rrm_sim/bin'
[2.219s] Level 1:colcon.colcon_core.environment:checking '/home/kllemo/ros2_ws/install/rrm_sim/lib/pkgconfig/rrm_sim.pc'
[2.219s] Level 1:colcon.colcon_core.environment:checking '/home/kllemo/ros2_ws/install/rrm_sim/lib/python3.12/site-packages'
[2.220s] Level 1:colcon.colcon_core.environment:checking '/home/kllemo/ros2_ws/install/rrm_sim/bin'
[2.221s] INFO:colcon.colcon_core.shell:Creating package script '/home/kllemo/ros2_ws/install/rrm_sim/share/rrm_sim/package.ps1'
[2.222s] INFO:colcon.colcon_core.shell:Creating package descriptor '/home/kllemo/ros2_ws/install/rrm_sim/share/rrm_sim/package.dsv'
[2.223s] INFO:colcon.colcon_core.shell:Creating package script '/home/kllemo/ros2_ws/install/rrm_sim/share/rrm_sim/package.sh'
[2.224s] INFO:colcon.colcon_core.shell:Creating package script '/home/kllemo/ros2_ws/install/rrm_sim/share/rrm_sim/package.bash'
[2.225s] INFO:colcon.colcon_core.shell:Creating package script '/home/kllemo/ros2_ws/install/rrm_sim/share/rrm_sim/package.zsh'
[2.225s] Level 1:colcon.colcon_core.environment:create_file_with_runtime_dependencies(/home/kllemo/ros2_ws/install/rrm_sim/share/colcon-core/packages/rrm_sim)
[11.943s] DEBUG:colcon.colcon_core.event_handler.log_command:Invoked command in '/home/kllemo/ros2_ws/build/block1_kleman' returned '0': CMAKE_PREFIX_PATH=/home/kllemo/ros2_ws/install/abb_model:/home/kllemo/ros2_ws/install/abb_irb4600_ikfast:/home/kllemo/ros2_ws/install/rrm_simple_robot_model:/home/kllemo/ros2_ws/install/rrm_sim:/home/kllemo/ros2_ws/install/rrm_msgs:/home/kllemo/ros2_ws/install/kleman_interface:/home/kllemo/ros2_ws/install/block1_kleman:/opt/ros/jazzy/opt/gz_math_vendor:/opt/ros/jazzy/opt/gz_utils_vendor:/opt/ros/jazzy/opt/gz_cmake_vendor:/opt/ros/jazzy DEBUGINFOD_URLS=https://debuginfod.ubuntu.com /usr/bin/cmake --build /home/kllemo/ros2_ws/build/block1_kleman -- -j16 -l16
[11.945s] DEBUG:colcon.colcon_core.event_handler.log_command:Invoking command in '/home/kllemo/ros2_ws/build/block1_kleman': CMAKE_PREFIX_PATH=/home/kllemo/ros2_ws/install/abb_model:/home/kllemo/ros2_ws/install/abb_irb4600_ikfast:/home/kllemo/ros2_ws/install/rrm_simple_robot_model:/home/kllemo/ros2_ws/install/rrm_sim:/home/kllemo/ros2_ws/install/rrm_msgs:/home/kllemo/ros2_ws/install/kleman_interface:/home/kllemo/ros2_ws/install/block1_kleman:/opt/ros/jazzy/opt/gz_math_vendor:/opt/ros/jazzy/opt/gz_utils_vendor:/opt/ros/jazzy/opt/gz_cmake_vendor:/opt/ros/jazzy DEBUGINFOD_URLS=https://debuginfod.ubuntu.com /usr/bin/cmake --install /home/kllemo/ros2_ws/build/block1_kleman
[11.985s] Level 1:colcon.colcon_core.environment:create_environment_scripts_only(block1_kleman)
[11.985s] Level 1:colcon.colcon_core.environment:checking '/home/kllemo/ros2_ws/install/block1_kleman' for CMake module files
[11.987s] DEBUG:colcon.colcon_core.event_handler.log_command:Invoked command in '/home/kllemo/ros2_ws/build/block1_kleman' returned '0': CMAKE_PREFIX_PATH=/home/kllemo/ros2_ws/install/abb_model:/home/kllemo/ros2_ws/install/abb_irb4600_ikfast:/home/kllemo/ros2_ws/install/rrm_simple_robot_model:/home/kllemo/ros2_ws/install/rrm_sim:/home/kllemo/ros2_ws/install/rrm_msgs:/home/kllemo/ros2_ws/install/kleman_interface:/home/kllemo/ros2_ws/install/block1_kleman:/opt/ros/jazzy/opt/gz_math_vendor:/opt/ros/jazzy/opt/gz_utils_vendor:/opt/ros/jazzy/opt/gz_cmake_vendor:/opt/ros/jazzy DEBUGINFOD_URLS=https://debuginfod.ubuntu.com /usr/bin/cmake --install /home/kllemo/ros2_ws/build/block1_kleman
[11.987s] Level 1:colcon.colcon_core.environment:checking '/home/kllemo/ros2_ws/install/block1_kleman' for CMake config files
[11.988s] Level 1:colcon.colcon_core.shell:create_environment_hook('block1_kleman', 'cmake_prefix_path')
[11.988s] INFO:colcon.colcon_core.shell:Creating environment hook '/home/kllemo/ros2_ws/install/block1_kleman/share/block1_kleman/hook/cmake_prefix_path.ps1'
[11.989s] INFO:colcon.colcon_core.shell:Creating environment descriptor '/home/kllemo/ros2_ws/install/block1_kleman/share/block1_kleman/hook/cmake_prefix_path.dsv'
[11.990s] INFO:colcon.colcon_core.shell:Creating environment hook '/home/kllemo/ros2_ws/install/block1_kleman/share/block1_kleman/hook/cmake_prefix_path.sh'
[11.991s] Level 1:colcon.colcon_core.environment:checking '/home/kllemo/ros2_ws/install/block1_kleman/lib'
[11.992s] Level 1:colcon.colcon_core.environment:checking '/home/kllemo/ros2_ws/install/block1_kleman/bin'
[11.992s] Level 1:colcon.colcon_core.environment:checking '/home/kllemo/ros2_ws/install/block1_kleman/lib/pkgconfig/block1_kleman.pc'
[11.992s] Level 1:colcon.colcon_core.environment:checking '/home/kllemo/ros2_ws/install/block1_kleman/lib/python3.12/site-packages'
[11.993s] Level 1:colcon.colcon_core.environment:checking '/home/kllemo/ros2_ws/install/block1_kleman/bin'
[11.994s] INFO:colcon.colcon_core.shell:Creating package script '/home/kllemo/ros2_ws/install/block1_kleman/share/block1_kleman/package.ps1'
[11.995s] INFO:colcon.colcon_core.shell:Creating package descriptor '/home/kllemo/ros2_ws/install/block1_kleman/share/block1_kleman/package.dsv'
[11.995s] INFO:colcon.colcon_core.shell:Creating package script '/home/kllemo/ros2_ws/install/block1_kleman/share/block1_kleman/package.sh'
[11.996s] INFO:colcon.colcon_core.shell:Creating package script '/home/kllemo/ros2_ws/install/block1_kleman/share/block1_kleman/package.bash'
[11.997s] INFO:colcon.colcon_core.shell:Creating package script '/home/kllemo/ros2_ws/install/block1_kleman/share/block1_kleman/package.zsh'
[11.998s] Level 1:colcon.colcon_core.environment:create_file_with_runtime_dependencies(/home/kllemo/ros2_ws/install/block1_kleman/share/colcon-core/packages/block1_kleman)
[11.999s] Level 1:colcon.colcon_core.environment:create_environment_scripts_only(block1_kleman)
[11.999s] Level 1:colcon.colcon_core.environment:checking '/home/kllemo/ros2_ws/install/block1_kleman' for CMake module files
[12.000s] Level 1:colcon.colcon_core.environment:checking '/home/kllemo/ros2_ws/install/block1_kleman' for CMake config files
[12.001s] Level 1:colcon.colcon_core.shell:create_environment_hook('block1_kleman', 'cmake_prefix_path')
[12.002s] INFO:colcon.colcon_core.shell:Creating environment hook '/home/kllemo/ros2_ws/install/block1_kleman/share/block1_kleman/hook/cmake_prefix_path.ps1'
[12.003s] INFO:colcon.colcon_core.shell:Creating environment descriptor '/home/kllemo/ros2_ws/install/block1_kleman/share/block1_kleman/hook/cmake_prefix_path.dsv'
[12.003s] INFO:colcon.colcon_core.shell:Creating environment hook '/home/kllemo/ros2_ws/install/block1_kleman/share/block1_kleman/hook/cmake_prefix_path.sh'
[12.005s] Level 1:colcon.colcon_core.environment:checking '/home/kllemo/ros2_ws/install/block1_kleman/lib'
[12.005s] Level 1:colcon.colcon_core.environment:checking '/home/kllemo/ros2_ws/install/block1_kleman/bin'
[12.005s] Level 1:colcon.colcon_core.environment:checking '/home/kllemo/ros2_ws/install/block1_kleman/lib/pkgconfig/block1_kleman.pc'
[12.005s] Level 1:colcon.colcon_core.environment:checking '/home/kllemo/ros2_ws/install/block1_kleman/lib/python3.12/site-packages'
[12.006s] Level 1:colcon.colcon_core.environment:checking '/home/kllemo/ros2_ws/install/block1_kleman/bin'
[12.006s] INFO:colcon.colcon_core.shell:Creating package script '/home/kllemo/ros2_ws/install/block1_kleman/share/block1_kleman/package.ps1'
[12.007s] INFO:colcon.colcon_core.shell:Creating package descriptor '/home/kllemo/ros2_ws/install/block1_kleman/share/block1_kleman/package.dsv'
[12.008s] INFO:colcon.colcon_core.shell:Creating package script '/home/kllemo/ros2_ws/install/block1_kleman/share/block1_kleman/package.sh'
[12.009s] INFO:colcon.colcon_core.shell:Creating package script '/home/kllemo/ros2_ws/install/block1_kleman/share/block1_kleman/package.bash'
[12.010s] INFO:colcon.colcon_core.shell:Creating package script '/home/kllemo/ros2_ws/install/block1_kleman/share/block1_kleman/package.zsh'
[12.011s] Level 1:colcon.colcon_core.environment:create_file_with_runtime_dependencies(/home/kllemo/ros2_ws/install/block1_kleman/share/colcon-core/packages/block1_kleman)
[12.011s] DEBUG:colcon.colcon_parallel_executor.executor.parallel:closing loop
[12.012s] DEBUG:colcon.colcon_parallel_executor.executor.parallel:loop closed
[12.013s] DEBUG:colcon.colcon_parallel_executor.executor.parallel:run_until_complete finished with '0'
[12.013s] DEBUG:colcon.colcon_core.event_reactor:joining thread
[12.029s] INFO:colcon.colcon_core.plugin_system:Skipping extension 'colcon_notification.desktop_notification.terminal_notifier': Not used on non-Darwin systems
[12.029s] INFO:colcon.colcon_core.plugin_system:Skipping extension 'colcon_notification.desktop_notification.win32': Not used on non-Windows systems
[12.030s] INFO:colcon.colcon_notification.desktop_notification:Sending desktop notification using 'notify2'
[12.063s] DEBUG:colcon.colcon_core.event_reactor:joined thread
[12.063s] INFO:colcon.colcon_core.shell:Creating prefix script '/home/kllemo/ros2_ws/install/local_setup.ps1'
[12.065s] INFO:colcon.colcon_core.shell:Creating prefix util module '/home/kllemo/ros2_ws/install/_local_setup_util_ps1.py'
[12.068s] INFO:colcon.colcon_core.shell:Creating prefix chain script '/home/kllemo/ros2_ws/install/setup.ps1'
[12.071s] INFO:colcon.colcon_core.shell:Creating prefix script '/home/kllemo/ros2_ws/install/local_setup.sh'
[12.072s] INFO:colcon.colcon_core.shell:Creating prefix util module '/home/kllemo/ros2_ws/install/_local_setup_util_sh.py'
[12.074s] INFO:colcon.colcon_core.shell:Creating prefix chain script '/home/kllemo/ros2_ws/install/setup.sh'
[12.076s] INFO:colcon.colcon_core.shell:Creating prefix script '/home/kllemo/ros2_ws/install/local_setup.bash'
[12.078s] INFO:colcon.colcon_core.shell:Creating prefix chain script '/home/kllemo/ros2_ws/install/setup.bash'
[12.080s] INFO:colcon.colcon_core.shell:Creating prefix script '/home/kllemo/ros2_ws/install/local_setup.zsh'
[12.081s] INFO:colcon.colcon_core.shell:Creating prefix chain script '/home/kllemo/ros2_ws/install/setup.zsh'
