-- The C compiler identification is GNU 13.3.0
-- The CXX compiler identification is GNU 13.3.0
-- Detecting C compiler ABI info
-- Detecting C compiler ABI info - done
-- Check for working C compiler: /usr/bin/cc - skipped
-- Detecting C compile features
-- Detecting C compile features - done
-- Detecting CXX compiler ABI info
-- Detecting CXX compiler ABI info - done
-- Check for working CXX compiler: /usr/bin/c++ - skipped
-- Detecting CXX compile features
-- Detecting CXX compile features - done
-- Found ament_cmake: 2.5.5 (/opt/ros/jazzy/share/ament_cmake/cmake)
-- Found Python3: /usr/bin/python3 (found version "3.12.3") found components: Interpreter 
-- Override CMake install command with custom implementation using symlinks instead of copying resources
-- Found rosidl_default_generators: 1.6.0 (/opt/ros/jazzy/share/rosidl_default_generators/cmake)
-- Using all available rosidl_typesupport_c: rosidl_typesupport_fastrtps_c;rosidl_typesupport_introspection_c
-- Using all available rosidl_typesupport_cpp: rosidl_typesupport_fastrtps_cpp;rosidl_typesupport_introspection_cpp
-- Found rosidl_adapter: 4.6.7 (/opt/ros/jazzy/share/rosidl_adapter/cmake)
-- Found ament_cmake_ros: 0.12.0 (/opt/ros/jazzy/share/ament_cmake_ros/cmake)
-- Using all available rosidl_typesupport_c: rosidl_typesupport_fastrtps_c;rosidl_typesupport_introspection_c
-- Using all available rosidl_typesupport_cpp: rosidl_typesupport_fastrtps_cpp;rosidl_typesupport_introspection_cpp
-- Found python_cmake_module: 0.11.1 (/opt/ros/jazzy/share/python_cmake_module/cmake)
-- Found PythonExtra: /usr/bin/python3  
-- Found Python3: /usr/bin/python3 (found version "3.12.3") found components: Interpreter Development NumPy Development.Module Development.Embed 
-- Found ament_lint_auto: 0.17.4 (/opt/ros/jazzy/share/ament_lint_auto/cmake)
-- Added test 'lint_cmake' to check CMake code style
-- Added test 'xmllint' to check XML markup files
-- Configuring done (6.4s)
-- Generating done (0.1s)
-- Build files have been written to: /home/kllemo/ros2_ws/build/kleman_interface
[  1%] [34m[1mGenerating type hashes for ROS interfaces[0m
[  1%] Built target ament_cmake_python_symlink_kleman_interface
running egg_info
creating kleman_interface.egg-info
[  1%] Built target kleman_interface__rosidl_generator_type_description
[  3%] [34m[1mGenerating C code for ROS interfaces[0m
writing kleman_interface.egg-info/PKG-INFO
writing dependency_links to kleman_interface.egg-info/dependency_links.txt
writing top-level names to kleman_interface.egg-info/top_level.txt
writing manifest file 'kleman_interface.egg-info/SOURCES.txt'
[  5%] [34m[1mGenerating C++ code for ROS interfaces[0m
reading manifest file 'kleman_interface.egg-info/SOURCES.txt'
writing manifest file 'kleman_interface.egg-info/SOURCES.txt'
[  5%] Built target ament_cmake_python_build_kleman_interface_egg
[  5%] Built target kleman_interface__cpp
[  7%] [32mBuilding C object CMakeFiles/kleman_interface__rosidl_generator_c.dir/rosidl_generator_c/kleman_interface/srv/detail/save_point__functions.c.o[0m
[ 11%] [32mBuilding C object CMakeFiles/kleman_interface__rosidl_generator_c.dir/rosidl_generator_c/kleman_interface/srv/detail/solve_ik__description.c.o[0m
[ 11%] [32mBuilding C object CMakeFiles/kleman_interface__rosidl_generator_c.dir/rosidl_generator_c/kleman_interface/srv/detail/solve_ik__functions.c.o[0m
[ 12%] [32mBuilding C object CMakeFiles/kleman_interface__rosidl_generator_c.dir/rosidl_generator_c/kleman_interface/srv/detail/solve_ik__type_support.c.o[0m
[ 14%] [32mBuilding C object CMakeFiles/kleman_interface__rosidl_generator_c.dir/rosidl_generator_c/kleman_interface/srv/detail/save_point__type_support.c.o[0m
[ 16%] [32mBuilding C object CMakeFiles/kleman_interface__rosidl_generator_c.dir/rosidl_generator_c/kleman_interface/srv/detail/move_to_xyz__functions.c.o[0m
[ 18%] [32mBuilding C object CMakeFiles/kleman_interface__rosidl_generator_c.dir/rosidl_generator_c/kleman_interface/srv/detail/save_point__description.c.o[0m
[ 20%] [32mBuilding C object CMakeFiles/kleman_interface__rosidl_generator_c.dir/rosidl_generator_c/kleman_interface/srv/detail/move_to_xyz__description.c.o[0m
[ 22%] [32mBuilding C object CMakeFiles/kleman_interface__rosidl_generator_c.dir/rosidl_generator_c/kleman_interface/srv/detail/move_to_xyz__type_support.c.o[0m
[ 24%] [32m[1mLinking C shared library libkleman_interface__rosidl_generator_c.so[0m
[ 24%] Built target kleman_interface__rosidl_generator_c
[ 27%] [34m[1mGenerating C type support for eProsima Fast-RTPS[0m
[ 29%] [34m[1mGenerating C type support dispatch for ROS interfaces[0m
[ 29%] [34m[1mGenerating C introspection for ROS interfaces[0m
[ 31%] [34m[1mGenerating C++ type support for eProsima Fast-RTPS[0m
[ 33%] [34m[1mGenerating C++ introspection for ROS interfaces[0m
[ 35%] [34m[1mGenerating C++ type support dispatch for ROS interfaces[0m
[ 37%] [32mBuilding CXX object CMakeFiles/kleman_interface__rosidl_typesupport_c.dir/rosidl_typesupport_c/kleman_interface/srv/save_point__type_support.cpp.o[0m
[ 38%] [32mBuilding CXX object CMakeFiles/kleman_interface__rosidl_typesupport_c.dir/rosidl_typesupport_c/kleman_interface/srv/solve_ik__type_support.cpp.o[0m
[ 40%] [32mBuilding CXX object CMakeFiles/kleman_interface__rosidl_typesupport_c.dir/rosidl_typesupport_c/kleman_interface/srv/move_to_xyz__type_support.cpp.o[0m
[ 42%] [32mBuilding CXX object CMakeFiles/kleman_interface__rosidl_typesupport_cpp.dir/rosidl_typesupport_cpp/kleman_interface/srv/solve_ik__type_support.cpp.o[0m
[ 44%] [32mBuilding CXX object CMakeFiles/kleman_interface__rosidl_typesupport_cpp.dir/rosidl_typesupport_cpp/kleman_interface/srv/move_to_xyz__type_support.cpp.o[0m
[ 46%] [32mBuilding CXX object CMakeFiles/kleman_interface__rosidl_typesupport_cpp.dir/rosidl_typesupport_cpp/kleman_interface/srv/save_point__type_support.cpp.o[0m
[ 48%] [32m[1mLinking CXX shared library libkleman_interface__rosidl_typesupport_c.so[0m
[ 50%] [32mBuilding CXX object CMakeFiles/kleman_interface__rosidl_typesupport_introspection_cpp.dir/rosidl_typesupport_introspection_cpp/kleman_interface/srv/detail/save_point__type_support.cpp.o[0m
[ 53%] [32mBuilding CXX object CMakeFiles/kleman_interface__rosidl_typesupport_introspection_cpp.dir/rosidl_typesupport_introspection_cpp/kleman_interface/srv/detail/move_to_xyz__type_support.cpp.o[0m
[ 51%] [32mBuilding CXX object CMakeFiles/kleman_interface__rosidl_typesupport_introspection_cpp.dir/rosidl_typesupport_introspection_cpp/kleman_interface/srv/detail/solve_ik__type_support.cpp.o[0m
[ 53%] Built target kleman_interface__rosidl_typesupport_c
[ 55%] [32mBuilding C object CMakeFiles/kleman_interface__rosidl_typesupport_introspection_c.dir/rosidl_typesupport_introspection_c/kleman_interface/srv/detail/save_point__type_support.c.o[0m
[ 57%] [32mBuilding C object CMakeFiles/kleman_interface__rosidl_typesupport_introspection_c.dir/rosidl_typesupport_introspection_c/kleman_interface/srv/detail/move_to_xyz__type_support.c.o[0m
[ 59%] [32mBuilding C object CMakeFiles/kleman_interface__rosidl_typesupport_introspection_c.dir/rosidl_typesupport_introspection_c/kleman_interface/srv/detail/solve_ik__type_support.c.o[0m
[ 61%] [32m[1mLinking C shared library libkleman_interface__rosidl_typesupport_introspection_c.so[0m
[ 62%] [32mBuilding CXX object CMakeFiles/kleman_interface__rosidl_typesupport_fastrtps_cpp.dir/rosidl_typesupport_fastrtps_cpp/kleman_interface/srv/detail/dds_fastrtps/save_point__type_support.cpp.o[0m
[ 64%] [32mBuilding CXX object CMakeFiles/kleman_interface__rosidl_typesupport_fastrtps_cpp.dir/rosidl_typesupport_fastrtps_cpp/kleman_interface/srv/detail/dds_fastrtps/solve_ik__type_support.cpp.o[0m
[ 66%] [32mBuilding CXX object CMakeFiles/kleman_interface__rosidl_typesupport_fastrtps_cpp.dir/rosidl_typesupport_fastrtps_cpp/kleman_interface/srv/detail/dds_fastrtps/move_to_xyz__type_support.cpp.o[0m
[ 66%] Built target kleman_interface__rosidl_typesupport_introspection_c
[ 68%] [32mBuilding CXX object CMakeFiles/kleman_interface__rosidl_typesupport_fastrtps_c.dir/rosidl_typesupport_fastrtps_c/kleman_interface/srv/detail/save_point__type_support_c.cpp.o[0m
[ 70%] [32mBuilding CXX object CMakeFiles/kleman_interface__rosidl_typesupport_fastrtps_c.dir/rosidl_typesupport_fastrtps_c/kleman_interface/srv/detail/solve_ik__type_support_c.cpp.o[0m
[ 72%] [32mBuilding CXX object CMakeFiles/kleman_interface__rosidl_typesupport_fastrtps_c.dir/rosidl_typesupport_fastrtps_c/kleman_interface/srv/detail/move_to_xyz__type_support_c.cpp.o[0m
[ 74%] [32m[1mLinking CXX shared library libkleman_interface__rosidl_typesupport_cpp.so[0m
[ 74%] Built target kleman_interface__rosidl_typesupport_cpp
[ 75%] [32m[1mLinking CXX shared library libkleman_interface__rosidl_typesupport_introspection_cpp.so[0m
[ 75%] Built target kleman_interface__rosidl_typesupport_introspection_cpp
[ 77%] [32m[1mLinking CXX shared library libkleman_interface__rosidl_typesupport_fastrtps_c.so[0m
[ 77%] Built target kleman_interface__rosidl_typesupport_fastrtps_c
[ 79%] [32m[1mLinking CXX shared library libkleman_interface__rosidl_typesupport_fastrtps_cpp.so[0m
[ 79%] Built target kleman_interface__rosidl_typesupport_fastrtps_cpp
[ 79%] Built target kleman_interface
[ 81%] [34m[1mGenerating Python code for ROS interfaces[0m
[ 81%] Built target kleman_interface__py
[ 83%] [32mBuilding C object CMakeFiles/kleman_interface__rosidl_generator_py.dir/rosidl_generator_py/kleman_interface/srv/_save_point_s.c.o[0m
[ 85%] [32mBuilding C object CMakeFiles/kleman_interface__rosidl_generator_py.dir/rosidl_generator_py/kleman_interface/srv/_move_to_xyz_s.c.o[0m
[ 87%] [32mBuilding C object CMakeFiles/kleman_interface__rosidl_generator_py.dir/rosidl_generator_py/kleman_interface/srv/_solve_ik_s.c.o[0m
[ 88%] [32m[1mLinking C shared library libkleman_interface__rosidl_generator_py.so[0m
[ 88%] Built target kleman_interface__rosidl_generator_py
[ 90%] [32mBuilding C object CMakeFiles/kleman_interface_s__rosidl_typesupport_fastrtps_c.dir/rosidl_generator_py/kleman_interface/_kleman_interface_s.ep.rosidl_typesupport_fastrtps_c.c.o[0m
[ 92%] [32mBuilding C object CMakeFiles/kleman_interface_s__rosidl_typesupport_c.dir/rosidl_generator_py/kleman_interface/_kleman_interface_s.ep.rosidl_typesupport_c.c.o[0m
[ 94%] [32mBuilding C object CMakeFiles/kleman_interface_s__rosidl_typesupport_introspection_c.dir/rosidl_generator_py/kleman_interface/_kleman_interface_s.ep.rosidl_typesupport_introspection_c.c.o[0m
[ 96%] [32m[1mLinking C shared module rosidl_generator_py/kleman_interface/kleman_interface_s__rosidl_typesupport_c.so[0m
[ 98%] [32m[1mLinking C shared module rosidl_generator_py/kleman_interface/kleman_interface_s__rosidl_typesupport_fastrtps_c.so[0m
[ 98%] Built target kleman_interface_s__rosidl_typesupport_c
[ 98%] Built target kleman_interface_s__rosidl_typesupport_fastrtps_c
[100%] [32m[1mLinking C shared module rosidl_generator_py/kleman_interface/kleman_interface_s__rosidl_typesupport_introspection_c.so[0m
[100%] Built target kleman_interface_s__rosidl_typesupport_introspection_c
-- Install configuration: ""
-- Execute custom install script
-- Symlinking: /home/kllemo/ros2_ws/install/kleman_interface/share/ament_index/resource_index/rosidl_interfaces/kleman_interface
-- Symlinking: /home/kllemo/ros2_ws/install/kleman_interface/share/kleman_interface/srv/SavePoint.json
-- Symlinking: /home/kllemo/ros2_ws/install/kleman_interface/share/kleman_interface/srv/SolveIK.json
-- Symlinking: /home/kllemo/ros2_ws/install/kleman_interface/share/kleman_interface/srv/MoveToXYZ.json
-- Symlinking: /home/kllemo/ros2_ws/install/kleman_interface/include/kleman_interface/kleman_interface/msg/rosidl_generator_c__visibility_control.h
-- Symlinking: /home/kllemo/ros2_ws/install/kleman_interface/include/kleman_interface/kleman_interface/srv/detail/move_to_xyz__functions.h
-- Symlinking: /home/kllemo/ros2_ws/install/kleman_interface/include/kleman_interface/kleman_interface/srv/detail/move_to_xyz__struct.h
-- Symlinking: /home/kllemo/ros2_ws/install/kleman_interface/include/kleman_interface/kleman_interface/srv/detail/move_to_xyz__type_support.h
-- Symlinking: /home/kllemo/ros2_ws/install/kleman_interface/include/kleman_interface/kleman_interface/srv/detail/save_point__functions.h
-- Symlinking: /home/kllemo/ros2_ws/install/kleman_interface/include/kleman_interface/kleman_interface/srv/detail/save_point__struct.h
-- Symlinking: /home/kllemo/ros2_ws/install/kleman_interface/include/kleman_interface/kleman_interface/srv/detail/save_point__type_support.h
-- Symlinking: /home/kllemo/ros2_ws/install/kleman_interface/include/kleman_interface/kleman_interface/srv/detail/solve_ik__functions.h
-- Symlinking: /home/kllemo/ros2_ws/install/kleman_interface/include/kleman_interface/kleman_interface/srv/detail/solve_ik__struct.h
-- Symlinking: /home/kllemo/ros2_ws/install/kleman_interface/include/kleman_interface/kleman_interface/srv/detail/solve_ik__type_support.h
-- Symlinking: /home/kllemo/ros2_ws/install/kleman_interface/include/kleman_interface/kleman_interface/srv/move_to_xyz.h
-- Symlinking: /home/kllemo/ros2_ws/install/kleman_interface/include/kleman_interface/kleman_interface/srv/save_point.h
-- Symlinking: /home/kllemo/ros2_ws/install/kleman_interface/include/kleman_interface/kleman_interface/srv/solve_ik.h
-- Symlinking: /home/kllemo/ros2_ws/install/kleman_interface/share/kleman_interface/environment/library_path.sh
-- Symlinking: /home/kllemo/ros2_ws/install/kleman_interface/share/kleman_interface/environment/library_path.dsv
-- Symlinking: /home/kllemo/ros2_ws/install/kleman_interface/include/kleman_interface/kleman_interface/msg/rosidl_typesupport_fastrtps_c__visibility_control.h
-- Symlinking: /home/kllemo/ros2_ws/install/kleman_interface/include/kleman_interface/kleman_interface/srv/detail/move_to_xyz__rosidl_typesupport_fastrtps_c.h
-- Symlinking: /home/kllemo/ros2_ws/install/kleman_interface/include/kleman_interface/kleman_interface/srv/detail/save_point__rosidl_typesupport_fastrtps_c.h
-- Symlinking: /home/kllemo/ros2_ws/install/kleman_interface/include/kleman_interface/kleman_interface/srv/detail/solve_ik__rosidl_typesupport_fastrtps_c.h
-- Symlinking: /home/kllemo/ros2_ws/install/kleman_interface/include/kleman_interface/kleman_interface/msg/rosidl_typesupport_introspection_c__visibility_control.h
-- Symlinking: /home/kllemo/ros2_ws/install/kleman_interface/include/kleman_interface/kleman_interface/srv/detail/move_to_xyz__rosidl_typesupport_introspection_c.h
-- Symlinking: /home/kllemo/ros2_ws/install/kleman_interface/include/kleman_interface/kleman_interface/srv/detail/save_point__rosidl_typesupport_introspection_c.h
-- Symlinking: /home/kllemo/ros2_ws/install/kleman_interface/include/kleman_interface/kleman_interface/srv/detail/solve_ik__rosidl_typesupport_introspection_c.h
-- Symlinking: /home/kllemo/ros2_ws/install/kleman_interface/include/kleman_interface/kleman_interface/msg/rosidl_generator_cpp__visibility_control.hpp
-- Symlinking: /home/kllemo/ros2_ws/install/kleman_interface/include/kleman_interface/kleman_interface/srv/detail/move_to_xyz__builder.hpp
-- Symlinking: /home/kllemo/ros2_ws/install/kleman_interface/include/kleman_interface/kleman_interface/srv/detail/move_to_xyz__struct.hpp
-- Symlinking: /home/kllemo/ros2_ws/install/kleman_interface/include/kleman_interface/kleman_interface/srv/detail/move_to_xyz__traits.hpp
-- Symlinking: /home/kllemo/ros2_ws/install/kleman_interface/include/kleman_interface/kleman_interface/srv/detail/move_to_xyz__type_support.hpp
-- Symlinking: /home/kllemo/ros2_ws/install/kleman_interface/include/kleman_interface/kleman_interface/srv/detail/save_point__builder.hpp
-- Symlinking: /home/kllemo/ros2_ws/install/kleman_interface/include/kleman_interface/kleman_interface/srv/detail/save_point__struct.hpp
-- Symlinking: /home/kllemo/ros2_ws/install/kleman_interface/include/kleman_interface/kleman_interface/srv/detail/save_point__traits.hpp
-- Symlinking: /home/kllemo/ros2_ws/install/kleman_interface/include/kleman_interface/kleman_interface/srv/detail/save_point__type_support.hpp
-- Symlinking: /home/kllemo/ros2_ws/install/kleman_interface/include/kleman_interface/kleman_interface/srv/detail/solve_ik__builder.hpp
-- Symlinking: /home/kllemo/ros2_ws/install/kleman_interface/include/kleman_interface/kleman_interface/srv/detail/solve_ik__struct.hpp
-- Symlinking: /home/kllemo/ros2_ws/install/kleman_interface/include/kleman_interface/kleman_interface/srv/detail/solve_ik__traits.hpp
-- Symlinking: /home/kllemo/ros2_ws/install/kleman_interface/include/kleman_interface/kleman_interface/srv/detail/solve_ik__type_support.hpp
-- Symlinking: /home/kllemo/ros2_ws/install/kleman_interface/include/kleman_interface/kleman_interface/srv/move_to_xyz.hpp
-- Symlinking: /home/kllemo/ros2_ws/install/kleman_interface/include/kleman_interface/kleman_interface/srv/save_point.hpp
-- Symlinking: /home/kllemo/ros2_ws/install/kleman_interface/include/kleman_interface/kleman_interface/srv/solve_ik.hpp
-- Symlinking: /home/kllemo/ros2_ws/install/kleman_interface/include/kleman_interface/kleman_interface/msg/rosidl_typesupport_fastrtps_cpp__visibility_control.h
-- Symlinking: /home/kllemo/ros2_ws/install/kleman_interface/include/kleman_interface/kleman_interface/srv/detail/move_to_xyz__rosidl_typesupport_fastrtps_cpp.hpp
-- Symlinking: /home/kllemo/ros2_ws/install/kleman_interface/include/kleman_interface/kleman_interface/srv/detail/save_point__rosidl_typesupport_fastrtps_cpp.hpp
-- Symlinking: /home/kllemo/ros2_ws/install/kleman_interface/include/kleman_interface/kleman_interface/srv/detail/solve_ik__rosidl_typesupport_fastrtps_cpp.hpp
-- Symlinking: /home/kllemo/ros2_ws/install/kleman_interface/include/kleman_interface/kleman_interface/srv/detail/move_to_xyz__rosidl_typesupport_introspection_cpp.hpp
-- Symlinking: /home/kllemo/ros2_ws/install/kleman_interface/include/kleman_interface/kleman_interface/srv/detail/save_point__rosidl_typesupport_introspection_cpp.hpp
-- Symlinking: /home/kllemo/ros2_ws/install/kleman_interface/include/kleman_interface/kleman_interface/srv/detail/solve_ik__rosidl_typesupport_introspection_cpp.hpp
-- Symlinking: /home/kllemo/ros2_ws/install/kleman_interface/share/kleman_interface/environment/pythonpath.sh
-- Symlinking: /home/kllemo/ros2_ws/install/kleman_interface/share/kleman_interface/environment/pythonpath.dsv
-- Symlinking: /home/kllemo/ros2_ws/install/kleman_interface/lib/python3.12/site-packages/kleman_interface-0.0.0-py3.12.egg-info/PKG-INFO
-- Symlinking: /home/kllemo/ros2_ws/install/kleman_interface/lib/python3.12/site-packages/kleman_interface-0.0.0-py3.12.egg-info/SOURCES.txt
-- Symlinking: /home/kllemo/ros2_ws/install/kleman_interface/lib/python3.12/site-packages/kleman_interface-0.0.0-py3.12.egg-info/dependency_links.txt
-- Symlinking: /home/kllemo/ros2_ws/install/kleman_interface/lib/python3.12/site-packages/kleman_interface-0.0.0-py3.12.egg-info/top_level.txt
-- Symlinking: /home/kllemo/ros2_ws/install/kleman_interface/lib/python3.12/site-packages/kleman_interface/__init__.py
-- Symlinking: /home/kllemo/ros2_ws/install/kleman_interface/lib/python3.12/site-packages/kleman_interface/_kleman_interface_s.ep.rosidl_typesupport_c.c
-- Symlinking: /home/kllemo/ros2_ws/install/kleman_interface/lib/python3.12/site-packages/kleman_interface/_kleman_interface_s.ep.rosidl_typesupport_fastrtps_c.c
-- Symlinking: /home/kllemo/ros2_ws/install/kleman_interface/lib/python3.12/site-packages/kleman_interface/_kleman_interface_s.ep.rosidl_typesupport_introspection_c.c
-- Symlinking: /home/kllemo/ros2_ws/install/kleman_interface/lib/python3.12/site-packages/kleman_interface/kleman_interface_s__rosidl_typesupport_c.so
-- Symlinking: /home/kllemo/ros2_ws/install/kleman_interface/lib/python3.12/site-packages/kleman_interface/kleman_interface_s__rosidl_typesupport_fastrtps_c.so
-- Symlinking: /home/kllemo/ros2_ws/install/kleman_interface/lib/python3.12/site-packages/kleman_interface/kleman_interface_s__rosidl_typesupport_introspection_c.so
-- Symlinking: /home/kllemo/ros2_ws/install/kleman_interface/lib/python3.12/site-packages/kleman_interface/srv/__init__.py
-- Symlinking: /home/kllemo/ros2_ws/install/kleman_interface/lib/python3.12/site-packages/kleman_interface/srv/_move_to_xyz.py
-- Symlinking: /home/kllemo/ros2_ws/install/kleman_interface/lib/python3.12/site-packages/kleman_interface/srv/_move_to_xyz_s.c
-- Symlinking: /home/kllemo/ros2_ws/install/kleman_interface/lib/python3.12/site-packages/kleman_interface/srv/_save_point.py
-- Symlinking: /home/kllemo/ros2_ws/install/kleman_interface/lib/python3.12/site-packages/kleman_interface/srv/_save_point_s.c
-- Symlinking: /home/kllemo/ros2_ws/install/kleman_interface/lib/python3.12/site-packages/kleman_interface/srv/_solve_ik.py
-- Symlinking: /home/kllemo/ros2_ws/install/kleman_interface/lib/python3.12/site-packages/kleman_interface/srv/_solve_ik_s.c
-- Up-to-date symlink: /home/kllemo/ros2_ws/install/kleman_interface/lib/python3.12/site-packages/kleman_interface/kleman_interface_s__rosidl_typesupport_fastrtps_c.so
-- Up-to-date symlink: /home/kllemo/ros2_ws/install/kleman_interface/lib/python3.12/site-packages/kleman_interface/kleman_interface_s__rosidl_typesupport_introspection_c.so
-- Up-to-date symlink: /home/kllemo/ros2_ws/install/kleman_interface/lib/python3.12/site-packages/kleman_interface/kleman_interface_s__rosidl_typesupport_c.so
-- Symlinking: /home/kllemo/ros2_ws/install/kleman_interface/share/kleman_interface/srv/SavePoint.idl
-- Symlinking: /home/kllemo/ros2_ws/install/kleman_interface/share/kleman_interface/srv/SolveIK.idl
-- Symlinking: /home/kllemo/ros2_ws/install/kleman_interface/share/kleman_interface/srv/MoveToXYZ.idl
-- Symlinking: /home/kllemo/ros2_ws/install/kleman_interface/share/kleman_interface/srv/SavePoint.srv
-- Symlinking: /home/kllemo/ros2_ws/install/kleman_interface/share/kleman_interface/srv/SolveIK.srv
-- Symlinking: /home/kllemo/ros2_ws/install/kleman_interface/share/kleman_interface/srv/MoveToXYZ.srv
-- Symlinking: /home/kllemo/ros2_ws/install/kleman_interface/share/ament_index/resource_index/package_run_dependencies/kleman_interface
-- Symlinking: /home/kllemo/ros2_ws/install/kleman_interface/share/ament_index/resource_index/parent_prefix_path/kleman_interface
-- Symlinking: /home/kllemo/ros2_ws/install/kleman_interface/share/kleman_interface/environment/ament_prefix_path.sh
-- Symlinking: /home/kllemo/ros2_ws/install/kleman_interface/share/kleman_interface/environment/ament_prefix_path.dsv
-- Symlinking: /home/kllemo/ros2_ws/install/kleman_interface/share/kleman_interface/environment/path.sh
-- Symlinking: /home/kllemo/ros2_ws/install/kleman_interface/share/kleman_interface/environment/path.dsv
-- Symlinking: /home/kllemo/ros2_ws/install/kleman_interface/share/kleman_interface/local_setup.bash
-- Symlinking: /home/kllemo/ros2_ws/install/kleman_interface/share/kleman_interface/local_setup.sh
-- Symlinking: /home/kllemo/ros2_ws/install/kleman_interface/share/kleman_interface/local_setup.zsh
-- Symlinking: /home/kllemo/ros2_ws/install/kleman_interface/share/kleman_interface/local_setup.dsv
-- Symlinking: /home/kllemo/ros2_ws/install/kleman_interface/share/kleman_interface/package.dsv
-- Symlinking: /home/kllemo/ros2_ws/install/kleman_interface/share/ament_index/resource_index/packages/kleman_interface
-- Symlinking: /home/kllemo/ros2_ws/install/kleman_interface/share/kleman_interface/cmake/rosidl_cmake-extras.cmake
-- Symlinking: /home/kllemo/ros2_ws/install/kleman_interface/share/kleman_interface/cmake/ament_cmake_export_dependencies-extras.cmake
-- Symlinking: /home/kllemo/ros2_ws/install/kleman_interface/share/kleman_interface/cmake/ament_cmake_export_include_directories-extras.cmake
-- Symlinking: /home/kllemo/ros2_ws/install/kleman_interface/share/kleman_interface/cmake/ament_cmake_export_libraries-extras.cmake
-- Symlinking: /home/kllemo/ros2_ws/install/kleman_interface/share/kleman_interface/cmake/ament_cmake_export_targets-extras.cmake
-- Symlinking: /home/kllemo/ros2_ws/install/kleman_interface/share/kleman_interface/cmake/rosidl_cmake_export_typesupport_targets-extras.cmake
-- Symlinking: /home/kllemo/ros2_ws/install/kleman_interface/share/kleman_interface/cmake/rosidl_cmake_export_typesupport_libraries-extras.cmake
-- Symlinking: /home/kllemo/ros2_ws/install/kleman_interface/share/kleman_interface/cmake/kleman_interfaceConfig.cmake
-- Symlinking: /home/kllemo/ros2_ws/install/kleman_interface/share/kleman_interface/cmake/kleman_interfaceConfig-version.cmake
-- Symlinking: /home/kllemo/ros2_ws/install/kleman_interface/share/kleman_interface/package.xml
-- Installing: /home/kllemo/ros2_ws/install/kleman_interface/lib/libkleman_interface__rosidl_generator_c.so
-- Set non-toolchain portion of runtime path of "/home/kllemo/ros2_ws/install/kleman_interface/lib/libkleman_interface__rosidl_generator_c.so" to ""
-- Installing: /home/kllemo/ros2_ws/install/kleman_interface/lib/libkleman_interface__rosidl_typesupport_fastrtps_c.so
-- Set non-toolchain portion of runtime path of "/home/kllemo/ros2_ws/install/kleman_interface/lib/libkleman_interface__rosidl_typesupport_fastrtps_c.so" to ""
-- Installing: /home/kllemo/ros2_ws/install/kleman_interface/lib/libkleman_interface__rosidl_typesupport_introspection_c.so
-- Set non-toolchain portion of runtime path of "/home/kllemo/ros2_ws/install/kleman_interface/lib/libkleman_interface__rosidl_typesupport_introspection_c.so" to ""
-- Installing: /home/kllemo/ros2_ws/install/kleman_interface/lib/libkleman_interface__rosidl_typesupport_c.so
-- Set non-toolchain portion of runtime path of "/home/kllemo/ros2_ws/install/kleman_interface/lib/libkleman_interface__rosidl_typesupport_c.so" to ""
-- Installing: /home/kllemo/ros2_ws/install/kleman_interface/lib/libkleman_interface__rosidl_typesupport_fastrtps_cpp.so
-- Set non-toolchain portion of runtime path of "/home/kllemo/ros2_ws/install/kleman_interface/lib/libkleman_interface__rosidl_typesupport_fastrtps_cpp.so" to ""
-- Installing: /home/kllemo/ros2_ws/install/kleman_interface/lib/libkleman_interface__rosidl_typesupport_introspection_cpp.so
-- Set non-toolchain portion of runtime path of "/home/kllemo/ros2_ws/install/kleman_interface/lib/libkleman_interface__rosidl_typesupport_introspection_cpp.so" to ""
-- Installing: /home/kllemo/ros2_ws/install/kleman_interface/lib/libkleman_interface__rosidl_typesupport_cpp.so
-- Set non-toolchain portion of runtime path of "/home/kllemo/ros2_ws/install/kleman_interface/lib/libkleman_interface__rosidl_typesupport_cpp.so" to ""
Listing '/home/kllemo/ros2_ws/install/kleman_interface/lib/python3.12/site-packages/kleman_interface'...
Compiling '/home/kllemo/ros2_ws/install/kleman_interface/lib/python3.12/site-packages/kleman_interface/__init__.py'...
Listing '/home/kllemo/ros2_ws/install/kleman_interface/lib/python3.12/site-packages/kleman_interface/srv'...
Compiling '/home/kllemo/ros2_ws/install/kleman_interface/lib/python3.12/site-packages/kleman_interface/srv/__init__.py'...
Compiling '/home/kllemo/ros2_ws/install/kleman_interface/lib/python3.12/site-packages/kleman_interface/srv/_move_to_xyz.py'...
Compiling '/home/kllemo/ros2_ws/install/kleman_interface/lib/python3.12/site-packages/kleman_interface/srv/_save_point.py'...
Compiling '/home/kllemo/ros2_ws/install/kleman_interface/lib/python3.12/site-packages/kleman_interface/srv/_solve_ik.py'...
-- Installing: /home/kllemo/ros2_ws/install/kleman_interface/lib/libkleman_interface__rosidl_generator_py.so
-- Set non-toolchain portion of runtime path of "/home/kllemo/ros2_ws/install/kleman_interface/lib/libkleman_interface__rosidl_generator_py.so" to ""
-- Installing: /home/kllemo/ros2_ws/install/kleman_interface/share/kleman_interface/cmake/export_kleman_interface__rosidl_generator_cExport.cmake
-- Installing: /home/kllemo/ros2_ws/install/kleman_interface/share/kleman_interface/cmake/export_kleman_interface__rosidl_generator_cExport-noconfig.cmake
-- Installing: /home/kllemo/ros2_ws/install/kleman_interface/share/kleman_interface/cmake/export_kleman_interface__rosidl_typesupport_fastrtps_cExport.cmake
-- Installing: /home/kllemo/ros2_ws/install/kleman_interface/share/kleman_interface/cmake/export_kleman_interface__rosidl_typesupport_fastrtps_cExport-noconfig.cmake
-- Installing: /home/kllemo/ros2_ws/install/kleman_interface/share/kleman_interface/cmake/kleman_interface__rosidl_typesupport_introspection_cExport.cmake
-- Installing: /home/kllemo/ros2_ws/install/kleman_interface/share/kleman_interface/cmake/kleman_interface__rosidl_typesupport_introspection_cExport-noconfig.cmake
-- Installing: /home/kllemo/ros2_ws/install/kleman_interface/share/kleman_interface/cmake/kleman_interface__rosidl_typesupport_cExport.cmake
-- Installing: /home/kllemo/ros2_ws/install/kleman_interface/share/kleman_interface/cmake/kleman_interface__rosidl_typesupport_cExport-noconfig.cmake
-- Installing: /home/kllemo/ros2_ws/install/kleman_interface/share/kleman_interface/cmake/export_kleman_interface__rosidl_generator_cppExport.cmake
-- Installing: /home/kllemo/ros2_ws/install/kleman_interface/share/kleman_interface/cmake/export_kleman_interface__rosidl_typesupport_fastrtps_cppExport.cmake
-- Installing: /home/kllemo/ros2_ws/install/kleman_interface/share/kleman_interface/cmake/export_kleman_interface__rosidl_typesupport_fastrtps_cppExport-noconfig.cmake
-- Installing: /home/kllemo/ros2_ws/install/kleman_interface/share/kleman_interface/cmake/kleman_interface__rosidl_typesupport_introspection_cppExport.cmake
-- Installing: /home/kllemo/ros2_ws/install/kleman_interface/share/kleman_interface/cmake/kleman_interface__rosidl_typesupport_introspection_cppExport-noconfig.cmake
-- Installing: /home/kllemo/ros2_ws/install/kleman_interface/share/kleman_interface/cmake/kleman_interface__rosidl_typesupport_cppExport.cmake
-- Installing: /home/kllemo/ros2_ws/install/kleman_interface/share/kleman_interface/cmake/kleman_interface__rosidl_typesupport_cppExport-noconfig.cmake
-- Installing: /home/kllemo/ros2_ws/install/kleman_interface/share/kleman_interface/cmake/export_kleman_interface__rosidl_generator_pyExport.cmake
-- Installing: /home/kllemo/ros2_ws/install/kleman_interface/share/kleman_interface/cmake/export_kleman_interface__rosidl_generator_pyExport-noconfig.cmake
