[0.036s] Invoking command in '/home/kllemo/ros2_ws/build/abb_irb4600_ikfast': CMAKE_PREFIX_PATH=${CMAKE_PREFIX_PATH}:/opt/ros/jazzy DEBUGINFOD_URLS=https://debuginfod.ubuntu.com /usr/bin/cmake /home/kllemo/ros2_ws/src/abb_irb4600_ikfast -DAMENT_CMAKE_SYMLINK_INSTALL=1 -DCMAKE_INSTALL_PREFIX=/home/kllemo/ros2_ws/install/abb_irb4600_ikfast
[0.135s] -- The C compiler identification is GNU 13.3.0
[0.236s] -- The CXX compiler identification is GNU 13.3.0
[0.267s] -- Detecting C compiler ABI info
[0.410s] -- Detecting C compiler ABI info - done
[0.430s] -- Check for working C compiler: /usr/bin/cc - skipped
[0.430s] -- Detecting C compile features
[0.431s] -- Detecting C compile features - done
[0.448s] -- Detecting CXX compiler ABI info
[0.617s] -- Detecting CXX compiler ABI info - done
[0.637s] -- Check for working CXX compiler: /usr/bin/c++ - skipped
[0.637s] -- Detecting CXX compile features
[0.638s] -- Detecting CXX compile features - done
[0.643s] -- Found ament_cmake: 2.5.5 (/opt/ros/jazzy/share/ament_cmake/cmake)
[0.926s] -- Found Python3: /usr/bin/python3 (found version "3.12.3") found components: Interpreter 
[1.103s] -- Override CMake install command with custom implementation using symlinks instead of copying resources
[1.175s] -- Found ament_lint_auto: 0.17.4 (/opt/ros/jazzy/share/ament_lint_auto/cmake)
[1.426s] -- Added test 'cppcheck' to perform static code analysis on C / C++ code
[1.427s] -- Configured cppcheck include dirs: $<BUILD_INTERFACE:/home/kllemo/ros2_ws/src/abb_irb4600_ikfast/include>
[1.427s] -- Configured cppcheck exclude dirs and/or files: 
[1.429s] -- Added test 'lint_cmake' to check CMake code style
[1.434s] -- Added test 'uncrustify' to check C / C++ code style
[1.434s] -- Configured uncrustify additional arguments: 
[1.434s] -- Added test 'xmllint' to check XML markup files
[1.440s] -- Configuring done (1.4s)
[1.449s] -- Generating done (0.0s)
[1.454s] -- Build files have been written to: /home/kllemo/ros2_ws/build/abb_irb4600_ikfast
[1.462s] Invoked command in '/home/kllemo/ros2_ws/build/abb_irb4600_ikfast' returned '0': CMAKE_PREFIX_PATH=${CMAKE_PREFIX_PATH}:/opt/ros/jazzy DEBUGINFOD_URLS=https://debuginfod.ubuntu.com /usr/bin/cmake /home/kllemo/ros2_ws/src/abb_irb4600_ikfast -DAMENT_CMAKE_SYMLINK_INSTALL=1 -DCMAKE_INSTALL_PREFIX=/home/kllemo/ros2_ws/install/abb_irb4600_ikfast
[1.465s] Invoking command in '/home/kllemo/ros2_ws/build/abb_irb4600_ikfast': CMAKE_PREFIX_PATH=${CMAKE_PREFIX_PATH}:/opt/ros/jazzy DEBUGINFOD_URLS=https://debuginfod.ubuntu.com /usr/bin/cmake --build /home/kllemo/ros2_ws/build/abb_irb4600_ikfast -- -j16 -l16
[1.563s] [ 50%] [32mBuilding CXX object CMakeFiles/abb_irb4600_ikfast.dir/src/abb_irb_4600_ikfast.cpp.o[0m
[10.707s] [100%] [32m[1mLinking CXX static library libabb_irb4600_ikfast.a[0m
[11.040s] [100%] Built target abb_irb4600_ikfast
[11.125s] Invoked command in '/home/kllemo/ros2_ws/build/abb_irb4600_ikfast' returned '0': CMAKE_PREFIX_PATH=${CMAKE_PREFIX_PATH}:/opt/ros/jazzy DEBUGINFOD_URLS=https://debuginfod.ubuntu.com /usr/bin/cmake --build /home/kllemo/ros2_ws/build/abb_irb4600_ikfast -- -j16 -l16
[11.127s] Invoking command in '/home/kllemo/ros2_ws/build/abb_irb4600_ikfast': CMAKE_PREFIX_PATH=${CMAKE_PREFIX_PATH}:/opt/ros/jazzy DEBUGINFOD_URLS=https://debuginfod.ubuntu.com /usr/bin/cmake --install /home/kllemo/ros2_ws/build/abb_irb4600_ikfast
[11.175s] -- Install configuration: ""
[11.186s] -- Execute custom install script
[11.187s] -- Symlinking: /home/kllemo/ros2_ws/install/abb_irb4600_ikfast/include/abb_irb4600_ikfast/abb_irb4600_ikfast/abb_irb4600_ikfast.h
[11.240s] -- Symlinking: /home/kllemo/ros2_ws/install/abb_irb4600_ikfast/lib/libabb_irb4600_ikfast.a
[11.291s] -- Symlinking: /home/kllemo/ros2_ws/install/abb_irb4600_ikfast/share/abb_irb4600_ikfast/environment/library_path.sh
[11.338s] -- Symlinking: /home/kllemo/ros2_ws/install/abb_irb4600_ikfast/share/abb_irb4600_ikfast/environment/library_path.dsv
[11.368s] -- Symlinking: /home/kllemo/ros2_ws/install/abb_irb4600_ikfast/share/ament_index/resource_index/package_run_dependencies/abb_irb4600_ikfast
[11.407s] -- Symlinking: /home/kllemo/ros2_ws/install/abb_irb4600_ikfast/share/ament_index/resource_index/parent_prefix_path/abb_irb4600_ikfast
[11.470s] -- Symlinking: /home/kllemo/ros2_ws/install/abb_irb4600_ikfast/share/abb_irb4600_ikfast/environment/ament_prefix_path.sh
[11.539s] -- Symlinking: /home/kllemo/ros2_ws/install/abb_irb4600_ikfast/share/abb_irb4600_ikfast/environment/ament_prefix_path.dsv
[11.578s] -- Symlinking: /home/kllemo/ros2_ws/install/abb_irb4600_ikfast/share/abb_irb4600_ikfast/environment/path.sh
[11.607s] -- Symlinking: /home/kllemo/ros2_ws/install/abb_irb4600_ikfast/share/abb_irb4600_ikfast/environment/path.dsv
[11.632s] -- Symlinking: /home/kllemo/ros2_ws/install/abb_irb4600_ikfast/share/abb_irb4600_ikfast/local_setup.bash
[11.658s] -- Symlinking: /home/kllemo/ros2_ws/install/abb_irb4600_ikfast/share/abb_irb4600_ikfast/local_setup.sh
[11.682s] -- Symlinking: /home/kllemo/ros2_ws/install/abb_irb4600_ikfast/share/abb_irb4600_ikfast/local_setup.zsh
[11.707s] -- Symlinking: /home/kllemo/ros2_ws/install/abb_irb4600_ikfast/share/abb_irb4600_ikfast/local_setup.dsv
[11.732s] -- Symlinking: /home/kllemo/ros2_ws/install/abb_irb4600_ikfast/share/abb_irb4600_ikfast/package.dsv
[11.763s] -- Symlinking: /home/kllemo/ros2_ws/install/abb_irb4600_ikfast/share/ament_index/resource_index/packages/abb_irb4600_ikfast
[11.789s] -- Symlinking: /home/kllemo/ros2_ws/install/abb_irb4600_ikfast/share/abb_irb4600_ikfast/cmake/ament_cmake_export_include_directories-extras.cmake
[11.814s] -- Symlinking: /home/kllemo/ros2_ws/install/abb_irb4600_ikfast/share/abb_irb4600_ikfast/cmake/ament_cmake_export_libraries-extras.cmake
[11.837s] -- Symlinking: /home/kllemo/ros2_ws/install/abb_irb4600_ikfast/share/abb_irb4600_ikfast/cmake/abb_irb4600_ikfastConfig.cmake
[11.867s] -- Symlinking: /home/kllemo/ros2_ws/install/abb_irb4600_ikfast/share/abb_irb4600_ikfast/cmake/abb_irb4600_ikfastConfig-version.cmake
[11.893s] -- Symlinking: /home/kllemo/ros2_ws/install/abb_irb4600_ikfast/share/abb_irb4600_ikfast/package.xml
[12.002s] Invoked command in '/home/kllemo/ros2_ws/build/abb_irb4600_ikfast' returned '0': CMAKE_PREFIX_PATH=${CMAKE_PREFIX_PATH}:/opt/ros/jazzy DEBUGINFOD_URLS=https://debuginfod.ubuntu.com /usr/bin/cmake --install /home/kllemo/ros2_ws/build/abb_irb4600_ikfast
