[  1%] Built target kleman_interface__rosidl_generator_type_description
[  1%] Built target ament_cmake_python_symlink_kleman_interface
[  3%] Built target kleman_interface__cpp
[ 24%] Built target kleman_interface__rosidl_generator_c
[ 33%] Built target kleman_interface__rosidl_typesupport_c
[ 42%] Built target kleman_interface__rosidl_typesupport_introspection_cpp
[ 51%] Built target kleman_interface__rosidl_typesupport_cpp
[ 61%] Built target kleman_interface__rosidl_typesupport_introspection_c
[ 70%] Built target kleman_interface__rosidl_typesupport_fastrtps_cpp
[ 79%] Built target kleman_interface__rosidl_typesupport_fastrtps_c
[ 79%] Built target kleman_interface
[ 81%] Built target kleman_interface__py
[ 88%] Built target kleman_interface__rosidl_generator_py
[ 92%] Built target kleman_interface_s__rosidl_typesupport_introspection_c
[ 96%] Built target kleman_interface_s__rosidl_typesupport_c
[100%] Built target kleman_interface_s__rosidl_typesupport_fastrtps_c
running egg_info
writing kleman_interface.egg-info/PKG-INFO
writing dependency_links to kleman_interface.egg-info/dependency_links.txt
writing top-level names to kleman_interface.egg-info/top_level.txt
reading manifest file 'kleman_interface.egg-info/SOURCES.txt'
writing manifest file 'kleman_interface.egg-info/SOURCES.txt'
[100%] Built target ament_cmake_python_build_kleman_interface_egg
-- Install configuration: ""
-- Execute custom install script
-- Up-to-date symlink: /home/kllemo/ros2_ws/install/kleman_interface/share/ament_index/resource_index/rosidl_interfaces/kleman_interface
-- Up-to-date symlink: /home/kllemo/ros2_ws/install/kleman_interface/share/kleman_interface/srv/SavePoint.json
-- Up-to-date symlink: /home/kllemo/ros2_ws/install/kleman_interface/share/kleman_interface/srv/SolveIK.json
-- Up-to-date symlink: /home/kllemo/ros2_ws/install/kleman_interface/share/kleman_interface/srv/MoveToXYZ.json
-- Up-to-date symlink: /home/kllemo/ros2_ws/install/kleman_interface/include/kleman_interface/kleman_interface/msg/rosidl_generator_c__visibility_control.h
-- Up-to-date symlink: /home/kllemo/ros2_ws/install/kleman_interface/include/kleman_interface/kleman_interface/srv/detail/move_to_xyz__functions.h
-- Up-to-date symlink: /home/kllemo/ros2_ws/install/kleman_interface/include/kleman_interface/kleman_interface/srv/detail/move_to_xyz__struct.h
-- Up-to-date symlink: /home/kllemo/ros2_ws/install/kleman_interface/include/kleman_interface/kleman_interface/srv/detail/move_to_xyz__type_support.h
-- Up-to-date symlink: /home/kllemo/ros2_ws/install/kleman_interface/include/kleman_interface/kleman_interface/srv/detail/save_point__functions.h
-- Up-to-date symlink: /home/kllemo/ros2_ws/install/kleman_interface/include/kleman_interface/kleman_interface/srv/detail/save_point__struct.h
-- Up-to-date symlink: /home/kllemo/ros2_ws/install/kleman_interface/include/kleman_interface/kleman_interface/srv/detail/save_point__type_support.h
-- Up-to-date symlink: /home/kllemo/ros2_ws/install/kleman_interface/include/kleman_interface/kleman_interface/srv/detail/solve_ik__functions.h
-- Up-to-date symlink: /home/kllemo/ros2_ws/install/kleman_interface/include/kleman_interface/kleman_interface/srv/detail/solve_ik__struct.h
-- Up-to-date symlink: /home/kllemo/ros2_ws/install/kleman_interface/include/kleman_interface/kleman_interface/srv/detail/solve_ik__type_support.h
-- Up-to-date symlink: /home/kllemo/ros2_ws/install/kleman_interface/include/kleman_interface/kleman_interface/srv/move_to_xyz.h
-- Up-to-date symlink: /home/kllemo/ros2_ws/install/kleman_interface/include/kleman_interface/kleman_interface/srv/save_point.h
-- Up-to-date symlink: /home/kllemo/ros2_ws/install/kleman_interface/include/kleman_interface/kleman_interface/srv/solve_ik.h
-- Up-to-date symlink: /home/kllemo/ros2_ws/install/kleman_interface/share/kleman_interface/environment/library_path.sh
-- Up-to-date symlink: /home/kllemo/ros2_ws/install/kleman_interface/share/kleman_interface/environment/library_path.dsv
-- Up-to-date symlink: /home/kllemo/ros2_ws/install/kleman_interface/include/kleman_interface/kleman_interface/msg/rosidl_typesupport_fastrtps_c__visibility_control.h
-- Up-to-date symlink: /home/kllemo/ros2_ws/install/kleman_interface/include/kleman_interface/kleman_interface/srv/detail/move_to_xyz__rosidl_typesupport_fastrtps_c.h
-- Up-to-date symlink: /home/kllemo/ros2_ws/install/kleman_interface/include/kleman_interface/kleman_interface/srv/detail/save_point__rosidl_typesupport_fastrtps_c.h
-- Up-to-date symlink: /home/kllemo/ros2_ws/install/kleman_interface/include/kleman_interface/kleman_interface/srv/detail/solve_ik__rosidl_typesupport_fastrtps_c.h
-- Up-to-date symlink: /home/kllemo/ros2_ws/install/kleman_interface/include/kleman_interface/kleman_interface/msg/rosidl_typesupport_introspection_c__visibility_control.h
-- Up-to-date symlink: /home/kllemo/ros2_ws/install/kleman_interface/include/kleman_interface/kleman_interface/srv/detail/move_to_xyz__rosidl_typesupport_introspection_c.h
-- Up-to-date symlink: /home/kllemo/ros2_ws/install/kleman_interface/include/kleman_interface/kleman_interface/srv/detail/save_point__rosidl_typesupport_introspection_c.h
-- Up-to-date symlink: /home/kllemo/ros2_ws/install/kleman_interface/include/kleman_interface/kleman_interface/srv/detail/solve_ik__rosidl_typesupport_introspection_c.h
-- Up-to-date symlink: /home/kllemo/ros2_ws/install/kleman_interface/include/kleman_interface/kleman_interface/msg/rosidl_generator_cpp__visibility_control.hpp
-- Up-to-date symlink: /home/kllemo/ros2_ws/install/kleman_interface/include/kleman_interface/kleman_interface/srv/detail/move_to_xyz__builder.hpp
-- Up-to-date symlink: /home/kllemo/ros2_ws/install/kleman_interface/include/kleman_interface/kleman_interface/srv/detail/move_to_xyz__struct.hpp
-- Up-to-date symlink: /home/kllemo/ros2_ws/install/kleman_interface/include/kleman_interface/kleman_interface/srv/detail/move_to_xyz__traits.hpp
-- Up-to-date symlink: /home/kllemo/ros2_ws/install/kleman_interface/include/kleman_interface/kleman_interface/srv/detail/move_to_xyz__type_support.hpp
-- Up-to-date symlink: /home/kllemo/ros2_ws/install/kleman_interface/include/kleman_interface/kleman_interface/srv/detail/save_point__builder.hpp
-- Up-to-date symlink: /home/kllemo/ros2_ws/install/kleman_interface/include/kleman_interface/kleman_interface/srv/detail/save_point__struct.hpp
-- Up-to-date symlink: /home/kllemo/ros2_ws/install/kleman_interface/include/kleman_interface/kleman_interface/srv/detail/save_point__traits.hpp
-- Up-to-date symlink: /home/kllemo/ros2_ws/install/kleman_interface/include/kleman_interface/kleman_interface/srv/detail/save_point__type_support.hpp
-- Up-to-date symlink: /home/kllemo/ros2_ws/install/kleman_interface/include/kleman_interface/kleman_interface/srv/detail/solve_ik__builder.hpp
-- Up-to-date symlink: /home/kllemo/ros2_ws/install/kleman_interface/include/kleman_interface/kleman_interface/srv/detail/solve_ik__struct.hpp
-- Up-to-date symlink: /home/kllemo/ros2_ws/install/kleman_interface/include/kleman_interface/kleman_interface/srv/detail/solve_ik__traits.hpp
-- Up-to-date symlink: /home/kllemo/ros2_ws/install/kleman_interface/include/kleman_interface/kleman_interface/srv/detail/solve_ik__type_support.hpp
-- Up-to-date symlink: /home/kllemo/ros2_ws/install/kleman_interface/include/kleman_interface/kleman_interface/srv/move_to_xyz.hpp
-- Up-to-date symlink: /home/kllemo/ros2_ws/install/kleman_interface/include/kleman_interface/kleman_interface/srv/save_point.hpp
-- Up-to-date symlink: /home/kllemo/ros2_ws/install/kleman_interface/include/kleman_interface/kleman_interface/srv/solve_ik.hpp
-- Up-to-date symlink: /home/kllemo/ros2_ws/install/kleman_interface/include/kleman_interface/kleman_interface/msg/rosidl_typesupport_fastrtps_cpp__visibility_control.h
-- Up-to-date symlink: /home/kllemo/ros2_ws/install/kleman_interface/include/kleman_interface/kleman_interface/srv/detail/move_to_xyz__rosidl_typesupport_fastrtps_cpp.hpp
-- Up-to-date symlink: /home/kllemo/ros2_ws/install/kleman_interface/include/kleman_interface/kleman_interface/srv/detail/save_point__rosidl_typesupport_fastrtps_cpp.hpp
-- Up-to-date symlink: /home/kllemo/ros2_ws/install/kleman_interface/include/kleman_interface/kleman_interface/srv/detail/solve_ik__rosidl_typesupport_fastrtps_cpp.hpp
-- Up-to-date symlink: /home/kllemo/ros2_ws/install/kleman_interface/include/kleman_interface/kleman_interface/srv/detail/move_to_xyz__rosidl_typesupport_introspection_cpp.hpp
-- Up-to-date symlink: /home/kllemo/ros2_ws/install/kleman_interface/include/kleman_interface/kleman_interface/srv/detail/save_point__rosidl_typesupport_introspection_cpp.hpp
-- Up-to-date symlink: /home/kllemo/ros2_ws/install/kleman_interface/include/kleman_interface/kleman_interface/srv/detail/solve_ik__rosidl_typesupport_introspection_cpp.hpp
-- Up-to-date symlink: /home/kllemo/ros2_ws/install/kleman_interface/share/kleman_interface/environment/pythonpath.sh
-- Up-to-date symlink: /home/kllemo/ros2_ws/install/kleman_interface/share/kleman_interface/environment/pythonpath.dsv
-- Up-to-date symlink: /home/kllemo/ros2_ws/install/kleman_interface/lib/python3.12/site-packages/kleman_interface-0.0.0-py3.12.egg-info/PKG-INFO
-- Up-to-date symlink: /home/kllemo/ros2_ws/install/kleman_interface/lib/python3.12/site-packages/kleman_interface-0.0.0-py3.12.egg-info/SOURCES.txt
-- Up-to-date symlink: /home/kllemo/ros2_ws/install/kleman_interface/lib/python3.12/site-packages/kleman_interface-0.0.0-py3.12.egg-info/dependency_links.txt
-- Up-to-date symlink: /home/kllemo/ros2_ws/install/kleman_interface/lib/python3.12/site-packages/kleman_interface-0.0.0-py3.12.egg-info/top_level.txt
-- Up-to-date symlink: /home/kllemo/ros2_ws/install/kleman_interface/lib/python3.12/site-packages/kleman_interface/__init__.py
-- Up-to-date symlink: /home/kllemo/ros2_ws/install/kleman_interface/lib/python3.12/site-packages/kleman_interface/_kleman_interface_s.ep.rosidl_typesupport_c.c
-- Up-to-date symlink: /home/kllemo/ros2_ws/install/kleman_interface/lib/python3.12/site-packages/kleman_interface/_kleman_interface_s.ep.rosidl_typesupport_fastrtps_c.c
-- Up-to-date symlink: /home/kllemo/ros2_ws/install/kleman_interface/lib/python3.12/site-packages/kleman_interface/_kleman_interface_s.ep.rosidl_typesupport_introspection_c.c
-- Up-to-date symlink: /home/kllemo/ros2_ws/install/kleman_interface/lib/python3.12/site-packages/kleman_interface/kleman_interface_s__rosidl_typesupport_c.so
-- Up-to-date symlink: /home/kllemo/ros2_ws/install/kleman_interface/lib/python3.12/site-packages/kleman_interface/kleman_interface_s__rosidl_typesupport_fastrtps_c.so
-- Up-to-date symlink: /home/kllemo/ros2_ws/install/kleman_interface/lib/python3.12/site-packages/kleman_interface/kleman_interface_s__rosidl_typesupport_introspection_c.so
-- Up-to-date symlink: /home/kllemo/ros2_ws/install/kleman_interface/lib/python3.12/site-packages/kleman_interface/srv/__init__.py
-- Up-to-date symlink: /home/kllemo/ros2_ws/install/kleman_interface/lib/python3.12/site-packages/kleman_interface/srv/_move_to_xyz.py
-- Up-to-date symlink: /home/kllemo/ros2_ws/install/kleman_interface/lib/python3.12/site-packages/kleman_interface/srv/_move_to_xyz_s.c
-- Up-to-date symlink: /home/kllemo/ros2_ws/install/kleman_interface/lib/python3.12/site-packages/kleman_interface/srv/_save_point.py
-- Up-to-date symlink: /home/kllemo/ros2_ws/install/kleman_interface/lib/python3.12/site-packages/kleman_interface/srv/_save_point_s.c
-- Up-to-date symlink: /home/kllemo/ros2_ws/install/kleman_interface/lib/python3.12/site-packages/kleman_interface/srv/_solve_ik.py
-- Up-to-date symlink: /home/kllemo/ros2_ws/install/kleman_interface/lib/python3.12/site-packages/kleman_interface/srv/_solve_ik_s.c
-- Up-to-date symlink: /home/kllemo/ros2_ws/install/kleman_interface/lib/python3.12/site-packages/kleman_interface/kleman_interface_s__rosidl_typesupport_fastrtps_c.so
-- Up-to-date symlink: /home/kllemo/ros2_ws/install/kleman_interface/lib/python3.12/site-packages/kleman_interface/kleman_interface_s__rosidl_typesupport_introspection_c.so
-- Up-to-date symlink: /home/kllemo/ros2_ws/install/kleman_interface/lib/python3.12/site-packages/kleman_interface/kleman_interface_s__rosidl_typesupport_c.so
-- Up-to-date symlink: /home/kllemo/ros2_ws/install/kleman_interface/share/kleman_interface/srv/SavePoint.idl
-- Up-to-date symlink: /home/kllemo/ros2_ws/install/kleman_interface/share/kleman_interface/srv/SolveIK.idl
-- Up-to-date symlink: /home/kllemo/ros2_ws/install/kleman_interface/share/kleman_interface/srv/MoveToXYZ.idl
-- Up-to-date symlink: /home/kllemo/ros2_ws/install/kleman_interface/share/kleman_interface/srv/SavePoint.srv
-- Up-to-date symlink: /home/kllemo/ros2_ws/install/kleman_interface/share/kleman_interface/srv/SolveIK.srv
-- Up-to-date symlink: /home/kllemo/ros2_ws/install/kleman_interface/share/kleman_interface/srv/MoveToXYZ.srv
-- Up-to-date symlink: /home/kllemo/ros2_ws/install/kleman_interface/share/ament_index/resource_index/package_run_dependencies/kleman_interface
-- Up-to-date symlink: /home/kllemo/ros2_ws/install/kleman_interface/share/ament_index/resource_index/parent_prefix_path/kleman_interface
-- Up-to-date symlink: /home/kllemo/ros2_ws/install/kleman_interface/share/kleman_interface/environment/ament_prefix_path.sh
-- Up-to-date symlink: /home/kllemo/ros2_ws/install/kleman_interface/share/kleman_interface/environment/ament_prefix_path.dsv
-- Up-to-date symlink: /home/kllemo/ros2_ws/install/kleman_interface/share/kleman_interface/environment/path.sh
-- Up-to-date symlink: /home/kllemo/ros2_ws/install/kleman_interface/share/kleman_interface/environment/path.dsv
-- Up-to-date symlink: /home/kllemo/ros2_ws/install/kleman_interface/share/kleman_interface/local_setup.bash
-- Up-to-date symlink: /home/kllemo/ros2_ws/install/kleman_interface/share/kleman_interface/local_setup.sh
-- Up-to-date symlink: /home/kllemo/ros2_ws/install/kleman_interface/share/kleman_interface/local_setup.zsh
-- Up-to-date symlink: /home/kllemo/ros2_ws/install/kleman_interface/share/kleman_interface/local_setup.dsv
-- Symlinking: /home/kllemo/ros2_ws/install/kleman_interface/share/kleman_interface/package.dsv
-- Up-to-date symlink: /home/kllemo/ros2_ws/install/kleman_interface/share/ament_index/resource_index/packages/kleman_interface
-- Up-to-date symlink: /home/kllemo/ros2_ws/install/kleman_interface/share/kleman_interface/cmake/rosidl_cmake-extras.cmake
-- Up-to-date symlink: /home/kllemo/ros2_ws/install/kleman_interface/share/kleman_interface/cmake/ament_cmake_export_dependencies-extras.cmake
-- Up-to-date symlink: /home/kllemo/ros2_ws/install/kleman_interface/share/kleman_interface/cmake/ament_cmake_export_include_directories-extras.cmake
-- Up-to-date symlink: /home/kllemo/ros2_ws/install/kleman_interface/share/kleman_interface/cmake/ament_cmake_export_libraries-extras.cmake
-- Up-to-date symlink: /home/kllemo/ros2_ws/install/kleman_interface/share/kleman_interface/cmake/ament_cmake_export_targets-extras.cmake
-- Up-to-date symlink: /home/kllemo/ros2_ws/install/kleman_interface/share/kleman_interface/cmake/rosidl_cmake_export_typesupport_targets-extras.cmake
-- Up-to-date symlink: /home/kllemo/ros2_ws/install/kleman_interface/share/kleman_interface/cmake/rosidl_cmake_export_typesupport_libraries-extras.cmake
-- Up-to-date symlink: /home/kllemo/ros2_ws/install/kleman_interface/share/kleman_interface/cmake/kleman_interfaceConfig.cmake
-- Up-to-date symlink: /home/kllemo/ros2_ws/install/kleman_interface/share/kleman_interface/cmake/kleman_interfaceConfig-version.cmake
-- Up-to-date symlink: /home/kllemo/ros2_ws/install/kleman_interface/share/kleman_interface/package.xml
-- Up-to-date: /home/kllemo/ros2_ws/install/kleman_interface/lib/libkleman_interface__rosidl_generator_c.so
-- Up-to-date: /home/kllemo/ros2_ws/install/kleman_interface/lib/libkleman_interface__rosidl_typesupport_fastrtps_c.so
-- Up-to-date: /home/kllemo/ros2_ws/install/kleman_interface/lib/libkleman_interface__rosidl_typesupport_introspection_c.so
-- Up-to-date: /home/kllemo/ros2_ws/install/kleman_interface/lib/libkleman_interface__rosidl_typesupport_c.so
-- Up-to-date: /home/kllemo/ros2_ws/install/kleman_interface/lib/libkleman_interface__rosidl_typesupport_fastrtps_cpp.so
-- Up-to-date: /home/kllemo/ros2_ws/install/kleman_interface/lib/libkleman_interface__rosidl_typesupport_introspection_cpp.so
-- Up-to-date: /home/kllemo/ros2_ws/install/kleman_interface/lib/libkleman_interface__rosidl_typesupport_cpp.so
Listing '/home/kllemo/ros2_ws/install/kleman_interface/lib/python3.12/site-packages/kleman_interface'...
Listing '/home/kllemo/ros2_ws/install/kleman_interface/lib/python3.12/site-packages/kleman_interface/srv'...
-- Up-to-date: /home/kllemo/ros2_ws/install/kleman_interface/lib/libkleman_interface__rosidl_generator_py.so
-- Up-to-date: /home/kllemo/ros2_ws/install/kleman_interface/share/kleman_interface/cmake/export_kleman_interface__rosidl_generator_cExport.cmake
-- Up-to-date: /home/kllemo/ros2_ws/install/kleman_interface/share/kleman_interface/cmake/export_kleman_interface__rosidl_generator_cExport-noconfig.cmake
-- Up-to-date: /home/kllemo/ros2_ws/install/kleman_interface/share/kleman_interface/cmake/export_kleman_interface__rosidl_typesupport_fastrtps_cExport.cmake
-- Up-to-date: /home/kllemo/ros2_ws/install/kleman_interface/share/kleman_interface/cmake/export_kleman_interface__rosidl_typesupport_fastrtps_cExport-noconfig.cmake
-- Up-to-date: /home/kllemo/ros2_ws/install/kleman_interface/share/kleman_interface/cmake/kleman_interface__rosidl_typesupport_introspection_cExport.cmake
-- Up-to-date: /home/kllemo/ros2_ws/install/kleman_interface/share/kleman_interface/cmake/kleman_interface__rosidl_typesupport_introspection_cExport-noconfig.cmake
-- Up-to-date: /home/kllemo/ros2_ws/install/kleman_interface/share/kleman_interface/cmake/kleman_interface__rosidl_typesupport_cExport.cmake
-- Up-to-date: /home/kllemo/ros2_ws/install/kleman_interface/share/kleman_interface/cmake/kleman_interface__rosidl_typesupport_cExport-noconfig.cmake
-- Up-to-date: /home/kllemo/ros2_ws/install/kleman_interface/share/kleman_interface/cmake/export_kleman_interface__rosidl_generator_cppExport.cmake
-- Up-to-date: /home/kllemo/ros2_ws/install/kleman_interface/share/kleman_interface/cmake/export_kleman_interface__rosidl_typesupport_fastrtps_cppExport.cmake
-- Up-to-date: /home/kllemo/ros2_ws/install/kleman_interface/share/kleman_interface/cmake/export_kleman_interface__rosidl_typesupport_fastrtps_cppExport-noconfig.cmake
-- Up-to-date: /home/kllemo/ros2_ws/install/kleman_interface/share/kleman_interface/cmake/kleman_interface__rosidl_typesupport_introspection_cppExport.cmake
-- Up-to-date: /home/kllemo/ros2_ws/install/kleman_interface/share/kleman_interface/cmake/kleman_interface__rosidl_typesupport_introspection_cppExport-noconfig.cmake
-- Up-to-date: /home/kllemo/ros2_ws/install/kleman_interface/share/kleman_interface/cmake/kleman_interface__rosidl_typesupport_cppExport.cmake
-- Up-to-date: /home/kllemo/ros2_ws/install/kleman_interface/share/kleman_interface/cmake/kleman_interface__rosidl_typesupport_cppExport-noconfig.cmake
-- Up-to-date: /home/kllemo/ros2_ws/install/kleman_interface/share/kleman_interface/cmake/export_kleman_interface__rosidl_generator_pyExport.cmake
-- Up-to-date: /home/kllemo/ros2_ws/install/kleman_interface/share/kleman_interface/cmake/export_kleman_interface__rosidl_generator_pyExport-noconfig.cmake
