[  1%] Built target kleman_interface__rosidl_generator_type_description
[  1%] Built target ament_cmake_python_symlink_kleman_interface
[  3%] Built target kleman_interface__cpp
[ 24%] Built target kleman_interface__rosidl_generator_c
[ 33%] Built target kleman_interface__rosidl_typesupport_c
[ 42%] Built target kleman_interface__rosidl_typesupport_introspection_c
[ 55%] Built target kleman_interface__rosidl_typesupport_fastrtps_cpp
[ 70%] Built target kleman_interface__rosidl_typesupport_fastrtps_c
[ 70%] Built target kleman_interface__rosidl_typesupport_introspection_cpp
[ 79%] Built target kleman_interface__rosidl_typesupport_cpp
[ 79%] Built target kleman_interface
[ 81%] Built target kleman_interface__py
[ 88%] Built target kleman_interface__rosidl_generator_py
[ 92%] Built target kleman_interface_s__rosidl_typesupport_introspection_c
[ 96%] Built target kleman_interface_s__rosidl_typesupport_fastrtps_c
[100%] Built target kleman_interface_s__rosidl_typesupport_c
running egg_info
writing kleman_interface.egg-info/PKG-INFO
writing dependency_links to kleman_interface.egg-info/dependency_links.txt
writing top-level names to kleman_interface.egg-info/top_level.txt
reading manifest file 'kleman_interface.egg-info/SOURCES.txt'
writing manifest file 'kleman_interface.egg-info/SOURCES.txt'
[100%] Built target ament_cmake_python_build_kleman_interface_egg
