-- The C compiler identification is GNU 13.3.0
-- The CXX compiler identification is GNU 13.3.0
-- Detecting C compiler ABI info
-- Detecting C compiler ABI info - done
-- Check for working C compiler: /usr/bin/cc - skipped
-- Detecting C compile features
-- Detecting C compile features - done
-- Detecting CXX compiler ABI info
-- Detecting CXX compiler ABI info - done
-- Check for working CXX compiler: /usr/bin/c++ - skipped
-- Detecting CXX compile features
-- Detecting CXX compile features - done
-- Found ament_cmake: 2.5.5 (/opt/ros/jazzy/share/ament_cmake/cmake)
-- Found Python3: /usr/bin/python3 (found version "3.12.3") found components: Interpreter 
-- Override CMake install command with custom implementation using symlinks instead of copying resources
-- Found rosidl_default_generators: 1.6.0 (/opt/ros/jazzy/share/rosidl_default_generators/cmake)
-- Using all available rosidl_typesupport_c: rosidl_typesupport_fastrtps_c;rosidl_typesupport_introspection_c
-- Using all available rosidl_typesupport_cpp: rosidl_typesupport_fastrtps_cpp;rosidl_typesupport_introspection_cpp
-- Found rosidl_adapter: 4.6.7 (/opt/ros/jazzy/share/rosidl_adapter/cmake)
-- Found ament_cmake_ros: 0.12.0 (/opt/ros/jazzy/share/ament_cmake_ros/cmake)
-- Using all available rosidl_typesupport_c: rosidl_typesupport_fastrtps_c;rosidl_typesupport_introspection_c
-- Using all available rosidl_typesupport_cpp: rosidl_typesupport_fastrtps_cpp;rosidl_typesupport_introspection_cpp
-- Found python_cmake_module: 0.11.1 (/opt/ros/jazzy/share/python_cmake_module/cmake)
-- Found PythonExtra: /usr/bin/python3  
-- Found Python3: /usr/bin/python3 (found version "3.12.3") found components: Interpreter Development NumPy Development.Module Development.Embed 
-- Found ament_lint_auto: 0.17.4 (/opt/ros/jazzy/share/ament_lint_auto/cmake)
-- Added test 'copyright' to check source files copyright and LICENSE
-- Added test 'lint_cmake' to check CMake code style
-- Added test 'xmllint' to check XML markup files
-- Configuring done (6.3s)
-- Generating done (0.1s)
-- Build files have been written to: /home/kllemo/ros2_ws/build/rrm_msgs
[  2%] [34m[1mGenerating type hashes for ROS interfaces[0m
[  2%] Built target ament_cmake_python_symlink_rrm_msgs
[  2%] Built target rrm_msgs__rosidl_generator_type_description
[  4%] [34m[1mGenerating C code for ROS interfaces[0m
running egg_info
creating rrm_msgs.egg-info
[  6%] [34m[1mGenerating C++ code for ROS interfaces[0m
writing rrm_msgs.egg-info/PKG-INFO
writing dependency_links to rrm_msgs.egg-info/dependency_links.txt
writing top-level names to rrm_msgs.egg-info/top_level.txt
writing manifest file 'rrm_msgs.egg-info/SOURCES.txt'
reading manifest file 'rrm_msgs.egg-info/SOURCES.txt'
writing manifest file 'rrm_msgs.egg-info/SOURCES.txt'
[  6%] Built target ament_cmake_python_build_rrm_msgs_egg
[  6%] Built target rrm_msgs__cpp
[  9%] [32mBuilding C object CMakeFiles/rrm_msgs__rosidl_generator_c.dir/rosidl_generator_c/rrm_msgs/msg/detail/command__functions.c.o[0m
[ 11%] [32mBuilding C object CMakeFiles/rrm_msgs__rosidl_generator_c.dir/rosidl_generator_c/rrm_msgs/srv/detail/command__functions.c.o[0m
[ 13%] [32mBuilding C object CMakeFiles/rrm_msgs__rosidl_generator_c.dir/rosidl_generator_c/rrm_msgs/srv/detail/command__type_support.c.o[0m
[ 15%] [32mBuilding C object CMakeFiles/rrm_msgs__rosidl_generator_c.dir/rosidl_generator_c/rrm_msgs/srv/detail/command__description.c.o[0m
[ 18%] [32mBuilding C object CMakeFiles/rrm_msgs__rosidl_generator_c.dir/rosidl_generator_c/rrm_msgs/msg/detail/command__description.c.o[0m
[ 20%] [32mBuilding C object CMakeFiles/rrm_msgs__rosidl_generator_c.dir/rosidl_generator_c/rrm_msgs/msg/detail/command__type_support.c.o[0m
[ 22%] [32m[1mLinking C shared library librrm_msgs__rosidl_generator_c.so[0m
[ 22%] Built target rrm_msgs__rosidl_generator_c
[ 25%] [34m[1mGenerating C type support for eProsima Fast-RTPS[0m
[ 29%] [34m[1mGenerating C++ type support dispatch for ROS interfaces[0m
[ 29%] [34m[1mGenerating C type support dispatch for ROS interfaces[0m
[ 31%] [34m[1mGenerating C introspection for ROS interfaces[0m
[ 34%] [34m[1mGenerating C++ type support for eProsima Fast-RTPS[0m
[ 36%] [34m[1mGenerating C++ introspection for ROS interfaces[0m
[ 38%] [32mBuilding CXX object CMakeFiles/rrm_msgs__rosidl_typesupport_cpp.dir/rosidl_typesupport_cpp/rrm_msgs/srv/command__type_support.cpp.o[0m
[ 40%] [32mBuilding CXX object CMakeFiles/rrm_msgs__rosidl_typesupport_cpp.dir/rosidl_typesupport_cpp/rrm_msgs/msg/command__type_support.cpp.o[0m
[ 43%] [32mBuilding CXX object CMakeFiles/rrm_msgs__rosidl_typesupport_c.dir/rosidl_typesupport_c/rrm_msgs/msg/command__type_support.cpp.o[0m
[ 45%] [32mBuilding CXX object CMakeFiles/rrm_msgs__rosidl_typesupport_c.dir/rosidl_typesupport_c/rrm_msgs/srv/command__type_support.cpp.o[0m
[ 47%] [32mBuilding CXX object CMakeFiles/rrm_msgs__rosidl_typesupport_introspection_cpp.dir/rosidl_typesupport_introspection_cpp/rrm_msgs/msg/detail/command__type_support.cpp.o[0m
[ 50%] [32mBuilding CXX object CMakeFiles/rrm_msgs__rosidl_typesupport_introspection_cpp.dir/rosidl_typesupport_introspection_cpp/rrm_msgs/srv/detail/command__type_support.cpp.o[0m
[ 52%] [32mBuilding C object CMakeFiles/rrm_msgs__rosidl_typesupport_introspection_c.dir/rosidl_typesupport_introspection_c/rrm_msgs/srv/detail/command__type_support.c.o[0m
[ 54%] [32mBuilding C object CMakeFiles/rrm_msgs__rosidl_typesupport_introspection_c.dir/rosidl_typesupport_introspection_c/rrm_msgs/msg/detail/command__type_support.c.o[0m
[ 56%] [32m[1mLinking CXX shared library librrm_msgs__rosidl_typesupport_c.so[0m
[ 56%] Built target rrm_msgs__rosidl_typesupport_c
[ 59%] [32m[1mLinking C shared library librrm_msgs__rosidl_typesupport_introspection_c.so[0m
[ 61%] [32mBuilding CXX object CMakeFiles/rrm_msgs__rosidl_typesupport_fastrtps_cpp.dir/rosidl_typesupport_fastrtps_cpp/rrm_msgs/srv/detail/dds_fastrtps/command__type_support.cpp.o[0m
[ 63%] [32mBuilding CXX object CMakeFiles/rrm_msgs__rosidl_typesupport_fastrtps_cpp.dir/rosidl_typesupport_fastrtps_cpp/rrm_msgs/msg/detail/dds_fastrtps/command__type_support.cpp.o[0m
[ 63%] Built target rrm_msgs__rosidl_typesupport_introspection_c
[ 65%] [32mBuilding CXX object CMakeFiles/rrm_msgs__rosidl_typesupport_fastrtps_c.dir/rosidl_typesupport_fastrtps_c/rrm_msgs/srv/detail/command__type_support_c.cpp.o[0m
[ 68%] [32mBuilding CXX object CMakeFiles/rrm_msgs__rosidl_typesupport_fastrtps_c.dir/rosidl_typesupport_fastrtps_c/rrm_msgs/msg/detail/command__type_support_c.cpp.o[0m
[ 70%] [32m[1mLinking CXX shared library librrm_msgs__rosidl_typesupport_cpp.so[0m
[ 72%] [32m[1mLinking CXX shared library librrm_msgs__rosidl_typesupport_introspection_cpp.so[0m
[ 72%] Built target rrm_msgs__rosidl_typesupport_cpp
[ 72%] Built target rrm_msgs__rosidl_typesupport_introspection_cpp
[ 75%] [32m[1mLinking CXX shared library librrm_msgs__rosidl_typesupport_fastrtps_c.so[0m
[ 75%] Built target rrm_msgs__rosidl_typesupport_fastrtps_c
[ 77%] [32m[1mLinking CXX shared library librrm_msgs__rosidl_typesupport_fastrtps_cpp.so[0m
[ 77%] Built target rrm_msgs__rosidl_typesupport_fastrtps_cpp
[ 77%] Built target rrm_msgs
[ 79%] [34m[1mGenerating Python code for ROS interfaces[0m
[ 79%] Built target rrm_msgs__py
[ 81%] [32mBuilding C object CMakeFiles/rrm_msgs__rosidl_generator_py.dir/rosidl_generator_py/rrm_msgs/msg/_command_s.c.o[0m
[ 84%] [32mBuilding C object CMakeFiles/rrm_msgs__rosidl_generator_py.dir/rosidl_generator_py/rrm_msgs/srv/_command_s.c.o[0m
[ 86%] [32m[1mLinking C shared library librrm_msgs__rosidl_generator_py.so[0m
[ 86%] Built target rrm_msgs__rosidl_generator_py
[ 88%] [32mBuilding C object CMakeFiles/rrm_msgs_s__rosidl_typesupport_c.dir/rosidl_generator_py/rrm_msgs/_rrm_msgs_s.ep.rosidl_typesupport_c.c.o[0m
[ 93%] [32mBuilding C object CMakeFiles/rrm_msgs_s__rosidl_typesupport_introspection_c.dir/rosidl_generator_py/rrm_msgs/_rrm_msgs_s.ep.rosidl_typesupport_introspection_c.c.o[0m
[ 93%] [32mBuilding C object CMakeFiles/rrm_msgs_s__rosidl_typesupport_fastrtps_c.dir/rosidl_generator_py/rrm_msgs/_rrm_msgs_s.ep.rosidl_typesupport_fastrtps_c.c.o[0m
[ 95%] [32m[1mLinking C shared module rosidl_generator_py/rrm_msgs/rrm_msgs_s__rosidl_typesupport_introspection_c.so[0m
[ 97%] [32m[1mLinking C shared module rosidl_generator_py/rrm_msgs/rrm_msgs_s__rosidl_typesupport_c.so[0m
[100%] [32m[1mLinking C shared module rosidl_generator_py/rrm_msgs/rrm_msgs_s__rosidl_typesupport_fastrtps_c.so[0m
[100%] Built target rrm_msgs_s__rosidl_typesupport_introspection_c
[100%] Built target rrm_msgs_s__rosidl_typesupport_c
[100%] Built target rrm_msgs_s__rosidl_typesupport_fastrtps_c
-- Install configuration: ""
-- Execute custom install script
-- Symlinking: /home/kllemo/ros2_ws/install/rrm_msgs/share/ament_index/resource_index/rosidl_interfaces/rrm_msgs
-- Symlinking: /home/kllemo/ros2_ws/install/rrm_msgs/share/rrm_msgs/msg/Command.json
-- Symlinking: /home/kllemo/ros2_ws/install/rrm_msgs/share/rrm_msgs/srv/Command.json
-- Symlinking: /home/kllemo/ros2_ws/install/rrm_msgs/include/rrm_msgs/rrm_msgs/msg/command.h
-- Symlinking: /home/kllemo/ros2_ws/install/rrm_msgs/include/rrm_msgs/rrm_msgs/msg/detail/command__functions.h
-- Symlinking: /home/kllemo/ros2_ws/install/rrm_msgs/include/rrm_msgs/rrm_msgs/msg/detail/command__struct.h
-- Symlinking: /home/kllemo/ros2_ws/install/rrm_msgs/include/rrm_msgs/rrm_msgs/msg/detail/command__type_support.h
-- Symlinking: /home/kllemo/ros2_ws/install/rrm_msgs/include/rrm_msgs/rrm_msgs/msg/rosidl_generator_c__visibility_control.h
-- Symlinking: /home/kllemo/ros2_ws/install/rrm_msgs/include/rrm_msgs/rrm_msgs/srv/command.h
-- Symlinking: /home/kllemo/ros2_ws/install/rrm_msgs/include/rrm_msgs/rrm_msgs/srv/detail/command__functions.h
-- Symlinking: /home/kllemo/ros2_ws/install/rrm_msgs/include/rrm_msgs/rrm_msgs/srv/detail/command__struct.h
-- Symlinking: /home/kllemo/ros2_ws/install/rrm_msgs/include/rrm_msgs/rrm_msgs/srv/detail/command__type_support.h
-- Symlinking: /home/kllemo/ros2_ws/install/rrm_msgs/share/rrm_msgs/environment/library_path.sh
-- Symlinking: /home/kllemo/ros2_ws/install/rrm_msgs/share/rrm_msgs/environment/library_path.dsv
-- Symlinking: /home/kllemo/ros2_ws/install/rrm_msgs/include/rrm_msgs/rrm_msgs/msg/detail/command__rosidl_typesupport_fastrtps_c.h
-- Symlinking: /home/kllemo/ros2_ws/install/rrm_msgs/include/rrm_msgs/rrm_msgs/msg/rosidl_typesupport_fastrtps_c__visibility_control.h
-- Symlinking: /home/kllemo/ros2_ws/install/rrm_msgs/include/rrm_msgs/rrm_msgs/srv/detail/command__rosidl_typesupport_fastrtps_c.h
-- Symlinking: /home/kllemo/ros2_ws/install/rrm_msgs/include/rrm_msgs/rrm_msgs/msg/detail/command__rosidl_typesupport_introspection_c.h
-- Symlinking: /home/kllemo/ros2_ws/install/rrm_msgs/include/rrm_msgs/rrm_msgs/msg/rosidl_typesupport_introspection_c__visibility_control.h
-- Symlinking: /home/kllemo/ros2_ws/install/rrm_msgs/include/rrm_msgs/rrm_msgs/srv/detail/command__rosidl_typesupport_introspection_c.h
-- Symlinking: /home/kllemo/ros2_ws/install/rrm_msgs/include/rrm_msgs/rrm_msgs/msg/command.hpp
-- Symlinking: /home/kllemo/ros2_ws/install/rrm_msgs/include/rrm_msgs/rrm_msgs/msg/detail/command__builder.hpp
-- Symlinking: /home/kllemo/ros2_ws/install/rrm_msgs/include/rrm_msgs/rrm_msgs/msg/detail/command__struct.hpp
-- Symlinking: /home/kllemo/ros2_ws/install/rrm_msgs/include/rrm_msgs/rrm_msgs/msg/detail/command__traits.hpp
-- Symlinking: /home/kllemo/ros2_ws/install/rrm_msgs/include/rrm_msgs/rrm_msgs/msg/detail/command__type_support.hpp
-- Symlinking: /home/kllemo/ros2_ws/install/rrm_msgs/include/rrm_msgs/rrm_msgs/msg/rosidl_generator_cpp__visibility_control.hpp
-- Symlinking: /home/kllemo/ros2_ws/install/rrm_msgs/include/rrm_msgs/rrm_msgs/srv/command.hpp
-- Symlinking: /home/kllemo/ros2_ws/install/rrm_msgs/include/rrm_msgs/rrm_msgs/srv/detail/command__builder.hpp
-- Symlinking: /home/kllemo/ros2_ws/install/rrm_msgs/include/rrm_msgs/rrm_msgs/srv/detail/command__struct.hpp
-- Symlinking: /home/kllemo/ros2_ws/install/rrm_msgs/include/rrm_msgs/rrm_msgs/srv/detail/command__traits.hpp
-- Symlinking: /home/kllemo/ros2_ws/install/rrm_msgs/include/rrm_msgs/rrm_msgs/srv/detail/command__type_support.hpp
-- Symlinking: /home/kllemo/ros2_ws/install/rrm_msgs/include/rrm_msgs/rrm_msgs/msg/detail/command__rosidl_typesupport_fastrtps_cpp.hpp
-- Symlinking: /home/kllemo/ros2_ws/install/rrm_msgs/include/rrm_msgs/rrm_msgs/msg/rosidl_typesupport_fastrtps_cpp__visibility_control.h
-- Symlinking: /home/kllemo/ros2_ws/install/rrm_msgs/include/rrm_msgs/rrm_msgs/srv/detail/command__rosidl_typesupport_fastrtps_cpp.hpp
-- Symlinking: /home/kllemo/ros2_ws/install/rrm_msgs/include/rrm_msgs/rrm_msgs/msg/detail/command__rosidl_typesupport_introspection_cpp.hpp
-- Symlinking: /home/kllemo/ros2_ws/install/rrm_msgs/include/rrm_msgs/rrm_msgs/srv/detail/command__rosidl_typesupport_introspection_cpp.hpp
-- Symlinking: /home/kllemo/ros2_ws/install/rrm_msgs/share/rrm_msgs/environment/pythonpath.sh
-- Symlinking: /home/kllemo/ros2_ws/install/rrm_msgs/share/rrm_msgs/environment/pythonpath.dsv
-- Symlinking: /home/kllemo/ros2_ws/install/rrm_msgs/lib/python3.12/site-packages/rrm_msgs-0.0.0-py3.12.egg-info/PKG-INFO
-- Symlinking: /home/kllemo/ros2_ws/install/rrm_msgs/lib/python3.12/site-packages/rrm_msgs-0.0.0-py3.12.egg-info/SOURCES.txt
-- Symlinking: /home/kllemo/ros2_ws/install/rrm_msgs/lib/python3.12/site-packages/rrm_msgs-0.0.0-py3.12.egg-info/dependency_links.txt
-- Symlinking: /home/kllemo/ros2_ws/install/rrm_msgs/lib/python3.12/site-packages/rrm_msgs-0.0.0-py3.12.egg-info/top_level.txt
-- Symlinking: /home/kllemo/ros2_ws/install/rrm_msgs/lib/python3.12/site-packages/rrm_msgs/__init__.py
-- Symlinking: /home/kllemo/ros2_ws/install/rrm_msgs/lib/python3.12/site-packages/rrm_msgs/_rrm_msgs_s.ep.rosidl_typesupport_c.c
-- Symlinking: /home/kllemo/ros2_ws/install/rrm_msgs/lib/python3.12/site-packages/rrm_msgs/_rrm_msgs_s.ep.rosidl_typesupport_fastrtps_c.c
-- Symlinking: /home/kllemo/ros2_ws/install/rrm_msgs/lib/python3.12/site-packages/rrm_msgs/_rrm_msgs_s.ep.rosidl_typesupport_introspection_c.c
-- Symlinking: /home/kllemo/ros2_ws/install/rrm_msgs/lib/python3.12/site-packages/rrm_msgs/msg/__init__.py
-- Symlinking: /home/kllemo/ros2_ws/install/rrm_msgs/lib/python3.12/site-packages/rrm_msgs/msg/_command.py
-- Symlinking: /home/kllemo/ros2_ws/install/rrm_msgs/lib/python3.12/site-packages/rrm_msgs/msg/_command_s.c
-- Symlinking: /home/kllemo/ros2_ws/install/rrm_msgs/lib/python3.12/site-packages/rrm_msgs/rrm_msgs_s__rosidl_typesupport_c.so
-- Symlinking: /home/kllemo/ros2_ws/install/rrm_msgs/lib/python3.12/site-packages/rrm_msgs/rrm_msgs_s__rosidl_typesupport_fastrtps_c.so
-- Symlinking: /home/kllemo/ros2_ws/install/rrm_msgs/lib/python3.12/site-packages/rrm_msgs/rrm_msgs_s__rosidl_typesupport_introspection_c.so
-- Symlinking: /home/kllemo/ros2_ws/install/rrm_msgs/lib/python3.12/site-packages/rrm_msgs/srv/__init__.py
-- Symlinking: /home/kllemo/ros2_ws/install/rrm_msgs/lib/python3.12/site-packages/rrm_msgs/srv/_command.py
-- Symlinking: /home/kllemo/ros2_ws/install/rrm_msgs/lib/python3.12/site-packages/rrm_msgs/srv/_command_s.c
-- Up-to-date symlink: /home/kllemo/ros2_ws/install/rrm_msgs/lib/python3.12/site-packages/rrm_msgs/rrm_msgs_s__rosidl_typesupport_fastrtps_c.so
-- Up-to-date symlink: /home/kllemo/ros2_ws/install/rrm_msgs/lib/python3.12/site-packages/rrm_msgs/rrm_msgs_s__rosidl_typesupport_introspection_c.so
-- Up-to-date symlink: /home/kllemo/ros2_ws/install/rrm_msgs/lib/python3.12/site-packages/rrm_msgs/rrm_msgs_s__rosidl_typesupport_c.so
-- Symlinking: /home/kllemo/ros2_ws/install/rrm_msgs/share/rrm_msgs/msg/Command.idl
-- Symlinking: /home/kllemo/ros2_ws/install/rrm_msgs/share/rrm_msgs/srv/Command.idl
-- Symlinking: /home/kllemo/ros2_ws/install/rrm_msgs/share/rrm_msgs/msg/Command.msg
-- Symlinking: /home/kllemo/ros2_ws/install/rrm_msgs/share/rrm_msgs/srv/Command.srv
-- Symlinking: /home/kllemo/ros2_ws/install/rrm_msgs/share/ament_index/resource_index/package_run_dependencies/rrm_msgs
-- Symlinking: /home/kllemo/ros2_ws/install/rrm_msgs/share/ament_index/resource_index/parent_prefix_path/rrm_msgs
-- Symlinking: /home/kllemo/ros2_ws/install/rrm_msgs/share/rrm_msgs/environment/ament_prefix_path.sh
-- Symlinking: /home/kllemo/ros2_ws/install/rrm_msgs/share/rrm_msgs/environment/ament_prefix_path.dsv
-- Symlinking: /home/kllemo/ros2_ws/install/rrm_msgs/share/rrm_msgs/environment/path.sh
-- Symlinking: /home/kllemo/ros2_ws/install/rrm_msgs/share/rrm_msgs/environment/path.dsv
-- Symlinking: /home/kllemo/ros2_ws/install/rrm_msgs/share/rrm_msgs/local_setup.bash
-- Symlinking: /home/kllemo/ros2_ws/install/rrm_msgs/share/rrm_msgs/local_setup.sh
-- Symlinking: /home/kllemo/ros2_ws/install/rrm_msgs/share/rrm_msgs/local_setup.zsh
-- Symlinking: /home/kllemo/ros2_ws/install/rrm_msgs/share/rrm_msgs/local_setup.dsv
-- Symlinking: /home/kllemo/ros2_ws/install/rrm_msgs/share/rrm_msgs/package.dsv
-- Symlinking: /home/kllemo/ros2_ws/install/rrm_msgs/share/ament_index/resource_index/packages/rrm_msgs
-- Symlinking: /home/kllemo/ros2_ws/install/rrm_msgs/share/rrm_msgs/cmake/rosidl_cmake-extras.cmake
-- Symlinking: /home/kllemo/ros2_ws/install/rrm_msgs/share/rrm_msgs/cmake/ament_cmake_export_dependencies-extras.cmake
-- Symlinking: /home/kllemo/ros2_ws/install/rrm_msgs/share/rrm_msgs/cmake/ament_cmake_export_include_directories-extras.cmake
-- Symlinking: /home/kllemo/ros2_ws/install/rrm_msgs/share/rrm_msgs/cmake/ament_cmake_export_libraries-extras.cmake
-- Symlinking: /home/kllemo/ros2_ws/install/rrm_msgs/share/rrm_msgs/cmake/ament_cmake_export_targets-extras.cmake
-- Symlinking: /home/kllemo/ros2_ws/install/rrm_msgs/share/rrm_msgs/cmake/rosidl_cmake_export_typesupport_targets-extras.cmake
-- Symlinking: /home/kllemo/ros2_ws/install/rrm_msgs/share/rrm_msgs/cmake/rosidl_cmake_export_typesupport_libraries-extras.cmake
-- Symlinking: /home/kllemo/ros2_ws/install/rrm_msgs/share/rrm_msgs/cmake/rrm_msgsConfig.cmake
-- Symlinking: /home/kllemo/ros2_ws/install/rrm_msgs/share/rrm_msgs/cmake/rrm_msgsConfig-version.cmake
-- Symlinking: /home/kllemo/ros2_ws/install/rrm_msgs/share/rrm_msgs/package.xml
-- Installing: /home/kllemo/ros2_ws/install/rrm_msgs/lib/librrm_msgs__rosidl_generator_c.so
-- Set non-toolchain portion of runtime path of "/home/kllemo/ros2_ws/install/rrm_msgs/lib/librrm_msgs__rosidl_generator_c.so" to ""
-- Installing: /home/kllemo/ros2_ws/install/rrm_msgs/lib/librrm_msgs__rosidl_typesupport_fastrtps_c.so
-- Set non-toolchain portion of runtime path of "/home/kllemo/ros2_ws/install/rrm_msgs/lib/librrm_msgs__rosidl_typesupport_fastrtps_c.so" to ""
-- Installing: /home/kllemo/ros2_ws/install/rrm_msgs/lib/librrm_msgs__rosidl_typesupport_introspection_c.so
-- Set non-toolchain portion of runtime path of "/home/kllemo/ros2_ws/install/rrm_msgs/lib/librrm_msgs__rosidl_typesupport_introspection_c.so" to ""
-- Installing: /home/kllemo/ros2_ws/install/rrm_msgs/lib/librrm_msgs__rosidl_typesupport_c.so
-- Set non-toolchain portion of runtime path of "/home/kllemo/ros2_ws/install/rrm_msgs/lib/librrm_msgs__rosidl_typesupport_c.so" to ""
-- Installing: /home/kllemo/ros2_ws/install/rrm_msgs/lib/librrm_msgs__rosidl_typesupport_fastrtps_cpp.so
-- Set non-toolchain portion of runtime path of "/home/kllemo/ros2_ws/install/rrm_msgs/lib/librrm_msgs__rosidl_typesupport_fastrtps_cpp.so" to ""
-- Installing: /home/kllemo/ros2_ws/install/rrm_msgs/lib/librrm_msgs__rosidl_typesupport_introspection_cpp.so
-- Set non-toolchain portion of runtime path of "/home/kllemo/ros2_ws/install/rrm_msgs/lib/librrm_msgs__rosidl_typesupport_introspection_cpp.so" to ""
-- Installing: /home/kllemo/ros2_ws/install/rrm_msgs/lib/librrm_msgs__rosidl_typesupport_cpp.so
-- Set non-toolchain portion of runtime path of "/home/kllemo/ros2_ws/install/rrm_msgs/lib/librrm_msgs__rosidl_typesupport_cpp.so" to ""
Listing '/home/kllemo/ros2_ws/install/rrm_msgs/lib/python3.12/site-packages/rrm_msgs'...
Compiling '/home/kllemo/ros2_ws/install/rrm_msgs/lib/python3.12/site-packages/rrm_msgs/__init__.py'...
Listing '/home/kllemo/ros2_ws/install/rrm_msgs/lib/python3.12/site-packages/rrm_msgs/msg'...
Compiling '/home/kllemo/ros2_ws/install/rrm_msgs/lib/python3.12/site-packages/rrm_msgs/msg/__init__.py'...
Compiling '/home/kllemo/ros2_ws/install/rrm_msgs/lib/python3.12/site-packages/rrm_msgs/msg/_command.py'...
Listing '/home/kllemo/ros2_ws/install/rrm_msgs/lib/python3.12/site-packages/rrm_msgs/srv'...
Compiling '/home/kllemo/ros2_ws/install/rrm_msgs/lib/python3.12/site-packages/rrm_msgs/srv/__init__.py'...
Compiling '/home/kllemo/ros2_ws/install/rrm_msgs/lib/python3.12/site-packages/rrm_msgs/srv/_command.py'...
-- Installing: /home/kllemo/ros2_ws/install/rrm_msgs/lib/librrm_msgs__rosidl_generator_py.so
-- Set non-toolchain portion of runtime path of "/home/kllemo/ros2_ws/install/rrm_msgs/lib/librrm_msgs__rosidl_generator_py.so" to ""
-- Installing: /home/kllemo/ros2_ws/install/rrm_msgs/share/rrm_msgs/cmake/export_rrm_msgs__rosidl_generator_cExport.cmake
-- Installing: /home/kllemo/ros2_ws/install/rrm_msgs/share/rrm_msgs/cmake/export_rrm_msgs__rosidl_generator_cExport-noconfig.cmake
-- Installing: /home/kllemo/ros2_ws/install/rrm_msgs/share/rrm_msgs/cmake/export_rrm_msgs__rosidl_typesupport_fastrtps_cExport.cmake
-- Installing: /home/kllemo/ros2_ws/install/rrm_msgs/share/rrm_msgs/cmake/export_rrm_msgs__rosidl_typesupport_fastrtps_cExport-noconfig.cmake
-- Installing: /home/kllemo/ros2_ws/install/rrm_msgs/share/rrm_msgs/cmake/rrm_msgs__rosidl_typesupport_introspection_cExport.cmake
-- Installing: /home/kllemo/ros2_ws/install/rrm_msgs/share/rrm_msgs/cmake/rrm_msgs__rosidl_typesupport_introspection_cExport-noconfig.cmake
-- Installing: /home/kllemo/ros2_ws/install/rrm_msgs/share/rrm_msgs/cmake/rrm_msgs__rosidl_typesupport_cExport.cmake
-- Installing: /home/kllemo/ros2_ws/install/rrm_msgs/share/rrm_msgs/cmake/rrm_msgs__rosidl_typesupport_cExport-noconfig.cmake
-- Installing: /home/kllemo/ros2_ws/install/rrm_msgs/share/rrm_msgs/cmake/export_rrm_msgs__rosidl_generator_cppExport.cmake
-- Installing: /home/kllemo/ros2_ws/install/rrm_msgs/share/rrm_msgs/cmake/export_rrm_msgs__rosidl_typesupport_fastrtps_cppExport.cmake
-- Installing: /home/kllemo/ros2_ws/install/rrm_msgs/share/rrm_msgs/cmake/export_rrm_msgs__rosidl_typesupport_fastrtps_cppExport-noconfig.cmake
-- Installing: /home/kllemo/ros2_ws/install/rrm_msgs/share/rrm_msgs/cmake/rrm_msgs__rosidl_typesupport_introspection_cppExport.cmake
-- Installing: /home/kllemo/ros2_ws/install/rrm_msgs/share/rrm_msgs/cmake/rrm_msgs__rosidl_typesupport_introspection_cppExport-noconfig.cmake
-- Installing: /home/kllemo/ros2_ws/install/rrm_msgs/share/rrm_msgs/cmake/rrm_msgs__rosidl_typesupport_cppExport.cmake
-- Installing: /home/kllemo/ros2_ws/install/rrm_msgs/share/rrm_msgs/cmake/rrm_msgs__rosidl_typesupport_cppExport-noconfig.cmake
-- Installing: /home/kllemo/ros2_ws/install/rrm_msgs/share/rrm_msgs/cmake/export_rrm_msgs__rosidl_generator_pyExport.cmake
-- Installing: /home/kllemo/ros2_ws/install/rrm_msgs/share/rrm_msgs/cmake/export_rrm_msgs__rosidl_generator_pyExport-noconfig.cmake
