[0.027s] Invoking command in '/home/kllemo/ros2_ws/build/rrm_msgs': CMAKE_PREFIX_PATH=${CMAKE_PREFIX_PATH}:/opt/ros/jazzy DEBUGINFOD_URLS=https://debuginfod.ubuntu.com /usr/bin/cmake /home/kllemo/ros2_ws/src/cvicenie_2/rrm_msgs -DAMENT_CMAKE_SYMLINK_INSTALL=1 -DCMAKE_INSTALL_PREFIX=/home/kllemo/ros2_ws/install/rrm_msgs
[0.123s] -- The C compiler identification is GNU 13.3.0
[0.223s] -- The CXX compiler identification is GNU 13.3.0
[0.253s] -- Detecting C compiler ABI info
[0.397s] -- Detecting C compiler ABI info - done
[0.433s] -- Check for working C compiler: /usr/bin/cc - skipped
[0.434s] -- Detecting C compile features
[0.435s] -- Detecting C compile features - done
[0.454s] -- Detecting CXX compiler ABI info
[0.619s] -- Detecting CXX compiler ABI info - done
[0.639s] -- Check for working CXX compiler: /usr/bin/c++ - skipped
[0.639s] -- Detecting CXX compile features
[0.640s] -- Detecting CXX compile features - done
[0.645s] -- Found ament_cmake: 2.5.5 (/opt/ros/jazzy/share/ament_cmake/cmake)
[0.925s] -- Found Python3: /usr/bin/python3 (found version "3.12.3") found components: Interpreter 
[1.090s] -- Override CMake install command with custom implementation using symlinks instead of copying resources
[1.167s] -- Found rosidl_default_generators: 1.6.0 (/opt/ros/jazzy/share/rosidl_default_generators/cmake)
[1.177s] -- Using all available rosidl_typesupport_c: rosidl_typesupport_fastrtps_c;rosidl_typesupport_introspection_c
[1.297s] -- Using all available rosidl_typesupport_cpp: rosidl_typesupport_fastrtps_cpp;rosidl_typesupport_introspection_cpp
[1.399s] -- Found rosidl_adapter: 4.6.7 (/opt/ros/jazzy/share/rosidl_adapter/cmake)
[2.833s] -- Found ament_cmake_ros: 0.12.0 (/opt/ros/jazzy/share/ament_cmake_ros/cmake)
[3.735s] -- Using all available rosidl_typesupport_c: rosidl_typesupport_fastrtps_c;rosidl_typesupport_introspection_c
[4.994s] -- Using all available rosidl_typesupport_cpp: rosidl_typesupport_fastrtps_cpp;rosidl_typesupport_introspection_cpp
[5.003s] -- Found python_cmake_module: 0.11.1 (/opt/ros/jazzy/share/python_cmake_module/cmake)
[5.302s] -- Found PythonExtra: /usr/bin/python3  
[6.250s] -- Found Python3: /usr/bin/python3 (found version "3.12.3") found components: Interpreter Development NumPy Development.Module Development.Embed 
[6.327s] -- Found ament_lint_auto: 0.17.4 (/opt/ros/jazzy/share/ament_lint_auto/cmake)
[6.370s] -- Added test 'copyright' to check source files copyright and LICENSE
[6.373s] -- Added test 'lint_cmake' to check CMake code style
[6.375s] -- Added test 'xmllint' to check XML markup files
[6.382s] -- Configuring done (6.3s)
[6.463s] -- Generating done (0.1s)
[6.493s] -- Build files have been written to: /home/kllemo/ros2_ws/build/rrm_msgs
[6.520s] Invoked command in '/home/kllemo/ros2_ws/build/rrm_msgs' returned '0': CMAKE_PREFIX_PATH=${CMAKE_PREFIX_PATH}:/opt/ros/jazzy DEBUGINFOD_URLS=https://debuginfod.ubuntu.com /usr/bin/cmake /home/kllemo/ros2_ws/src/cvicenie_2/rrm_msgs -DAMENT_CMAKE_SYMLINK_INSTALL=1 -DCMAKE_INSTALL_PREFIX=/home/kllemo/ros2_ws/install/rrm_msgs
[6.523s] Invoking command in '/home/kllemo/ros2_ws/build/rrm_msgs': CMAKE_PREFIX_PATH=${CMAKE_PREFIX_PATH}:/opt/ros/jazzy DEBUGINFOD_URLS=https://debuginfod.ubuntu.com /usr/bin/cmake --build /home/kllemo/ros2_ws/build/rrm_msgs -- -j16 -l16
[6.635s] [  2%] [34m[1mGenerating type hashes for ROS interfaces[0m
[6.649s] [  2%] Built target ament_cmake_python_symlink_rrm_msgs
[7.104s] [  2%] Built target rrm_msgs__rosidl_generator_type_description
[7.122s] [  4%] [34m[1mGenerating C code for ROS interfaces[0m
[7.125s] running egg_info
[7.126s] creating rrm_msgs.egg-info
[7.140s] [  6%] [34m[1mGenerating C++ code for ROS interfaces[0m
[7.168s] writing rrm_msgs.egg-info/PKG-INFO
[7.169s] writing dependency_links to rrm_msgs.egg-info/dependency_links.txt
[7.169s] writing top-level names to rrm_msgs.egg-info/top_level.txt
[7.169s] writing manifest file 'rrm_msgs.egg-info/SOURCES.txt'
[7.291s] reading manifest file 'rrm_msgs.egg-info/SOURCES.txt'
[7.292s] writing manifest file 'rrm_msgs.egg-info/SOURCES.txt'
[7.343s] [  6%] Built target ament_cmake_python_build_rrm_msgs_egg
[7.798s] [  6%] Built target rrm_msgs__cpp
[7.895s] [  9%] [32mBuilding C object CMakeFiles/rrm_msgs__rosidl_generator_c.dir/rosidl_generator_c/rrm_msgs/msg/detail/command__functions.c.o[0m
[7.896s] [ 11%] [32mBuilding C object CMakeFiles/rrm_msgs__rosidl_generator_c.dir/rosidl_generator_c/rrm_msgs/srv/detail/command__functions.c.o[0m
[7.897s] [ 13%] [32mBuilding C object CMakeFiles/rrm_msgs__rosidl_generator_c.dir/rosidl_generator_c/rrm_msgs/srv/detail/command__type_support.c.o[0m
[7.897s] [ 15%] [32mBuilding C object CMakeFiles/rrm_msgs__rosidl_generator_c.dir/rosidl_generator_c/rrm_msgs/srv/detail/command__description.c.o[0m
[7.899s] [ 18%] [32mBuilding C object CMakeFiles/rrm_msgs__rosidl_generator_c.dir/rosidl_generator_c/rrm_msgs/msg/detail/command__description.c.o[0m
[7.899s] [ 20%] [32mBuilding C object CMakeFiles/rrm_msgs__rosidl_generator_c.dir/rosidl_generator_c/rrm_msgs/msg/detail/command__type_support.c.o[0m
[8.072s] [ 22%] [32m[1mLinking C shared library librrm_msgs__rosidl_generator_c.so[0m
[8.143s] [ 22%] Built target rrm_msgs__rosidl_generator_c
[8.162s] [ 25%] [34m[1mGenerating C type support for eProsima Fast-RTPS[0m
[8.163s] [ 29%] [34m[1mGenerating C++ type support dispatch for ROS interfaces[0m
[8.163s] [ 29%] [34m[1mGenerating C type support dispatch for ROS interfaces[0m
[8.163s] [ 31%] [34m[1mGenerating C introspection for ROS interfaces[0m
[8.163s] [ 34%] [34m[1mGenerating C++ type support for eProsima Fast-RTPS[0m
[8.167s] [ 36%] [34m[1mGenerating C++ introspection for ROS interfaces[0m
[8.885s] [ 38%] [32mBuilding CXX object CMakeFiles/rrm_msgs__rosidl_typesupport_cpp.dir/rosidl_typesupport_cpp/rrm_msgs/srv/command__type_support.cpp.o[0m
[8.886s] [ 40%] [32mBuilding CXX object CMakeFiles/rrm_msgs__rosidl_typesupport_cpp.dir/rosidl_typesupport_cpp/rrm_msgs/msg/command__type_support.cpp.o[0m
[8.992s] [ 43%] [32mBuilding CXX object CMakeFiles/rrm_msgs__rosidl_typesupport_c.dir/rosidl_typesupport_c/rrm_msgs/msg/command__type_support.cpp.o[0m
[9.014s] [ 45%] [32mBuilding CXX object CMakeFiles/rrm_msgs__rosidl_typesupport_c.dir/rosidl_typesupport_c/rrm_msgs/srv/command__type_support.cpp.o[0m
[9.021s] [ 47%] [32mBuilding CXX object CMakeFiles/rrm_msgs__rosidl_typesupport_introspection_cpp.dir/rosidl_typesupport_introspection_cpp/rrm_msgs/msg/detail/command__type_support.cpp.o[0m
[9.034s] [ 50%] [32mBuilding CXX object CMakeFiles/rrm_msgs__rosidl_typesupport_introspection_cpp.dir/rosidl_typesupport_introspection_cpp/rrm_msgs/srv/detail/command__type_support.cpp.o[0m
[9.119s] [ 52%] [32mBuilding C object CMakeFiles/rrm_msgs__rosidl_typesupport_introspection_c.dir/rosidl_typesupport_introspection_c/rrm_msgs/srv/detail/command__type_support.c.o[0m
[9.121s] [ 54%] [32mBuilding C object CMakeFiles/rrm_msgs__rosidl_typesupport_introspection_c.dir/rosidl_typesupport_introspection_c/rrm_msgs/msg/detail/command__type_support.c.o[0m
[9.169s] [ 56%] [32m[1mLinking CXX shared library librrm_msgs__rosidl_typesupport_c.so[0m
[9.290s] [ 56%] Built target rrm_msgs__rosidl_typesupport_c
[9.319s] [ 59%] [32m[1mLinking C shared library librrm_msgs__rosidl_typesupport_introspection_c.so[0m
[9.414s] [ 61%] [32mBuilding CXX object CMakeFiles/rrm_msgs__rosidl_typesupport_fastrtps_cpp.dir/rosidl_typesupport_fastrtps_cpp/rrm_msgs/srv/detail/dds_fastrtps/command__type_support.cpp.o[0m
[9.415s] [ 63%] [32mBuilding CXX object CMakeFiles/rrm_msgs__rosidl_typesupport_fastrtps_cpp.dir/rosidl_typesupport_fastrtps_cpp/rrm_msgs/msg/detail/dds_fastrtps/command__type_support.cpp.o[0m
[9.423s] [ 63%] Built target rrm_msgs__rosidl_typesupport_introspection_c
[9.480s] [ 65%] [32mBuilding CXX object CMakeFiles/rrm_msgs__rosidl_typesupport_fastrtps_c.dir/rosidl_typesupport_fastrtps_c/rrm_msgs/srv/detail/command__type_support_c.cpp.o[0m
[9.509s] [ 68%] [32mBuilding CXX object CMakeFiles/rrm_msgs__rosidl_typesupport_fastrtps_c.dir/rosidl_typesupport_fastrtps_c/rrm_msgs/msg/detail/command__type_support_c.cpp.o[0m
[10.349s] [ 70%] [32m[1mLinking CXX shared library librrm_msgs__rosidl_typesupport_cpp.so[0m
[10.768s] [ 72%] [32m[1mLinking CXX shared library librrm_msgs__rosidl_typesupport_introspection_cpp.so[0m
[10.806s] [ 72%] Built target rrm_msgs__rosidl_typesupport_cpp
[11.145s] [ 72%] Built target rrm_msgs__rosidl_typesupport_introspection_cpp
[11.512s] [ 75%] [32m[1mLinking CXX shared library librrm_msgs__rosidl_typesupport_fastrtps_c.so[0m
[11.802s] [ 75%] Built target rrm_msgs__rosidl_typesupport_fastrtps_c
[12.065s] [ 77%] [32m[1mLinking CXX shared library librrm_msgs__rosidl_typesupport_fastrtps_cpp.so[0m
[12.329s] [ 77%] Built target rrm_msgs__rosidl_typesupport_fastrtps_cpp
[12.400s] [ 77%] Built target rrm_msgs
[12.467s] [ 79%] [34m[1mGenerating Python code for ROS interfaces[0m
[13.992s] [ 79%] Built target rrm_msgs__py
[14.043s] [ 81%] [32mBuilding C object CMakeFiles/rrm_msgs__rosidl_generator_py.dir/rosidl_generator_py/rrm_msgs/msg/_command_s.c.o[0m
[14.045s] [ 84%] [32mBuilding C object CMakeFiles/rrm_msgs__rosidl_generator_py.dir/rosidl_generator_py/rrm_msgs/srv/_command_s.c.o[0m
[14.462s] [ 86%] [32m[1mLinking C shared library librrm_msgs__rosidl_generator_py.so[0m
[14.571s] [ 86%] Built target rrm_msgs__rosidl_generator_py
[14.615s] [ 88%] [32mBuilding C object CMakeFiles/rrm_msgs_s__rosidl_typesupport_c.dir/rosidl_generator_py/rrm_msgs/_rrm_msgs_s.ep.rosidl_typesupport_c.c.o[0m
[14.619s] [ 93%] [32mBuilding C object CMakeFiles/rrm_msgs_s__rosidl_typesupport_introspection_c.dir/rosidl_generator_py/rrm_msgs/_rrm_msgs_s.ep.rosidl_typesupport_introspection_c.c.o[0m
[14.619s] [ 93%] [32mBuilding C object CMakeFiles/rrm_msgs_s__rosidl_typesupport_fastrtps_c.dir/rosidl_generator_py/rrm_msgs/_rrm_msgs_s.ep.rosidl_typesupport_fastrtps_c.c.o[0m
[14.880s] [ 95%] [32m[1mLinking C shared module rosidl_generator_py/rrm_msgs/rrm_msgs_s__rosidl_typesupport_introspection_c.so[0m
[14.891s] [ 97%] [32m[1mLinking C shared module rosidl_generator_py/rrm_msgs/rrm_msgs_s__rosidl_typesupport_c.so[0m
[14.945s] [100%] [32m[1mLinking C shared module rosidl_generator_py/rrm_msgs/rrm_msgs_s__rosidl_typesupport_fastrtps_c.so[0m
[14.945s] [100%] Built target rrm_msgs_s__rosidl_typesupport_introspection_c
[14.948s] [100%] Built target rrm_msgs_s__rosidl_typesupport_c
[15.007s] [100%] Built target rrm_msgs_s__rosidl_typesupport_fastrtps_c
[15.028s] Invoked command in '/home/kllemo/ros2_ws/build/rrm_msgs' returned '0': CMAKE_PREFIX_PATH=${CMAKE_PREFIX_PATH}:/opt/ros/jazzy DEBUGINFOD_URLS=https://debuginfod.ubuntu.com /usr/bin/cmake --build /home/kllemo/ros2_ws/build/rrm_msgs -- -j16 -l16
[15.030s] Invoking command in '/home/kllemo/ros2_ws/build/rrm_msgs': CMAKE_PREFIX_PATH=${CMAKE_PREFIX_PATH}:/opt/ros/jazzy DEBUGINFOD_URLS=https://debuginfod.ubuntu.com /usr/bin/cmake --install /home/kllemo/ros2_ws/build/rrm_msgs
[15.047s] -- Install configuration: ""
[15.048s] -- Execute custom install script
[15.049s] -- Symlinking: /home/kllemo/ros2_ws/install/rrm_msgs/share/ament_index/resource_index/rosidl_interfaces/rrm_msgs
[15.069s] -- Symlinking: /home/kllemo/ros2_ws/install/rrm_msgs/share/rrm_msgs/msg/Command.json
[15.089s] -- Symlinking: /home/kllemo/ros2_ws/install/rrm_msgs/share/rrm_msgs/srv/Command.json
[15.112s] -- Symlinking: /home/kllemo/ros2_ws/install/rrm_msgs/include/rrm_msgs/rrm_msgs/msg/command.h
[15.130s] -- Symlinking: /home/kllemo/ros2_ws/install/rrm_msgs/include/rrm_msgs/rrm_msgs/msg/detail/command__functions.h
[15.147s] -- Symlinking: /home/kllemo/ros2_ws/install/rrm_msgs/include/rrm_msgs/rrm_msgs/msg/detail/command__struct.h
[15.165s] -- Symlinking: /home/kllemo/ros2_ws/install/rrm_msgs/include/rrm_msgs/rrm_msgs/msg/detail/command__type_support.h
[15.183s] -- Symlinking: /home/kllemo/ros2_ws/install/rrm_msgs/include/rrm_msgs/rrm_msgs/msg/rosidl_generator_c__visibility_control.h
[15.203s] -- Symlinking: /home/kllemo/ros2_ws/install/rrm_msgs/include/rrm_msgs/rrm_msgs/srv/command.h
[15.223s] -- Symlinking: /home/kllemo/ros2_ws/install/rrm_msgs/include/rrm_msgs/rrm_msgs/srv/detail/command__functions.h
[15.241s] -- Symlinking: /home/kllemo/ros2_ws/install/rrm_msgs/include/rrm_msgs/rrm_msgs/srv/detail/command__struct.h
[15.260s] -- Symlinking: /home/kllemo/ros2_ws/install/rrm_msgs/include/rrm_msgs/rrm_msgs/srv/detail/command__type_support.h
[15.276s] -- Symlinking: /home/kllemo/ros2_ws/install/rrm_msgs/share/rrm_msgs/environment/library_path.sh
[15.294s] -- Symlinking: /home/kllemo/ros2_ws/install/rrm_msgs/share/rrm_msgs/environment/library_path.dsv
[15.315s] -- Symlinking: /home/kllemo/ros2_ws/install/rrm_msgs/include/rrm_msgs/rrm_msgs/msg/detail/command__rosidl_typesupport_fastrtps_c.h
[15.334s] -- Symlinking: /home/kllemo/ros2_ws/install/rrm_msgs/include/rrm_msgs/rrm_msgs/msg/rosidl_typesupport_fastrtps_c__visibility_control.h
[15.351s] -- Symlinking: /home/kllemo/ros2_ws/install/rrm_msgs/include/rrm_msgs/rrm_msgs/srv/detail/command__rosidl_typesupport_fastrtps_c.h
[15.373s] -- Symlinking: /home/kllemo/ros2_ws/install/rrm_msgs/include/rrm_msgs/rrm_msgs/msg/detail/command__rosidl_typesupport_introspection_c.h
[15.389s] -- Symlinking: /home/kllemo/ros2_ws/install/rrm_msgs/include/rrm_msgs/rrm_msgs/msg/rosidl_typesupport_introspection_c__visibility_control.h
[15.404s] -- Symlinking: /home/kllemo/ros2_ws/install/rrm_msgs/include/rrm_msgs/rrm_msgs/srv/detail/command__rosidl_typesupport_introspection_c.h
[15.423s] -- Symlinking: /home/kllemo/ros2_ws/install/rrm_msgs/include/rrm_msgs/rrm_msgs/msg/command.hpp
[15.439s] -- Symlinking: /home/kllemo/ros2_ws/install/rrm_msgs/include/rrm_msgs/rrm_msgs/msg/detail/command__builder.hpp
[15.455s] -- Symlinking: /home/kllemo/ros2_ws/install/rrm_msgs/include/rrm_msgs/rrm_msgs/msg/detail/command__struct.hpp
[15.475s] -- Symlinking: /home/kllemo/ros2_ws/install/rrm_msgs/include/rrm_msgs/rrm_msgs/msg/detail/command__traits.hpp
[15.495s] -- Symlinking: /home/kllemo/ros2_ws/install/rrm_msgs/include/rrm_msgs/rrm_msgs/msg/detail/command__type_support.hpp
[15.511s] -- Symlinking: /home/kllemo/ros2_ws/install/rrm_msgs/include/rrm_msgs/rrm_msgs/msg/rosidl_generator_cpp__visibility_control.hpp
[15.529s] -- Symlinking: /home/kllemo/ros2_ws/install/rrm_msgs/include/rrm_msgs/rrm_msgs/srv/command.hpp
[15.548s] -- Symlinking: /home/kllemo/ros2_ws/install/rrm_msgs/include/rrm_msgs/rrm_msgs/srv/detail/command__builder.hpp
[15.564s] -- Symlinking: /home/kllemo/ros2_ws/install/rrm_msgs/include/rrm_msgs/rrm_msgs/srv/detail/command__struct.hpp
[15.580s] -- Symlinking: /home/kllemo/ros2_ws/install/rrm_msgs/include/rrm_msgs/rrm_msgs/srv/detail/command__traits.hpp
[15.597s] -- Symlinking: /home/kllemo/ros2_ws/install/rrm_msgs/include/rrm_msgs/rrm_msgs/srv/detail/command__type_support.hpp
[15.615s] -- Symlinking: /home/kllemo/ros2_ws/install/rrm_msgs/include/rrm_msgs/rrm_msgs/msg/detail/command__rosidl_typesupport_fastrtps_cpp.hpp
[15.631s] -- Symlinking: /home/kllemo/ros2_ws/install/rrm_msgs/include/rrm_msgs/rrm_msgs/msg/rosidl_typesupport_fastrtps_cpp__visibility_control.h
[15.649s] -- Symlinking: /home/kllemo/ros2_ws/install/rrm_msgs/include/rrm_msgs/rrm_msgs/srv/detail/command__rosidl_typesupport_fastrtps_cpp.hpp
[15.666s] -- Symlinking: /home/kllemo/ros2_ws/install/rrm_msgs/include/rrm_msgs/rrm_msgs/msg/detail/command__rosidl_typesupport_introspection_cpp.hpp
[15.683s] -- Symlinking: /home/kllemo/ros2_ws/install/rrm_msgs/include/rrm_msgs/rrm_msgs/srv/detail/command__rosidl_typesupport_introspection_cpp.hpp
[15.704s] -- Symlinking: /home/kllemo/ros2_ws/install/rrm_msgs/share/rrm_msgs/environment/pythonpath.sh
[15.722s] -- Symlinking: /home/kllemo/ros2_ws/install/rrm_msgs/share/rrm_msgs/environment/pythonpath.dsv
[15.748s] -- Symlinking: /home/kllemo/ros2_ws/install/rrm_msgs/lib/python3.12/site-packages/rrm_msgs-0.0.0-py3.12.egg-info/PKG-INFO
[15.766s] -- Symlinking: /home/kllemo/ros2_ws/install/rrm_msgs/lib/python3.12/site-packages/rrm_msgs-0.0.0-py3.12.egg-info/SOURCES.txt
[15.782s] -- Symlinking: /home/kllemo/ros2_ws/install/rrm_msgs/lib/python3.12/site-packages/rrm_msgs-0.0.0-py3.12.egg-info/dependency_links.txt
[15.804s] -- Symlinking: /home/kllemo/ros2_ws/install/rrm_msgs/lib/python3.12/site-packages/rrm_msgs-0.0.0-py3.12.egg-info/top_level.txt
[15.828s] -- Symlinking: /home/kllemo/ros2_ws/install/rrm_msgs/lib/python3.12/site-packages/rrm_msgs/__init__.py
[15.846s] -- Symlinking: /home/kllemo/ros2_ws/install/rrm_msgs/lib/python3.12/site-packages/rrm_msgs/_rrm_msgs_s.ep.rosidl_typesupport_c.c
[15.865s] -- Symlinking: /home/kllemo/ros2_ws/install/rrm_msgs/lib/python3.12/site-packages/rrm_msgs/_rrm_msgs_s.ep.rosidl_typesupport_fastrtps_c.c
[15.883s] -- Symlinking: /home/kllemo/ros2_ws/install/rrm_msgs/lib/python3.12/site-packages/rrm_msgs/_rrm_msgs_s.ep.rosidl_typesupport_introspection_c.c
[15.900s] -- Symlinking: /home/kllemo/ros2_ws/install/rrm_msgs/lib/python3.12/site-packages/rrm_msgs/msg/__init__.py
[15.921s] -- Symlinking: /home/kllemo/ros2_ws/install/rrm_msgs/lib/python3.12/site-packages/rrm_msgs/msg/_command.py
[15.944s] -- Symlinking: /home/kllemo/ros2_ws/install/rrm_msgs/lib/python3.12/site-packages/rrm_msgs/msg/_command_s.c
[15.966s] -- Symlinking: /home/kllemo/ros2_ws/install/rrm_msgs/lib/python3.12/site-packages/rrm_msgs/rrm_msgs_s__rosidl_typesupport_c.so
[15.989s] -- Symlinking: /home/kllemo/ros2_ws/install/rrm_msgs/lib/python3.12/site-packages/rrm_msgs/rrm_msgs_s__rosidl_typesupport_fastrtps_c.so
[16.005s] -- Symlinking: /home/kllemo/ros2_ws/install/rrm_msgs/lib/python3.12/site-packages/rrm_msgs/rrm_msgs_s__rosidl_typesupport_introspection_c.so
[16.025s] -- Symlinking: /home/kllemo/ros2_ws/install/rrm_msgs/lib/python3.12/site-packages/rrm_msgs/srv/__init__.py
[16.043s] -- Symlinking: /home/kllemo/ros2_ws/install/rrm_msgs/lib/python3.12/site-packages/rrm_msgs/srv/_command.py
[16.059s] -- Symlinking: /home/kllemo/ros2_ws/install/rrm_msgs/lib/python3.12/site-packages/rrm_msgs/srv/_command_s.c
[16.075s] -- Up-to-date symlink: /home/kllemo/ros2_ws/install/rrm_msgs/lib/python3.12/site-packages/rrm_msgs/rrm_msgs_s__rosidl_typesupport_fastrtps_c.so
[16.076s] -- Up-to-date symlink: /home/kllemo/ros2_ws/install/rrm_msgs/lib/python3.12/site-packages/rrm_msgs/rrm_msgs_s__rosidl_typesupport_introspection_c.so
[16.076s] -- Up-to-date symlink: /home/kllemo/ros2_ws/install/rrm_msgs/lib/python3.12/site-packages/rrm_msgs/rrm_msgs_s__rosidl_typesupport_c.so
[16.077s] -- Symlinking: /home/kllemo/ros2_ws/install/rrm_msgs/share/rrm_msgs/msg/Command.idl
[16.094s] -- Symlinking: /home/kllemo/ros2_ws/install/rrm_msgs/share/rrm_msgs/srv/Command.idl
[16.115s] -- Symlinking: /home/kllemo/ros2_ws/install/rrm_msgs/share/rrm_msgs/msg/Command.msg
[16.137s] -- Symlinking: /home/kllemo/ros2_ws/install/rrm_msgs/share/rrm_msgs/srv/Command.srv
[16.157s] -- Symlinking: /home/kllemo/ros2_ws/install/rrm_msgs/share/ament_index/resource_index/package_run_dependencies/rrm_msgs
[16.175s] -- Symlinking: /home/kllemo/ros2_ws/install/rrm_msgs/share/ament_index/resource_index/parent_prefix_path/rrm_msgs
[16.192s] -- Symlinking: /home/kllemo/ros2_ws/install/rrm_msgs/share/rrm_msgs/environment/ament_prefix_path.sh
[16.210s] -- Symlinking: /home/kllemo/ros2_ws/install/rrm_msgs/share/rrm_msgs/environment/ament_prefix_path.dsv
[16.227s] -- Symlinking: /home/kllemo/ros2_ws/install/rrm_msgs/share/rrm_msgs/environment/path.sh
[16.248s] -- Symlinking: /home/kllemo/ros2_ws/install/rrm_msgs/share/rrm_msgs/environment/path.dsv
[16.268s] -- Symlinking: /home/kllemo/ros2_ws/install/rrm_msgs/share/rrm_msgs/local_setup.bash
[16.289s] -- Symlinking: /home/kllemo/ros2_ws/install/rrm_msgs/share/rrm_msgs/local_setup.sh
[16.316s] -- Symlinking: /home/kllemo/ros2_ws/install/rrm_msgs/share/rrm_msgs/local_setup.zsh
[16.344s] -- Symlinking: /home/kllemo/ros2_ws/install/rrm_msgs/share/rrm_msgs/local_setup.dsv
[16.369s] -- Symlinking: /home/kllemo/ros2_ws/install/rrm_msgs/share/rrm_msgs/package.dsv
[16.393s] -- Symlinking: /home/kllemo/ros2_ws/install/rrm_msgs/share/ament_index/resource_index/packages/rrm_msgs
[16.414s] -- Symlinking: /home/kllemo/ros2_ws/install/rrm_msgs/share/rrm_msgs/cmake/rosidl_cmake-extras.cmake
[16.437s] -- Symlinking: /home/kllemo/ros2_ws/install/rrm_msgs/share/rrm_msgs/cmake/ament_cmake_export_dependencies-extras.cmake
[16.464s] -- Symlinking: /home/kllemo/ros2_ws/install/rrm_msgs/share/rrm_msgs/cmake/ament_cmake_export_include_directories-extras.cmake
[16.485s] -- Symlinking: /home/kllemo/ros2_ws/install/rrm_msgs/share/rrm_msgs/cmake/ament_cmake_export_libraries-extras.cmake
[16.504s] -- Symlinking: /home/kllemo/ros2_ws/install/rrm_msgs/share/rrm_msgs/cmake/ament_cmake_export_targets-extras.cmake
[16.522s] -- Symlinking: /home/kllemo/ros2_ws/install/rrm_msgs/share/rrm_msgs/cmake/rosidl_cmake_export_typesupport_targets-extras.cmake
[16.540s] -- Symlinking: /home/kllemo/ros2_ws/install/rrm_msgs/share/rrm_msgs/cmake/rosidl_cmake_export_typesupport_libraries-extras.cmake
[16.557s] -- Symlinking: /home/kllemo/ros2_ws/install/rrm_msgs/share/rrm_msgs/cmake/rrm_msgsConfig.cmake
[16.576s] -- Symlinking: /home/kllemo/ros2_ws/install/rrm_msgs/share/rrm_msgs/cmake/rrm_msgsConfig-version.cmake
[16.607s] -- Symlinking: /home/kllemo/ros2_ws/install/rrm_msgs/share/rrm_msgs/package.xml
[16.629s] -- Installing: /home/kllemo/ros2_ws/install/rrm_msgs/lib/librrm_msgs__rosidl_generator_c.so
[16.630s] -- Set non-toolchain portion of runtime path of "/home/kllemo/ros2_ws/install/rrm_msgs/lib/librrm_msgs__rosidl_generator_c.so" to ""
[16.630s] -- Installing: /home/kllemo/ros2_ws/install/rrm_msgs/lib/librrm_msgs__rosidl_typesupport_fastrtps_c.so
[16.631s] -- Set non-toolchain portion of runtime path of "/home/kllemo/ros2_ws/install/rrm_msgs/lib/librrm_msgs__rosidl_typesupport_fastrtps_c.so" to ""
[16.631s] -- Installing: /home/kllemo/ros2_ws/install/rrm_msgs/lib/librrm_msgs__rosidl_typesupport_introspection_c.so
[16.632s] -- Set non-toolchain portion of runtime path of "/home/kllemo/ros2_ws/install/rrm_msgs/lib/librrm_msgs__rosidl_typesupport_introspection_c.so" to ""
[16.633s] -- Installing: /home/kllemo/ros2_ws/install/rrm_msgs/lib/librrm_msgs__rosidl_typesupport_c.so
[16.633s] -- Set non-toolchain portion of runtime path of "/home/kllemo/ros2_ws/install/rrm_msgs/lib/librrm_msgs__rosidl_typesupport_c.so" to ""
[16.633s] -- Installing: /home/kllemo/ros2_ws/install/rrm_msgs/lib/librrm_msgs__rosidl_typesupport_fastrtps_cpp.so
[16.635s] -- Set non-toolchain portion of runtime path of "/home/kllemo/ros2_ws/install/rrm_msgs/lib/librrm_msgs__rosidl_typesupport_fastrtps_cpp.so" to ""
[16.636s] -- Installing: /home/kllemo/ros2_ws/install/rrm_msgs/lib/librrm_msgs__rosidl_typesupport_introspection_cpp.so
[16.637s] -- Set non-toolchain portion of runtime path of "/home/kllemo/ros2_ws/install/rrm_msgs/lib/librrm_msgs__rosidl_typesupport_introspection_cpp.so" to ""
[16.637s] -- Installing: /home/kllemo/ros2_ws/install/rrm_msgs/lib/librrm_msgs__rosidl_typesupport_cpp.so
[16.637s] -- Set non-toolchain portion of runtime path of "/home/kllemo/ros2_ws/install/rrm_msgs/lib/librrm_msgs__rosidl_typesupport_cpp.so" to ""
[16.773s] Listing '/home/kllemo/ros2_ws/install/rrm_msgs/lib/python3.12/site-packages/rrm_msgs'...
[16.773s] Compiling '/home/kllemo/ros2_ws/install/rrm_msgs/lib/python3.12/site-packages/rrm_msgs/__init__.py'...
[16.773s] Listing '/home/kllemo/ros2_ws/install/rrm_msgs/lib/python3.12/site-packages/rrm_msgs/msg'...
[16.774s] Compiling '/home/kllemo/ros2_ws/install/rrm_msgs/lib/python3.12/site-packages/rrm_msgs/msg/__init__.py'...
[16.774s] Compiling '/home/kllemo/ros2_ws/install/rrm_msgs/lib/python3.12/site-packages/rrm_msgs/msg/_command.py'...
[16.774s] Listing '/home/kllemo/ros2_ws/install/rrm_msgs/lib/python3.12/site-packages/rrm_msgs/srv'...
[16.775s] Compiling '/home/kllemo/ros2_ws/install/rrm_msgs/lib/python3.12/site-packages/rrm_msgs/srv/__init__.py'...
[16.775s] Compiling '/home/kllemo/ros2_ws/install/rrm_msgs/lib/python3.12/site-packages/rrm_msgs/srv/_command.py'...
[16.787s] -- Installing: /home/kllemo/ros2_ws/install/rrm_msgs/lib/librrm_msgs__rosidl_generator_py.so
[16.790s] -- Set non-toolchain portion of runtime path of "/home/kllemo/ros2_ws/install/rrm_msgs/lib/librrm_msgs__rosidl_generator_py.so" to ""
[16.791s] -- Installing: /home/kllemo/ros2_ws/install/rrm_msgs/share/rrm_msgs/cmake/export_rrm_msgs__rosidl_generator_cExport.cmake
[16.792s] -- Installing: /home/kllemo/ros2_ws/install/rrm_msgs/share/rrm_msgs/cmake/export_rrm_msgs__rosidl_generator_cExport-noconfig.cmake
[16.793s] -- Installing: /home/kllemo/ros2_ws/install/rrm_msgs/share/rrm_msgs/cmake/export_rrm_msgs__rosidl_typesupport_fastrtps_cExport.cmake
[16.793s] -- Installing: /home/kllemo/ros2_ws/install/rrm_msgs/share/rrm_msgs/cmake/export_rrm_msgs__rosidl_typesupport_fastrtps_cExport-noconfig.cmake
[16.794s] -- Installing: /home/kllemo/ros2_ws/install/rrm_msgs/share/rrm_msgs/cmake/rrm_msgs__rosidl_typesupport_introspection_cExport.cmake
[16.799s] -- Installing: /home/kllemo/ros2_ws/install/rrm_msgs/share/rrm_msgs/cmake/rrm_msgs__rosidl_typesupport_introspection_cExport-noconfig.cmake
[16.800s] -- Installing: /home/kllemo/ros2_ws/install/rrm_msgs/share/rrm_msgs/cmake/rrm_msgs__rosidl_typesupport_cExport.cmake
[16.800s] -- Installing: /home/kllemo/ros2_ws/install/rrm_msgs/share/rrm_msgs/cmake/rrm_msgs__rosidl_typesupport_cExport-noconfig.cmake
[16.800s] -- Installing: /home/kllemo/ros2_ws/install/rrm_msgs/share/rrm_msgs/cmake/export_rrm_msgs__rosidl_generator_cppExport.cmake
[16.801s] -- Installing: /home/kllemo/ros2_ws/install/rrm_msgs/share/rrm_msgs/cmake/export_rrm_msgs__rosidl_typesupport_fastrtps_cppExport.cmake
[16.801s] -- Installing: /home/kllemo/ros2_ws/install/rrm_msgs/share/rrm_msgs/cmake/export_rrm_msgs__rosidl_typesupport_fastrtps_cppExport-noconfig.cmake
[16.801s] -- Installing: /home/kllemo/ros2_ws/install/rrm_msgs/share/rrm_msgs/cmake/rrm_msgs__rosidl_typesupport_introspection_cppExport.cmake
[16.802s] -- Installing: /home/kllemo/ros2_ws/install/rrm_msgs/share/rrm_msgs/cmake/rrm_msgs__rosidl_typesupport_introspection_cppExport-noconfig.cmake
[16.802s] -- Installing: /home/kllemo/ros2_ws/install/rrm_msgs/share/rrm_msgs/cmake/rrm_msgs__rosidl_typesupport_cppExport.cmake
[16.802s] -- Installing: /home/kllemo/ros2_ws/install/rrm_msgs/share/rrm_msgs/cmake/rrm_msgs__rosidl_typesupport_cppExport-noconfig.cmake
[16.802s] -- Installing: /home/kllemo/ros2_ws/install/rrm_msgs/share/rrm_msgs/cmake/export_rrm_msgs__rosidl_generator_pyExport.cmake
[16.803s] -- Installing: /home/kllemo/ros2_ws/install/rrm_msgs/share/rrm_msgs/cmake/export_rrm_msgs__rosidl_generator_pyExport-noconfig.cmake
[16.811s] Invoked command in '/home/kllemo/ros2_ws/build/rrm_msgs' returned '0': CMAKE_PREFIX_PATH=${CMAKE_PREFIX_PATH}:/opt/ros/jazzy DEBUGINFOD_URLS=https://debuginfod.ubuntu.com /usr/bin/cmake --install /home/kllemo/ros2_ws/build/rrm_msgs
