[0.038s] Invoking command in '/home/kllemo/ros2_ws/build/block1_kleman': AMENT_PREFIX_PATH=/home/kllemo/ros2_ws/install/abb_model:/home/kllemo/ros2_ws/install/abb_irb4600_ikfast:${AMENT_PREFIX_PATH} CMAKE_PREFIX_PATH=/home/kllemo/ros2_ws/install/abb_model:/home/kllemo/ros2_ws/install/abb_irb4600_ikfast:/opt/ros/jazzy/opt/gz_math_vendor:/opt/ros/jazzy/opt/gz_utils_vendor:/opt/ros/jazzy/opt/gz_cmake_vendor:/opt/ros/jazzy DEBUGINFOD_URLS=https://debuginfod.ubuntu.com LD_LIBRARY_PATH=/home/kllemo/ros2_ws/install/abb_irb4600_ikfast/lib:${LD_LIBRARY_PATH} /usr/bin/cmake /home/kllemo/ros2_ws/src/block1_kleman -DAMENT_CMAKE_SYMLINK_INSTALL=1 -DCMAKE_INSTALL_PREFIX=/home/kllemo/ros2_ws/install/block1_kleman
[0.255s] -- The C compiler identification is GNU 13.3.0
[0.555s] -- The CXX compiler identification is GNU 13.3.0
[0.647s] -- Detecting C compiler ABI info
[0.968s] -- Detecting C compiler ABI info - done
[1.005s] -- Check for working C compiler: /usr/bin/cc - skipped
[1.006s] -- Detecting C compile features
[1.008s] -- Detecting C compile features - done
[1.039s] -- Detecting CXX compiler ABI info
[1.335s] -- Detecting CXX compiler ABI info - done
[1.373s] -- Check for working CXX compiler: /usr/bin/c++ - skipped
[1.373s] -- Detecting CXX compile features
[1.373s] -- Detecting CXX compile features - done
[1.378s] -- Found ament_cmake: 2.5.5 (/opt/ros/jazzy/share/ament_cmake/cmake)
[1.707s] -- Found Python3: /usr/bin/python3 (found version "3.12.3") found components: Interpreter 
[1.915s] -- Override CMake install command with custom implementation using symlinks instead of copying resources
[1.988s] -- Found rclcpp: 28.1.16 (/opt/ros/jazzy/share/rclcpp/cmake)
[2.092s] -- Found rosidl_generator_c: 4.6.7 (/opt/ros/jazzy/share/rosidl_generator_c/cmake)
[2.125s] -- Found rosidl_generator_cpp: 4.6.7 (/opt/ros/jazzy/share/rosidl_generator_cpp/cmake)
[2.164s] -- Using all available rosidl_typesupport_c: rosidl_typesupport_fastrtps_c;rosidl_typesupport_introspection_c
[2.208s] -- Using all available rosidl_typesupport_cpp: rosidl_typesupport_fastrtps_cpp;rosidl_typesupport_introspection_cpp
[2.412s] -- Found rmw_implementation_cmake: 7.3.3 (/opt/ros/jazzy/share/rmw_implementation_cmake/cmake)
[2.420s] -- Found rmw_fastrtps_cpp: 8.4.3 (/opt/ros/jazzy/share/rmw_fastrtps_cpp/cmake)
[2.626s] -- Found OpenSSL: /usr/lib/x86_64-linux-gnu/libcrypto.so (found version "3.0.13")  
[2.690s] -- Found FastRTPS: /opt/ros/jazzy/include (Required is at least version "2.13") 
[2.767s] -- Using RMW implementation 'rmw_fastrtps_cpp' as default
[3.041s] -- Found sensor_msgs: 5.3.6 (/opt/ros/jazzy/share/sensor_msgs/cmake)
[3.274s] -- Found visualization_msgs: 5.3.6 (/opt/ros/jazzy/share/visualization_msgs/cmake)
[3.391s] -- Found interactive_markers: 2.5.5 (/opt/ros/jazzy/share/interactive_markers/cmake)
[3.449s] -- Found abb_irb4600_ikfast: 0.0.0 (/home/kllemo/ros2_ws/install/abb_irb4600_ikfast/share/abb_irb4600_ikfast/cmake)
[3.705s] -- Configuring done (3.6s)
[3.762s] -- Generating done (0.0s)
[3.781s] -- Build files have been written to: /home/kllemo/ros2_ws/build/block1_kleman
[3.808s] Invoked command in '/home/kllemo/ros2_ws/build/block1_kleman' returned '0': AMENT_PREFIX_PATH=/home/kllemo/ros2_ws/install/abb_model:/home/kllemo/ros2_ws/install/abb_irb4600_ikfast:${AMENT_PREFIX_PATH} CMAKE_PREFIX_PATH=/home/kllemo/ros2_ws/install/abb_model:/home/kllemo/ros2_ws/install/abb_irb4600_ikfast:/opt/ros/jazzy/opt/gz_math_vendor:/opt/ros/jazzy/opt/gz_utils_vendor:/opt/ros/jazzy/opt/gz_cmake_vendor:/opt/ros/jazzy DEBUGINFOD_URLS=https://debuginfod.ubuntu.com LD_LIBRARY_PATH=/home/kllemo/ros2_ws/install/abb_irb4600_ikfast/lib:${LD_LIBRARY_PATH} /usr/bin/cmake /home/kllemo/ros2_ws/src/block1_kleman -DAMENT_CMAKE_SYMLINK_INSTALL=1 -DCMAKE_INSTALL_PREFIX=/home/kllemo/ros2_ws/install/block1_kleman
[3.810s] Invoking command in '/home/kllemo/ros2_ws/build/block1_kleman': AMENT_PREFIX_PATH=/home/kllemo/ros2_ws/install/abb_model:/home/kllemo/ros2_ws/install/abb_irb4600_ikfast:${AMENT_PREFIX_PATH} CMAKE_PREFIX_PATH=/home/kllemo/ros2_ws/install/abb_model:/home/kllemo/ros2_ws/install/abb_irb4600_ikfast:/opt/ros/jazzy/opt/gz_math_vendor:/opt/ros/jazzy/opt/gz_utils_vendor:/opt/ros/jazzy/opt/gz_cmake_vendor:/opt/ros/jazzy DEBUGINFOD_URLS=https://debuginfod.ubuntu.com LD_LIBRARY_PATH=/home/kllemo/ros2_ws/install/abb_irb4600_ikfast/lib:${LD_LIBRARY_PATH} /usr/bin/cmake --build /home/kllemo/ros2_ws/build/block1_kleman -- -j16 -l16
[3.920s] [ 25%] [32mBuilding CXX object CMakeFiles/model_spawner.dir/src/model_spawner.cpp.o[0m
[3.920s] [ 50%] [32mBuilding CXX object CMakeFiles/pose_teacher.dir/src/pose_teacher.cpp.o[0m
[15.073s] [ 75%] [32m[1mLinking CXX executable model_spawner[0m
[15.453s] [ 75%] Built target model_spawner
[21.013s] [100%] [32m[1mLinking CXX executable pose_teacher[0m
[21.522s] [100%] Built target pose_teacher
[21.541s] Invoked command in '/home/kllemo/ros2_ws/build/block1_kleman' returned '0': AMENT_PREFIX_PATH=/home/kllemo/ros2_ws/install/abb_model:/home/kllemo/ros2_ws/install/abb_irb4600_ikfast:${AMENT_PREFIX_PATH} CMAKE_PREFIX_PATH=/home/kllemo/ros2_ws/install/abb_model:/home/kllemo/ros2_ws/install/abb_irb4600_ikfast:/opt/ros/jazzy/opt/gz_math_vendor:/opt/ros/jazzy/opt/gz_utils_vendor:/opt/ros/jazzy/opt/gz_cmake_vendor:/opt/ros/jazzy DEBUGINFOD_URLS=https://debuginfod.ubuntu.com LD_LIBRARY_PATH=/home/kllemo/ros2_ws/install/abb_irb4600_ikfast/lib:${LD_LIBRARY_PATH} /usr/bin/cmake --build /home/kllemo/ros2_ws/build/block1_kleman -- -j16 -l16
[21.543s] Invoking command in '/home/kllemo/ros2_ws/build/block1_kleman': AMENT_PREFIX_PATH=/home/kllemo/ros2_ws/install/abb_model:/home/kllemo/ros2_ws/install/abb_irb4600_ikfast:${AMENT_PREFIX_PATH} CMAKE_PREFIX_PATH=/home/kllemo/ros2_ws/install/abb_model:/home/kllemo/ros2_ws/install/abb_irb4600_ikfast:/opt/ros/jazzy/opt/gz_math_vendor:/opt/ros/jazzy/opt/gz_utils_vendor:/opt/ros/jazzy/opt/gz_cmake_vendor:/opt/ros/jazzy DEBUGINFOD_URLS=https://debuginfod.ubuntu.com LD_LIBRARY_PATH=/home/kllemo/ros2_ws/install/abb_irb4600_ikfast/lib:${LD_LIBRARY_PATH} /usr/bin/cmake --install /home/kllemo/ros2_ws/build/block1_kleman
[21.557s] -- Install configuration: ""
[21.558s] -- Execute custom install script
[21.558s] -- Symlinking: /home/kllemo/ros2_ws/install/block1_kleman/lib/block1_kleman/model_spawner
[21.574s] -- Symlinking: /home/kllemo/ros2_ws/install/block1_kleman/lib/block1_kleman/pose_teacher
[21.588s] -- Symlinking: /home/kllemo/ros2_ws/install/block1_kleman/share/block1_kleman/launch/teach_scene.launch.py
[21.604s] -- Symlinking: /home/kllemo/ros2_ws/install/block1_kleman/share/block1_kleman/meshes/tie.stl
[21.620s] -- Symlinking: /home/kllemo/ros2_ws/install/block1_kleman/share/ament_index/resource_index/package_run_dependencies/block1_kleman
[21.636s] -- Symlinking: /home/kllemo/ros2_ws/install/block1_kleman/share/ament_index/resource_index/parent_prefix_path/block1_kleman
[21.651s] -- Symlinking: /home/kllemo/ros2_ws/install/block1_kleman/share/block1_kleman/environment/ament_prefix_path.sh
[21.665s] -- Symlinking: /home/kllemo/ros2_ws/install/block1_kleman/share/block1_kleman/environment/ament_prefix_path.dsv
[21.679s] -- Symlinking: /home/kllemo/ros2_ws/install/block1_kleman/share/block1_kleman/environment/path.sh
[21.693s] -- Symlinking: /home/kllemo/ros2_ws/install/block1_kleman/share/block1_kleman/environment/path.dsv
[21.707s] -- Symlinking: /home/kllemo/ros2_ws/install/block1_kleman/share/block1_kleman/local_setup.bash
[21.723s] -- Symlinking: /home/kllemo/ros2_ws/install/block1_kleman/share/block1_kleman/local_setup.sh
[21.738s] -- Symlinking: /home/kllemo/ros2_ws/install/block1_kleman/share/block1_kleman/local_setup.zsh
[21.754s] -- Symlinking: /home/kllemo/ros2_ws/install/block1_kleman/share/block1_kleman/local_setup.dsv
[21.770s] -- Symlinking: /home/kllemo/ros2_ws/install/block1_kleman/share/block1_kleman/package.dsv
[21.785s] -- Symlinking: /home/kllemo/ros2_ws/install/block1_kleman/share/ament_index/resource_index/packages/block1_kleman
[21.800s] -- Symlinking: /home/kllemo/ros2_ws/install/block1_kleman/share/block1_kleman/cmake/block1_klemanConfig.cmake
[21.814s] -- Symlinking: /home/kllemo/ros2_ws/install/block1_kleman/share/block1_kleman/cmake/block1_klemanConfig-version.cmake
[21.829s] -- Symlinking: /home/kllemo/ros2_ws/install/block1_kleman/share/block1_kleman/package.xml
[21.848s] Invoked command in '/home/kllemo/ros2_ws/build/block1_kleman' returned '0': AMENT_PREFIX_PATH=/home/kllemo/ros2_ws/install/abb_model:/home/kllemo/ros2_ws/install/abb_irb4600_ikfast:${AMENT_PREFIX_PATH} CMAKE_PREFIX_PATH=/home/kllemo/ros2_ws/install/abb_model:/home/kllemo/ros2_ws/install/abb_irb4600_ikfast:/opt/ros/jazzy/opt/gz_math_vendor:/opt/ros/jazzy/opt/gz_utils_vendor:/opt/ros/jazzy/opt/gz_cmake_vendor:/opt/ros/jazzy DEBUGINFOD_URLS=https://debuginfod.ubuntu.com LD_LIBRARY_PATH=/home/kllemo/ros2_ws/install/abb_irb4600_ikfast/lib:${LD_LIBRARY_PATH} /usr/bin/cmake --install /home/kllemo/ros2_ws/build/block1_kleman
