[0.046s] Invoking command in '/home/kllemo/ros2_ws/build/kleman_interface': CMAKE_PREFIX_PATH=${CMAKE_PREFIX_PATH}:/opt/ros/jazzy DEBUGINFOD_URLS=https://debuginfod.ubuntu.com /usr/bin/cmake --build /home/kllemo/ros2_ws/build/kleman_interface -- -j16 -l16
[0.164s] [  1%] Built target kleman_interface__rosidl_generator_type_description
[0.198s] [  1%] Built target ament_cmake_python_symlink_kleman_interface
[0.218s] [  3%] Built target kleman_interface__cpp
[0.225s] [ 24%] Built target kleman_interface__rosidl_generator_c
[0.285s] [ 33%] Built target kleman_interface__rosidl_typesupport_introspection_c
[0.287s] [ 42%] Built target kleman_interface__rosidl_typesupport_fastrtps_cpp
[0.287s] [ 51%] Built target kleman_interface__rosidl_typesupport_c
[0.290s] [ 62%] Built target kleman_interface__rosidl_typesupport_introspection_cpp
[0.290s] [ 70%] Built target kleman_interface__rosidl_typesupport_cpp
[0.294s] [ 79%] Built target kleman_interface__rosidl_typesupport_fastrtps_c
[0.329s] [ 79%] Built target kleman_interface
[0.365s] [ 81%] Built target kleman_interface__py
[0.407s] [ 88%] Built target kleman_interface__rosidl_generator_py
[0.453s] [ 92%] Built target kleman_interface_s__rosidl_typesupport_introspection_c
[0.455s] [ 96%] Built target kleman_interface_s__rosidl_typesupport_c
[0.459s] [100%] Built target kleman_interface_s__rosidl_typesupport_fastrtps_c
[0.696s] running egg_info
[0.747s] writing kleman_interface.egg-info/PKG-INFO
[0.747s] writing dependency_links to kleman_interface.egg-info/dependency_links.txt
[0.748s] writing top-level names to kleman_interface.egg-info/top_level.txt
[0.899s] reading manifest file 'kleman_interface.egg-info/SOURCES.txt'
[0.901s] writing manifest file 'kleman_interface.egg-info/SOURCES.txt'
[1.011s] [100%] Built target ament_cmake_python_build_kleman_interface_egg
[1.042s] Invoked command in '/home/kllemo/ros2_ws/build/kleman_interface' returned '0': CMAKE_PREFIX_PATH=${CMAKE_PREFIX_PATH}:/opt/ros/jazzy DEBUGINFOD_URLS=https://debuginfod.ubuntu.com /usr/bin/cmake --build /home/kllemo/ros2_ws/build/kleman_interface -- -j16 -l16
[1.046s] Invoking command in '/home/kllemo/ros2_ws/build/kleman_interface': CMAKE_PREFIX_PATH=${CMAKE_PREFIX_PATH}:/opt/ros/jazzy DEBUGINFOD_URLS=https://debuginfod.ubuntu.com /usr/bin/cmake --install /home/kllemo/ros2_ws/build/kleman_interface
[1.070s] -- Install configuration: ""
[1.071s] -- Execute custom install script
[1.072s] -- Up-to-date symlink: /home/kllemo/ros2_ws/install/kleman_interface/share/ament_index/resource_index/rosidl_interfaces/kleman_interface
[1.072s] -- Up-to-date symlink: /home/kllemo/ros2_ws/install/kleman_interface/share/kleman_interface/srv/SavePoint.json
[1.073s] -- Up-to-date symlink: /home/kllemo/ros2_ws/install/kleman_interface/share/kleman_interface/srv/SolveIK.json
[1.073s] -- Up-to-date symlink: /home/kllemo/ros2_ws/install/kleman_interface/share/kleman_interface/srv/MoveToXYZ.json
[1.075s] -- Up-to-date symlink: /home/kllemo/ros2_ws/install/kleman_interface/include/kleman_interface/kleman_interface/msg/rosidl_generator_c__visibility_control.h
[1.075s] -- Up-to-date symlink: /home/kllemo/ros2_ws/install/kleman_interface/include/kleman_interface/kleman_interface/srv/detail/move_to_xyz__functions.h
[1.076s] -- Up-to-date symlink: /home/kllemo/ros2_ws/install/kleman_interface/include/kleman_interface/kleman_interface/srv/detail/move_to_xyz__struct.h
[1.076s] -- Up-to-date symlink: /home/kllemo/ros2_ws/install/kleman_interface/include/kleman_interface/kleman_interface/srv/detail/move_to_xyz__type_support.h
[1.076s] -- Up-to-date symlink: /home/kllemo/ros2_ws/install/kleman_interface/include/kleman_interface/kleman_interface/srv/detail/save_point__functions.h
[1.076s] -- Up-to-date symlink: /home/kllemo/ros2_ws/install/kleman_interface/include/kleman_interface/kleman_interface/srv/detail/save_point__struct.h
[1.077s] -- Up-to-date symlink: /home/kllemo/ros2_ws/install/kleman_interface/include/kleman_interface/kleman_interface/srv/detail/save_point__type_support.h
[1.077s] -- Up-to-date symlink: /home/kllemo/ros2_ws/install/kleman_interface/include/kleman_interface/kleman_interface/srv/detail/solve_ik__functions.h
[1.077s] -- Up-to-date symlink: /home/kllemo/ros2_ws/install/kleman_interface/include/kleman_interface/kleman_interface/srv/detail/solve_ik__struct.h
[1.078s] -- Up-to-date symlink: /home/kllemo/ros2_ws/install/kleman_interface/include/kleman_interface/kleman_interface/srv/detail/solve_ik__type_support.h
[1.078s] -- Up-to-date symlink: /home/kllemo/ros2_ws/install/kleman_interface/include/kleman_interface/kleman_interface/srv/move_to_xyz.h
[1.078s] -- Up-to-date symlink: /home/kllemo/ros2_ws/install/kleman_interface/include/kleman_interface/kleman_interface/srv/save_point.h
[1.078s] -- Up-to-date symlink: /home/kllemo/ros2_ws/install/kleman_interface/include/kleman_interface/kleman_interface/srv/solve_ik.h
[1.079s] -- Up-to-date symlink: /home/kllemo/ros2_ws/install/kleman_interface/share/kleman_interface/environment/library_path.sh
[1.079s] -- Up-to-date symlink: /home/kllemo/ros2_ws/install/kleman_interface/share/kleman_interface/environment/library_path.dsv
[1.081s] -- Up-to-date symlink: /home/kllemo/ros2_ws/install/kleman_interface/include/kleman_interface/kleman_interface/msg/rosidl_typesupport_fastrtps_c__visibility_control.h
[1.081s] -- Up-to-date symlink: /home/kllemo/ros2_ws/install/kleman_interface/include/kleman_interface/kleman_interface/srv/detail/move_to_xyz__rosidl_typesupport_fastrtps_c.h
[1.082s] -- Up-to-date symlink: /home/kllemo/ros2_ws/install/kleman_interface/include/kleman_interface/kleman_interface/srv/detail/save_point__rosidl_typesupport_fastrtps_c.h
[1.082s] -- Up-to-date symlink: /home/kllemo/ros2_ws/install/kleman_interface/include/kleman_interface/kleman_interface/srv/detail/solve_ik__rosidl_typesupport_fastrtps_c.h
[1.083s] -- Up-to-date symlink: /home/kllemo/ros2_ws/install/kleman_interface/include/kleman_interface/kleman_interface/msg/rosidl_typesupport_introspection_c__visibility_control.h
[1.083s] -- Up-to-date symlink: /home/kllemo/ros2_ws/install/kleman_interface/include/kleman_interface/kleman_interface/srv/detail/move_to_xyz__rosidl_typesupport_introspection_c.h
[1.083s] -- Up-to-date symlink: /home/kllemo/ros2_ws/install/kleman_interface/include/kleman_interface/kleman_interface/srv/detail/save_point__rosidl_typesupport_introspection_c.h
[1.084s] -- Up-to-date symlink: /home/kllemo/ros2_ws/install/kleman_interface/include/kleman_interface/kleman_interface/srv/detail/solve_ik__rosidl_typesupport_introspection_c.h
[1.084s] -- Up-to-date symlink: /home/kllemo/ros2_ws/install/kleman_interface/include/kleman_interface/kleman_interface/msg/rosidl_generator_cpp__visibility_control.hpp
[1.085s] -- Up-to-date symlink: /home/kllemo/ros2_ws/install/kleman_interface/include/kleman_interface/kleman_interface/srv/detail/move_to_xyz__builder.hpp
[1.085s] -- Up-to-date symlink: /home/kllemo/ros2_ws/install/kleman_interface/include/kleman_interface/kleman_interface/srv/detail/move_to_xyz__struct.hpp
[1.086s] -- Up-to-date symlink: /home/kllemo/ros2_ws/install/kleman_interface/include/kleman_interface/kleman_interface/srv/detail/move_to_xyz__traits.hpp
[1.086s] -- Up-to-date symlink: /home/kllemo/ros2_ws/install/kleman_interface/include/kleman_interface/kleman_interface/srv/detail/move_to_xyz__type_support.hpp
[1.087s] -- Up-to-date symlink: /home/kllemo/ros2_ws/install/kleman_interface/include/kleman_interface/kleman_interface/srv/detail/save_point__builder.hpp
[1.087s] -- Up-to-date symlink: /home/kllemo/ros2_ws/install/kleman_interface/include/kleman_interface/kleman_interface/srv/detail/save_point__struct.hpp
[1.088s] -- Up-to-date symlink: /home/kllemo/ros2_ws/install/kleman_interface/include/kleman_interface/kleman_interface/srv/detail/save_point__traits.hpp
[1.088s] -- Up-to-date symlink: /home/kllemo/ros2_ws/install/kleman_interface/include/kleman_interface/kleman_interface/srv/detail/save_point__type_support.hpp
[1.089s] -- Up-to-date symlink: /home/kllemo/ros2_ws/install/kleman_interface/include/kleman_interface/kleman_interface/srv/detail/solve_ik__builder.hpp
[1.089s] -- Up-to-date symlink: /home/kllemo/ros2_ws/install/kleman_interface/include/kleman_interface/kleman_interface/srv/detail/solve_ik__struct.hpp
[1.089s] -- Up-to-date symlink: /home/kllemo/ros2_ws/install/kleman_interface/include/kleman_interface/kleman_interface/srv/detail/solve_ik__traits.hpp
[1.089s] -- Up-to-date symlink: /home/kllemo/ros2_ws/install/kleman_interface/include/kleman_interface/kleman_interface/srv/detail/solve_ik__type_support.hpp
[1.090s] -- Up-to-date symlink: /home/kllemo/ros2_ws/install/kleman_interface/include/kleman_interface/kleman_interface/srv/move_to_xyz.hpp
[1.090s] -- Up-to-date symlink: /home/kllemo/ros2_ws/install/kleman_interface/include/kleman_interface/kleman_interface/srv/save_point.hpp
[1.091s] -- Up-to-date symlink: /home/kllemo/ros2_ws/install/kleman_interface/include/kleman_interface/kleman_interface/srv/solve_ik.hpp
[1.091s] -- Up-to-date symlink: /home/kllemo/ros2_ws/install/kleman_interface/include/kleman_interface/kleman_interface/msg/rosidl_typesupport_fastrtps_cpp__visibility_control.h
[1.091s] -- Up-to-date symlink: /home/kllemo/ros2_ws/install/kleman_interface/include/kleman_interface/kleman_interface/srv/detail/move_to_xyz__rosidl_typesupport_fastrtps_cpp.hpp
[1.092s] -- Up-to-date symlink: /home/kllemo/ros2_ws/install/kleman_interface/include/kleman_interface/kleman_interface/srv/detail/save_point__rosidl_typesupport_fastrtps_cpp.hpp
[1.092s] -- Up-to-date symlink: /home/kllemo/ros2_ws/install/kleman_interface/include/kleman_interface/kleman_interface/srv/detail/solve_ik__rosidl_typesupport_fastrtps_cpp.hpp
[1.093s] -- Up-to-date symlink: /home/kllemo/ros2_ws/install/kleman_interface/include/kleman_interface/kleman_interface/srv/detail/move_to_xyz__rosidl_typesupport_introspection_cpp.hpp
[1.093s] -- Up-to-date symlink: /home/kllemo/ros2_ws/install/kleman_interface/include/kleman_interface/kleman_interface/srv/detail/save_point__rosidl_typesupport_introspection_cpp.hpp
[1.093s] -- Up-to-date symlink: /home/kllemo/ros2_ws/install/kleman_interface/include/kleman_interface/kleman_interface/srv/detail/solve_ik__rosidl_typesupport_introspection_cpp.hpp
[1.094s] -- Up-to-date symlink: /home/kllemo/ros2_ws/install/kleman_interface/share/kleman_interface/environment/pythonpath.sh
[1.094s] -- Up-to-date symlink: /home/kllemo/ros2_ws/install/kleman_interface/share/kleman_interface/environment/pythonpath.dsv
[1.095s] -- Up-to-date symlink: /home/kllemo/ros2_ws/install/kleman_interface/lib/python3.12/site-packages/kleman_interface-0.0.0-py3.12.egg-info/PKG-INFO
[1.095s] -- Up-to-date symlink: /home/kllemo/ros2_ws/install/kleman_interface/lib/python3.12/site-packages/kleman_interface-0.0.0-py3.12.egg-info/SOURCES.txt
[1.096s] -- Up-to-date symlink: /home/kllemo/ros2_ws/install/kleman_interface/lib/python3.12/site-packages/kleman_interface-0.0.0-py3.12.egg-info/dependency_links.txt
[1.096s] -- Up-to-date symlink: /home/kllemo/ros2_ws/install/kleman_interface/lib/python3.12/site-packages/kleman_interface-0.0.0-py3.12.egg-info/top_level.txt
[1.097s] -- Up-to-date symlink: /home/kllemo/ros2_ws/install/kleman_interface/lib/python3.12/site-packages/kleman_interface/__init__.py
[1.097s] -- Up-to-date symlink: /home/kllemo/ros2_ws/install/kleman_interface/lib/python3.12/site-packages/kleman_interface/_kleman_interface_s.ep.rosidl_typesupport_c.c
[1.097s] -- Up-to-date symlink: /home/kllemo/ros2_ws/install/kleman_interface/lib/python3.12/site-packages/kleman_interface/_kleman_interface_s.ep.rosidl_typesupport_fastrtps_c.c
[1.098s] -- Up-to-date symlink: /home/kllemo/ros2_ws/install/kleman_interface/lib/python3.12/site-packages/kleman_interface/_kleman_interface_s.ep.rosidl_typesupport_introspection_c.c
[1.098s] -- Up-to-date symlink: /home/kllemo/ros2_ws/install/kleman_interface/lib/python3.12/site-packages/kleman_interface/kleman_interface_s__rosidl_typesupport_c.so
[1.099s] -- Up-to-date symlink: /home/kllemo/ros2_ws/install/kleman_interface/lib/python3.12/site-packages/kleman_interface/kleman_interface_s__rosidl_typesupport_fastrtps_c.so
[1.099s] -- Up-to-date symlink: /home/kllemo/ros2_ws/install/kleman_interface/lib/python3.12/site-packages/kleman_interface/kleman_interface_s__rosidl_typesupport_introspection_c.so
[1.099s] -- Up-to-date symlink: /home/kllemo/ros2_ws/install/kleman_interface/lib/python3.12/site-packages/kleman_interface/srv/__init__.py
[1.100s] -- Up-to-date symlink: /home/kllemo/ros2_ws/install/kleman_interface/lib/python3.12/site-packages/kleman_interface/srv/_move_to_xyz.py
[1.100s] -- Up-to-date symlink: /home/kllemo/ros2_ws/install/kleman_interface/lib/python3.12/site-packages/kleman_interface/srv/_move_to_xyz_s.c
[1.100s] -- Up-to-date symlink: /home/kllemo/ros2_ws/install/kleman_interface/lib/python3.12/site-packages/kleman_interface/srv/_save_point.py
[1.100s] -- Up-to-date symlink: /home/kllemo/ros2_ws/install/kleman_interface/lib/python3.12/site-packages/kleman_interface/srv/_save_point_s.c
[1.102s] -- Up-to-date symlink: /home/kllemo/ros2_ws/install/kleman_interface/lib/python3.12/site-packages/kleman_interface/srv/_solve_ik.py
[1.102s] -- Up-to-date symlink: /home/kllemo/ros2_ws/install/kleman_interface/lib/python3.12/site-packages/kleman_interface/srv/_solve_ik_s.c
[1.102s] -- Up-to-date symlink: /home/kllemo/ros2_ws/install/kleman_interface/lib/python3.12/site-packages/kleman_interface/kleman_interface_s__rosidl_typesupport_fastrtps_c.so
[1.103s] -- Up-to-date symlink: /home/kllemo/ros2_ws/install/kleman_interface/lib/python3.12/site-packages/kleman_interface/kleman_interface_s__rosidl_typesupport_introspection_c.so
[1.104s] -- Up-to-date symlink: /home/kllemo/ros2_ws/install/kleman_interface/lib/python3.12/site-packages/kleman_interface/kleman_interface_s__rosidl_typesupport_c.so
[1.105s] -- Up-to-date symlink: /home/kllemo/ros2_ws/install/kleman_interface/share/kleman_interface/srv/SavePoint.idl
[1.105s] -- Up-to-date symlink: /home/kllemo/ros2_ws/install/kleman_interface/share/kleman_interface/srv/SolveIK.idl
[1.106s] -- Up-to-date symlink: /home/kllemo/ros2_ws/install/kleman_interface/share/kleman_interface/srv/MoveToXYZ.idl
[1.106s] -- Up-to-date symlink: /home/kllemo/ros2_ws/install/kleman_interface/share/kleman_interface/srv/SavePoint.srv
[1.107s] -- Up-to-date symlink: /home/kllemo/ros2_ws/install/kleman_interface/share/kleman_interface/srv/SolveIK.srv
[1.107s] -- Up-to-date symlink: /home/kllemo/ros2_ws/install/kleman_interface/share/kleman_interface/srv/MoveToXYZ.srv
[1.108s] -- Up-to-date symlink: /home/kllemo/ros2_ws/install/kleman_interface/share/ament_index/resource_index/package_run_dependencies/kleman_interface
[1.108s] -- Up-to-date symlink: /home/kllemo/ros2_ws/install/kleman_interface/share/ament_index/resource_index/parent_prefix_path/kleman_interface
[1.109s] -- Up-to-date symlink: /home/kllemo/ros2_ws/install/kleman_interface/share/kleman_interface/environment/ament_prefix_path.sh
[1.111s] -- Up-to-date symlink: /home/kllemo/ros2_ws/install/kleman_interface/share/kleman_interface/environment/ament_prefix_path.dsv
[1.111s] -- Up-to-date symlink: /home/kllemo/ros2_ws/install/kleman_interface/share/kleman_interface/environment/path.sh
[1.111s] -- Up-to-date symlink: /home/kllemo/ros2_ws/install/kleman_interface/share/kleman_interface/environment/path.dsv
[1.112s] -- Up-to-date symlink: /home/kllemo/ros2_ws/install/kleman_interface/share/kleman_interface/local_setup.bash
[1.112s] -- Up-to-date symlink: /home/kllemo/ros2_ws/install/kleman_interface/share/kleman_interface/local_setup.sh
[1.113s] -- Up-to-date symlink: /home/kllemo/ros2_ws/install/kleman_interface/share/kleman_interface/local_setup.zsh
[1.114s] -- Up-to-date symlink: /home/kllemo/ros2_ws/install/kleman_interface/share/kleman_interface/local_setup.dsv
[1.114s] -- Symlinking: /home/kllemo/ros2_ws/install/kleman_interface/share/kleman_interface/package.dsv
[1.133s] -- Up-to-date symlink: /home/kllemo/ros2_ws/install/kleman_interface/share/ament_index/resource_index/packages/kleman_interface
[1.133s] -- Up-to-date symlink: /home/kllemo/ros2_ws/install/kleman_interface/share/kleman_interface/cmake/rosidl_cmake-extras.cmake
[1.133s] -- Up-to-date symlink: /home/kllemo/ros2_ws/install/kleman_interface/share/kleman_interface/cmake/ament_cmake_export_dependencies-extras.cmake
[1.134s] -- Up-to-date symlink: /home/kllemo/ros2_ws/install/kleman_interface/share/kleman_interface/cmake/ament_cmake_export_include_directories-extras.cmake
[1.134s] -- Up-to-date symlink: /home/kllemo/ros2_ws/install/kleman_interface/share/kleman_interface/cmake/ament_cmake_export_libraries-extras.cmake
[1.135s] -- Up-to-date symlink: /home/kllemo/ros2_ws/install/kleman_interface/share/kleman_interface/cmake/ament_cmake_export_targets-extras.cmake
[1.135s] -- Up-to-date symlink: /home/kllemo/ros2_ws/install/kleman_interface/share/kleman_interface/cmake/rosidl_cmake_export_typesupport_targets-extras.cmake
[1.135s] -- Up-to-date symlink: /home/kllemo/ros2_ws/install/kleman_interface/share/kleman_interface/cmake/rosidl_cmake_export_typesupport_libraries-extras.cmake
[1.136s] -- Up-to-date symlink: /home/kllemo/ros2_ws/install/kleman_interface/share/kleman_interface/cmake/kleman_interfaceConfig.cmake
[1.136s] -- Up-to-date symlink: /home/kllemo/ros2_ws/install/kleman_interface/share/kleman_interface/cmake/kleman_interfaceConfig-version.cmake
[1.136s] -- Up-to-date symlink: /home/kllemo/ros2_ws/install/kleman_interface/share/kleman_interface/package.xml
[1.136s] -- Up-to-date: /home/kllemo/ros2_ws/install/kleman_interface/lib/libkleman_interface__rosidl_generator_c.so
[1.138s] -- Up-to-date: /home/kllemo/ros2_ws/install/kleman_interface/lib/libkleman_interface__rosidl_typesupport_fastrtps_c.so
[1.138s] -- Up-to-date: /home/kllemo/ros2_ws/install/kleman_interface/lib/libkleman_interface__rosidl_typesupport_introspection_c.so
[1.139s] -- Up-to-date: /home/kllemo/ros2_ws/install/kleman_interface/lib/libkleman_interface__rosidl_typesupport_c.so
[1.139s] -- Up-to-date: /home/kllemo/ros2_ws/install/kleman_interface/lib/libkleman_interface__rosidl_typesupport_fastrtps_cpp.so
[1.140s] -- Up-to-date: /home/kllemo/ros2_ws/install/kleman_interface/lib/libkleman_interface__rosidl_typesupport_introspection_cpp.so
[1.140s] -- Up-to-date: /home/kllemo/ros2_ws/install/kleman_interface/lib/libkleman_interface__rosidl_typesupport_cpp.so
[1.255s] Listing '/home/kllemo/ros2_ws/install/kleman_interface/lib/python3.12/site-packages/kleman_interface'...
[1.255s] Listing '/home/kllemo/ros2_ws/install/kleman_interface/lib/python3.12/site-packages/kleman_interface/srv'...
[1.269s] -- Up-to-date: /home/kllemo/ros2_ws/install/kleman_interface/lib/libkleman_interface__rosidl_generator_py.so
[1.269s] -- Up-to-date: /home/kllemo/ros2_ws/install/kleman_interface/share/kleman_interface/cmake/export_kleman_interface__rosidl_generator_cExport.cmake
[1.270s] -- Up-to-date: /home/kllemo/ros2_ws/install/kleman_interface/share/kleman_interface/cmake/export_kleman_interface__rosidl_generator_cExport-noconfig.cmake
[1.270s] -- Up-to-date: /home/kllemo/ros2_ws/install/kleman_interface/share/kleman_interface/cmake/export_kleman_interface__rosidl_typesupport_fastrtps_cExport.cmake
[1.270s] -- Up-to-date: /home/kllemo/ros2_ws/install/kleman_interface/share/kleman_interface/cmake/export_kleman_interface__rosidl_typesupport_fastrtps_cExport-noconfig.cmake
[1.271s] -- Up-to-date: /home/kllemo/ros2_ws/install/kleman_interface/share/kleman_interface/cmake/kleman_interface__rosidl_typesupport_introspection_cExport.cmake
[1.271s] -- Up-to-date: /home/kllemo/ros2_ws/install/kleman_interface/share/kleman_interface/cmake/kleman_interface__rosidl_typesupport_introspection_cExport-noconfig.cmake
[1.271s] -- Up-to-date: /home/kllemo/ros2_ws/install/kleman_interface/share/kleman_interface/cmake/kleman_interface__rosidl_typesupport_cExport.cmake
[1.271s] -- Up-to-date: /home/kllemo/ros2_ws/install/kleman_interface/share/kleman_interface/cmake/kleman_interface__rosidl_typesupport_cExport-noconfig.cmake
[1.271s] -- Up-to-date: /home/kllemo/ros2_ws/install/kleman_interface/share/kleman_interface/cmake/export_kleman_interface__rosidl_generator_cppExport.cmake
[1.272s] -- Up-to-date: /home/kllemo/ros2_ws/install/kleman_interface/share/kleman_interface/cmake/export_kleman_interface__rosidl_typesupport_fastrtps_cppExport.cmake
[1.272s] -- Up-to-date: /home/kllemo/ros2_ws/install/kleman_interface/share/kleman_interface/cmake/export_kleman_interface__rosidl_typesupport_fastrtps_cppExport-noconfig.cmake
[1.272s] -- Up-to-date: /home/kllemo/ros2_ws/install/kleman_interface/share/kleman_interface/cmake/kleman_interface__rosidl_typesupport_introspection_cppExport.cmake
[1.272s] -- Up-to-date: /home/kllemo/ros2_ws/install/kleman_interface/share/kleman_interface/cmake/kleman_interface__rosidl_typesupport_introspection_cppExport-noconfig.cmake
[1.272s] -- Up-to-date: /home/kllemo/ros2_ws/install/kleman_interface/share/kleman_interface/cmake/kleman_interface__rosidl_typesupport_cppExport.cmake
[1.273s] -- Up-to-date: /home/kllemo/ros2_ws/install/kleman_interface/share/kleman_interface/cmake/kleman_interface__rosidl_typesupport_cppExport-noconfig.cmake
[1.273s] -- Up-to-date: /home/kllemo/ros2_ws/install/kleman_interface/share/kleman_interface/cmake/export_kleman_interface__rosidl_generator_pyExport.cmake
[1.273s] -- Up-to-date: /home/kllemo/ros2_ws/install/kleman_interface/share/kleman_interface/cmake/export_kleman_interface__rosidl_generator_pyExport-noconfig.cmake
[1.276s] Invoked command in '/home/kllemo/ros2_ws/build/kleman_interface' returned '0': CMAKE_PREFIX_PATH=${CMAKE_PREFIX_PATH}:/opt/ros/jazzy DEBUGINFOD_URLS=https://debuginfod.ubuntu.com /usr/bin/cmake --install /home/kllemo/ros2_ws/build/kleman_interface
