[0.034s] Invoking command in '/home/kllemo/ros2_ws/build/rrm_msgs': CMAKE_PREFIX_PATH=${CMAKE_PREFIX_PATH}:/opt/ros/jazzy DEBUGINFOD_URLS=https://debuginfod.ubuntu.com /usr/bin/cmake --build /home/kllemo/ros2_ws/build/rrm_msgs -- -j16 -l16
[0.122s] [  2%] Built target rrm_msgs__rosidl_generator_type_description
[0.136s] [  2%] Built target ament_cmake_python_symlink_rrm_msgs
[0.157s] [  4%] Built target rrm_msgs__cpp
[0.166s] [ 22%] Built target rrm_msgs__rosidl_generator_c
[0.212s] [ 31%] Built target rrm_msgs__rosidl_typesupport_introspection_c
[0.217s] [ 40%] Built target rrm_msgs__rosidl_typesupport_cpp
[0.219s] [ 50%] Built target rrm_msgs__rosidl_typesupport_c
[0.221s] [ 59%] Built target rrm_msgs__rosidl_typesupport_fastrtps_c
[0.222s] [ 68%] Built target rrm_msgs__rosidl_typesupport_fastrtps_cpp
[0.225s] [ 77%] Built target rrm_msgs__rosidl_typesupport_introspection_cpp
[0.261s] [ 77%] Built target rrm_msgs
[0.301s] [ 79%] Built target rrm_msgs__py
[0.339s] [ 86%] Built target rrm_msgs__rosidl_generator_py
[0.375s] [ 90%] Built target rrm_msgs_s__rosidl_typesupport_fastrtps_c
[0.377s] [ 95%] Built target rrm_msgs_s__rosidl_typesupport_introspection_c
[0.377s] [100%] Built target rrm_msgs_s__rosidl_typesupport_c
[0.601s] running egg_info
[0.644s] writing rrm_msgs.egg-info/PKG-INFO
[0.644s] writing dependency_links to rrm_msgs.egg-info/dependency_links.txt
[0.645s] writing top-level names to rrm_msgs.egg-info/top_level.txt
[0.767s] reading manifest file 'rrm_msgs.egg-info/SOURCES.txt'
[0.768s] writing manifest file 'rrm_msgs.egg-info/SOURCES.txt'
[0.819s] [100%] Built target ament_cmake_python_build_rrm_msgs_egg
[0.839s] Invoked command in '/home/kllemo/ros2_ws/build/rrm_msgs' returned '0': CMAKE_PREFIX_PATH=${CMAKE_PREFIX_PATH}:/opt/ros/jazzy DEBUGINFOD_URLS=https://debuginfod.ubuntu.com /usr/bin/cmake --build /home/kllemo/ros2_ws/build/rrm_msgs -- -j16 -l16
[0.841s] Invoking command in '/home/kllemo/ros2_ws/build/rrm_msgs': CMAKE_PREFIX_PATH=${CMAKE_PREFIX_PATH}:/opt/ros/jazzy DEBUGINFOD_URLS=https://debuginfod.ubuntu.com /usr/bin/cmake --install /home/kllemo/ros2_ws/build/rrm_msgs
[0.856s] -- Install configuration: ""
[0.857s] -- Execute custom install script
[0.857s] -- Up-to-date symlink: /home/kllemo/ros2_ws/install/rrm_msgs/share/ament_index/resource_index/rosidl_interfaces/rrm_msgs
[0.858s] -- Up-to-date symlink: /home/kllemo/ros2_ws/install/rrm_msgs/share/rrm_msgs/msg/Command.json
[0.858s] -- Up-to-date symlink: /home/kllemo/ros2_ws/install/rrm_msgs/share/rrm_msgs/srv/Command.json
[0.859s] -- Up-to-date symlink: /home/kllemo/ros2_ws/install/rrm_msgs/include/rrm_msgs/rrm_msgs/msg/command.h
[0.859s] -- Up-to-date symlink: /home/kllemo/ros2_ws/install/rrm_msgs/include/rrm_msgs/rrm_msgs/msg/detail/command__functions.h
[0.859s] -- Up-to-date symlink: /home/kllemo/ros2_ws/install/rrm_msgs/include/rrm_msgs/rrm_msgs/msg/detail/command__struct.h
[0.860s] -- Up-to-date symlink: /home/kllemo/ros2_ws/install/rrm_msgs/include/rrm_msgs/rrm_msgs/msg/detail/command__type_support.h
[0.860s] -- Up-to-date symlink: /home/kllemo/ros2_ws/install/rrm_msgs/include/rrm_msgs/rrm_msgs/msg/rosidl_generator_c__visibility_control.h
[0.861s] -- Up-to-date symlink: /home/kllemo/ros2_ws/install/rrm_msgs/include/rrm_msgs/rrm_msgs/srv/command.h
[0.861s] -- Up-to-date symlink: /home/kllemo/ros2_ws/install/rrm_msgs/include/rrm_msgs/rrm_msgs/srv/detail/command__functions.h
[0.861s] -- Up-to-date symlink: /home/kllemo/ros2_ws/install/rrm_msgs/include/rrm_msgs/rrm_msgs/srv/detail/command__struct.h
[0.861s] -- Up-to-date symlink: /home/kllemo/ros2_ws/install/rrm_msgs/include/rrm_msgs/rrm_msgs/srv/detail/command__type_support.h
[0.862s] -- Up-to-date symlink: /home/kllemo/ros2_ws/install/rrm_msgs/share/rrm_msgs/environment/library_path.sh
[0.862s] -- Up-to-date symlink: /home/kllemo/ros2_ws/install/rrm_msgs/share/rrm_msgs/environment/library_path.dsv
[0.863s] -- Up-to-date symlink: /home/kllemo/ros2_ws/install/rrm_msgs/include/rrm_msgs/rrm_msgs/msg/detail/command__rosidl_typesupport_fastrtps_c.h
[0.863s] -- Up-to-date symlink: /home/kllemo/ros2_ws/install/rrm_msgs/include/rrm_msgs/rrm_msgs/msg/rosidl_typesupport_fastrtps_c__visibility_control.h
[0.864s] -- Up-to-date symlink: /home/kllemo/ros2_ws/install/rrm_msgs/include/rrm_msgs/rrm_msgs/srv/detail/command__rosidl_typesupport_fastrtps_c.h
[0.864s] -- Up-to-date symlink: /home/kllemo/ros2_ws/install/rrm_msgs/include/rrm_msgs/rrm_msgs/msg/detail/command__rosidl_typesupport_introspection_c.h
[0.864s] -- Up-to-date symlink: /home/kllemo/ros2_ws/install/rrm_msgs/include/rrm_msgs/rrm_msgs/msg/rosidl_typesupport_introspection_c__visibility_control.h
[0.865s] -- Up-to-date symlink: /home/kllemo/ros2_ws/install/rrm_msgs/include/rrm_msgs/rrm_msgs/srv/detail/command__rosidl_typesupport_introspection_c.h
[0.866s] -- Up-to-date symlink: /home/kllemo/ros2_ws/install/rrm_msgs/include/rrm_msgs/rrm_msgs/msg/command.hpp
[0.866s] -- Up-to-date symlink: /home/kllemo/ros2_ws/install/rrm_msgs/include/rrm_msgs/rrm_msgs/msg/detail/command__builder.hpp
[0.866s] -- Up-to-date symlink: /home/kllemo/ros2_ws/install/rrm_msgs/include/rrm_msgs/rrm_msgs/msg/detail/command__struct.hpp
[0.867s] -- Up-to-date symlink: /home/kllemo/ros2_ws/install/rrm_msgs/include/rrm_msgs/rrm_msgs/msg/detail/command__traits.hpp
[0.867s] -- Up-to-date symlink: /home/kllemo/ros2_ws/install/rrm_msgs/include/rrm_msgs/rrm_msgs/msg/detail/command__type_support.hpp
[0.867s] -- Up-to-date symlink: /home/kllemo/ros2_ws/install/rrm_msgs/include/rrm_msgs/rrm_msgs/msg/rosidl_generator_cpp__visibility_control.hpp
[0.867s] -- Up-to-date symlink: /home/kllemo/ros2_ws/install/rrm_msgs/include/rrm_msgs/rrm_msgs/srv/command.hpp
[0.868s] -- Up-to-date symlink: /home/kllemo/ros2_ws/install/rrm_msgs/include/rrm_msgs/rrm_msgs/srv/detail/command__builder.hpp
[0.868s] -- Up-to-date symlink: /home/kllemo/ros2_ws/install/rrm_msgs/include/rrm_msgs/rrm_msgs/srv/detail/command__struct.hpp
[0.868s] -- Up-to-date symlink: /home/kllemo/ros2_ws/install/rrm_msgs/include/rrm_msgs/rrm_msgs/srv/detail/command__traits.hpp
[0.869s] -- Up-to-date symlink: /home/kllemo/ros2_ws/install/rrm_msgs/include/rrm_msgs/rrm_msgs/srv/detail/command__type_support.hpp
[0.869s] -- Up-to-date symlink: /home/kllemo/ros2_ws/install/rrm_msgs/include/rrm_msgs/rrm_msgs/msg/detail/command__rosidl_typesupport_fastrtps_cpp.hpp
[0.870s] -- Up-to-date symlink: /home/kllemo/ros2_ws/install/rrm_msgs/include/rrm_msgs/rrm_msgs/msg/rosidl_typesupport_fastrtps_cpp__visibility_control.h
[0.870s] -- Up-to-date symlink: /home/kllemo/ros2_ws/install/rrm_msgs/include/rrm_msgs/rrm_msgs/srv/detail/command__rosidl_typesupport_fastrtps_cpp.hpp
[0.871s] -- Up-to-date symlink: /home/kllemo/ros2_ws/install/rrm_msgs/include/rrm_msgs/rrm_msgs/msg/detail/command__rosidl_typesupport_introspection_cpp.hpp
[0.871s] -- Up-to-date symlink: /home/kllemo/ros2_ws/install/rrm_msgs/include/rrm_msgs/rrm_msgs/srv/detail/command__rosidl_typesupport_introspection_cpp.hpp
[0.872s] -- Up-to-date symlink: /home/kllemo/ros2_ws/install/rrm_msgs/share/rrm_msgs/environment/pythonpath.sh
[0.872s] -- Up-to-date symlink: /home/kllemo/ros2_ws/install/rrm_msgs/share/rrm_msgs/environment/pythonpath.dsv
[0.872s] -- Up-to-date symlink: /home/kllemo/ros2_ws/install/rrm_msgs/lib/python3.12/site-packages/rrm_msgs-0.0.0-py3.12.egg-info/PKG-INFO
[0.873s] -- Up-to-date symlink: /home/kllemo/ros2_ws/install/rrm_msgs/lib/python3.12/site-packages/rrm_msgs-0.0.0-py3.12.egg-info/SOURCES.txt
[0.874s] -- Up-to-date symlink: /home/kllemo/ros2_ws/install/rrm_msgs/lib/python3.12/site-packages/rrm_msgs-0.0.0-py3.12.egg-info/dependency_links.txt
[0.875s] -- Up-to-date symlink: /home/kllemo/ros2_ws/install/rrm_msgs/lib/python3.12/site-packages/rrm_msgs-0.0.0-py3.12.egg-info/top_level.txt
[0.877s] -- Up-to-date symlink: /home/kllemo/ros2_ws/install/rrm_msgs/lib/python3.12/site-packages/rrm_msgs/__init__.py
[0.877s] -- Up-to-date symlink: /home/kllemo/ros2_ws/install/rrm_msgs/lib/python3.12/site-packages/rrm_msgs/_rrm_msgs_s.ep.rosidl_typesupport_c.c
[0.877s] -- Up-to-date symlink: /home/kllemo/ros2_ws/install/rrm_msgs/lib/python3.12/site-packages/rrm_msgs/_rrm_msgs_s.ep.rosidl_typesupport_fastrtps_c.c
[0.878s] -- Up-to-date symlink: /home/kllemo/ros2_ws/install/rrm_msgs/lib/python3.12/site-packages/rrm_msgs/_rrm_msgs_s.ep.rosidl_typesupport_introspection_c.c
[0.878s] -- Up-to-date symlink: /home/kllemo/ros2_ws/install/rrm_msgs/lib/python3.12/site-packages/rrm_msgs/msg/__init__.py
[0.878s] -- Up-to-date symlink: /home/kllemo/ros2_ws/install/rrm_msgs/lib/python3.12/site-packages/rrm_msgs/msg/_command.py
[0.879s] -- Up-to-date symlink: /home/kllemo/ros2_ws/install/rrm_msgs/lib/python3.12/site-packages/rrm_msgs/msg/_command_s.c
[0.879s] -- Up-to-date symlink: /home/kllemo/ros2_ws/install/rrm_msgs/lib/python3.12/site-packages/rrm_msgs/rrm_msgs_s__rosidl_typesupport_c.so
[0.879s] -- Up-to-date symlink: /home/kllemo/ros2_ws/install/rrm_msgs/lib/python3.12/site-packages/rrm_msgs/rrm_msgs_s__rosidl_typesupport_fastrtps_c.so
[0.879s] -- Up-to-date symlink: /home/kllemo/ros2_ws/install/rrm_msgs/lib/python3.12/site-packages/rrm_msgs/rrm_msgs_s__rosidl_typesupport_introspection_c.so
[0.880s] -- Up-to-date symlink: /home/kllemo/ros2_ws/install/rrm_msgs/lib/python3.12/site-packages/rrm_msgs/srv/__init__.py
[0.880s] -- Up-to-date symlink: /home/kllemo/ros2_ws/install/rrm_msgs/lib/python3.12/site-packages/rrm_msgs/srv/_command.py
[0.880s] -- Up-to-date symlink: /home/kllemo/ros2_ws/install/rrm_msgs/lib/python3.12/site-packages/rrm_msgs/srv/_command_s.c
[0.881s] -- Up-to-date symlink: /home/kllemo/ros2_ws/install/rrm_msgs/lib/python3.12/site-packages/rrm_msgs/rrm_msgs_s__rosidl_typesupport_fastrtps_c.so
[0.881s] -- Up-to-date symlink: /home/kllemo/ros2_ws/install/rrm_msgs/lib/python3.12/site-packages/rrm_msgs/rrm_msgs_s__rosidl_typesupport_introspection_c.so
[0.882s] -- Up-to-date symlink: /home/kllemo/ros2_ws/install/rrm_msgs/lib/python3.12/site-packages/rrm_msgs/rrm_msgs_s__rosidl_typesupport_c.so
[0.882s] -- Up-to-date symlink: /home/kllemo/ros2_ws/install/rrm_msgs/share/rrm_msgs/msg/Command.idl
[0.882s] -- Up-to-date symlink: /home/kllemo/ros2_ws/install/rrm_msgs/share/rrm_msgs/srv/Command.idl
[0.882s] -- Up-to-date symlink: /home/kllemo/ros2_ws/install/rrm_msgs/share/rrm_msgs/msg/Command.msg
[0.883s] -- Up-to-date symlink: /home/kllemo/ros2_ws/install/rrm_msgs/share/rrm_msgs/srv/Command.srv
[0.883s] -- Up-to-date symlink: /home/kllemo/ros2_ws/install/rrm_msgs/share/ament_index/resource_index/package_run_dependencies/rrm_msgs
[0.884s] -- Up-to-date symlink: /home/kllemo/ros2_ws/install/rrm_msgs/share/ament_index/resource_index/parent_prefix_path/rrm_msgs
[0.884s] -- Up-to-date symlink: /home/kllemo/ros2_ws/install/rrm_msgs/share/rrm_msgs/environment/ament_prefix_path.sh
[0.885s] -- Up-to-date symlink: /home/kllemo/ros2_ws/install/rrm_msgs/share/rrm_msgs/environment/ament_prefix_path.dsv
[0.885s] -- Up-to-date symlink: /home/kllemo/ros2_ws/install/rrm_msgs/share/rrm_msgs/environment/path.sh
[0.885s] -- Up-to-date symlink: /home/kllemo/ros2_ws/install/rrm_msgs/share/rrm_msgs/environment/path.dsv
[0.886s] -- Up-to-date symlink: /home/kllemo/ros2_ws/install/rrm_msgs/share/rrm_msgs/local_setup.bash
[0.886s] -- Up-to-date symlink: /home/kllemo/ros2_ws/install/rrm_msgs/share/rrm_msgs/local_setup.sh
[0.886s] -- Up-to-date symlink: /home/kllemo/ros2_ws/install/rrm_msgs/share/rrm_msgs/local_setup.zsh
[0.887s] -- Up-to-date symlink: /home/kllemo/ros2_ws/install/rrm_msgs/share/rrm_msgs/local_setup.dsv
[0.887s] -- Symlinking: /home/kllemo/ros2_ws/install/rrm_msgs/share/rrm_msgs/package.dsv
[0.898s] -- Up-to-date symlink: /home/kllemo/ros2_ws/install/rrm_msgs/share/ament_index/resource_index/packages/rrm_msgs
[0.899s] -- Up-to-date symlink: /home/kllemo/ros2_ws/install/rrm_msgs/share/rrm_msgs/cmake/rosidl_cmake-extras.cmake
[0.899s] -- Up-to-date symlink: /home/kllemo/ros2_ws/install/rrm_msgs/share/rrm_msgs/cmake/ament_cmake_export_dependencies-extras.cmake
[0.900s] -- Up-to-date symlink: /home/kllemo/ros2_ws/install/rrm_msgs/share/rrm_msgs/cmake/ament_cmake_export_include_directories-extras.cmake
[0.900s] -- Up-to-date symlink: /home/kllemo/ros2_ws/install/rrm_msgs/share/rrm_msgs/cmake/ament_cmake_export_libraries-extras.cmake
[0.901s] -- Up-to-date symlink: /home/kllemo/ros2_ws/install/rrm_msgs/share/rrm_msgs/cmake/ament_cmake_export_targets-extras.cmake
[0.901s] -- Up-to-date symlink: /home/kllemo/ros2_ws/install/rrm_msgs/share/rrm_msgs/cmake/rosidl_cmake_export_typesupport_targets-extras.cmake
[0.901s] -- Up-to-date symlink: /home/kllemo/ros2_ws/install/rrm_msgs/share/rrm_msgs/cmake/rosidl_cmake_export_typesupport_libraries-extras.cmake
[0.901s] -- Up-to-date symlink: /home/kllemo/ros2_ws/install/rrm_msgs/share/rrm_msgs/cmake/rrm_msgsConfig.cmake
[0.902s] -- Up-to-date symlink: /home/kllemo/ros2_ws/install/rrm_msgs/share/rrm_msgs/cmake/rrm_msgsConfig-version.cmake
[0.902s] -- Up-to-date symlink: /home/kllemo/ros2_ws/install/rrm_msgs/share/rrm_msgs/package.xml
[0.902s] -- Up-to-date: /home/kllemo/ros2_ws/install/rrm_msgs/lib/librrm_msgs__rosidl_generator_c.so
[0.903s] -- Up-to-date: /home/kllemo/ros2_ws/install/rrm_msgs/lib/librrm_msgs__rosidl_typesupport_fastrtps_c.so
[0.904s] -- Up-to-date: /home/kllemo/ros2_ws/install/rrm_msgs/lib/librrm_msgs__rosidl_typesupport_introspection_c.so
[0.904s] -- Up-to-date: /home/kllemo/ros2_ws/install/rrm_msgs/lib/librrm_msgs__rosidl_typesupport_c.so
[0.904s] -- Up-to-date: /home/kllemo/ros2_ws/install/rrm_msgs/lib/librrm_msgs__rosidl_typesupport_fastrtps_cpp.so
[0.905s] -- Up-to-date: /home/kllemo/ros2_ws/install/rrm_msgs/lib/librrm_msgs__rosidl_typesupport_introspection_cpp.so
[0.906s] -- Up-to-date: /home/kllemo/ros2_ws/install/rrm_msgs/lib/librrm_msgs__rosidl_typesupport_cpp.so
[0.992s] Listing '/home/kllemo/ros2_ws/install/rrm_msgs/lib/python3.12/site-packages/rrm_msgs'...
[0.992s] Listing '/home/kllemo/ros2_ws/install/rrm_msgs/lib/python3.12/site-packages/rrm_msgs/msg'...
[0.992s] Listing '/home/kllemo/ros2_ws/install/rrm_msgs/lib/python3.12/site-packages/rrm_msgs/srv'...
[1.004s] -- Up-to-date: /home/kllemo/ros2_ws/install/rrm_msgs/lib/librrm_msgs__rosidl_generator_py.so
[1.005s] -- Up-to-date: /home/kllemo/ros2_ws/install/rrm_msgs/share/rrm_msgs/cmake/export_rrm_msgs__rosidl_generator_cExport.cmake
[1.005s] -- Up-to-date: /home/kllemo/ros2_ws/install/rrm_msgs/share/rrm_msgs/cmake/export_rrm_msgs__rosidl_generator_cExport-noconfig.cmake
[1.005s] -- Up-to-date: /home/kllemo/ros2_ws/install/rrm_msgs/share/rrm_msgs/cmake/export_rrm_msgs__rosidl_typesupport_fastrtps_cExport.cmake
[1.006s] -- Up-to-date: /home/kllemo/ros2_ws/install/rrm_msgs/share/rrm_msgs/cmake/export_rrm_msgs__rosidl_typesupport_fastrtps_cExport-noconfig.cmake
[1.006s] -- Up-to-date: /home/kllemo/ros2_ws/install/rrm_msgs/share/rrm_msgs/cmake/rrm_msgs__rosidl_typesupport_introspection_cExport.cmake
[1.006s] -- Up-to-date: /home/kllemo/ros2_ws/install/rrm_msgs/share/rrm_msgs/cmake/rrm_msgs__rosidl_typesupport_introspection_cExport-noconfig.cmake
[1.006s] -- Up-to-date: /home/kllemo/ros2_ws/install/rrm_msgs/share/rrm_msgs/cmake/rrm_msgs__rosidl_typesupport_cExport.cmake
[1.007s] -- Up-to-date: /home/kllemo/ros2_ws/install/rrm_msgs/share/rrm_msgs/cmake/rrm_msgs__rosidl_typesupport_cExport-noconfig.cmake
[1.007s] -- Up-to-date: /home/kllemo/ros2_ws/install/rrm_msgs/share/rrm_msgs/cmake/export_rrm_msgs__rosidl_generator_cppExport.cmake
[1.007s] -- Up-to-date: /home/kllemo/ros2_ws/install/rrm_msgs/share/rrm_msgs/cmake/export_rrm_msgs__rosidl_typesupport_fastrtps_cppExport.cmake
[1.008s] -- Up-to-date: /home/kllemo/ros2_ws/install/rrm_msgs/share/rrm_msgs/cmake/export_rrm_msgs__rosidl_typesupport_fastrtps_cppExport-noconfig.cmake
[1.008s] -- Up-to-date: /home/kllemo/ros2_ws/install/rrm_msgs/share/rrm_msgs/cmake/rrm_msgs__rosidl_typesupport_introspection_cppExport.cmake
[1.008s] -- Up-to-date: /home/kllemo/ros2_ws/install/rrm_msgs/share/rrm_msgs/cmake/rrm_msgs__rosidl_typesupport_introspection_cppExport-noconfig.cmake
[1.008s] -- Up-to-date: /home/kllemo/ros2_ws/install/rrm_msgs/share/rrm_msgs/cmake/rrm_msgs__rosidl_typesupport_cppExport.cmake
[1.008s] -- Up-to-date: /home/kllemo/ros2_ws/install/rrm_msgs/share/rrm_msgs/cmake/rrm_msgs__rosidl_typesupport_cppExport-noconfig.cmake
[1.008s] -- Up-to-date: /home/kllemo/ros2_ws/install/rrm_msgs/share/rrm_msgs/cmake/export_rrm_msgs__rosidl_generator_pyExport.cmake
[1.008s] -- Up-to-date: /home/kllemo/ros2_ws/install/rrm_msgs/share/rrm_msgs/cmake/export_rrm_msgs__rosidl_generator_pyExport-noconfig.cmake
[1.011s] Invoked command in '/home/kllemo/ros2_ws/build/rrm_msgs' returned '0': CMAKE_PREFIX_PATH=${CMAKE_PREFIX_PATH}:/opt/ros/jazzy DEBUGINFOD_URLS=https://debuginfod.ubuntu.com /usr/bin/cmake --install /home/kllemo/ros2_ws/build/rrm_msgs
