[0.033s] Invoking command in '/home/kllemo/ros2_ws/build/abb_model': CMAKE_PREFIX_PATH=${CMAKE_PREFIX_PATH}:/opt/ros/jazzy DEBUGINFOD_URLS=https://debuginfod.ubuntu.com /usr/bin/cmake /home/kllemo/ros2_ws/src/abb_model -DCMAKE_INSTALL_PREFIX=/home/kllemo/ros2_ws/install/abb_model
[0.058s] -- Found ament_cmake: 2.5.5 (/opt/ros/jazzy/share/ament_cmake/cmake)
[0.536s] -- Override CMake install command with custom implementation using symlinks instead of copying resources
[0.564s] -- Found rviz2: 14.1.19 (/opt/ros/jazzy/share/rviz2/cmake)
[0.835s] -- Configuring done (0.8s)
[0.844s] -- Generating done (0.0s)
[0.850s] -- Build files have been written to: /home/kllemo/ros2_ws/build/abb_model
[0.860s] Invoked command in '/home/kllemo/ros2_ws/build/abb_model' returned '0': CMAKE_PREFIX_PATH=${CMAKE_PREFIX_PATH}:/opt/ros/jazzy DEBUGINFOD_URLS=https://debuginfod.ubuntu.com /usr/bin/cmake /home/kllemo/ros2_ws/src/abb_model -DCMAKE_INSTALL_PREFIX=/home/kllemo/ros2_ws/install/abb_model
[0.864s] Invoking command in '/home/kllemo/ros2_ws/build/abb_model': CMAKE_PREFIX_PATH=${CMAKE_PREFIX_PATH}:/opt/ros/jazzy DEBUGINFOD_URLS=https://debuginfod.ubuntu.com /usr/bin/cmake --build /home/kllemo/ros2_ws/build/abb_model -- -j16 -l16
[0.943s] Invoked command in '/home/kllemo/ros2_ws/build/abb_model' returned '0': CMAKE_PREFIX_PATH=${CMAKE_PREFIX_PATH}:/opt/ros/jazzy DEBUGINFOD_URLS=https://debuginfod.ubuntu.com /usr/bin/cmake --build /home/kllemo/ros2_ws/build/abb_model -- -j16 -l16
[0.964s] Invoking command in '/home/kllemo/ros2_ws/build/abb_model': CMAKE_PREFIX_PATH=${CMAKE_PREFIX_PATH}:/opt/ros/jazzy DEBUGINFOD_URLS=https://debuginfod.ubuntu.com /usr/bin/cmake --install /home/kllemo/ros2_ws/build/abb_model
[0.980s] -- Install configuration: ""
[0.981s] -- Execute custom install script
[0.982s] -- Up-to-date symlink: /home/kllemo/ros2_ws/install/abb_model/share/abb_model/urdf/robot.urdf
[0.983s] -- Up-to-date symlink: /home/kllemo/ros2_ws/install/abb_model/share/abb_model/config/urdf.rviz
[0.983s] -- Up-to-date symlink: /home/kllemo/ros2_ws/install/abb_model/share/abb_model/launch/rsp_irb4600.launch.py
[0.984s] -- Up-to-date symlink: /home/kllemo/ros2_ws/install/abb_model/share/abb_model/launch/rsp_irb4600.launch.xml
[0.984s] -- Up-to-date symlink: /home/kllemo/ros2_ws/install/abb_model/share/abb_model/launch/test_irb4600.launch.py
[0.984s] -- Up-to-date symlink: /home/kllemo/ros2_ws/install/abb_model/share/abb_model/launch/test_irb4600.launch.xml
[0.986s] -- Up-to-date symlink: /home/kllemo/ros2_ws/install/abb_model/share/abb_model/meshes/abb_irb4600_60_205/collision/base_link.stl
[0.986s] -- Up-to-date symlink: /home/kllemo/ros2_ws/install/abb_model/share/abb_model/meshes/abb_irb4600_60_205/collision/link_1.stl
[0.987s] -- Up-to-date symlink: /home/kllemo/ros2_ws/install/abb_model/share/abb_model/meshes/abb_irb4600_60_205/collision/link_2.stl
[0.987s] -- Up-to-date symlink: /home/kllemo/ros2_ws/install/abb_model/share/abb_model/meshes/abb_irb4600_60_205/collision/link_3.stl
[0.987s] -- Up-to-date symlink: /home/kllemo/ros2_ws/install/abb_model/share/abb_model/meshes/abb_irb4600_60_205/collision/link_4.stl
[0.988s] -- Up-to-date symlink: /home/kllemo/ros2_ws/install/abb_model/share/abb_model/meshes/abb_irb4600_60_205/collision/link_5.stl
[0.989s] -- Up-to-date symlink: /home/kllemo/ros2_ws/install/abb_model/share/abb_model/meshes/abb_irb4600_60_205/collision/link_6.stl
[0.989s] -- Up-to-date symlink: /home/kllemo/ros2_ws/install/abb_model/share/abb_model/meshes/abb_irb4600_60_205/collision/mount.stl
[0.989s] -- Up-to-date symlink: /home/kllemo/ros2_ws/install/abb_model/share/abb_model/meshes/abb_irb4600_60_205/visual/base_link.stl
[0.990s] -- Up-to-date symlink: /home/kllemo/ros2_ws/install/abb_model/share/abb_model/meshes/abb_irb4600_60_205/visual/link_1.stl
[0.990s] -- Up-to-date symlink: /home/kllemo/ros2_ws/install/abb_model/share/abb_model/meshes/abb_irb4600_60_205/visual/link_2.stl
[0.991s] -- Up-to-date symlink: /home/kllemo/ros2_ws/install/abb_model/share/abb_model/meshes/abb_irb4600_60_205/visual/link_3.stl
[0.991s] -- Up-to-date symlink: /home/kllemo/ros2_ws/install/abb_model/share/abb_model/meshes/abb_irb4600_60_205/visual/link_4.stl
[0.992s] -- Up-to-date symlink: /home/kllemo/ros2_ws/install/abb_model/share/abb_model/meshes/abb_irb4600_60_205/visual/link_5.stl
[0.992s] -- Up-to-date symlink: /home/kllemo/ros2_ws/install/abb_model/share/abb_model/meshes/abb_irb4600_60_205/visual/link_6.stl
[0.992s] -- Up-to-date symlink: /home/kllemo/ros2_ws/install/abb_model/share/abb_model/meshes/abb_irb4600_60_205/visual/mount.stl
[0.993s] -- Up-to-date symlink: /home/kllemo/ros2_ws/install/abb_model/share/abb_model/meshes/kinect/collision/kinect_sensor.stl
[0.993s] -- Up-to-date symlink: /home/kllemo/ros2_ws/install/abb_model/share/abb_model/meshes/kinect/collision/kinect_sensor_empty.stl
[0.993s] -- Up-to-date symlink: /home/kllemo/ros2_ws/install/abb_model/share/abb_model/meshes/kinect/visual/kinect_sensor.stl
[0.993s] -- Up-to-date symlink: /home/kllemo/ros2_ws/install/abb_model/share/abb_model/meshes/kinect/visual/kinect_sensor_empty.stl
[0.994s] -- Up-to-date symlink: /home/kllemo/ros2_ws/install/abb_model/share/abb_model/meshes/tie.stl
[0.994s] -- Up-to-date symlink: /home/kllemo/ros2_ws/install/abb_model/share/ament_index/resource_index/package_run_dependencies/abb_model
[0.995s] -- Up-to-date symlink: /home/kllemo/ros2_ws/install/abb_model/share/ament_index/resource_index/parent_prefix_path/abb_model
[0.995s] -- Up-to-date symlink: /home/kllemo/ros2_ws/install/abb_model/share/abb_model/environment/ament_prefix_path.sh
[0.995s] -- Up-to-date symlink: /home/kllemo/ros2_ws/install/abb_model/share/abb_model/environment/ament_prefix_path.dsv
[0.996s] -- Up-to-date symlink: /home/kllemo/ros2_ws/install/abb_model/share/abb_model/environment/path.sh
[0.998s] -- Up-to-date symlink: /home/kllemo/ros2_ws/install/abb_model/share/abb_model/environment/path.dsv
[0.998s] -- Up-to-date symlink: /home/kllemo/ros2_ws/install/abb_model/share/abb_model/local_setup.bash
[0.998s] -- Up-to-date symlink: /home/kllemo/ros2_ws/install/abb_model/share/abb_model/local_setup.sh
[0.998s] -- Up-to-date symlink: /home/kllemo/ros2_ws/install/abb_model/share/abb_model/local_setup.zsh
[1.000s] -- Up-to-date symlink: /home/kllemo/ros2_ws/install/abb_model/share/abb_model/local_setup.dsv
[1.000s] -- Symlinking: /home/kllemo/ros2_ws/install/abb_model/share/abb_model/package.dsv
[1.014s] -- Up-to-date symlink: /home/kllemo/ros2_ws/install/abb_model/share/ament_index/resource_index/packages/abb_model
[1.014s] -- Up-to-date symlink: /home/kllemo/ros2_ws/install/abb_model/share/abb_model/cmake/abb_modelConfig.cmake
[1.015s] -- Up-to-date symlink: /home/kllemo/ros2_ws/install/abb_model/share/abb_model/cmake/abb_modelConfig-version.cmake
[1.015s] -- Up-to-date symlink: /home/kllemo/ros2_ws/install/abb_model/share/abb_model/package.xml
[1.026s] Invoked command in '/home/kllemo/ros2_ws/build/abb_model' returned '0': CMAKE_PREFIX_PATH=${CMAKE_PREFIX_PATH}:/opt/ros/jazzy DEBUGINFOD_URLS=https://debuginfod.ubuntu.com /usr/bin/cmake --install /home/kllemo/ros2_ws/build/abb_model
