[0.016s] Invoking command in '/home/kllemo/ros2_ws/build/rrm_sim': AMENT_PREFIX_PATH=/home/kllemo/ros2_ws/install/rrm_msgs:${AMENT_PREFIX_PATH} CMAKE_PREFIX_PATH=/home/kllemo/ros2_ws/install/rrm_msgs:/opt/ros/jazzy/opt/gz_math_vendor:/opt/ros/jazzy/opt/gz_utils_vendor:/opt/ros/jazzy/opt/gz_cmake_vendor:/opt/ros/jazzy DEBUGINFOD_URLS=https://debuginfod.ubuntu.com LD_LIBRARY_PATH=/home/kllemo/ros2_ws/install/rrm_msgs/lib:${LD_LIBRARY_PATH} PYTHONPATH=/home/kllemo/ros2_ws/install/rrm_msgs/lib/python3.12/site-packages:${PYTHONPATH} /usr/bin/cmake --build /home/kllemo/ros2_ws/build/rrm_sim -- -j16 -l16
[0.125s] [100%] Built target robot_sim_node
[0.147s] Invoked command in '/home/kllemo/ros2_ws/build/rrm_sim' returned '0': AMENT_PREFIX_PATH=/home/kllemo/ros2_ws/install/rrm_msgs:${AMENT_PREFIX_PATH} CMAKE_PREFIX_PATH=/home/kllemo/ros2_ws/install/rrm_msgs:/opt/ros/jazzy/opt/gz_math_vendor:/opt/ros/jazzy/opt/gz_utils_vendor:/opt/ros/jazzy/opt/gz_cmake_vendor:/opt/ros/jazzy DEBUGINFOD_URLS=https://debuginfod.ubuntu.com LD_LIBRARY_PATH=/home/kllemo/ros2_ws/install/rrm_msgs/lib:${LD_LIBRARY_PATH} PYTHONPATH=/home/kllemo/ros2_ws/install/rrm_msgs/lib/python3.12/site-packages:${PYTHONPATH} /usr/bin/cmake --build /home/kllemo/ros2_ws/build/rrm_sim -- -j16 -l16
[0.150s] Invoking command in '/home/kllemo/ros2_ws/build/rrm_sim': AMENT_PREFIX_PATH=/home/kllemo/ros2_ws/install/rrm_msgs:${AMENT_PREFIX_PATH} CMAKE_PREFIX_PATH=/home/kllemo/ros2_ws/install/rrm_msgs:/opt/ros/jazzy/opt/gz_math_vendor:/opt/ros/jazzy/opt/gz_utils_vendor:/opt/ros/jazzy/opt/gz_cmake_vendor:/opt/ros/jazzy DEBUGINFOD_URLS=https://debuginfod.ubuntu.com LD_LIBRARY_PATH=/home/kllemo/ros2_ws/install/rrm_msgs/lib:${LD_LIBRARY_PATH} PYTHONPATH=/home/kllemo/ros2_ws/install/rrm_msgs/lib/python3.12/site-packages:${PYTHONPATH} /usr/bin/cmake --install /home/kllemo/ros2_ws/build/rrm_sim
[0.164s] -- Install configuration: ""
[0.165s] -- Execute custom install script
[0.166s] -- Up-to-date symlink: /home/kllemo/ros2_ws/install/rrm_sim/lib/rrm_sim/robot_sim_node
[0.166s] -- Up-to-date symlink: /home/kllemo/ros2_ws/install/rrm_sim/share/rrm_sim/launch/rrm_sim.launch.xml
[0.167s] -- Up-to-date symlink: /home/kllemo/ros2_ws/install/rrm_sim/share/ament_index/resource_index/package_run_dependencies/rrm_sim
[0.167s] -- Up-to-date symlink: /home/kllemo/ros2_ws/install/rrm_sim/share/ament_index/resource_index/parent_prefix_path/rrm_sim
[0.168s] -- Up-to-date symlink: /home/kllemo/ros2_ws/install/rrm_sim/share/rrm_sim/environment/ament_prefix_path.sh
[0.168s] -- Up-to-date symlink: /home/kllemo/ros2_ws/install/rrm_sim/share/rrm_sim/environment/ament_prefix_path.dsv
[0.169s] -- Up-to-date symlink: /home/kllemo/ros2_ws/install/rrm_sim/share/rrm_sim/environment/path.sh
[0.169s] -- Up-to-date symlink: /home/kllemo/ros2_ws/install/rrm_sim/share/rrm_sim/environment/path.dsv
[0.169s] -- Up-to-date symlink: /home/kllemo/ros2_ws/install/rrm_sim/share/rrm_sim/local_setup.bash
[0.169s] -- Up-to-date symlink: /home/kllemo/ros2_ws/install/rrm_sim/share/rrm_sim/local_setup.sh
[0.170s] -- Up-to-date symlink: /home/kllemo/ros2_ws/install/rrm_sim/share/rrm_sim/local_setup.zsh
[0.170s] -- Up-to-date symlink: /home/kllemo/ros2_ws/install/rrm_sim/share/rrm_sim/local_setup.dsv
[0.170s] -- Symlinking: /home/kllemo/ros2_ws/install/rrm_sim/share/rrm_sim/package.dsv
[0.188s] -- Up-to-date symlink: /home/kllemo/ros2_ws/install/rrm_sim/share/ament_index/resource_index/packages/rrm_sim
[0.188s] -- Up-to-date symlink: /home/kllemo/ros2_ws/install/rrm_sim/share/rrm_sim/cmake/rrm_simConfig.cmake
[0.188s] -- Up-to-date symlink: /home/kllemo/ros2_ws/install/rrm_sim/share/rrm_sim/cmake/rrm_simConfig-version.cmake
[0.189s] -- Up-to-date symlink: /home/kllemo/ros2_ws/install/rrm_sim/share/rrm_sim/package.xml
[0.193s] Invoked command in '/home/kllemo/ros2_ws/build/rrm_sim' returned '0': AMENT_PREFIX_PATH=/home/kllemo/ros2_ws/install/rrm_msgs:${AMENT_PREFIX_PATH} CMAKE_PREFIX_PATH=/home/kllemo/ros2_ws/install/rrm_msgs:/opt/ros/jazzy/opt/gz_math_vendor:/opt/ros/jazzy/opt/gz_utils_vendor:/opt/ros/jazzy/opt/gz_cmake_vendor:/opt/ros/jazzy DEBUGINFOD_URLS=https://debuginfod.ubuntu.com LD_LIBRARY_PATH=/home/kllemo/ros2_ws/install/rrm_msgs/lib:${LD_LIBRARY_PATH} PYTHONPATH=/home/kllemo/ros2_ws/install/rrm_msgs/lib/python3.12/site-packages:${PYTHONPATH} /usr/bin/cmake --install /home/kllemo/ros2_ws/build/rrm_sim
