[0.038s] Invoking command in '/home/kllemo/ros2_ws/build/abb_irb4600_ikfast': CMAKE_PREFIX_PATH=${CMAKE_PREFIX_PATH}:/opt/ros/jazzy DEBUGINFOD_URLS=https://debuginfod.ubuntu.com /usr/bin/cmake /home/kllemo/ros2_ws/src/abb_irb4600_ikfast -DCMAKE_INSTALL_PREFIX=/home/kllemo/ros2_ws/install/abb_irb4600_ikfast
[0.064s] -- Found ament_cmake: 2.5.5 (/opt/ros/jazzy/share/ament_cmake/cmake)
[0.560s] -- Override CMake install command with custom implementation using symlinks instead of copying resources
[0.585s] -- Found ament_lint_auto: 0.17.4 (/opt/ros/jazzy/share/ament_lint_auto/cmake)
[0.864s] -- Added test 'cppcheck' to perform static code analysis on C / C++ code
[0.865s] -- Configured cppcheck include dirs: $<BUILD_INTERFACE:/home/kllemo/ros2_ws/src/abb_irb4600_ikfast/include>
[0.865s] -- Configured cppcheck exclude dirs and/or files: 
[0.865s] -- Added test 'lint_cmake' to check CMake code style
[0.868s] -- Added test 'uncrustify' to check C / C++ code style
[0.868s] -- Configured uncrustify additional arguments: 
[0.869s] -- Added test 'xmllint' to check XML markup files
[0.874s] -- Configuring done (0.8s)
[0.886s] -- Generating done (0.0s)
[0.891s] -- Build files have been written to: /home/kllemo/ros2_ws/build/abb_irb4600_ikfast
[0.899s] Invoked command in '/home/kllemo/ros2_ws/build/abb_irb4600_ikfast' returned '0': CMAKE_PREFIX_PATH=${CMAKE_PREFIX_PATH}:/opt/ros/jazzy DEBUGINFOD_URLS=https://debuginfod.ubuntu.com /usr/bin/cmake /home/kllemo/ros2_ws/src/abb_irb4600_ikfast -DCMAKE_INSTALL_PREFIX=/home/kllemo/ros2_ws/install/abb_irb4600_ikfast
[0.901s] Invoking command in '/home/kllemo/ros2_ws/build/abb_irb4600_ikfast': CMAKE_PREFIX_PATH=${CMAKE_PREFIX_PATH}:/opt/ros/jazzy DEBUGINFOD_URLS=https://debuginfod.ubuntu.com /usr/bin/cmake --build /home/kllemo/ros2_ws/build/abb_irb4600_ikfast -- -j16 -l16
[1.004s] [100%] Built target abb_irb4600_ikfast
[1.027s] Invoked command in '/home/kllemo/ros2_ws/build/abb_irb4600_ikfast' returned '0': CMAKE_PREFIX_PATH=${CMAKE_PREFIX_PATH}:/opt/ros/jazzy DEBUGINFOD_URLS=https://debuginfod.ubuntu.com /usr/bin/cmake --build /home/kllemo/ros2_ws/build/abb_irb4600_ikfast -- -j16 -l16
[1.031s] Invoking command in '/home/kllemo/ros2_ws/build/abb_irb4600_ikfast': CMAKE_PREFIX_PATH=${CMAKE_PREFIX_PATH}:/opt/ros/jazzy DEBUGINFOD_URLS=https://debuginfod.ubuntu.com /usr/bin/cmake --install /home/kllemo/ros2_ws/build/abb_irb4600_ikfast
[1.052s] -- Install configuration: ""
[1.052s] -- Execute custom install script
[1.052s] -- Up-to-date symlink: /home/kllemo/ros2_ws/install/abb_irb4600_ikfast/include/abb_irb4600_ikfast/abb_irb4600_ikfast/abb_irb4600_ikfast.h
[1.056s] -- Up-to-date symlink: /home/kllemo/ros2_ws/install/abb_irb4600_ikfast/lib/libabb_irb4600_ikfast.a
[1.059s] -- Up-to-date symlink: /home/kllemo/ros2_ws/install/abb_irb4600_ikfast/share/abb_irb4600_ikfast/environment/library_path.sh
[1.060s] -- Up-to-date symlink: /home/kllemo/ros2_ws/install/abb_irb4600_ikfast/share/abb_irb4600_ikfast/environment/library_path.dsv
[1.062s] -- Up-to-date symlink: /home/kllemo/ros2_ws/install/abb_irb4600_ikfast/share/ament_index/resource_index/package_run_dependencies/abb_irb4600_ikfast
[1.062s] -- Up-to-date symlink: /home/kllemo/ros2_ws/install/abb_irb4600_ikfast/share/ament_index/resource_index/parent_prefix_path/abb_irb4600_ikfast
[1.063s] -- Up-to-date symlink: /home/kllemo/ros2_ws/install/abb_irb4600_ikfast/share/abb_irb4600_ikfast/environment/ament_prefix_path.sh
[1.064s] -- Up-to-date symlink: /home/kllemo/ros2_ws/install/abb_irb4600_ikfast/share/abb_irb4600_ikfast/environment/ament_prefix_path.dsv
[1.065s] -- Up-to-date symlink: /home/kllemo/ros2_ws/install/abb_irb4600_ikfast/share/abb_irb4600_ikfast/environment/path.sh
[1.069s] -- Up-to-date symlink: /home/kllemo/ros2_ws/install/abb_irb4600_ikfast/share/abb_irb4600_ikfast/environment/path.dsv
[1.069s] -- Up-to-date symlink: /home/kllemo/ros2_ws/install/abb_irb4600_ikfast/share/abb_irb4600_ikfast/local_setup.bash
[1.070s] -- Up-to-date symlink: /home/kllemo/ros2_ws/install/abb_irb4600_ikfast/share/abb_irb4600_ikfast/local_setup.sh
[1.070s] -- Up-to-date symlink: /home/kllemo/ros2_ws/install/abb_irb4600_ikfast/share/abb_irb4600_ikfast/local_setup.zsh
[1.070s] -- Up-to-date symlink: /home/kllemo/ros2_ws/install/abb_irb4600_ikfast/share/abb_irb4600_ikfast/local_setup.dsv
[1.071s] -- Symlinking: /home/kllemo/ros2_ws/install/abb_irb4600_ikfast/share/abb_irb4600_ikfast/package.dsv
[1.081s] -- Up-to-date symlink: /home/kllemo/ros2_ws/install/abb_irb4600_ikfast/share/ament_index/resource_index/packages/abb_irb4600_ikfast
[1.082s] -- Up-to-date symlink: /home/kllemo/ros2_ws/install/abb_irb4600_ikfast/share/abb_irb4600_ikfast/cmake/ament_cmake_export_include_directories-extras.cmake
[1.082s] -- Up-to-date symlink: /home/kllemo/ros2_ws/install/abb_irb4600_ikfast/share/abb_irb4600_ikfast/cmake/ament_cmake_export_libraries-extras.cmake
[1.082s] -- Up-to-date symlink: /home/kllemo/ros2_ws/install/abb_irb4600_ikfast/share/abb_irb4600_ikfast/cmake/abb_irb4600_ikfastConfig.cmake
[1.082s] -- Up-to-date symlink: /home/kllemo/ros2_ws/install/abb_irb4600_ikfast/share/abb_irb4600_ikfast/cmake/abb_irb4600_ikfastConfig-version.cmake
[1.083s] -- Up-to-date symlink: /home/kllemo/ros2_ws/install/abb_irb4600_ikfast/share/abb_irb4600_ikfast/package.xml
[1.125s] Invoked command in '/home/kllemo/ros2_ws/build/abb_irb4600_ikfast' returned '0': CMAKE_PREFIX_PATH=${CMAKE_PREFIX_PATH}:/opt/ros/jazzy DEBUGINFOD_URLS=https://debuginfod.ubuntu.com /usr/bin/cmake --install /home/kllemo/ros2_ws/build/abb_irb4600_ikfast
