-- The C compiler identification is GNU 13.3.0
-- The CXX compiler identification is GNU 13.3.0
-- Detecting C compiler ABI info
-- Detecting C compiler ABI info - done
-- Check for working C compiler: /usr/bin/cc - skipped
-- Detecting C compile features
-- Detecting C compile features - done
-- Detecting CXX compiler ABI info
-- Detecting CXX compiler ABI info - done
-- Check for working CXX compiler: /usr/bin/c++ - skipped
-- Detecting CXX compile features
-- Detecting CXX compile features - done
-- Found ament_cmake: 2.5.5 (/opt/ros/jazzy/share/ament_cmake/cmake)
-- Found Python3: /usr/bin/python3 (found version "3.12.3") found components: Interpreter 
-- Override CMake install command with custom implementation using symlinks instead of copying resources
-- Found rclcpp: 28.1.16 (/opt/ros/jazzy/share/rclcpp/cmake)
-- Found rosidl_generator_c: 4.6.7 (/opt/ros/jazzy/share/rosidl_generator_c/cmake)
-- Found rosidl_generator_cpp: 4.6.7 (/opt/ros/jazzy/share/rosidl_generator_cpp/cmake)
-- Using all available rosidl_typesupport_c: rosidl_typesupport_fastrtps_c;rosidl_typesupport_introspection_c
-- Using all available rosidl_typesupport_cpp: rosidl_typesupport_fastrtps_cpp;rosidl_typesupport_introspection_cpp
-- Found rmw_implementation_cmake: 7.3.3 (/opt/ros/jazzy/share/rmw_implementation_cmake/cmake)
-- Found rmw_fastrtps_cpp: 8.4.3 (/opt/ros/jazzy/share/rmw_fastrtps_cpp/cmake)
-- Found OpenSSL: /usr/lib/x86_64-linux-gnu/libcrypto.so (found version "3.0.13")  
-- Found FastRTPS: /opt/ros/jazzy/include (Required is at least version "2.13") 
-- Using RMW implementation 'rmw_fastrtps_cpp' as default
-- Found std_msgs: 5.3.6 (/opt/ros/jazzy/share/std_msgs/cmake)
-- Found sensor_msgs: 5.3.6 (/opt/ros/jazzy/share/sensor_msgs/cmake)
-- Found rrm_msgs: 0.0.0 (/home/kllemo/ros2_ws/install/rrm_msgs/share/rrm_msgs/cmake)
-- Found ament_lint_auto: 0.17.4 (/opt/ros/jazzy/share/ament_lint_auto/cmake)
-- Added test 'copyright' to check source files copyright and LICENSE
-- Added test 'cppcheck' to perform static code analysis on C / C++ code
-- Configured cppcheck include dirs: $<BUILD_INTERFACE:/home/kllemo/ros2_ws/src/cvicenie_2/rrm_sim/include>
-- Configured cppcheck exclude dirs and/or files: 
-- Added test 'cpplint' to check C / C++ code against the Google style
-- Configured cpplint exclude dirs and/or files: 
-- Added test 'lint_cmake' to check CMake code style
-- Added test 'uncrustify' to check C / C++ code style
-- Configured uncrustify additional arguments: 
-- Added test 'xmllint' to check XML markup files
-- Configuring done (3.2s)
-- Generating done (0.0s)
-- Build files have been written to: /home/kllemo/ros2_ws/build/rrm_sim
[ 33%] [32mBuilding CXX object CMakeFiles/robot_sim_node.dir/src/robot_sim_node.cpp.o[0m
[ 66%] [32mBuilding CXX object CMakeFiles/robot_sim_node.dir/src/motion.cpp.o[0m
[100%] [32m[1mLinking CXX executable robot_sim_node[0m
[100%] Built target robot_sim_node
-- Install configuration: ""
-- Execute custom install script
-- Symlinking: /home/kllemo/ros2_ws/install/rrm_sim/lib/rrm_sim/robot_sim_node
-- Symlinking: /home/kllemo/ros2_ws/install/rrm_sim/share/rrm_sim/launch/rrm_sim.launch.xml
-- Symlinking: /home/kllemo/ros2_ws/install/rrm_sim/share/ament_index/resource_index/package_run_dependencies/rrm_sim
-- Symlinking: /home/kllemo/ros2_ws/install/rrm_sim/share/ament_index/resource_index/parent_prefix_path/rrm_sim
-- Symlinking: /home/kllemo/ros2_ws/install/rrm_sim/share/rrm_sim/environment/ament_prefix_path.sh
-- Symlinking: /home/kllemo/ros2_ws/install/rrm_sim/share/rrm_sim/environment/ament_prefix_path.dsv
-- Symlinking: /home/kllemo/ros2_ws/install/rrm_sim/share/rrm_sim/environment/path.sh
-- Symlinking: /home/kllemo/ros2_ws/install/rrm_sim/share/rrm_sim/environment/path.dsv
-- Symlinking: /home/kllemo/ros2_ws/install/rrm_sim/share/rrm_sim/local_setup.bash
-- Symlinking: /home/kllemo/ros2_ws/install/rrm_sim/share/rrm_sim/local_setup.sh
-- Symlinking: /home/kllemo/ros2_ws/install/rrm_sim/share/rrm_sim/local_setup.zsh
-- Symlinking: /home/kllemo/ros2_ws/install/rrm_sim/share/rrm_sim/local_setup.dsv
-- Symlinking: /home/kllemo/ros2_ws/install/rrm_sim/share/rrm_sim/package.dsv
-- Symlinking: /home/kllemo/ros2_ws/install/rrm_sim/share/ament_index/resource_index/packages/rrm_sim
-- Symlinking: /home/kllemo/ros2_ws/install/rrm_sim/share/rrm_sim/cmake/rrm_simConfig.cmake
-- Symlinking: /home/kllemo/ros2_ws/install/rrm_sim/share/rrm_sim/cmake/rrm_simConfig-version.cmake
-- Symlinking: /home/kllemo/ros2_ws/install/rrm_sim/share/rrm_sim/package.xml
