[0.227s] DEBUG:colcon:Command line arguments: ['/usr/bin/colcon', 'build']
[0.227s] DEBUG:colcon:Parsed command line arguments: Namespace(log_base=None, log_level=None, verb_name='build', build_base='build', install_base='install', merge_install=False, symlink_install=False, test_result_base=None, continue_on_error=False, executor='parallel', parallel_workers=16, event_handlers=None, ignore_user_meta=False, metas=['./colcon.meta'], base_paths=['.'], packages_ignore=None, packages_ignore_regex=None, paths=None, packages_up_to=None, packages_up_to_regex=None, packages_above=None, packages_above_and_dependencies=None, packages_above_depth=None, packages_select_by_dep=None, packages_skip_by_dep=None, packages_skip_up_to=None, packages_select_build_failed=False, packages_skip_build_finished=False, packages_select_test_failures=False, packages_skip_test_passed=False, packages_select=None, packages_skip=None, packages_select_regex=None, packages_skip_regex=None, packages_start=None, packages_end=None, allow_overriding=[], cmake_args=None, cmake_target=None, cmake_target_skip_unavailable=False, cmake_clean_cache=False, cmake_clean_first=False, cmake_force_configure=False, ament_cmake_args=None, catkin_cmake_args=None, catkin_skip_building_tests=False, mixin_files=None, mixin=None, verb_parser=<colcon_mixin.mixin.mixin_argument.MixinArgumentDecorator object at 0x7595abd81a90>, verb_extension=<colcon_core.verb.build.BuildVerb object at 0x7595abd81310>, main=<bound method BuildVerb.main of <colcon_core.verb.build.BuildVerb object at 0x7595abd81310>>, mixin_verb=('build',))
[0.308s] Level 1:colcon.colcon_core.package_discovery:discover_packages(colcon_meta) check parameters
[0.309s] Level 1:colcon.colcon_core.package_discovery:discover_packages(recursive) check parameters
[0.309s] Level 1:colcon.colcon_core.package_discovery:discover_packages(ignore) check parameters
[0.309s] Level 1:colcon.colcon_core.package_discovery:discover_packages(path) check parameters
[0.309s] Level 1:colcon.colcon_core.package_discovery:discover_packages(colcon_meta) discover
[0.309s] Level 1:colcon.colcon_core.package_discovery:discover_packages(recursive) discover
[0.309s] INFO:colcon.colcon_core.package_discovery:Crawling recursively for packages in '/home/kllemo/ros2_ws'
[0.309s] Level 1:colcon.colcon_core.package_identification:_identify(.) by extensions ['ignore', 'ignore_ament_install']
[0.309s] Level 1:colcon.colcon_core.package_identification:_identify(.) by extension 'ignore'
[0.310s] Level 1:colcon.colcon_core.package_identification:_identify(.) by extension 'ignore_ament_install'
[0.310s] Level 1:colcon.colcon_core.package_identification:_identify(.) by extensions ['colcon_pkg']
[0.310s] Level 1:colcon.colcon_core.package_identification:_identify(.) by extension 'colcon_pkg'
[0.310s] Level 1:colcon.colcon_core.package_identification:_identify(.) by extensions ['colcon_meta']
[0.310s] Level 1:colcon.colcon_core.package_identification:_identify(.) by extension 'colcon_meta'
[0.310s] Level 1:colcon.colcon_core.package_identification:_identify(.) by extensions ['ros']
[0.310s] Level 1:colcon.colcon_core.package_identification:_identify(.) by extension 'ros'
[0.370s] Level 1:colcon.colcon_core.package_identification:_identify(.) by extensions ['cmake', 'python']
[0.370s] Level 1:colcon.colcon_core.package_identification:_identify(.) by extension 'cmake'
[0.370s] Level 1:colcon.colcon_core.package_identification:_identify(.) by extension 'python'
[0.370s] Level 1:colcon.colcon_core.package_identification:_identify(.) by extensions ['python_setup_py']
[0.370s] Level 1:colcon.colcon_core.package_identification:_identify(.) by extension 'python_setup_py'
[0.370s] Level 1:colcon.colcon_core.package_identification:_identify(build) by extensions ['ignore', 'ignore_ament_install']
[0.371s] Level 1:colcon.colcon_core.package_identification:_identify(build) by extension 'ignore'
[0.371s] Level 1:colcon.colcon_core.package_identification:_identify(build) ignored
[0.371s] Level 1:colcon.colcon_core.package_identification:_identify(install) by extensions ['ignore', 'ignore_ament_install']
[0.371s] Level 1:colcon.colcon_core.package_identification:_identify(install) by extension 'ignore'
[0.371s] Level 1:colcon.colcon_core.package_identification:_identify(install) ignored
[0.372s] Level 1:colcon.colcon_core.package_identification:_identify(log) by extensions ['ignore', 'ignore_ament_install']
[0.372s] Level 1:colcon.colcon_core.package_identification:_identify(log) by extension 'ignore'
[0.372s] Level 1:colcon.colcon_core.package_identification:_identify(log) ignored
[0.372s] Level 1:colcon.colcon_core.package_identification:_identify(src) by extensions ['ignore', 'ignore_ament_install']
[0.372s] Level 1:colcon.colcon_core.package_identification:_identify(src) by extension 'ignore'
[0.372s] Level 1:colcon.colcon_core.package_identification:_identify(src) by extension 'ignore_ament_install'
[0.372s] Level 1:colcon.colcon_core.package_identification:_identify(src) by extensions ['colcon_pkg']
[0.372s] Level 1:colcon.colcon_core.package_identification:_identify(src) by extension 'colcon_pkg'
[0.373s] Level 1:colcon.colcon_core.package_identification:_identify(src) by extensions ['colcon_meta']
[0.373s] Level 1:colcon.colcon_core.package_identification:_identify(src) by extension 'colcon_meta'
[0.373s] Level 1:colcon.colcon_core.package_identification:_identify(src) by extensions ['ros']
[0.373s] Level 1:colcon.colcon_core.package_identification:_identify(src) by extension 'ros'
[0.373s] Level 1:colcon.colcon_core.package_identification:_identify(src) by extensions ['cmake', 'python']
[0.373s] Level 1:colcon.colcon_core.package_identification:_identify(src) by extension 'cmake'
[0.373s] Level 1:colcon.colcon_core.package_identification:_identify(src) by extension 'python'
[0.373s] Level 1:colcon.colcon_core.package_identification:_identify(src) by extensions ['python_setup_py']
[0.373s] Level 1:colcon.colcon_core.package_identification:_identify(src) by extension 'python_setup_py'
[0.373s] Level 1:colcon.colcon_core.package_identification:_identify(src/abb_irb4600_ikfast) by extensions ['ignore', 'ignore_ament_install']
[0.374s] Level 1:colcon.colcon_core.package_identification:_identify(src/abb_irb4600_ikfast) by extension 'ignore'
[0.374s] Level 1:colcon.colcon_core.package_identification:_identify(src/abb_irb4600_ikfast) by extension 'ignore_ament_install'
[0.374s] Level 1:colcon.colcon_core.package_identification:_identify(src/abb_irb4600_ikfast) by extensions ['colcon_pkg']
[0.374s] Level 1:colcon.colcon_core.package_identification:_identify(src/abb_irb4600_ikfast) by extension 'colcon_pkg'
[0.374s] Level 1:colcon.colcon_core.package_identification:_identify(src/abb_irb4600_ikfast) by extensions ['colcon_meta']
[0.374s] Level 1:colcon.colcon_core.package_identification:_identify(src/abb_irb4600_ikfast) by extension 'colcon_meta'
[0.374s] Level 1:colcon.colcon_core.package_identification:_identify(src/abb_irb4600_ikfast) by extensions ['ros']
[0.374s] Level 1:colcon.colcon_core.package_identification:_identify(src/abb_irb4600_ikfast) by extension 'ros'
[0.380s] DEBUG:colcon.colcon_core.package_identification:Package 'src/abb_irb4600_ikfast' with type 'ros.ament_cmake' and name 'abb_irb4600_ikfast'
[0.380s] Level 1:colcon.colcon_core.package_identification:_identify(src/abb_model) by extensions ['ignore', 'ignore_ament_install']
[0.380s] Level 1:colcon.colcon_core.package_identification:_identify(src/abb_model) by extension 'ignore'
[0.380s] Level 1:colcon.colcon_core.package_identification:_identify(src/abb_model) by extension 'ignore_ament_install'
[0.380s] Level 1:colcon.colcon_core.package_identification:_identify(src/abb_model) by extensions ['colcon_pkg']
[0.380s] Level 1:colcon.colcon_core.package_identification:_identify(src/abb_model) by extension 'colcon_pkg'
[0.381s] Level 1:colcon.colcon_core.package_identification:_identify(src/abb_model) by extensions ['colcon_meta']
[0.381s] Level 1:colcon.colcon_core.package_identification:_identify(src/abb_model) by extension 'colcon_meta'
[0.381s] Level 1:colcon.colcon_core.package_identification:_identify(src/abb_model) by extensions ['ros']
[0.381s] Level 1:colcon.colcon_core.package_identification:_identify(src/abb_model) by extension 'ros'
[0.382s] DEBUG:colcon.colcon_core.package_identification:Package 'src/abb_model' with type 'ros.ament_cmake' and name 'abb_model'
[0.382s] Level 1:colcon.colcon_core.package_identification:_identify(src/block1_kleman) by extensions ['ignore', 'ignore_ament_install']
[0.382s] Level 1:colcon.colcon_core.package_identification:_identify(src/block1_kleman) by extension 'ignore'
[0.383s] Level 1:colcon.colcon_core.package_identification:_identify(src/block1_kleman) by extension 'ignore_ament_install'
[0.383s] Level 1:colcon.colcon_core.package_identification:_identify(src/block1_kleman) by extensions ['colcon_pkg']
[0.383s] Level 1:colcon.colcon_core.package_identification:_identify(src/block1_kleman) by extension 'colcon_pkg'
[0.383s] Level 1:colcon.colcon_core.package_identification:_identify(src/block1_kleman) by extensions ['colcon_meta']
[0.383s] Level 1:colcon.colcon_core.package_identification:_identify(src/block1_kleman) by extension 'colcon_meta'
[0.383s] Level 1:colcon.colcon_core.package_identification:_identify(src/block1_kleman) by extensions ['ros']
[0.383s] Level 1:colcon.colcon_core.package_identification:_identify(src/block1_kleman) by extension 'ros'
[0.385s] DEBUG:colcon.colcon_core.package_identification:Package 'src/block1_kleman' with type 'ros.ament_cmake' and name 'block1_kleman'
[0.385s] Level 1:colcon.colcon_core.package_identification:_identify(src/cvicenie_2) by extensions ['ignore', 'ignore_ament_install']
[0.385s] Level 1:colcon.colcon_core.package_identification:_identify(src/cvicenie_2) by extension 'ignore'
[0.385s] Level 1:colcon.colcon_core.package_identification:_identify(src/cvicenie_2) by extension 'ignore_ament_install'
[0.386s] Level 1:colcon.colcon_core.package_identification:_identify(src/cvicenie_2) by extensions ['colcon_pkg']
[0.386s] Level 1:colcon.colcon_core.package_identification:_identify(src/cvicenie_2) by extension 'colcon_pkg'
[0.386s] Level 1:colcon.colcon_core.package_identification:_identify(src/cvicenie_2) by extensions ['colcon_meta']
[0.386s] Level 1:colcon.colcon_core.package_identification:_identify(src/cvicenie_2) by extension 'colcon_meta'
[0.386s] Level 1:colcon.colcon_core.package_identification:_identify(src/cvicenie_2) by extensions ['ros']
[0.386s] Level 1:colcon.colcon_core.package_identification:_identify(src/cvicenie_2) by extension 'ros'
[0.386s] Level 1:colcon.colcon_core.package_identification:_identify(src/cvicenie_2) by extensions ['cmake', 'python']
[0.386s] Level 1:colcon.colcon_core.package_identification:_identify(src/cvicenie_2) by extension 'cmake'
[0.386s] Level 1:colcon.colcon_core.package_identification:_identify(src/cvicenie_2) by extension 'python'
[0.386s] Level 1:colcon.colcon_core.package_identification:_identify(src/cvicenie_2) by extensions ['python_setup_py']
[0.386s] Level 1:colcon.colcon_core.package_identification:_identify(src/cvicenie_2) by extension 'python_setup_py'
[0.387s] Level 1:colcon.colcon_core.package_identification:_identify(src/cvicenie_2/rrm_msgs) by extensions ['ignore', 'ignore_ament_install']
[0.387s] Level 1:colcon.colcon_core.package_identification:_identify(src/cvicenie_2/rrm_msgs) by extension 'ignore'
[0.387s] Level 1:colcon.colcon_core.package_identification:_identify(src/cvicenie_2/rrm_msgs) by extension 'ignore_ament_install'
[0.387s] Level 1:colcon.colcon_core.package_identification:_identify(src/cvicenie_2/rrm_msgs) by extensions ['colcon_pkg']
[0.387s] Level 1:colcon.colcon_core.package_identification:_identify(src/cvicenie_2/rrm_msgs) by extension 'colcon_pkg'
[0.387s] Level 1:colcon.colcon_core.package_identification:_identify(src/cvicenie_2/rrm_msgs) by extensions ['colcon_meta']
[0.387s] Level 1:colcon.colcon_core.package_identification:_identify(src/cvicenie_2/rrm_msgs) by extension 'colcon_meta'
[0.387s] Level 1:colcon.colcon_core.package_identification:_identify(src/cvicenie_2/rrm_msgs) by extensions ['ros']
[0.387s] Level 1:colcon.colcon_core.package_identification:_identify(src/cvicenie_2/rrm_msgs) by extension 'ros'
[0.389s] DEBUG:colcon.colcon_core.package_identification:Package 'src/cvicenie_2/rrm_msgs' with type 'ros.ament_cmake' and name 'rrm_msgs'
[0.389s] Level 1:colcon.colcon_core.package_identification:_identify(src/cvicenie_2/rrm_sim) by extensions ['ignore', 'ignore_ament_install']
[0.389s] Level 1:colcon.colcon_core.package_identification:_identify(src/cvicenie_2/rrm_sim) by extension 'ignore'
[0.389s] Level 1:colcon.colcon_core.package_identification:_identify(src/cvicenie_2/rrm_sim) by extension 'ignore_ament_install'
[0.389s] Level 1:colcon.colcon_core.package_identification:_identify(src/cvicenie_2/rrm_sim) by extensions ['colcon_pkg']
[0.389s] Level 1:colcon.colcon_core.package_identification:_identify(src/cvicenie_2/rrm_sim) by extension 'colcon_pkg'
[0.389s] Level 1:colcon.colcon_core.package_identification:_identify(src/cvicenie_2/rrm_sim) by extensions ['colcon_meta']
[0.390s] Level 1:colcon.colcon_core.package_identification:_identify(src/cvicenie_2/rrm_sim) by extension 'colcon_meta'
[0.390s] Level 1:colcon.colcon_core.package_identification:_identify(src/cvicenie_2/rrm_sim) by extensions ['ros']
[0.390s] Level 1:colcon.colcon_core.package_identification:_identify(src/cvicenie_2/rrm_sim) by extension 'ros'
[0.391s] DEBUG:colcon.colcon_core.package_identification:Package 'src/cvicenie_2/rrm_sim' with type 'ros.ament_cmake' and name 'rrm_sim'
[0.391s] Level 1:colcon.colcon_core.package_identification:_identify(src/cvicenie_2/rrm_simple_robot_model) by extensions ['ignore', 'ignore_ament_install']
[0.391s] Level 1:colcon.colcon_core.package_identification:_identify(src/cvicenie_2/rrm_simple_robot_model) by extension 'ignore'
[0.392s] Level 1:colcon.colcon_core.package_identification:_identify(src/cvicenie_2/rrm_simple_robot_model) by extension 'ignore_ament_install'
[0.392s] Level 1:colcon.colcon_core.package_identification:_identify(src/cvicenie_2/rrm_simple_robot_model) by extensions ['colcon_pkg']
[0.392s] Level 1:colcon.colcon_core.package_identification:_identify(src/cvicenie_2/rrm_simple_robot_model) by extension 'colcon_pkg'
[0.392s] Level 1:colcon.colcon_core.package_identification:_identify(src/cvicenie_2/rrm_simple_robot_model) by extensions ['colcon_meta']
[0.392s] Level 1:colcon.colcon_core.package_identification:_identify(src/cvicenie_2/rrm_simple_robot_model) by extension 'colcon_meta'
[0.392s] Level 1:colcon.colcon_core.package_identification:_identify(src/cvicenie_2/rrm_simple_robot_model) by extensions ['ros']
[0.392s] Level 1:colcon.colcon_core.package_identification:_identify(src/cvicenie_2/rrm_simple_robot_model) by extension 'ros'
[0.393s] DEBUG:colcon.colcon_core.package_identification:Package 'src/cvicenie_2/rrm_simple_robot_model' with type 'ros.ament_cmake' and name 'rrm_simple_robot_model'
[0.393s] Level 1:colcon.colcon_core.package_identification:_identify(src/kleman_interface) by extensions ['ignore', 'ignore_ament_install']
[0.393s] Level 1:colcon.colcon_core.package_identification:_identify(src/kleman_interface) by extension 'ignore'
[0.394s] Level 1:colcon.colcon_core.package_identification:_identify(src/kleman_interface) by extension 'ignore_ament_install'
[0.394s] Level 1:colcon.colcon_core.package_identification:_identify(src/kleman_interface) by extensions ['colcon_pkg']
[0.394s] Level 1:colcon.colcon_core.package_identification:_identify(src/kleman_interface) by extension 'colcon_pkg'
[0.394s] Level 1:colcon.colcon_core.package_identification:_identify(src/kleman_interface) by extensions ['colcon_meta']
[0.394s] Level 1:colcon.colcon_core.package_identification:_identify(src/kleman_interface) by extension 'colcon_meta'
[0.394s] Level 1:colcon.colcon_core.package_identification:_identify(src/kleman_interface) by extensions ['ros']
[0.394s] Level 1:colcon.colcon_core.package_identification:_identify(src/kleman_interface) by extension 'ros'
[0.395s] DEBUG:colcon.colcon_core.package_identification:Package 'src/kleman_interface' with type 'ros.ament_cmake' and name 'kleman_interface'
[0.395s] Level 1:colcon.colcon_core.package_identification:_identify(src/msg) by extensions ['ignore', 'ignore_ament_install']
[0.395s] Level 1:colcon.colcon_core.package_identification:_identify(src/msg) by extension 'ignore'
[0.395s] Level 1:colcon.colcon_core.package_identification:_identify(src/msg) by extension 'ignore_ament_install'
[0.396s] Level 1:colcon.colcon_core.package_identification:_identify(src/msg) by extensions ['colcon_pkg']
[0.396s] Level 1:colcon.colcon_core.package_identification:_identify(src/msg) by extension 'colcon_pkg'
[0.396s] Level 1:colcon.colcon_core.package_identification:_identify(src/msg) by extensions ['colcon_meta']
[0.396s] Level 1:colcon.colcon_core.package_identification:_identify(src/msg) by extension 'colcon_meta'
[0.396s] Level 1:colcon.colcon_core.package_identification:_identify(src/msg) by extensions ['ros']
[0.396s] Level 1:colcon.colcon_core.package_identification:_identify(src/msg) by extension 'ros'
[0.396s] Level 1:colcon.colcon_core.package_identification:_identify(src/msg) by extensions ['cmake', 'python']
[0.396s] Level 1:colcon.colcon_core.package_identification:_identify(src/msg) by extension 'cmake'
[0.396s] Level 1:colcon.colcon_core.package_identification:_identify(src/msg) by extension 'python'
[0.396s] Level 1:colcon.colcon_core.package_identification:_identify(src/msg) by extensions ['python_setup_py']
[0.396s] Level 1:colcon.colcon_core.package_identification:_identify(src/msg) by extension 'python_setup_py'
[0.396s] Level 1:colcon.colcon_core.package_identification:_identify(src/srv) by extensions ['ignore', 'ignore_ament_install']
[0.397s] Level 1:colcon.colcon_core.package_identification:_identify(src/srv) by extension 'ignore'
[0.397s] Level 1:colcon.colcon_core.package_identification:_identify(src/srv) by extension 'ignore_ament_install'
[0.397s] Level 1:colcon.colcon_core.package_identification:_identify(src/srv) by extensions ['colcon_pkg']
[0.397s] Level 1:colcon.colcon_core.package_identification:_identify(src/srv) by extension 'colcon_pkg'
[0.397s] Level 1:colcon.colcon_core.package_identification:_identify(src/srv) by extensions ['colcon_meta']
[0.397s] Level 1:colcon.colcon_core.package_identification:_identify(src/srv) by extension 'colcon_meta'
[0.397s] Level 1:colcon.colcon_core.package_identification:_identify(src/srv) by extensions ['ros']
[0.397s] Level 1:colcon.colcon_core.package_identification:_identify(src/srv) by extension 'ros'
[0.397s] Level 1:colcon.colcon_core.package_identification:_identify(src/srv) by extensions ['cmake', 'python']
[0.397s] Level 1:colcon.colcon_core.package_identification:_identify(src/srv) by extension 'cmake'
[0.397s] Level 1:colcon.colcon_core.package_identification:_identify(src/srv) by extension 'python'
[0.398s] Level 1:colcon.colcon_core.package_identification:_identify(src/srv) by extensions ['python_setup_py']
[0.398s] Level 1:colcon.colcon_core.package_identification:_identify(src/srv) by extension 'python_setup_py'
[0.398s] Level 1:colcon.colcon_core.package_identification:_identify(src/stl_modely) by extensions ['ignore', 'ignore_ament_install']
[0.398s] Level 1:colcon.colcon_core.package_identification:_identify(src/stl_modely) by extension 'ignore'
[0.398s] Level 1:colcon.colcon_core.package_identification:_identify(src/stl_modely) by extension 'ignore_ament_install'
[0.398s] Level 1:colcon.colcon_core.package_identification:_identify(src/stl_modely) by extensions ['colcon_pkg']
[0.398s] Level 1:colcon.colcon_core.package_identification:_identify(src/stl_modely) by extension 'colcon_pkg'
[0.398s] Level 1:colcon.colcon_core.package_identification:_identify(src/stl_modely) by extensions ['colcon_meta']
[0.398s] Level 1:colcon.colcon_core.package_identification:_identify(src/stl_modely) by extension 'colcon_meta'
[0.398s] Level 1:colcon.colcon_core.package_identification:_identify(src/stl_modely) by extensions ['ros']
[0.398s] Level 1:colcon.colcon_core.package_identification:_identify(src/stl_modely) by extension 'ros'
[0.399s] Level 1:colcon.colcon_core.package_identification:_identify(src/stl_modely) by extensions ['cmake', 'python']
[0.399s] Level 1:colcon.colcon_core.package_identification:_identify(src/stl_modely) by extension 'cmake'
[0.399s] Level 1:colcon.colcon_core.package_identification:_identify(src/stl_modely) by extension 'python'
[0.399s] Level 1:colcon.colcon_core.package_identification:_identify(src/stl_modely) by extensions ['python_setup_py']
[0.399s] Level 1:colcon.colcon_core.package_identification:_identify(src/stl_modely) by extension 'python_setup_py'
[0.399s] Level 1:colcon.colcon_core.package_discovery:discover_packages(recursive) using defaults
[0.399s] Level 1:colcon.colcon_core.package_discovery:discover_packages(ignore) discover
[0.399s] Level 1:colcon.colcon_core.package_discovery:discover_packages(ignore) using defaults
[0.399s] Level 1:colcon.colcon_core.package_discovery:discover_packages(path) discover
[0.399s] Level 1:colcon.colcon_core.package_discovery:discover_packages(path) using defaults
[0.442s] Level 1:colcon.colcon_core.package_discovery:discover_packages(prefix_path) check parameters
[0.442s] Level 1:colcon.colcon_core.package_discovery:discover_packages(prefix_path) discover
[0.447s] DEBUG:colcon.colcon_installed_package_information.package_discovery:Found 7 installed packages in /home/kllemo/ros2_ws/install
[0.450s] DEBUG:colcon.colcon_installed_package_information.package_discovery:Found 289 installed packages in /opt/ros/jazzy
[0.453s] Level 1:colcon.colcon_core.package_discovery:discover_packages(prefix_path) using defaults
[0.545s] Level 5:colcon.colcon_core.verb:set package 'abb_irb4600_ikfast' build argument 'cmake_args' from command line to 'None'
[0.546s] Level 5:colcon.colcon_core.verb:set package 'abb_irb4600_ikfast' build argument 'cmake_target' from command line to 'None'
[0.546s] Level 5:colcon.colcon_core.verb:set package 'abb_irb4600_ikfast' build argument 'cmake_target_skip_unavailable' from command line to 'False'
[0.546s] Level 5:colcon.colcon_core.verb:set package 'abb_irb4600_ikfast' build argument 'cmake_clean_cache' from command line to 'False'
[0.546s] Level 5:colcon.colcon_core.verb:set package 'abb_irb4600_ikfast' build argument 'cmake_clean_first' from command line to 'False'
[0.546s] Level 5:colcon.colcon_core.verb:set package 'abb_irb4600_ikfast' build argument 'cmake_force_configure' from command line to 'False'
[0.546s] Level 5:colcon.colcon_core.verb:set package 'abb_irb4600_ikfast' build argument 'ament_cmake_args' from command line to 'None'
[0.546s] Level 5:colcon.colcon_core.verb:set package 'abb_irb4600_ikfast' build argument 'catkin_cmake_args' from command line to 'None'
[0.546s] Level 5:colcon.colcon_core.verb:set package 'abb_irb4600_ikfast' build argument 'catkin_skip_building_tests' from command line to 'False'
[0.546s] DEBUG:colcon.colcon_core.verb:Building package 'abb_irb4600_ikfast' with the following arguments: {'ament_cmake_args': None, 'build_base': '/home/kllemo/ros2_ws/build/abb_irb4600_ikfast', 'catkin_cmake_args': None, 'catkin_skip_building_tests': False, 'cmake_args': None, 'cmake_clean_cache': False, 'cmake_clean_first': False, 'cmake_force_configure': False, 'cmake_target': None, 'cmake_target_skip_unavailable': False, 'install_base': '/home/kllemo/ros2_ws/install/abb_irb4600_ikfast', 'merge_install': False, 'path': '/home/kllemo/ros2_ws/src/abb_irb4600_ikfast', 'symlink_install': False, 'test_result_base': None}
[0.547s] Level 5:colcon.colcon_core.verb:set package 'abb_model' build argument 'cmake_args' from command line to 'None'
[0.547s] Level 5:colcon.colcon_core.verb:set package 'abb_model' build argument 'cmake_target' from command line to 'None'
[0.547s] Level 5:colcon.colcon_core.verb:set package 'abb_model' build argument 'cmake_target_skip_unavailable' from command line to 'False'
[0.547s] Level 5:colcon.colcon_core.verb:set package 'abb_model' build argument 'cmake_clean_cache' from command line to 'False'
[0.547s] Level 5:colcon.colcon_core.verb:set package 'abb_model' build argument 'cmake_clean_first' from command line to 'False'
[0.547s] Level 5:colcon.colcon_core.verb:set package 'abb_model' build argument 'cmake_force_configure' from command line to 'False'
[0.547s] Level 5:colcon.colcon_core.verb:set package 'abb_model' build argument 'ament_cmake_args' from command line to 'None'
[0.547s] Level 5:colcon.colcon_core.verb:set package 'abb_model' build argument 'catkin_cmake_args' from command line to 'None'
[0.547s] Level 5:colcon.colcon_core.verb:set package 'abb_model' build argument 'catkin_skip_building_tests' from command line to 'False'
[0.547s] DEBUG:colcon.colcon_core.verb:Building package 'abb_model' with the following arguments: {'ament_cmake_args': None, 'build_base': '/home/kllemo/ros2_ws/build/abb_model', 'catkin_cmake_args': None, 'catkin_skip_building_tests': False, 'cmake_args': None, 'cmake_clean_cache': False, 'cmake_clean_first': False, 'cmake_force_configure': False, 'cmake_target': None, 'cmake_target_skip_unavailable': False, 'install_base': '/home/kllemo/ros2_ws/install/abb_model', 'merge_install': False, 'path': '/home/kllemo/ros2_ws/src/abb_model', 'symlink_install': False, 'test_result_base': None}
[0.548s] Level 5:colcon.colcon_core.verb:set package 'kleman_interface' build argument 'cmake_args' from command line to 'None'
[0.548s] Level 5:colcon.colcon_core.verb:set package 'kleman_interface' build argument 'cmake_target' from command line to 'None'
[0.548s] Level 5:colcon.colcon_core.verb:set package 'kleman_interface' build argument 'cmake_target_skip_unavailable' from command line to 'False'
[0.548s] Level 5:colcon.colcon_core.verb:set package 'kleman_interface' build argument 'cmake_clean_cache' from command line to 'False'
[0.548s] Level 5:colcon.colcon_core.verb:set package 'kleman_interface' build argument 'cmake_clean_first' from command line to 'False'
[0.548s] Level 5:colcon.colcon_core.verb:set package 'kleman_interface' build argument 'cmake_force_configure' from command line to 'False'
[0.548s] Level 5:colcon.colcon_core.verb:set package 'kleman_interface' build argument 'ament_cmake_args' from command line to 'None'
[0.548s] Level 5:colcon.colcon_core.verb:set package 'kleman_interface' build argument 'catkin_cmake_args' from command line to 'None'
[0.548s] Level 5:colcon.colcon_core.verb:set package 'kleman_interface' build argument 'catkin_skip_building_tests' from command line to 'False'
[0.548s] DEBUG:colcon.colcon_core.verb:Building package 'kleman_interface' with the following arguments: {'ament_cmake_args': None, 'build_base': '/home/kllemo/ros2_ws/build/kleman_interface', 'catkin_cmake_args': None, 'catkin_skip_building_tests': False, 'cmake_args': None, 'cmake_clean_cache': False, 'cmake_clean_first': False, 'cmake_force_configure': False, 'cmake_target': None, 'cmake_target_skip_unavailable': False, 'install_base': '/home/kllemo/ros2_ws/install/kleman_interface', 'merge_install': False, 'path': '/home/kllemo/ros2_ws/src/kleman_interface', 'symlink_install': False, 'test_result_base': None}
[0.549s] Level 5:colcon.colcon_core.verb:set package 'rrm_msgs' build argument 'cmake_args' from command line to 'None'
[0.549s] Level 5:colcon.colcon_core.verb:set package 'rrm_msgs' build argument 'cmake_target' from command line to 'None'
[0.549s] Level 5:colcon.colcon_core.verb:set package 'rrm_msgs' build argument 'cmake_target_skip_unavailable' from command line to 'False'
[0.549s] Level 5:colcon.colcon_core.verb:set package 'rrm_msgs' build argument 'cmake_clean_cache' from command line to 'False'
[0.549s] Level 5:colcon.colcon_core.verb:set package 'rrm_msgs' build argument 'cmake_clean_first' from command line to 'False'
[0.549s] Level 5:colcon.colcon_core.verb:set package 'rrm_msgs' build argument 'cmake_force_configure' from command line to 'False'
[0.549s] Level 5:colcon.colcon_core.verb:set package 'rrm_msgs' build argument 'ament_cmake_args' from command line to 'None'
[0.549s] Level 5:colcon.colcon_core.verb:set package 'rrm_msgs' build argument 'catkin_cmake_args' from command line to 'None'
[0.549s] Level 5:colcon.colcon_core.verb:set package 'rrm_msgs' build argument 'catkin_skip_building_tests' from command line to 'False'
[0.549s] DEBUG:colcon.colcon_core.verb:Building package 'rrm_msgs' with the following arguments: {'ament_cmake_args': None, 'build_base': '/home/kllemo/ros2_ws/build/rrm_msgs', 'catkin_cmake_args': None, 'catkin_skip_building_tests': False, 'cmake_args': None, 'cmake_clean_cache': False, 'cmake_clean_first': False, 'cmake_force_configure': False, 'cmake_target': None, 'cmake_target_skip_unavailable': False, 'install_base': '/home/kllemo/ros2_ws/install/rrm_msgs', 'merge_install': False, 'path': '/home/kllemo/ros2_ws/src/cvicenie_2/rrm_msgs', 'symlink_install': False, 'test_result_base': None}
[0.550s] Level 5:colcon.colcon_core.verb:set package 'rrm_simple_robot_model' build argument 'cmake_args' from command line to 'None'
[0.550s] Level 5:colcon.colcon_core.verb:set package 'rrm_simple_robot_model' build argument 'cmake_target' from command line to 'None'
[0.550s] Level 5:colcon.colcon_core.verb:set package 'rrm_simple_robot_model' build argument 'cmake_target_skip_unavailable' from command line to 'False'
[0.550s] Level 5:colcon.colcon_core.verb:set package 'rrm_simple_robot_model' build argument 'cmake_clean_cache' from command line to 'False'
[0.550s] Level 5:colcon.colcon_core.verb:set package 'rrm_simple_robot_model' build argument 'cmake_clean_first' from command line to 'False'
[0.550s] Level 5:colcon.colcon_core.verb:set package 'rrm_simple_robot_model' build argument 'cmake_force_configure' from command line to 'False'
[0.550s] Level 5:colcon.colcon_core.verb:set package 'rrm_simple_robot_model' build argument 'ament_cmake_args' from command line to 'None'
[0.550s] Level 5:colcon.colcon_core.verb:set package 'rrm_simple_robot_model' build argument 'catkin_cmake_args' from command line to 'None'
[0.550s] Level 5:colcon.colcon_core.verb:set package 'rrm_simple_robot_model' build argument 'catkin_skip_building_tests' from command line to 'False'
[0.550s] DEBUG:colcon.colcon_core.verb:Building package 'rrm_simple_robot_model' with the following arguments: {'ament_cmake_args': None, 'build_base': '/home/kllemo/ros2_ws/build/rrm_simple_robot_model', 'catkin_cmake_args': None, 'catkin_skip_building_tests': False, 'cmake_args': None, 'cmake_clean_cache': False, 'cmake_clean_first': False, 'cmake_force_configure': False, 'cmake_target': None, 'cmake_target_skip_unavailable': False, 'install_base': '/home/kllemo/ros2_ws/install/rrm_simple_robot_model', 'merge_install': False, 'path': '/home/kllemo/ros2_ws/src/cvicenie_2/rrm_simple_robot_model', 'symlink_install': False, 'test_result_base': None}
[0.551s] Level 5:colcon.colcon_core.verb:set package 'block1_kleman' build argument 'cmake_args' from command line to 'None'
[0.551s] Level 5:colcon.colcon_core.verb:set package 'block1_kleman' build argument 'cmake_target' from command line to 'None'
[0.551s] Level 5:colcon.colcon_core.verb:set package 'block1_kleman' build argument 'cmake_target_skip_unavailable' from command line to 'False'
[0.551s] Level 5:colcon.colcon_core.verb:set package 'block1_kleman' build argument 'cmake_clean_cache' from command line to 'False'
[0.551s] Level 5:colcon.colcon_core.verb:set package 'block1_kleman' build argument 'cmake_clean_first' from command line to 'False'
[0.551s] Level 5:colcon.colcon_core.verb:set package 'block1_kleman' build argument 'cmake_force_configure' from command line to 'False'
[0.551s] Level 5:colcon.colcon_core.verb:set package 'block1_kleman' build argument 'ament_cmake_args' from command line to 'None'
[0.551s] Level 5:colcon.colcon_core.verb:set package 'block1_kleman' build argument 'catkin_cmake_args' from command line to 'None'
[0.551s] Level 5:colcon.colcon_core.verb:set package 'block1_kleman' build argument 'catkin_skip_building_tests' from command line to 'False'
[0.551s] DEBUG:colcon.colcon_core.verb:Building package 'block1_kleman' with the following arguments: {'ament_cmake_args': None, 'build_base': '/home/kllemo/ros2_ws/build/block1_kleman', 'catkin_cmake_args': None, 'catkin_skip_building_tests': False, 'cmake_args': None, 'cmake_clean_cache': False, 'cmake_clean_first': False, 'cmake_force_configure': False, 'cmake_target': None, 'cmake_target_skip_unavailable': False, 'install_base': '/home/kllemo/ros2_ws/install/block1_kleman', 'merge_install': False, 'path': '/home/kllemo/ros2_ws/src/block1_kleman', 'symlink_install': False, 'test_result_base': None}
[0.552s] Level 5:colcon.colcon_core.verb:set package 'rrm_sim' build argument 'cmake_args' from command line to 'None'
[0.552s] Level 5:colcon.colcon_core.verb:set package 'rrm_sim' build argument 'cmake_target' from command line to 'None'
[0.552s] Level 5:colcon.colcon_core.verb:set package 'rrm_sim' build argument 'cmake_target_skip_unavailable' from command line to 'False'
[0.552s] Level 5:colcon.colcon_core.verb:set package 'rrm_sim' build argument 'cmake_clean_cache' from command line to 'False'
[0.552s] Level 5:colcon.colcon_core.verb:set package 'rrm_sim' build argument 'cmake_clean_first' from command line to 'False'
[0.552s] Level 5:colcon.colcon_core.verb:set package 'rrm_sim' build argument 'cmake_force_configure' from command line to 'False'
[0.552s] Level 5:colcon.colcon_core.verb:set package 'rrm_sim' build argument 'ament_cmake_args' from command line to 'None'
[0.552s] Level 5:colcon.colcon_core.verb:set package 'rrm_sim' build argument 'catkin_cmake_args' from command line to 'None'
[0.552s] Level 5:colcon.colcon_core.verb:set package 'rrm_sim' build argument 'catkin_skip_building_tests' from command line to 'False'
[0.552s] DEBUG:colcon.colcon_core.verb:Building package 'rrm_sim' with the following arguments: {'ament_cmake_args': None, 'build_base': '/home/kllemo/ros2_ws/build/rrm_sim', 'catkin_cmake_args': None, 'catkin_skip_building_tests': False, 'cmake_args': None, 'cmake_clean_cache': False, 'cmake_clean_first': False, 'cmake_force_configure': False, 'cmake_target': None, 'cmake_target_skip_unavailable': False, 'install_base': '/home/kllemo/ros2_ws/install/rrm_sim', 'merge_install': False, 'path': '/home/kllemo/ros2_ws/src/cvicenie_2/rrm_sim', 'symlink_install': False, 'test_result_base': None}
[0.552s] INFO:colcon.colcon_core.executor:Executing jobs using 'parallel' executor
[0.554s] DEBUG:colcon.colcon_parallel_executor.executor.parallel:run_until_complete
[0.555s] INFO:colcon.colcon_ros.task.ament_cmake.build:Building ROS package in '/home/kllemo/ros2_ws/src/abb_irb4600_ikfast' with build type 'ament_cmake'
[0.555s] INFO:colcon.colcon_cmake.task.cmake.build:Building CMake package in '/home/kllemo/ros2_ws/src/abb_irb4600_ikfast'
[0.559s] INFO:colcon.colcon_core.plugin_system:Skipping extension 'colcon_core.shell.bat': Not used on non-Windows systems
[0.559s] INFO:colcon.colcon_core.shell:Skip shell extension 'powershell' for command environment: Not usable outside of PowerShell
[0.559s] DEBUG:colcon.colcon_core.shell:Skip shell extension 'dsv' for command environment
[0.567s] INFO:colcon.colcon_ros.task.ament_cmake.build:Building ROS package in '/home/kllemo/ros2_ws/src/abb_model' with build type 'ament_cmake'
[0.568s] INFO:colcon.colcon_cmake.task.cmake.build:Building CMake package in '/home/kllemo/ros2_ws/src/abb_model'
[0.568s] INFO:colcon.colcon_core.shell:Skip shell extension 'powershell' for command environment: Not usable outside of PowerShell
[0.568s] DEBUG:colcon.colcon_core.shell:Skip shell extension 'dsv' for command environment
[0.576s] INFO:colcon.colcon_ros.task.ament_cmake.build:Building ROS package in '/home/kllemo/ros2_ws/src/cvicenie_2/rrm_msgs' with build type 'ament_cmake'
[0.576s] INFO:colcon.colcon_cmake.task.cmake.build:Building CMake package in '/home/kllemo/ros2_ws/src/cvicenie_2/rrm_msgs'
[0.577s] INFO:colcon.colcon_core.shell:Skip shell extension 'powershell' for command environment: Not usable outside of PowerShell
[0.577s] DEBUG:colcon.colcon_core.shell:Skip shell extension 'dsv' for command environment
[0.586s] INFO:colcon.colcon_ros.task.ament_cmake.build:Building ROS package in '/home/kllemo/ros2_ws/src/kleman_interface' with build type 'ament_cmake'
[0.587s] INFO:colcon.colcon_cmake.task.cmake.build:Building CMake package in '/home/kllemo/ros2_ws/src/kleman_interface'
[0.588s] INFO:colcon.colcon_core.shell:Skip shell extension 'powershell' for command environment: Not usable outside of PowerShell
[0.588s] DEBUG:colcon.colcon_core.shell:Skip shell extension 'dsv' for command environment
[0.595s] INFO:colcon.colcon_ros.task.ament_cmake.build:Building ROS package in '/home/kllemo/ros2_ws/src/cvicenie_2/rrm_simple_robot_model' with build type 'ament_cmake'
[0.596s] INFO:colcon.colcon_cmake.task.cmake.build:Building CMake package in '/home/kllemo/ros2_ws/src/cvicenie_2/rrm_simple_robot_model'
[0.596s] INFO:colcon.colcon_core.shell:Skip shell extension 'powershell' for command environment: Not usable outside of PowerShell
[0.596s] DEBUG:colcon.colcon_core.shell:Skip shell extension 'dsv' for command environment
[0.613s] DEBUG:colcon.colcon_core.event_handler.log_command:Invoking command in '/home/kllemo/ros2_ws/build/abb_irb4600_ikfast': CMAKE_PREFIX_PATH=${CMAKE_PREFIX_PATH}:/opt/ros/jazzy DEBUGINFOD_URLS=https://debuginfod.ubuntu.com /usr/bin/cmake --build /home/kllemo/ros2_ws/build/abb_irb4600_ikfast -- -j16 -l16
[0.618s] DEBUG:colcon.colcon_core.event_handler.log_command:Invoking command in '/home/kllemo/ros2_ws/build/abb_model': CMAKE_PREFIX_PATH=${CMAKE_PREFIX_PATH}:/opt/ros/jazzy DEBUGINFOD_URLS=https://debuginfod.ubuntu.com /usr/bin/cmake --build /home/kllemo/ros2_ws/build/abb_model -- -j16 -l16
[0.623s] DEBUG:colcon.colcon_core.event_handler.log_command:Invoking command in '/home/kllemo/ros2_ws/build/rrm_msgs': CMAKE_PREFIX_PATH=${CMAKE_PREFIX_PATH}:/opt/ros/jazzy DEBUGINFOD_URLS=https://debuginfod.ubuntu.com /usr/bin/cmake --build /home/kllemo/ros2_ws/build/rrm_msgs -- -j16 -l16
[0.627s] DEBUG:colcon.colcon_core.event_handler.log_command:Invoking command in '/home/kllemo/ros2_ws/build/kleman_interface': CMAKE_PREFIX_PATH=${CMAKE_PREFIX_PATH}:/opt/ros/jazzy DEBUGINFOD_URLS=https://debuginfod.ubuntu.com /usr/bin/cmake --build /home/kllemo/ros2_ws/build/kleman_interface -- -j16 -l16
[0.638s] DEBUG:colcon.colcon_core.event_handler.log_command:Invoking command in '/home/kllemo/ros2_ws/build/rrm_simple_robot_model': CMAKE_PREFIX_PATH=${CMAKE_PREFIX_PATH}:/opt/ros/jazzy DEBUGINFOD_URLS=https://debuginfod.ubuntu.com /usr/bin/cmake --build /home/kllemo/ros2_ws/build/rrm_simple_robot_model -- -j16 -l16
[0.692s] DEBUG:colcon.colcon_core.event_handler.log_command:Invoked command in '/home/kllemo/ros2_ws/build/abb_model' returned '0': CMAKE_PREFIX_PATH=${CMAKE_PREFIX_PATH}:/opt/ros/jazzy DEBUGINFOD_URLS=https://debuginfod.ubuntu.com /usr/bin/cmake --build /home/kllemo/ros2_ws/build/abb_model -- -j16 -l16
[0.716s] DEBUG:colcon.colcon_core.event_handler.log_command:Invoking command in '/home/kllemo/ros2_ws/build/abb_model': CMAKE_PREFIX_PATH=${CMAKE_PREFIX_PATH}:/opt/ros/jazzy DEBUGINFOD_URLS=https://debuginfod.ubuntu.com /usr/bin/cmake --install /home/kllemo/ros2_ws/build/abb_model
[0.719s] DEBUG:colcon.colcon_core.event_handler.log_command:Invoked command in '/home/kllemo/ros2_ws/build/rrm_simple_robot_model' returned '0': CMAKE_PREFIX_PATH=${CMAKE_PREFIX_PATH}:/opt/ros/jazzy DEBUGINFOD_URLS=https://debuginfod.ubuntu.com /usr/bin/cmake --build /home/kllemo/ros2_ws/build/rrm_simple_robot_model -- -j16 -l16
[0.722s] DEBUG:colcon.colcon_core.event_handler.log_command:Invoking command in '/home/kllemo/ros2_ws/build/rrm_simple_robot_model': CMAKE_PREFIX_PATH=${CMAKE_PREFIX_PATH}:/opt/ros/jazzy DEBUGINFOD_URLS=https://debuginfod.ubuntu.com /usr/bin/cmake --install /home/kllemo/ros2_ws/build/rrm_simple_robot_model
[0.737s] DEBUG:colcon.colcon_core.event_handler.log_command:Invoked command in '/home/kllemo/ros2_ws/build/abb_irb4600_ikfast' returned '0': CMAKE_PREFIX_PATH=${CMAKE_PREFIX_PATH}:/opt/ros/jazzy DEBUGINFOD_URLS=https://debuginfod.ubuntu.com /usr/bin/cmake --build /home/kllemo/ros2_ws/build/abb_irb4600_ikfast -- -j16 -l16
[0.747s] DEBUG:colcon.colcon_core.event_handler.log_command:Invoking command in '/home/kllemo/ros2_ws/build/abb_irb4600_ikfast': CMAKE_PREFIX_PATH=${CMAKE_PREFIX_PATH}:/opt/ros/jazzy DEBUGINFOD_URLS=https://debuginfod.ubuntu.com /usr/bin/cmake --install /home/kllemo/ros2_ws/build/abb_irb4600_ikfast
[0.766s] Level 1:colcon.colcon_core.environment:create_environment_scripts_only(rrm_simple_robot_model)
[0.768s] DEBUG:colcon.colcon_core.event_handler.log_command:Invoked command in '/home/kllemo/ros2_ws/build/rrm_simple_robot_model' returned '0': CMAKE_PREFIX_PATH=${CMAKE_PREFIX_PATH}:/opt/ros/jazzy DEBUGINFOD_URLS=https://debuginfod.ubuntu.com /usr/bin/cmake --install /home/kllemo/ros2_ws/build/rrm_simple_robot_model
[0.779s] Level 1:colcon.colcon_core.environment:checking '/home/kllemo/ros2_ws/install/rrm_simple_robot_model' for CMake module files
[0.781s] Level 1:colcon.colcon_core.environment:checking '/home/kllemo/ros2_ws/install/rrm_simple_robot_model' for CMake config files
[0.782s] Level 1:colcon.colcon_core.shell:create_environment_hook('rrm_simple_robot_model', 'cmake_prefix_path')
[0.782s] INFO:colcon.colcon_core.shell:Creating environment hook '/home/kllemo/ros2_ws/install/rrm_simple_robot_model/share/rrm_simple_robot_model/hook/cmake_prefix_path.ps1'
[0.784s] INFO:colcon.colcon_core.shell:Creating environment descriptor '/home/kllemo/ros2_ws/install/rrm_simple_robot_model/share/rrm_simple_robot_model/hook/cmake_prefix_path.dsv'
[0.785s] INFO:colcon.colcon_core.shell:Creating environment hook '/home/kllemo/ros2_ws/install/rrm_simple_robot_model/share/rrm_simple_robot_model/hook/cmake_prefix_path.sh'
[0.787s] Level 1:colcon.colcon_core.environment:checking '/home/kllemo/ros2_ws/install/rrm_simple_robot_model/bin'
[0.788s] Level 1:colcon.colcon_core.environment:checking '/home/kllemo/ros2_ws/install/rrm_simple_robot_model/lib/pkgconfig/rrm_simple_robot_model.pc'
[0.788s] Level 1:colcon.colcon_core.environment:checking '/home/kllemo/ros2_ws/install/rrm_simple_robot_model/lib/python3.12/site-packages'
[0.789s] Level 1:colcon.colcon_core.environment:checking '/home/kllemo/ros2_ws/install/rrm_simple_robot_model/bin'
[0.790s] INFO:colcon.colcon_core.shell:Creating package script '/home/kllemo/ros2_ws/install/rrm_simple_robot_model/share/rrm_simple_robot_model/package.ps1'
[0.792s] INFO:colcon.colcon_core.shell:Creating package descriptor '/home/kllemo/ros2_ws/install/rrm_simple_robot_model/share/rrm_simple_robot_model/package.dsv'
[0.795s] INFO:colcon.colcon_core.shell:Creating package script '/home/kllemo/ros2_ws/install/rrm_simple_robot_model/share/rrm_simple_robot_model/package.sh'
[0.801s] INFO:colcon.colcon_core.shell:Creating package script '/home/kllemo/ros2_ws/install/rrm_simple_robot_model/share/rrm_simple_robot_model/package.bash'
[0.804s] INFO:colcon.colcon_core.shell:Creating package script '/home/kllemo/ros2_ws/install/rrm_simple_robot_model/share/rrm_simple_robot_model/package.zsh'
[0.806s] Level 1:colcon.colcon_core.environment:create_file_with_runtime_dependencies(/home/kllemo/ros2_ws/install/rrm_simple_robot_model/share/colcon-core/packages/rrm_simple_robot_model)
[0.807s] Level 1:colcon.colcon_core.environment:create_environment_scripts_only(rrm_simple_robot_model)
[0.808s] Level 1:colcon.colcon_core.environment:checking '/home/kllemo/ros2_ws/install/rrm_simple_robot_model' for CMake module files
[0.809s] Level 1:colcon.colcon_core.environment:checking '/home/kllemo/ros2_ws/install/rrm_simple_robot_model' for CMake config files
[0.810s] Level 1:colcon.colcon_core.shell:create_environment_hook('rrm_simple_robot_model', 'cmake_prefix_path')
[0.810s] INFO:colcon.colcon_core.shell:Creating environment hook '/home/kllemo/ros2_ws/install/rrm_simple_robot_model/share/rrm_simple_robot_model/hook/cmake_prefix_path.ps1'
[0.811s] INFO:colcon.colcon_core.shell:Creating environment descriptor '/home/kllemo/ros2_ws/install/rrm_simple_robot_model/share/rrm_simple_robot_model/hook/cmake_prefix_path.dsv'
[0.812s] INFO:colcon.colcon_core.shell:Creating environment hook '/home/kllemo/ros2_ws/install/rrm_simple_robot_model/share/rrm_simple_robot_model/hook/cmake_prefix_path.sh'
[0.814s] Level 1:colcon.colcon_core.environment:checking '/home/kllemo/ros2_ws/install/rrm_simple_robot_model/bin'
[0.814s] Level 1:colcon.colcon_core.environment:checking '/home/kllemo/ros2_ws/install/rrm_simple_robot_model/lib/pkgconfig/rrm_simple_robot_model.pc'
[0.815s] Level 1:colcon.colcon_core.environment:checking '/home/kllemo/ros2_ws/install/rrm_simple_robot_model/lib/python3.12/site-packages'
[0.816s] Level 1:colcon.colcon_core.environment:checking '/home/kllemo/ros2_ws/install/rrm_simple_robot_model/bin'
[0.817s] INFO:colcon.colcon_core.shell:Creating package script '/home/kllemo/ros2_ws/install/rrm_simple_robot_model/share/rrm_simple_robot_model/package.ps1'
[0.818s] INFO:colcon.colcon_core.shell:Creating package descriptor '/home/kllemo/ros2_ws/install/rrm_simple_robot_model/share/rrm_simple_robot_model/package.dsv'
[0.820s] INFO:colcon.colcon_core.shell:Creating package script '/home/kllemo/ros2_ws/install/rrm_simple_robot_model/share/rrm_simple_robot_model/package.sh'
[0.822s] INFO:colcon.colcon_core.shell:Creating package script '/home/kllemo/ros2_ws/install/rrm_simple_robot_model/share/rrm_simple_robot_model/package.bash'
[0.823s] INFO:colcon.colcon_core.shell:Creating package script '/home/kllemo/ros2_ws/install/rrm_simple_robot_model/share/rrm_simple_robot_model/package.zsh'
[0.825s] Level 1:colcon.colcon_core.environment:create_file_with_runtime_dependencies(/home/kllemo/ros2_ws/install/rrm_simple_robot_model/share/colcon-core/packages/rrm_simple_robot_model)
[0.828s] Level 1:colcon.colcon_core.environment:create_environment_scripts_only(abb_model)
[0.828s] Level 1:colcon.colcon_core.environment:checking '/home/kllemo/ros2_ws/install/abb_model' for CMake module files
[0.830s] DEBUG:colcon.colcon_core.event_handler.log_command:Invoked command in '/home/kllemo/ros2_ws/build/abb_model' returned '0': CMAKE_PREFIX_PATH=${CMAKE_PREFIX_PATH}:/opt/ros/jazzy DEBUGINFOD_URLS=https://debuginfod.ubuntu.com /usr/bin/cmake --install /home/kllemo/ros2_ws/build/abb_model
[0.832s] Level 1:colcon.colcon_core.environment:checking '/home/kllemo/ros2_ws/install/abb_model' for CMake config files
[0.834s] Level 1:colcon.colcon_core.shell:create_environment_hook('abb_model', 'cmake_prefix_path')
[0.834s] INFO:colcon.colcon_core.shell:Creating environment hook '/home/kllemo/ros2_ws/install/abb_model/share/abb_model/hook/cmake_prefix_path.ps1'
[0.835s] INFO:colcon.colcon_core.shell:Creating environment descriptor '/home/kllemo/ros2_ws/install/abb_model/share/abb_model/hook/cmake_prefix_path.dsv'
[0.836s] INFO:colcon.colcon_core.shell:Creating environment hook '/home/kllemo/ros2_ws/install/abb_model/share/abb_model/hook/cmake_prefix_path.sh'
[0.837s] Level 1:colcon.colcon_core.environment:checking '/home/kllemo/ros2_ws/install/abb_model/bin'
[0.837s] Level 1:colcon.colcon_core.environment:checking '/home/kllemo/ros2_ws/install/abb_model/lib/pkgconfig/abb_model.pc'
[0.838s] Level 1:colcon.colcon_core.environment:checking '/home/kllemo/ros2_ws/install/abb_model/lib/python3.12/site-packages'
[0.838s] Level 1:colcon.colcon_core.environment:checking '/home/kllemo/ros2_ws/install/abb_model/bin'
[0.839s] INFO:colcon.colcon_core.shell:Creating package script '/home/kllemo/ros2_ws/install/abb_model/share/abb_model/package.ps1'
[0.840s] INFO:colcon.colcon_core.shell:Creating package descriptor '/home/kllemo/ros2_ws/install/abb_model/share/abb_model/package.dsv'
[0.840s] INFO:colcon.colcon_core.shell:Creating package script '/home/kllemo/ros2_ws/install/abb_model/share/abb_model/package.sh'
[0.841s] INFO:colcon.colcon_core.shell:Creating package script '/home/kllemo/ros2_ws/install/abb_model/share/abb_model/package.bash'
[0.842s] INFO:colcon.colcon_core.shell:Creating package script '/home/kllemo/ros2_ws/install/abb_model/share/abb_model/package.zsh'
[0.842s] Level 1:colcon.colcon_core.environment:create_file_with_runtime_dependencies(/home/kllemo/ros2_ws/install/abb_model/share/colcon-core/packages/abb_model)
[0.843s] Level 1:colcon.colcon_core.environment:create_environment_scripts_only(abb_model)
[0.843s] Level 1:colcon.colcon_core.environment:checking '/home/kllemo/ros2_ws/install/abb_model' for CMake module files
[0.844s] Level 1:colcon.colcon_core.environment:checking '/home/kllemo/ros2_ws/install/abb_model' for CMake config files
[0.845s] Level 1:colcon.colcon_core.shell:create_environment_hook('abb_model', 'cmake_prefix_path')
[0.845s] INFO:colcon.colcon_core.shell:Creating environment hook '/home/kllemo/ros2_ws/install/abb_model/share/abb_model/hook/cmake_prefix_path.ps1'
[0.846s] INFO:colcon.colcon_core.shell:Creating environment descriptor '/home/kllemo/ros2_ws/install/abb_model/share/abb_model/hook/cmake_prefix_path.dsv'
[0.847s] INFO:colcon.colcon_core.shell:Creating environment hook '/home/kllemo/ros2_ws/install/abb_model/share/abb_model/hook/cmake_prefix_path.sh'
[0.848s] Level 1:colcon.colcon_core.environment:checking '/home/kllemo/ros2_ws/install/abb_model/bin'
[0.848s] Level 1:colcon.colcon_core.environment:checking '/home/kllemo/ros2_ws/install/abb_model/lib/pkgconfig/abb_model.pc'
[0.848s] Level 1:colcon.colcon_core.environment:checking '/home/kllemo/ros2_ws/install/abb_model/lib/python3.12/site-packages'
[0.849s] Level 1:colcon.colcon_core.environment:checking '/home/kllemo/ros2_ws/install/abb_model/bin'
[0.850s] INFO:colcon.colcon_core.shell:Creating package script '/home/kllemo/ros2_ws/install/abb_model/share/abb_model/package.ps1'
[0.851s] INFO:colcon.colcon_core.shell:Creating package descriptor '/home/kllemo/ros2_ws/install/abb_model/share/abb_model/package.dsv'
[0.852s] INFO:colcon.colcon_core.shell:Creating package script '/home/kllemo/ros2_ws/install/abb_model/share/abb_model/package.sh'
[0.853s] INFO:colcon.colcon_core.shell:Creating package script '/home/kllemo/ros2_ws/install/abb_model/share/abb_model/package.bash'
[0.854s] INFO:colcon.colcon_core.shell:Creating package script '/home/kllemo/ros2_ws/install/abb_model/share/abb_model/package.zsh'
[0.855s] Level 1:colcon.colcon_core.environment:create_file_with_runtime_dependencies(/home/kllemo/ros2_ws/install/abb_model/share/colcon-core/packages/abb_model)
[0.855s] Level 1:colcon.colcon_core.environment:create_environment_scripts_only(abb_irb4600_ikfast)
[0.856s] Level 1:colcon.colcon_core.environment:checking '/home/kllemo/ros2_ws/install/abb_irb4600_ikfast' for CMake module files
[0.858s] Level 1:colcon.colcon_core.environment:checking '/home/kllemo/ros2_ws/install/abb_irb4600_ikfast' for CMake config files
[0.859s] DEBUG:colcon.colcon_core.event_handler.log_command:Invoked command in '/home/kllemo/ros2_ws/build/abb_irb4600_ikfast' returned '0': CMAKE_PREFIX_PATH=${CMAKE_PREFIX_PATH}:/opt/ros/jazzy DEBUGINFOD_URLS=https://debuginfod.ubuntu.com /usr/bin/cmake --install /home/kllemo/ros2_ws/build/abb_irb4600_ikfast
[0.859s] Level 1:colcon.colcon_core.shell:create_environment_hook('abb_irb4600_ikfast', 'cmake_prefix_path')
[0.860s] INFO:colcon.colcon_core.shell:Creating environment hook '/home/kllemo/ros2_ws/install/abb_irb4600_ikfast/share/abb_irb4600_ikfast/hook/cmake_prefix_path.ps1'
[0.860s] INFO:colcon.colcon_core.shell:Creating environment descriptor '/home/kllemo/ros2_ws/install/abb_irb4600_ikfast/share/abb_irb4600_ikfast/hook/cmake_prefix_path.dsv'
[0.861s] INFO:colcon.colcon_core.shell:Creating environment hook '/home/kllemo/ros2_ws/install/abb_irb4600_ikfast/share/abb_irb4600_ikfast/hook/cmake_prefix_path.sh'
[0.862s] Level 1:colcon.colcon_core.environment:checking '/home/kllemo/ros2_ws/install/abb_irb4600_ikfast/lib'
[0.863s] Level 1:colcon.colcon_core.environment:checking '/home/kllemo/ros2_ws/install/abb_irb4600_ikfast/bin'
[0.863s] Level 1:colcon.colcon_core.environment:checking '/home/kllemo/ros2_ws/install/abb_irb4600_ikfast/lib/pkgconfig/abb_irb4600_ikfast.pc'
[0.864s] Level 1:colcon.colcon_core.environment:checking '/home/kllemo/ros2_ws/install/abb_irb4600_ikfast/lib/python3.12/site-packages'
[0.864s] Level 1:colcon.colcon_core.environment:checking '/home/kllemo/ros2_ws/install/abb_irb4600_ikfast/bin'
[0.865s] INFO:colcon.colcon_core.shell:Creating package script '/home/kllemo/ros2_ws/install/abb_irb4600_ikfast/share/abb_irb4600_ikfast/package.ps1'
[0.866s] INFO:colcon.colcon_core.shell:Creating package descriptor '/home/kllemo/ros2_ws/install/abb_irb4600_ikfast/share/abb_irb4600_ikfast/package.dsv'
[0.867s] INFO:colcon.colcon_core.shell:Creating package script '/home/kllemo/ros2_ws/install/abb_irb4600_ikfast/share/abb_irb4600_ikfast/package.sh'
[0.868s] INFO:colcon.colcon_core.shell:Creating package script '/home/kllemo/ros2_ws/install/abb_irb4600_ikfast/share/abb_irb4600_ikfast/package.bash'
[0.869s] INFO:colcon.colcon_core.shell:Creating package script '/home/kllemo/ros2_ws/install/abb_irb4600_ikfast/share/abb_irb4600_ikfast/package.zsh'
[0.869s] Level 1:colcon.colcon_core.environment:create_file_with_runtime_dependencies(/home/kllemo/ros2_ws/install/abb_irb4600_ikfast/share/colcon-core/packages/abb_irb4600_ikfast)
[0.871s] Level 1:colcon.colcon_core.environment:create_environment_scripts_only(abb_irb4600_ikfast)
[0.872s] Level 1:colcon.colcon_core.environment:checking '/home/kllemo/ros2_ws/install/abb_irb4600_ikfast' for CMake module files
[0.873s] Level 1:colcon.colcon_core.environment:checking '/home/kllemo/ros2_ws/install/abb_irb4600_ikfast' for CMake config files
[0.873s] Level 1:colcon.colcon_core.shell:create_environment_hook('abb_irb4600_ikfast', 'cmake_prefix_path')
[0.874s] INFO:colcon.colcon_core.shell:Creating environment hook '/home/kllemo/ros2_ws/install/abb_irb4600_ikfast/share/abb_irb4600_ikfast/hook/cmake_prefix_path.ps1'
[0.875s] INFO:colcon.colcon_core.shell:Creating environment descriptor '/home/kllemo/ros2_ws/install/abb_irb4600_ikfast/share/abb_irb4600_ikfast/hook/cmake_prefix_path.dsv'
[0.876s] INFO:colcon.colcon_core.shell:Creating environment hook '/home/kllemo/ros2_ws/install/abb_irb4600_ikfast/share/abb_irb4600_ikfast/hook/cmake_prefix_path.sh'
[0.877s] Level 1:colcon.colcon_core.environment:checking '/home/kllemo/ros2_ws/install/abb_irb4600_ikfast/lib'
[0.877s] Level 1:colcon.colcon_core.environment:checking '/home/kllemo/ros2_ws/install/abb_irb4600_ikfast/bin'
[0.878s] Level 1:colcon.colcon_core.environment:checking '/home/kllemo/ros2_ws/install/abb_irb4600_ikfast/lib/pkgconfig/abb_irb4600_ikfast.pc'
[0.878s] Level 1:colcon.colcon_core.environment:checking '/home/kllemo/ros2_ws/install/abb_irb4600_ikfast/lib/python3.12/site-packages'
[0.879s] Level 1:colcon.colcon_core.environment:checking '/home/kllemo/ros2_ws/install/abb_irb4600_ikfast/bin'
[0.879s] INFO:colcon.colcon_core.shell:Creating package script '/home/kllemo/ros2_ws/install/abb_irb4600_ikfast/share/abb_irb4600_ikfast/package.ps1'
[0.881s] INFO:colcon.colcon_core.shell:Creating package descriptor '/home/kllemo/ros2_ws/install/abb_irb4600_ikfast/share/abb_irb4600_ikfast/package.dsv'
[0.882s] INFO:colcon.colcon_core.shell:Creating package script '/home/kllemo/ros2_ws/install/abb_irb4600_ikfast/share/abb_irb4600_ikfast/package.sh'
[0.883s] INFO:colcon.colcon_core.shell:Creating package script '/home/kllemo/ros2_ws/install/abb_irb4600_ikfast/share/abb_irb4600_ikfast/package.bash'
[0.884s] INFO:colcon.colcon_core.shell:Creating package script '/home/kllemo/ros2_ws/install/abb_irb4600_ikfast/share/abb_irb4600_ikfast/package.zsh'
[0.885s] Level 1:colcon.colcon_core.environment:create_file_with_runtime_dependencies(/home/kllemo/ros2_ws/install/abb_irb4600_ikfast/share/colcon-core/packages/abb_irb4600_ikfast)
[0.885s] INFO:colcon.colcon_ros.task.ament_cmake.build:Building ROS package in '/home/kllemo/ros2_ws/src/block1_kleman' with build type 'ament_cmake'
[0.886s] INFO:colcon.colcon_cmake.task.cmake.build:Building CMake package in '/home/kllemo/ros2_ws/src/block1_kleman'
[0.886s] INFO:colcon.colcon_core.shell:Skip shell extension 'powershell' for command environment: Not usable outside of PowerShell
[0.887s] DEBUG:colcon.colcon_core.shell:Skip shell extension 'dsv' for command environment
[0.909s] DEBUG:colcon.colcon_core.event_handler.log_command:Invoking command in '/home/kllemo/ros2_ws/build/block1_kleman': CMAKE_PREFIX_PATH=/home/kllemo/ros2_ws/install/abb_model:/home/kllemo/ros2_ws/install/abb_irb4600_ikfast:/home/kllemo/ros2_ws/install/rrm_simple_robot_model:/home/kllemo/ros2_ws/install/rrm_sim:/home/kllemo/ros2_ws/install/rrm_msgs:/home/kllemo/ros2_ws/install/kleman_interface:/home/kllemo/ros2_ws/install/block1_kleman:/opt/ros/jazzy/opt/gz_math_vendor:/opt/ros/jazzy/opt/gz_utils_vendor:/opt/ros/jazzy/opt/gz_cmake_vendor:/opt/ros/jazzy DEBUGINFOD_URLS=https://debuginfod.ubuntu.com /usr/bin/cmake --build /home/kllemo/ros2_ws/build/block1_kleman -- -j16 -l16
[1.480s] DEBUG:colcon.colcon_core.event_handler.log_command:Invoked command in '/home/kllemo/ros2_ws/build/kleman_interface' returned '0': CMAKE_PREFIX_PATH=${CMAKE_PREFIX_PATH}:/opt/ros/jazzy DEBUGINFOD_URLS=https://debuginfod.ubuntu.com /usr/bin/cmake --build /home/kllemo/ros2_ws/build/kleman_interface -- -j16 -l16
[1.483s] DEBUG:colcon.colcon_core.event_handler.log_command:Invoking command in '/home/kllemo/ros2_ws/build/kleman_interface': CMAKE_PREFIX_PATH=${CMAKE_PREFIX_PATH}:/opt/ros/jazzy DEBUGINFOD_URLS=https://debuginfod.ubuntu.com /usr/bin/cmake --install /home/kllemo/ros2_ws/build/kleman_interface
[1.491s] DEBUG:colcon.colcon_core.event_handler.log_command:Invoked command in '/home/kllemo/ros2_ws/build/rrm_msgs' returned '0': CMAKE_PREFIX_PATH=${CMAKE_PREFIX_PATH}:/opt/ros/jazzy DEBUGINFOD_URLS=https://debuginfod.ubuntu.com /usr/bin/cmake --build /home/kllemo/ros2_ws/build/rrm_msgs -- -j16 -l16
[1.493s] DEBUG:colcon.colcon_core.event_handler.log_command:Invoking command in '/home/kllemo/ros2_ws/build/rrm_msgs': CMAKE_PREFIX_PATH=${CMAKE_PREFIX_PATH}:/opt/ros/jazzy DEBUGINFOD_URLS=https://debuginfod.ubuntu.com /usr/bin/cmake --install /home/kllemo/ros2_ws/build/rrm_msgs
[1.654s] Level 1:colcon.colcon_core.environment:create_environment_scripts_only(rrm_msgs)
[1.654s] Level 1:colcon.colcon_core.environment:checking '/home/kllemo/ros2_ws/install/rrm_msgs' for CMake module files
[1.655s] DEBUG:colcon.colcon_core.event_handler.log_command:Invoked command in '/home/kllemo/ros2_ws/build/rrm_msgs' returned '0': CMAKE_PREFIX_PATH=${CMAKE_PREFIX_PATH}:/opt/ros/jazzy DEBUGINFOD_URLS=https://debuginfod.ubuntu.com /usr/bin/cmake --install /home/kllemo/ros2_ws/build/rrm_msgs
[1.656s] Level 1:colcon.colcon_core.environment:checking '/home/kllemo/ros2_ws/install/rrm_msgs' for CMake config files
[1.657s] Level 1:colcon.colcon_core.shell:create_environment_hook('rrm_msgs', 'cmake_prefix_path')
[1.657s] INFO:colcon.colcon_core.shell:Creating environment hook '/home/kllemo/ros2_ws/install/rrm_msgs/share/rrm_msgs/hook/cmake_prefix_path.ps1'
[1.658s] INFO:colcon.colcon_core.shell:Creating environment descriptor '/home/kllemo/ros2_ws/install/rrm_msgs/share/rrm_msgs/hook/cmake_prefix_path.dsv'
[1.659s] INFO:colcon.colcon_core.shell:Creating environment hook '/home/kllemo/ros2_ws/install/rrm_msgs/share/rrm_msgs/hook/cmake_prefix_path.sh'
[1.660s] Level 1:colcon.colcon_core.environment:checking '/home/kllemo/ros2_ws/install/rrm_msgs/lib'
[1.660s] Level 1:colcon.colcon_core.shell:create_environment_hook('rrm_msgs', 'ld_library_path_lib')
[1.660s] INFO:colcon.colcon_core.shell:Creating environment hook '/home/kllemo/ros2_ws/install/rrm_msgs/share/rrm_msgs/hook/ld_library_path_lib.ps1'
[1.661s] INFO:colcon.colcon_core.shell:Creating environment descriptor '/home/kllemo/ros2_ws/install/rrm_msgs/share/rrm_msgs/hook/ld_library_path_lib.dsv'
[1.662s] INFO:colcon.colcon_core.shell:Creating environment hook '/home/kllemo/ros2_ws/install/rrm_msgs/share/rrm_msgs/hook/ld_library_path_lib.sh'
[1.663s] Level 1:colcon.colcon_core.environment:checking '/home/kllemo/ros2_ws/install/rrm_msgs/bin'
[1.663s] Level 1:colcon.colcon_core.environment:checking '/home/kllemo/ros2_ws/install/rrm_msgs/lib/pkgconfig/rrm_msgs.pc'
[1.663s] Level 1:colcon.colcon_core.environment:checking '/home/kllemo/ros2_ws/install/rrm_msgs/lib/python3.12/site-packages'
[1.663s] Level 1:colcon.colcon_core.shell:create_environment_hook('rrm_msgs', 'pythonpath')
[1.664s] INFO:colcon.colcon_core.shell:Creating environment hook '/home/kllemo/ros2_ws/install/rrm_msgs/share/rrm_msgs/hook/pythonpath.ps1'
[1.664s] INFO:colcon.colcon_core.shell:Creating environment descriptor '/home/kllemo/ros2_ws/install/rrm_msgs/share/rrm_msgs/hook/pythonpath.dsv'
[1.665s] INFO:colcon.colcon_core.shell:Creating environment hook '/home/kllemo/ros2_ws/install/rrm_msgs/share/rrm_msgs/hook/pythonpath.sh'
[1.666s] Level 1:colcon.colcon_core.environment:checking '/home/kllemo/ros2_ws/install/rrm_msgs/bin'
[1.667s] INFO:colcon.colcon_core.shell:Creating package script '/home/kllemo/ros2_ws/install/rrm_msgs/share/rrm_msgs/package.ps1'
[1.668s] INFO:colcon.colcon_core.shell:Creating package descriptor '/home/kllemo/ros2_ws/install/rrm_msgs/share/rrm_msgs/package.dsv'
[1.669s] INFO:colcon.colcon_core.shell:Creating package script '/home/kllemo/ros2_ws/install/rrm_msgs/share/rrm_msgs/package.sh'
[1.670s] INFO:colcon.colcon_core.shell:Creating package script '/home/kllemo/ros2_ws/install/rrm_msgs/share/rrm_msgs/package.bash'
[1.671s] INFO:colcon.colcon_core.shell:Creating package script '/home/kllemo/ros2_ws/install/rrm_msgs/share/rrm_msgs/package.zsh'
[1.671s] Level 1:colcon.colcon_core.environment:create_file_with_runtime_dependencies(/home/kllemo/ros2_ws/install/rrm_msgs/share/colcon-core/packages/rrm_msgs)
[1.672s] Level 1:colcon.colcon_core.environment:create_environment_scripts_only(rrm_msgs)
[1.673s] Level 1:colcon.colcon_core.environment:checking '/home/kllemo/ros2_ws/install/rrm_msgs' for CMake module files
[1.674s] Level 1:colcon.colcon_core.environment:checking '/home/kllemo/ros2_ws/install/rrm_msgs' for CMake config files
[1.675s] Level 1:colcon.colcon_core.shell:create_environment_hook('rrm_msgs', 'cmake_prefix_path')
[1.675s] INFO:colcon.colcon_core.shell:Creating environment hook '/home/kllemo/ros2_ws/install/rrm_msgs/share/rrm_msgs/hook/cmake_prefix_path.ps1'
[1.676s] INFO:colcon.colcon_core.shell:Creating environment descriptor '/home/kllemo/ros2_ws/install/rrm_msgs/share/rrm_msgs/hook/cmake_prefix_path.dsv'
[1.677s] INFO:colcon.colcon_core.shell:Creating environment hook '/home/kllemo/ros2_ws/install/rrm_msgs/share/rrm_msgs/hook/cmake_prefix_path.sh'
[1.679s] Level 1:colcon.colcon_core.environment:checking '/home/kllemo/ros2_ws/install/rrm_msgs/lib'
[1.679s] Level 1:colcon.colcon_core.shell:create_environment_hook('rrm_msgs', 'ld_library_path_lib')
[1.679s] INFO:colcon.colcon_core.shell:Creating environment hook '/home/kllemo/ros2_ws/install/rrm_msgs/share/rrm_msgs/hook/ld_library_path_lib.ps1'
[1.680s] INFO:colcon.colcon_core.shell:Creating environment descriptor '/home/kllemo/ros2_ws/install/rrm_msgs/share/rrm_msgs/hook/ld_library_path_lib.dsv'
[1.680s] INFO:colcon.colcon_core.shell:Creating environment hook '/home/kllemo/ros2_ws/install/rrm_msgs/share/rrm_msgs/hook/ld_library_path_lib.sh'
[1.681s] Level 1:colcon.colcon_core.environment:checking '/home/kllemo/ros2_ws/install/rrm_msgs/bin'
[1.681s] Level 1:colcon.colcon_core.environment:checking '/home/kllemo/ros2_ws/install/rrm_msgs/lib/pkgconfig/rrm_msgs.pc'
[1.682s] Level 1:colcon.colcon_core.environment:checking '/home/kllemo/ros2_ws/install/rrm_msgs/lib/python3.12/site-packages'
[1.682s] Level 1:colcon.colcon_core.shell:create_environment_hook('rrm_msgs', 'pythonpath')
[1.682s] INFO:colcon.colcon_core.shell:Creating environment hook '/home/kllemo/ros2_ws/install/rrm_msgs/share/rrm_msgs/hook/pythonpath.ps1'
[1.683s] INFO:colcon.colcon_core.shell:Creating environment descriptor '/home/kllemo/ros2_ws/install/rrm_msgs/share/rrm_msgs/hook/pythonpath.dsv'
[1.684s] INFO:colcon.colcon_core.shell:Creating environment hook '/home/kllemo/ros2_ws/install/rrm_msgs/share/rrm_msgs/hook/pythonpath.sh'
[1.685s] Level 1:colcon.colcon_core.environment:checking '/home/kllemo/ros2_ws/install/rrm_msgs/bin'
[1.686s] INFO:colcon.colcon_core.shell:Creating package script '/home/kllemo/ros2_ws/install/rrm_msgs/share/rrm_msgs/package.ps1'
[1.687s] INFO:colcon.colcon_core.shell:Creating package descriptor '/home/kllemo/ros2_ws/install/rrm_msgs/share/rrm_msgs/package.dsv'
[1.688s] INFO:colcon.colcon_core.shell:Creating package script '/home/kllemo/ros2_ws/install/rrm_msgs/share/rrm_msgs/package.sh'
[1.689s] INFO:colcon.colcon_core.shell:Creating package script '/home/kllemo/ros2_ws/install/rrm_msgs/share/rrm_msgs/package.bash'
[1.690s] INFO:colcon.colcon_core.shell:Creating package script '/home/kllemo/ros2_ws/install/rrm_msgs/share/rrm_msgs/package.zsh'
[1.691s] Level 1:colcon.colcon_core.environment:create_file_with_runtime_dependencies(/home/kllemo/ros2_ws/install/rrm_msgs/share/colcon-core/packages/rrm_msgs)
[1.692s] INFO:colcon.colcon_ros.task.ament_cmake.build:Building ROS package in '/home/kllemo/ros2_ws/src/cvicenie_2/rrm_sim' with build type 'ament_cmake'
[1.692s] INFO:colcon.colcon_cmake.task.cmake.build:Building CMake package in '/home/kllemo/ros2_ws/src/cvicenie_2/rrm_sim'
[1.693s] INFO:colcon.colcon_core.shell:Skip shell extension 'powershell' for command environment: Not usable outside of PowerShell
[1.693s] DEBUG:colcon.colcon_core.shell:Skip shell extension 'dsv' for command environment
[1.702s] Level 1:colcon.colcon_core.environment:create_environment_scripts_only(kleman_interface)
[1.702s] Level 1:colcon.colcon_core.environment:checking '/home/kllemo/ros2_ws/install/kleman_interface' for CMake module files
[1.703s] DEBUG:colcon.colcon_core.event_handler.log_command:Invoked command in '/home/kllemo/ros2_ws/build/kleman_interface' returned '0': CMAKE_PREFIX_PATH=${CMAKE_PREFIX_PATH}:/opt/ros/jazzy DEBUGINFOD_URLS=https://debuginfod.ubuntu.com /usr/bin/cmake --install /home/kllemo/ros2_ws/build/kleman_interface
[1.705s] Level 1:colcon.colcon_core.environment:checking '/home/kllemo/ros2_ws/install/kleman_interface' for CMake config files
[1.705s] Level 1:colcon.colcon_core.shell:create_environment_hook('kleman_interface', 'cmake_prefix_path')
[1.706s] INFO:colcon.colcon_core.shell:Creating environment hook '/home/kllemo/ros2_ws/install/kleman_interface/share/kleman_interface/hook/cmake_prefix_path.ps1'
[1.707s] INFO:colcon.colcon_core.shell:Creating environment descriptor '/home/kllemo/ros2_ws/install/kleman_interface/share/kleman_interface/hook/cmake_prefix_path.dsv'
[1.708s] INFO:colcon.colcon_core.shell:Creating environment hook '/home/kllemo/ros2_ws/install/kleman_interface/share/kleman_interface/hook/cmake_prefix_path.sh'
[1.709s] Level 1:colcon.colcon_core.environment:checking '/home/kllemo/ros2_ws/install/kleman_interface/lib'
[1.709s] Level 1:colcon.colcon_core.shell:create_environment_hook('kleman_interface', 'ld_library_path_lib')
[1.710s] INFO:colcon.colcon_core.shell:Creating environment hook '/home/kllemo/ros2_ws/install/kleman_interface/share/kleman_interface/hook/ld_library_path_lib.ps1'
[1.710s] INFO:colcon.colcon_core.shell:Creating environment descriptor '/home/kllemo/ros2_ws/install/kleman_interface/share/kleman_interface/hook/ld_library_path_lib.dsv'
[1.711s] INFO:colcon.colcon_core.shell:Creating environment hook '/home/kllemo/ros2_ws/install/kleman_interface/share/kleman_interface/hook/ld_library_path_lib.sh'
[1.712s] Level 1:colcon.colcon_core.environment:checking '/home/kllemo/ros2_ws/install/kleman_interface/bin'
[1.712s] Level 1:colcon.colcon_core.environment:checking '/home/kllemo/ros2_ws/install/kleman_interface/lib/pkgconfig/kleman_interface.pc'
[1.713s] Level 1:colcon.colcon_core.environment:checking '/home/kllemo/ros2_ws/install/kleman_interface/lib/python3.12/site-packages'
[1.713s] Level 1:colcon.colcon_core.shell:create_environment_hook('kleman_interface', 'pythonpath')
[1.713s] INFO:colcon.colcon_core.shell:Creating environment hook '/home/kllemo/ros2_ws/install/kleman_interface/share/kleman_interface/hook/pythonpath.ps1'
[1.714s] INFO:colcon.colcon_core.shell:Creating environment descriptor '/home/kllemo/ros2_ws/install/kleman_interface/share/kleman_interface/hook/pythonpath.dsv'
[1.715s] INFO:colcon.colcon_core.shell:Creating environment hook '/home/kllemo/ros2_ws/install/kleman_interface/share/kleman_interface/hook/pythonpath.sh'
[1.717s] Level 1:colcon.colcon_core.environment:checking '/home/kllemo/ros2_ws/install/kleman_interface/bin'
[1.717s] INFO:colcon.colcon_core.shell:Creating package script '/home/kllemo/ros2_ws/install/kleman_interface/share/kleman_interface/package.ps1'
[1.718s] INFO:colcon.colcon_core.shell:Creating package descriptor '/home/kllemo/ros2_ws/install/kleman_interface/share/kleman_interface/package.dsv'
[1.720s] INFO:colcon.colcon_core.shell:Creating package script '/home/kllemo/ros2_ws/install/kleman_interface/share/kleman_interface/package.sh'
[1.721s] INFO:colcon.colcon_core.shell:Creating package script '/home/kllemo/ros2_ws/install/kleman_interface/share/kleman_interface/package.bash'
[1.721s] INFO:colcon.colcon_core.shell:Creating package script '/home/kllemo/ros2_ws/install/kleman_interface/share/kleman_interface/package.zsh'
[1.722s] Level 1:colcon.colcon_core.environment:create_file_with_runtime_dependencies(/home/kllemo/ros2_ws/install/kleman_interface/share/colcon-core/packages/kleman_interface)
[1.723s] Level 1:colcon.colcon_core.environment:create_environment_scripts_only(kleman_interface)
[1.723s] Level 1:colcon.colcon_core.environment:checking '/home/kllemo/ros2_ws/install/kleman_interface' for CMake module files
[1.725s] Level 1:colcon.colcon_core.environment:checking '/home/kllemo/ros2_ws/install/kleman_interface' for CMake config files
[1.725s] Level 1:colcon.colcon_core.shell:create_environment_hook('kleman_interface', 'cmake_prefix_path')
[1.725s] INFO:colcon.colcon_core.shell:Creating environment hook '/home/kllemo/ros2_ws/install/kleman_interface/share/kleman_interface/hook/cmake_prefix_path.ps1'
[1.726s] INFO:colcon.colcon_core.shell:Creating environment descriptor '/home/kllemo/ros2_ws/install/kleman_interface/share/kleman_interface/hook/cmake_prefix_path.dsv'
[1.727s] INFO:colcon.colcon_core.shell:Creating environment hook '/home/kllemo/ros2_ws/install/kleman_interface/share/kleman_interface/hook/cmake_prefix_path.sh'
[1.728s] Level 1:colcon.colcon_core.environment:checking '/home/kllemo/ros2_ws/install/kleman_interface/lib'
[1.729s] Level 1:colcon.colcon_core.shell:create_environment_hook('kleman_interface', 'ld_library_path_lib')
[1.729s] INFO:colcon.colcon_core.shell:Creating environment hook '/home/kllemo/ros2_ws/install/kleman_interface/share/kleman_interface/hook/ld_library_path_lib.ps1'
[1.730s] INFO:colcon.colcon_core.shell:Creating environment descriptor '/home/kllemo/ros2_ws/install/kleman_interface/share/kleman_interface/hook/ld_library_path_lib.dsv'
[1.731s] INFO:colcon.colcon_core.shell:Creating environment hook '/home/kllemo/ros2_ws/install/kleman_interface/share/kleman_interface/hook/ld_library_path_lib.sh'
[1.731s] Level 1:colcon.colcon_core.environment:checking '/home/kllemo/ros2_ws/install/kleman_interface/bin'
[1.732s] Level 1:colcon.colcon_core.environment:checking '/home/kllemo/ros2_ws/install/kleman_interface/lib/pkgconfig/kleman_interface.pc'
[1.732s] Level 1:colcon.colcon_core.environment:checking '/home/kllemo/ros2_ws/install/kleman_interface/lib/python3.12/site-packages'
[1.732s] Level 1:colcon.colcon_core.shell:create_environment_hook('kleman_interface', 'pythonpath')
[1.733s] INFO:colcon.colcon_core.shell:Creating environment hook '/home/kllemo/ros2_ws/install/kleman_interface/share/kleman_interface/hook/pythonpath.ps1'
[1.734s] INFO:colcon.colcon_core.shell:Creating environment descriptor '/home/kllemo/ros2_ws/install/kleman_interface/share/kleman_interface/hook/pythonpath.dsv'
[1.734s] INFO:colcon.colcon_core.shell:Creating environment hook '/home/kllemo/ros2_ws/install/kleman_interface/share/kleman_interface/hook/pythonpath.sh'
[1.736s] Level 1:colcon.colcon_core.environment:checking '/home/kllemo/ros2_ws/install/kleman_interface/bin'
[1.736s] INFO:colcon.colcon_core.shell:Creating package script '/home/kllemo/ros2_ws/install/kleman_interface/share/kleman_interface/package.ps1'
[1.738s] INFO:colcon.colcon_core.shell:Creating package descriptor '/home/kllemo/ros2_ws/install/kleman_interface/share/kleman_interface/package.dsv'
[1.739s] INFO:colcon.colcon_core.shell:Creating package script '/home/kllemo/ros2_ws/install/kleman_interface/share/kleman_interface/package.sh'
[1.740s] INFO:colcon.colcon_core.shell:Creating package script '/home/kllemo/ros2_ws/install/kleman_interface/share/kleman_interface/package.bash'
[1.741s] INFO:colcon.colcon_core.shell:Creating package script '/home/kllemo/ros2_ws/install/kleman_interface/share/kleman_interface/package.zsh'
[1.742s] Level 1:colcon.colcon_core.environment:create_file_with_runtime_dependencies(/home/kllemo/ros2_ws/install/kleman_interface/share/colcon-core/packages/kleman_interface)
[1.749s] DEBUG:colcon.colcon_core.event_handler.log_command:Invoking command in '/home/kllemo/ros2_ws/build/rrm_sim': CMAKE_PREFIX_PATH=/home/kllemo/ros2_ws/install/rrm_msgs:/home/kllemo/ros2_ws/install/rrm_simple_robot_model:/home/kllemo/ros2_ws/install/rrm_sim:/home/kllemo/ros2_ws/install/kleman_interface:/home/kllemo/ros2_ws/install/block1_kleman:/home/kllemo/ros2_ws/install/abb_model:/home/kllemo/ros2_ws/install/abb_irb4600_ikfast:/opt/ros/jazzy/opt/gz_math_vendor:/opt/ros/jazzy/opt/gz_utils_vendor:/opt/ros/jazzy/opt/gz_cmake_vendor:/opt/ros/jazzy DEBUGINFOD_URLS=https://debuginfod.ubuntu.com /usr/bin/cmake --build /home/kllemo/ros2_ws/build/rrm_sim -- -j16 -l16
[1.887s] DEBUG:colcon.colcon_core.event_handler.log_command:Invoked command in '/home/kllemo/ros2_ws/build/rrm_sim' returned '0': CMAKE_PREFIX_PATH=/home/kllemo/ros2_ws/install/rrm_msgs:/home/kllemo/ros2_ws/install/rrm_simple_robot_model:/home/kllemo/ros2_ws/install/rrm_sim:/home/kllemo/ros2_ws/install/kleman_interface:/home/kllemo/ros2_ws/install/block1_kleman:/home/kllemo/ros2_ws/install/abb_model:/home/kllemo/ros2_ws/install/abb_irb4600_ikfast:/opt/ros/jazzy/opt/gz_math_vendor:/opt/ros/jazzy/opt/gz_utils_vendor:/opt/ros/jazzy/opt/gz_cmake_vendor:/opt/ros/jazzy DEBUGINFOD_URLS=https://debuginfod.ubuntu.com /usr/bin/cmake --build /home/kllemo/ros2_ws/build/rrm_sim -- -j16 -l16
[1.889s] DEBUG:colcon.colcon_core.event_handler.log_command:Invoking command in '/home/kllemo/ros2_ws/build/rrm_sim': CMAKE_PREFIX_PATH=/home/kllemo/ros2_ws/install/rrm_msgs:/home/kllemo/ros2_ws/install/rrm_simple_robot_model:/home/kllemo/ros2_ws/install/rrm_sim:/home/kllemo/ros2_ws/install/kleman_interface:/home/kllemo/ros2_ws/install/block1_kleman:/home/kllemo/ros2_ws/install/abb_model:/home/kllemo/ros2_ws/install/abb_irb4600_ikfast:/opt/ros/jazzy/opt/gz_math_vendor:/opt/ros/jazzy/opt/gz_utils_vendor:/opt/ros/jazzy/opt/gz_cmake_vendor:/opt/ros/jazzy DEBUGINFOD_URLS=https://debuginfod.ubuntu.com /usr/bin/cmake --install /home/kllemo/ros2_ws/build/rrm_sim
[1.928s] Level 1:colcon.colcon_core.environment:create_environment_scripts_only(rrm_sim)
[1.928s] Level 1:colcon.colcon_core.environment:checking '/home/kllemo/ros2_ws/install/rrm_sim' for CMake module files
[1.929s] DEBUG:colcon.colcon_core.event_handler.log_command:Invoked command in '/home/kllemo/ros2_ws/build/rrm_sim' returned '0': CMAKE_PREFIX_PATH=/home/kllemo/ros2_ws/install/rrm_msgs:/home/kllemo/ros2_ws/install/rrm_simple_robot_model:/home/kllemo/ros2_ws/install/rrm_sim:/home/kllemo/ros2_ws/install/kleman_interface:/home/kllemo/ros2_ws/install/block1_kleman:/home/kllemo/ros2_ws/install/abb_model:/home/kllemo/ros2_ws/install/abb_irb4600_ikfast:/opt/ros/jazzy/opt/gz_math_vendor:/opt/ros/jazzy/opt/gz_utils_vendor:/opt/ros/jazzy/opt/gz_cmake_vendor:/opt/ros/jazzy DEBUGINFOD_URLS=https://debuginfod.ubuntu.com /usr/bin/cmake --install /home/kllemo/ros2_ws/build/rrm_sim
[1.930s] Level 1:colcon.colcon_core.environment:checking '/home/kllemo/ros2_ws/install/rrm_sim' for CMake config files
[1.931s] Level 1:colcon.colcon_core.shell:create_environment_hook('rrm_sim', 'cmake_prefix_path')
[1.931s] INFO:colcon.colcon_core.shell:Creating environment hook '/home/kllemo/ros2_ws/install/rrm_sim/share/rrm_sim/hook/cmake_prefix_path.ps1'
[1.932s] INFO:colcon.colcon_core.shell:Creating environment descriptor '/home/kllemo/ros2_ws/install/rrm_sim/share/rrm_sim/hook/cmake_prefix_path.dsv'
[1.932s] INFO:colcon.colcon_core.shell:Creating environment hook '/home/kllemo/ros2_ws/install/rrm_sim/share/rrm_sim/hook/cmake_prefix_path.sh'
[1.934s] Level 1:colcon.colcon_core.environment:checking '/home/kllemo/ros2_ws/install/rrm_sim/lib'
[1.934s] Level 1:colcon.colcon_core.environment:checking '/home/kllemo/ros2_ws/install/rrm_sim/bin'
[1.934s] Level 1:colcon.colcon_core.environment:checking '/home/kllemo/ros2_ws/install/rrm_sim/lib/pkgconfig/rrm_sim.pc'
[1.934s] Level 1:colcon.colcon_core.environment:checking '/home/kllemo/ros2_ws/install/rrm_sim/lib/python3.12/site-packages'
[1.935s] Level 1:colcon.colcon_core.environment:checking '/home/kllemo/ros2_ws/install/rrm_sim/bin'
[1.935s] INFO:colcon.colcon_core.shell:Creating package script '/home/kllemo/ros2_ws/install/rrm_sim/share/rrm_sim/package.ps1'
[1.936s] INFO:colcon.colcon_core.shell:Creating package descriptor '/home/kllemo/ros2_ws/install/rrm_sim/share/rrm_sim/package.dsv'
[1.937s] INFO:colcon.colcon_core.shell:Creating package script '/home/kllemo/ros2_ws/install/rrm_sim/share/rrm_sim/package.sh'
[1.937s] INFO:colcon.colcon_core.shell:Creating package script '/home/kllemo/ros2_ws/install/rrm_sim/share/rrm_sim/package.bash'
[1.938s] INFO:colcon.colcon_core.shell:Creating package script '/home/kllemo/ros2_ws/install/rrm_sim/share/rrm_sim/package.zsh'
[1.939s] Level 1:colcon.colcon_core.environment:create_file_with_runtime_dependencies(/home/kllemo/ros2_ws/install/rrm_sim/share/colcon-core/packages/rrm_sim)
[1.939s] Level 1:colcon.colcon_core.environment:create_environment_scripts_only(rrm_sim)
[1.940s] Level 1:colcon.colcon_core.environment:checking '/home/kllemo/ros2_ws/install/rrm_sim' for CMake module files
[1.941s] Level 1:colcon.colcon_core.environment:checking '/home/kllemo/ros2_ws/install/rrm_sim' for CMake config files
[1.941s] Level 1:colcon.colcon_core.shell:create_environment_hook('rrm_sim', 'cmake_prefix_path')
[1.942s] INFO:colcon.colcon_core.shell:Creating environment hook '/home/kllemo/ros2_ws/install/rrm_sim/share/rrm_sim/hook/cmake_prefix_path.ps1'
[1.942s] INFO:colcon.colcon_core.shell:Creating environment descriptor '/home/kllemo/ros2_ws/install/rrm_sim/share/rrm_sim/hook/cmake_prefix_path.dsv'
[1.943s] INFO:colcon.colcon_core.shell:Creating environment hook '/home/kllemo/ros2_ws/install/rrm_sim/share/rrm_sim/hook/cmake_prefix_path.sh'
[1.944s] Level 1:colcon.colcon_core.environment:checking '/home/kllemo/ros2_ws/install/rrm_sim/lib'
[1.944s] Level 1:colcon.colcon_core.environment:checking '/home/kllemo/ros2_ws/install/rrm_sim/bin'
[1.944s] Level 1:colcon.colcon_core.environment:checking '/home/kllemo/ros2_ws/install/rrm_sim/lib/pkgconfig/rrm_sim.pc'
[1.945s] Level 1:colcon.colcon_core.environment:checking '/home/kllemo/ros2_ws/install/rrm_sim/lib/python3.12/site-packages'
[1.945s] Level 1:colcon.colcon_core.environment:checking '/home/kllemo/ros2_ws/install/rrm_sim/bin'
[1.946s] INFO:colcon.colcon_core.shell:Creating package script '/home/kllemo/ros2_ws/install/rrm_sim/share/rrm_sim/package.ps1'
[1.947s] INFO:colcon.colcon_core.shell:Creating package descriptor '/home/kllemo/ros2_ws/install/rrm_sim/share/rrm_sim/package.dsv'
[1.947s] INFO:colcon.colcon_core.shell:Creating package script '/home/kllemo/ros2_ws/install/rrm_sim/share/rrm_sim/package.sh'
[1.948s] INFO:colcon.colcon_core.shell:Creating package script '/home/kllemo/ros2_ws/install/rrm_sim/share/rrm_sim/package.bash'
[1.949s] INFO:colcon.colcon_core.shell:Creating package script '/home/kllemo/ros2_ws/install/rrm_sim/share/rrm_sim/package.zsh'
[1.950s] Level 1:colcon.colcon_core.environment:create_file_with_runtime_dependencies(/home/kllemo/ros2_ws/install/rrm_sim/share/colcon-core/packages/rrm_sim)
[17.372s] DEBUG:colcon.colcon_core.event_handler.log_command:Invoked command in '/home/kllemo/ros2_ws/build/block1_kleman' returned '0': CMAKE_PREFIX_PATH=/home/kllemo/ros2_ws/install/abb_model:/home/kllemo/ros2_ws/install/abb_irb4600_ikfast:/home/kllemo/ros2_ws/install/rrm_simple_robot_model:/home/kllemo/ros2_ws/install/rrm_sim:/home/kllemo/ros2_ws/install/rrm_msgs:/home/kllemo/ros2_ws/install/kleman_interface:/home/kllemo/ros2_ws/install/block1_kleman:/opt/ros/jazzy/opt/gz_math_vendor:/opt/ros/jazzy/opt/gz_utils_vendor:/opt/ros/jazzy/opt/gz_cmake_vendor:/opt/ros/jazzy DEBUGINFOD_URLS=https://debuginfod.ubuntu.com /usr/bin/cmake --build /home/kllemo/ros2_ws/build/block1_kleman -- -j16 -l16
[17.374s] DEBUG:colcon.colcon_core.event_handler.log_command:Invoking command in '/home/kllemo/ros2_ws/build/block1_kleman': CMAKE_PREFIX_PATH=/home/kllemo/ros2_ws/install/abb_model:/home/kllemo/ros2_ws/install/abb_irb4600_ikfast:/home/kllemo/ros2_ws/install/rrm_simple_robot_model:/home/kllemo/ros2_ws/install/rrm_sim:/home/kllemo/ros2_ws/install/rrm_msgs:/home/kllemo/ros2_ws/install/kleman_interface:/home/kllemo/ros2_ws/install/block1_kleman:/opt/ros/jazzy/opt/gz_math_vendor:/opt/ros/jazzy/opt/gz_utils_vendor:/opt/ros/jazzy/opt/gz_cmake_vendor:/opt/ros/jazzy DEBUGINFOD_URLS=https://debuginfod.ubuntu.com /usr/bin/cmake --install /home/kllemo/ros2_ws/build/block1_kleman
[17.430s] Level 1:colcon.colcon_core.environment:create_environment_scripts_only(block1_kleman)
[17.431s] Level 1:colcon.colcon_core.environment:checking '/home/kllemo/ros2_ws/install/block1_kleman' for CMake module files
[17.432s] DEBUG:colcon.colcon_core.event_handler.log_command:Invoked command in '/home/kllemo/ros2_ws/build/block1_kleman' returned '0': CMAKE_PREFIX_PATH=/home/kllemo/ros2_ws/install/abb_model:/home/kllemo/ros2_ws/install/abb_irb4600_ikfast:/home/kllemo/ros2_ws/install/rrm_simple_robot_model:/home/kllemo/ros2_ws/install/rrm_sim:/home/kllemo/ros2_ws/install/rrm_msgs:/home/kllemo/ros2_ws/install/kleman_interface:/home/kllemo/ros2_ws/install/block1_kleman:/opt/ros/jazzy/opt/gz_math_vendor:/opt/ros/jazzy/opt/gz_utils_vendor:/opt/ros/jazzy/opt/gz_cmake_vendor:/opt/ros/jazzy DEBUGINFOD_URLS=https://debuginfod.ubuntu.com /usr/bin/cmake --install /home/kllemo/ros2_ws/build/block1_kleman
[17.433s] Level 1:colcon.colcon_core.environment:checking '/home/kllemo/ros2_ws/install/block1_kleman' for CMake config files
[17.433s] Level 1:colcon.colcon_core.shell:create_environment_hook('block1_kleman', 'cmake_prefix_path')
[17.433s] INFO:colcon.colcon_core.shell:Creating environment hook '/home/kllemo/ros2_ws/install/block1_kleman/share/block1_kleman/hook/cmake_prefix_path.ps1'
[17.434s] INFO:colcon.colcon_core.shell:Creating environment descriptor '/home/kllemo/ros2_ws/install/block1_kleman/share/block1_kleman/hook/cmake_prefix_path.dsv'
[17.435s] INFO:colcon.colcon_core.shell:Creating environment hook '/home/kllemo/ros2_ws/install/block1_kleman/share/block1_kleman/hook/cmake_prefix_path.sh'
[17.436s] Level 1:colcon.colcon_core.environment:checking '/home/kllemo/ros2_ws/install/block1_kleman/lib'
[17.436s] Level 1:colcon.colcon_core.environment:checking '/home/kllemo/ros2_ws/install/block1_kleman/bin'
[17.436s] Level 1:colcon.colcon_core.environment:checking '/home/kllemo/ros2_ws/install/block1_kleman/lib/pkgconfig/block1_kleman.pc'
[17.437s] Level 1:colcon.colcon_core.environment:checking '/home/kllemo/ros2_ws/install/block1_kleman/lib/python3.12/site-packages'
[17.438s] Level 1:colcon.colcon_core.environment:checking '/home/kllemo/ros2_ws/install/block1_kleman/bin'
[17.438s] INFO:colcon.colcon_core.shell:Creating package script '/home/kllemo/ros2_ws/install/block1_kleman/share/block1_kleman/package.ps1'
[17.439s] INFO:colcon.colcon_core.shell:Creating package descriptor '/home/kllemo/ros2_ws/install/block1_kleman/share/block1_kleman/package.dsv'
[17.440s] INFO:colcon.colcon_core.shell:Creating package script '/home/kllemo/ros2_ws/install/block1_kleman/share/block1_kleman/package.sh'
[17.441s] INFO:colcon.colcon_core.shell:Creating package script '/home/kllemo/ros2_ws/install/block1_kleman/share/block1_kleman/package.bash'
[17.441s] INFO:colcon.colcon_core.shell:Creating package script '/home/kllemo/ros2_ws/install/block1_kleman/share/block1_kleman/package.zsh'
[17.442s] Level 1:colcon.colcon_core.environment:create_file_with_runtime_dependencies(/home/kllemo/ros2_ws/install/block1_kleman/share/colcon-core/packages/block1_kleman)
[17.443s] Level 1:colcon.colcon_core.environment:create_environment_scripts_only(block1_kleman)
[17.443s] Level 1:colcon.colcon_core.environment:checking '/home/kllemo/ros2_ws/install/block1_kleman' for CMake module files
[17.444s] Level 1:colcon.colcon_core.environment:checking '/home/kllemo/ros2_ws/install/block1_kleman' for CMake config files
[17.445s] Level 1:colcon.colcon_core.shell:create_environment_hook('block1_kleman', 'cmake_prefix_path')
[17.445s] INFO:colcon.colcon_core.shell:Creating environment hook '/home/kllemo/ros2_ws/install/block1_kleman/share/block1_kleman/hook/cmake_prefix_path.ps1'
[17.445s] INFO:colcon.colcon_core.shell:Creating environment descriptor '/home/kllemo/ros2_ws/install/block1_kleman/share/block1_kleman/hook/cmake_prefix_path.dsv'
[17.446s] INFO:colcon.colcon_core.shell:Creating environment hook '/home/kllemo/ros2_ws/install/block1_kleman/share/block1_kleman/hook/cmake_prefix_path.sh'
[17.447s] Level 1:colcon.colcon_core.environment:checking '/home/kllemo/ros2_ws/install/block1_kleman/lib'
[17.447s] Level 1:colcon.colcon_core.environment:checking '/home/kllemo/ros2_ws/install/block1_kleman/bin'
[17.448s] Level 1:colcon.colcon_core.environment:checking '/home/kllemo/ros2_ws/install/block1_kleman/lib/pkgconfig/block1_kleman.pc'
[17.448s] Level 1:colcon.colcon_core.environment:checking '/home/kllemo/ros2_ws/install/block1_kleman/lib/python3.12/site-packages'
[17.449s] Level 1:colcon.colcon_core.environment:checking '/home/kllemo/ros2_ws/install/block1_kleman/bin'
[17.449s] INFO:colcon.colcon_core.shell:Creating package script '/home/kllemo/ros2_ws/install/block1_kleman/share/block1_kleman/package.ps1'
[17.450s] INFO:colcon.colcon_core.shell:Creating package descriptor '/home/kllemo/ros2_ws/install/block1_kleman/share/block1_kleman/package.dsv'
[17.451s] INFO:colcon.colcon_core.shell:Creating package script '/home/kllemo/ros2_ws/install/block1_kleman/share/block1_kleman/package.sh'
[17.452s] INFO:colcon.colcon_core.shell:Creating package script '/home/kllemo/ros2_ws/install/block1_kleman/share/block1_kleman/package.bash'
[17.453s] INFO:colcon.colcon_core.shell:Creating package script '/home/kllemo/ros2_ws/install/block1_kleman/share/block1_kleman/package.zsh'
[17.454s] Level 1:colcon.colcon_core.environment:create_file_with_runtime_dependencies(/home/kllemo/ros2_ws/install/block1_kleman/share/colcon-core/packages/block1_kleman)
[17.455s] DEBUG:colcon.colcon_parallel_executor.executor.parallel:closing loop
[17.455s] DEBUG:colcon.colcon_parallel_executor.executor.parallel:loop closed
[17.456s] DEBUG:colcon.colcon_parallel_executor.executor.parallel:run_until_complete finished with '0'
[17.456s] DEBUG:colcon.colcon_core.event_reactor:joining thread
[17.467s] INFO:colcon.colcon_core.plugin_system:Skipping extension 'colcon_notification.desktop_notification.terminal_notifier': Not used on non-Darwin systems
[17.467s] INFO:colcon.colcon_core.plugin_system:Skipping extension 'colcon_notification.desktop_notification.win32': Not used on non-Windows systems
[17.467s] INFO:colcon.colcon_notification.desktop_notification:Sending desktop notification using 'notify2'
[17.497s] DEBUG:colcon.colcon_core.event_reactor:joined thread
[17.498s] INFO:colcon.colcon_core.shell:Creating prefix script '/home/kllemo/ros2_ws/install/local_setup.ps1'
[17.499s] INFO:colcon.colcon_core.shell:Creating prefix util module '/home/kllemo/ros2_ws/install/_local_setup_util_ps1.py'
[17.502s] INFO:colcon.colcon_core.shell:Creating prefix chain script '/home/kllemo/ros2_ws/install/setup.ps1'
[17.504s] INFO:colcon.colcon_core.shell:Creating prefix script '/home/kllemo/ros2_ws/install/local_setup.sh'
[17.505s] INFO:colcon.colcon_core.shell:Creating prefix util module '/home/kllemo/ros2_ws/install/_local_setup_util_sh.py'
[17.506s] INFO:colcon.colcon_core.shell:Creating prefix chain script '/home/kllemo/ros2_ws/install/setup.sh'
[17.508s] INFO:colcon.colcon_core.shell:Creating prefix script '/home/kllemo/ros2_ws/install/local_setup.bash'
[17.509s] INFO:colcon.colcon_core.shell:Creating prefix chain script '/home/kllemo/ros2_ws/install/setup.bash'
[17.511s] INFO:colcon.colcon_core.shell:Creating prefix script '/home/kllemo/ros2_ws/install/local_setup.zsh'
[17.512s] INFO:colcon.colcon_core.shell:Creating prefix chain script '/home/kllemo/ros2_ws/install/setup.zsh'
