[0.046s] Invoking command in '/home/kllemo/ros2_ws/build/rrm_msgs': CMAKE_PREFIX_PATH=${CMAKE_PREFIX_PATH}:/opt/ros/jazzy DEBUGINFOD_URLS=https://debuginfod.ubuntu.com /usr/bin/cmake --build /home/kllemo/ros2_ws/build/rrm_msgs -- -j16 -l16
[0.143s] [  2%] Built target rrm_msgs__rosidl_generator_type_description
[0.156s] [  2%] Built target ament_cmake_python_symlink_rrm_msgs
[0.182s] [  4%] Built target rrm_msgs__cpp
[0.187s] [ 22%] Built target rrm_msgs__rosidl_generator_c
[0.245s] [ 31%] Built target rrm_msgs__rosidl_typesupport_c
[0.245s] [ 50%] Built target rrm_msgs__rosidl_typesupport_introspection_c
[0.245s] [ 50%] Built target rrm_msgs__rosidl_typesupport_cpp
[0.248s] [ 59%] Built target rrm_msgs__rosidl_typesupport_fastrtps_c
[0.248s] [ 68%] Built target rrm_msgs__rosidl_typesupport_introspection_cpp
[0.253s] [ 77%] Built target rrm_msgs__rosidl_typesupport_fastrtps_cpp
[0.290s] [ 77%] Built target rrm_msgs
[0.333s] [ 79%] Built target rrm_msgs__py
[0.375s] [ 86%] Built target rrm_msgs__rosidl_generator_py
[0.418s] [ 90%] Built target rrm_msgs_s__rosidl_typesupport_fastrtps_c
[0.419s] [ 95%] Built target rrm_msgs_s__rosidl_typesupport_introspection_c
[0.426s] [100%] Built target rrm_msgs_s__rosidl_typesupport_c
[0.674s] running egg_info
[0.716s] writing rrm_msgs.egg-info/PKG-INFO
[0.716s] writing dependency_links to rrm_msgs.egg-info/dependency_links.txt
[0.717s] writing top-level names to rrm_msgs.egg-info/top_level.txt
[0.841s] reading manifest file 'rrm_msgs.egg-info/SOURCES.txt'
[0.843s] writing manifest file 'rrm_msgs.egg-info/SOURCES.txt'
[0.894s] [100%] Built target ament_cmake_python_build_rrm_msgs_egg
[0.915s] Invoked command in '/home/kllemo/ros2_ws/build/rrm_msgs' returned '0': CMAKE_PREFIX_PATH=${CMAKE_PREFIX_PATH}:/opt/ros/jazzy DEBUGINFOD_URLS=https://debuginfod.ubuntu.com /usr/bin/cmake --build /home/kllemo/ros2_ws/build/rrm_msgs -- -j16 -l16
[0.917s] Invoking command in '/home/kllemo/ros2_ws/build/rrm_msgs': CMAKE_PREFIX_PATH=${CMAKE_PREFIX_PATH}:/opt/ros/jazzy DEBUGINFOD_URLS=https://debuginfod.ubuntu.com /usr/bin/cmake --install /home/kllemo/ros2_ws/build/rrm_msgs
[0.932s] -- Install configuration: ""
[0.934s] -- Execute custom install script
[0.935s] -- Up-to-date symlink: /home/kllemo/ros2_ws/install/rrm_msgs/share/ament_index/resource_index/rosidl_interfaces/rrm_msgs
[0.935s] -- Up-to-date symlink: /home/kllemo/ros2_ws/install/rrm_msgs/share/rrm_msgs/msg/Command.json
[0.936s] -- Up-to-date symlink: /home/kllemo/ros2_ws/install/rrm_msgs/share/rrm_msgs/srv/Command.json
[0.937s] -- Up-to-date symlink: /home/kllemo/ros2_ws/install/rrm_msgs/include/rrm_msgs/rrm_msgs/msg/command.h
[0.938s] -- Up-to-date symlink: /home/kllemo/ros2_ws/install/rrm_msgs/include/rrm_msgs/rrm_msgs/msg/detail/command__functions.h
[0.938s] -- Up-to-date symlink: /home/kllemo/ros2_ws/install/rrm_msgs/include/rrm_msgs/rrm_msgs/msg/detail/command__struct.h
[0.938s] -- Up-to-date symlink: /home/kllemo/ros2_ws/install/rrm_msgs/include/rrm_msgs/rrm_msgs/msg/detail/command__type_support.h
[0.939s] -- Up-to-date symlink: /home/kllemo/ros2_ws/install/rrm_msgs/include/rrm_msgs/rrm_msgs/msg/rosidl_generator_c__visibility_control.h
[0.939s] -- Up-to-date symlink: /home/kllemo/ros2_ws/install/rrm_msgs/include/rrm_msgs/rrm_msgs/srv/command.h
[0.939s] -- Up-to-date symlink: /home/kllemo/ros2_ws/install/rrm_msgs/include/rrm_msgs/rrm_msgs/srv/detail/command__functions.h
[0.939s] -- Up-to-date symlink: /home/kllemo/ros2_ws/install/rrm_msgs/include/rrm_msgs/rrm_msgs/srv/detail/command__struct.h
[0.939s] -- Up-to-date symlink: /home/kllemo/ros2_ws/install/rrm_msgs/include/rrm_msgs/rrm_msgs/srv/detail/command__type_support.h
[0.939s] -- Up-to-date symlink: /home/kllemo/ros2_ws/install/rrm_msgs/share/rrm_msgs/environment/library_path.sh
[0.940s] -- Up-to-date symlink: /home/kllemo/ros2_ws/install/rrm_msgs/share/rrm_msgs/environment/library_path.dsv
[0.940s] -- Up-to-date symlink: /home/kllemo/ros2_ws/install/rrm_msgs/include/rrm_msgs/rrm_msgs/msg/detail/command__rosidl_typesupport_fastrtps_c.h
[0.941s] -- Up-to-date symlink: /home/kllemo/ros2_ws/install/rrm_msgs/include/rrm_msgs/rrm_msgs/msg/rosidl_typesupport_fastrtps_c__visibility_control.h
[0.942s] -- Up-to-date symlink: /home/kllemo/ros2_ws/install/rrm_msgs/include/rrm_msgs/rrm_msgs/srv/detail/command__rosidl_typesupport_fastrtps_c.h
[0.942s] -- Up-to-date symlink: /home/kllemo/ros2_ws/install/rrm_msgs/include/rrm_msgs/rrm_msgs/msg/detail/command__rosidl_typesupport_introspection_c.h
[0.942s] -- Up-to-date symlink: /home/kllemo/ros2_ws/install/rrm_msgs/include/rrm_msgs/rrm_msgs/msg/rosidl_typesupport_introspection_c__visibility_control.h
[0.942s] -- Up-to-date symlink: /home/kllemo/ros2_ws/install/rrm_msgs/include/rrm_msgs/rrm_msgs/srv/detail/command__rosidl_typesupport_introspection_c.h
[0.943s] -- Up-to-date symlink: /home/kllemo/ros2_ws/install/rrm_msgs/include/rrm_msgs/rrm_msgs/msg/command.hpp
[0.943s] -- Up-to-date symlink: /home/kllemo/ros2_ws/install/rrm_msgs/include/rrm_msgs/rrm_msgs/msg/detail/command__builder.hpp
[0.943s] -- Up-to-date symlink: /home/kllemo/ros2_ws/install/rrm_msgs/include/rrm_msgs/rrm_msgs/msg/detail/command__struct.hpp
[0.944s] -- Up-to-date symlink: /home/kllemo/ros2_ws/install/rrm_msgs/include/rrm_msgs/rrm_msgs/msg/detail/command__traits.hpp
[0.945s] -- Up-to-date symlink: /home/kllemo/ros2_ws/install/rrm_msgs/include/rrm_msgs/rrm_msgs/msg/detail/command__type_support.hpp
[0.945s] -- Up-to-date symlink: /home/kllemo/ros2_ws/install/rrm_msgs/include/rrm_msgs/rrm_msgs/msg/rosidl_generator_cpp__visibility_control.hpp
[0.946s] -- Up-to-date symlink: /home/kllemo/ros2_ws/install/rrm_msgs/include/rrm_msgs/rrm_msgs/srv/command.hpp
[0.947s] -- Up-to-date symlink: /home/kllemo/ros2_ws/install/rrm_msgs/include/rrm_msgs/rrm_msgs/srv/detail/command__builder.hpp
[0.947s] -- Up-to-date symlink: /home/kllemo/ros2_ws/install/rrm_msgs/include/rrm_msgs/rrm_msgs/srv/detail/command__struct.hpp
[0.947s] -- Up-to-date symlink: /home/kllemo/ros2_ws/install/rrm_msgs/include/rrm_msgs/rrm_msgs/srv/detail/command__traits.hpp
[0.947s] -- Up-to-date symlink: /home/kllemo/ros2_ws/install/rrm_msgs/include/rrm_msgs/rrm_msgs/srv/detail/command__type_support.hpp
[0.948s] -- Up-to-date symlink: /home/kllemo/ros2_ws/install/rrm_msgs/include/rrm_msgs/rrm_msgs/msg/detail/command__rosidl_typesupport_fastrtps_cpp.hpp
[0.948s] -- Up-to-date symlink: /home/kllemo/ros2_ws/install/rrm_msgs/include/rrm_msgs/rrm_msgs/msg/rosidl_typesupport_fastrtps_cpp__visibility_control.h
[0.948s] -- Up-to-date symlink: /home/kllemo/ros2_ws/install/rrm_msgs/include/rrm_msgs/rrm_msgs/srv/detail/command__rosidl_typesupport_fastrtps_cpp.hpp
[0.949s] -- Up-to-date symlink: /home/kllemo/ros2_ws/install/rrm_msgs/include/rrm_msgs/rrm_msgs/msg/detail/command__rosidl_typesupport_introspection_cpp.hpp
[0.949s] -- Up-to-date symlink: /home/kllemo/ros2_ws/install/rrm_msgs/include/rrm_msgs/rrm_msgs/srv/detail/command__rosidl_typesupport_introspection_cpp.hpp
[0.949s] -- Up-to-date symlink: /home/kllemo/ros2_ws/install/rrm_msgs/share/rrm_msgs/environment/pythonpath.sh
[0.950s] -- Up-to-date symlink: /home/kllemo/ros2_ws/install/rrm_msgs/share/rrm_msgs/environment/pythonpath.dsv
[0.950s] -- Up-to-date symlink: /home/kllemo/ros2_ws/install/rrm_msgs/lib/python3.12/site-packages/rrm_msgs-0.0.0-py3.12.egg-info/PKG-INFO
[0.951s] -- Up-to-date symlink: /home/kllemo/ros2_ws/install/rrm_msgs/lib/python3.12/site-packages/rrm_msgs-0.0.0-py3.12.egg-info/SOURCES.txt
[0.951s] -- Up-to-date symlink: /home/kllemo/ros2_ws/install/rrm_msgs/lib/python3.12/site-packages/rrm_msgs-0.0.0-py3.12.egg-info/dependency_links.txt
[0.951s] -- Up-to-date symlink: /home/kllemo/ros2_ws/install/rrm_msgs/lib/python3.12/site-packages/rrm_msgs-0.0.0-py3.12.egg-info/top_level.txt
[0.951s] -- Up-to-date symlink: /home/kllemo/ros2_ws/install/rrm_msgs/lib/python3.12/site-packages/rrm_msgs/__init__.py
[0.951s] -- Up-to-date symlink: /home/kllemo/ros2_ws/install/rrm_msgs/lib/python3.12/site-packages/rrm_msgs/_rrm_msgs_s.ep.rosidl_typesupport_c.c
[0.952s] -- Up-to-date symlink: /home/kllemo/ros2_ws/install/rrm_msgs/lib/python3.12/site-packages/rrm_msgs/_rrm_msgs_s.ep.rosidl_typesupport_fastrtps_c.c
[0.952s] -- Up-to-date symlink: /home/kllemo/ros2_ws/install/rrm_msgs/lib/python3.12/site-packages/rrm_msgs/_rrm_msgs_s.ep.rosidl_typesupport_introspection_c.c
[0.952s] -- Up-to-date symlink: /home/kllemo/ros2_ws/install/rrm_msgs/lib/python3.12/site-packages/rrm_msgs/msg/__init__.py
[0.952s] -- Up-to-date symlink: /home/kllemo/ros2_ws/install/rrm_msgs/lib/python3.12/site-packages/rrm_msgs/msg/_command.py
[0.952s] -- Up-to-date symlink: /home/kllemo/ros2_ws/install/rrm_msgs/lib/python3.12/site-packages/rrm_msgs/msg/_command_s.c
[0.954s] -- Up-to-date symlink: /home/kllemo/ros2_ws/install/rrm_msgs/lib/python3.12/site-packages/rrm_msgs/rrm_msgs_s__rosidl_typesupport_c.so
[0.955s] -- Up-to-date symlink: /home/kllemo/ros2_ws/install/rrm_msgs/lib/python3.12/site-packages/rrm_msgs/rrm_msgs_s__rosidl_typesupport_fastrtps_c.so
[0.955s] -- Up-to-date symlink: /home/kllemo/ros2_ws/install/rrm_msgs/lib/python3.12/site-packages/rrm_msgs/rrm_msgs_s__rosidl_typesupport_introspection_c.so
[0.955s] -- Up-to-date symlink: /home/kllemo/ros2_ws/install/rrm_msgs/lib/python3.12/site-packages/rrm_msgs/srv/__init__.py
[0.956s] -- Up-to-date symlink: /home/kllemo/ros2_ws/install/rrm_msgs/lib/python3.12/site-packages/rrm_msgs/srv/_command.py
[0.956s] -- Up-to-date symlink: /home/kllemo/ros2_ws/install/rrm_msgs/lib/python3.12/site-packages/rrm_msgs/srv/_command_s.c
[0.956s] -- Up-to-date symlink: /home/kllemo/ros2_ws/install/rrm_msgs/lib/python3.12/site-packages/rrm_msgs/rrm_msgs_s__rosidl_typesupport_fastrtps_c.so
[0.956s] -- Up-to-date symlink: /home/kllemo/ros2_ws/install/rrm_msgs/lib/python3.12/site-packages/rrm_msgs/rrm_msgs_s__rosidl_typesupport_introspection_c.so
[0.956s] -- Up-to-date symlink: /home/kllemo/ros2_ws/install/rrm_msgs/lib/python3.12/site-packages/rrm_msgs/rrm_msgs_s__rosidl_typesupport_c.so
[0.956s] -- Up-to-date symlink: /home/kllemo/ros2_ws/install/rrm_msgs/share/rrm_msgs/msg/Command.idl
[0.957s] -- Up-to-date symlink: /home/kllemo/ros2_ws/install/rrm_msgs/share/rrm_msgs/srv/Command.idl
[0.957s] -- Up-to-date symlink: /home/kllemo/ros2_ws/install/rrm_msgs/share/rrm_msgs/msg/Command.msg
[0.957s] -- Up-to-date symlink: /home/kllemo/ros2_ws/install/rrm_msgs/share/rrm_msgs/srv/Command.srv
[0.957s] -- Up-to-date symlink: /home/kllemo/ros2_ws/install/rrm_msgs/share/ament_index/resource_index/package_run_dependencies/rrm_msgs
[0.957s] -- Up-to-date symlink: /home/kllemo/ros2_ws/install/rrm_msgs/share/ament_index/resource_index/parent_prefix_path/rrm_msgs
[0.957s] -- Up-to-date symlink: /home/kllemo/ros2_ws/install/rrm_msgs/share/rrm_msgs/environment/ament_prefix_path.sh
[0.958s] -- Up-to-date symlink: /home/kllemo/ros2_ws/install/rrm_msgs/share/rrm_msgs/environment/ament_prefix_path.dsv
[0.958s] -- Up-to-date symlink: /home/kllemo/ros2_ws/install/rrm_msgs/share/rrm_msgs/environment/path.sh
[0.958s] -- Up-to-date symlink: /home/kllemo/ros2_ws/install/rrm_msgs/share/rrm_msgs/environment/path.dsv
[0.958s] -- Up-to-date symlink: /home/kllemo/ros2_ws/install/rrm_msgs/share/rrm_msgs/local_setup.bash
[0.958s] -- Up-to-date symlink: /home/kllemo/ros2_ws/install/rrm_msgs/share/rrm_msgs/local_setup.sh
[0.958s] -- Up-to-date symlink: /home/kllemo/ros2_ws/install/rrm_msgs/share/rrm_msgs/local_setup.zsh
[0.958s] -- Up-to-date symlink: /home/kllemo/ros2_ws/install/rrm_msgs/share/rrm_msgs/local_setup.dsv
[0.959s] -- Symlinking: /home/kllemo/ros2_ws/install/rrm_msgs/share/rrm_msgs/package.dsv
[0.974s] -- Up-to-date symlink: /home/kllemo/ros2_ws/install/rrm_msgs/share/ament_index/resource_index/packages/rrm_msgs
[0.974s] -- Up-to-date symlink: /home/kllemo/ros2_ws/install/rrm_msgs/share/rrm_msgs/cmake/rosidl_cmake-extras.cmake
[0.975s] -- Up-to-date symlink: /home/kllemo/ros2_ws/install/rrm_msgs/share/rrm_msgs/cmake/ament_cmake_export_dependencies-extras.cmake
[0.975s] -- Up-to-date symlink: /home/kllemo/ros2_ws/install/rrm_msgs/share/rrm_msgs/cmake/ament_cmake_export_include_directories-extras.cmake
[0.975s] -- Up-to-date symlink: /home/kllemo/ros2_ws/install/rrm_msgs/share/rrm_msgs/cmake/ament_cmake_export_libraries-extras.cmake
[0.975s] -- Up-to-date symlink: /home/kllemo/ros2_ws/install/rrm_msgs/share/rrm_msgs/cmake/ament_cmake_export_targets-extras.cmake
[0.976s] -- Up-to-date symlink: /home/kllemo/ros2_ws/install/rrm_msgs/share/rrm_msgs/cmake/rosidl_cmake_export_typesupport_targets-extras.cmake
[0.976s] -- Up-to-date symlink: /home/kllemo/ros2_ws/install/rrm_msgs/share/rrm_msgs/cmake/rosidl_cmake_export_typesupport_libraries-extras.cmake
[0.976s] -- Up-to-date symlink: /home/kllemo/ros2_ws/install/rrm_msgs/share/rrm_msgs/cmake/rrm_msgsConfig.cmake
[0.976s] -- Up-to-date symlink: /home/kllemo/ros2_ws/install/rrm_msgs/share/rrm_msgs/cmake/rrm_msgsConfig-version.cmake
[0.977s] -- Up-to-date symlink: /home/kllemo/ros2_ws/install/rrm_msgs/share/rrm_msgs/package.xml
[0.977s] -- Up-to-date: /home/kllemo/ros2_ws/install/rrm_msgs/lib/librrm_msgs__rosidl_generator_c.so
[0.978s] -- Up-to-date: /home/kllemo/ros2_ws/install/rrm_msgs/lib/librrm_msgs__rosidl_typesupport_fastrtps_c.so
[0.978s] -- Up-to-date: /home/kllemo/ros2_ws/install/rrm_msgs/lib/librrm_msgs__rosidl_typesupport_introspection_c.so
[0.978s] -- Up-to-date: /home/kllemo/ros2_ws/install/rrm_msgs/lib/librrm_msgs__rosidl_typesupport_c.so
[0.979s] -- Up-to-date: /home/kllemo/ros2_ws/install/rrm_msgs/lib/librrm_msgs__rosidl_typesupport_fastrtps_cpp.so
[0.979s] -- Up-to-date: /home/kllemo/ros2_ws/install/rrm_msgs/lib/librrm_msgs__rosidl_typesupport_introspection_cpp.so
[0.979s] -- Up-to-date: /home/kllemo/ros2_ws/install/rrm_msgs/lib/librrm_msgs__rosidl_typesupport_cpp.so
[1.058s] Listing '/home/kllemo/ros2_ws/install/rrm_msgs/lib/python3.12/site-packages/rrm_msgs'...
[1.058s] Listing '/home/kllemo/ros2_ws/install/rrm_msgs/lib/python3.12/site-packages/rrm_msgs/msg'...
[1.058s] Listing '/home/kllemo/ros2_ws/install/rrm_msgs/lib/python3.12/site-packages/rrm_msgs/srv'...
[1.069s] -- Up-to-date: /home/kllemo/ros2_ws/install/rrm_msgs/lib/librrm_msgs__rosidl_generator_py.so
[1.070s] -- Up-to-date: /home/kllemo/ros2_ws/install/rrm_msgs/share/rrm_msgs/cmake/export_rrm_msgs__rosidl_generator_cExport.cmake
[1.070s] -- Up-to-date: /home/kllemo/ros2_ws/install/rrm_msgs/share/rrm_msgs/cmake/export_rrm_msgs__rosidl_generator_cExport-noconfig.cmake
[1.070s] -- Up-to-date: /home/kllemo/ros2_ws/install/rrm_msgs/share/rrm_msgs/cmake/export_rrm_msgs__rosidl_typesupport_fastrtps_cExport.cmake
[1.071s] -- Up-to-date: /home/kllemo/ros2_ws/install/rrm_msgs/share/rrm_msgs/cmake/export_rrm_msgs__rosidl_typesupport_fastrtps_cExport-noconfig.cmake
[1.071s] -- Up-to-date: /home/kllemo/ros2_ws/install/rrm_msgs/share/rrm_msgs/cmake/rrm_msgs__rosidl_typesupport_introspection_cExport.cmake
[1.071s] -- Up-to-date: /home/kllemo/ros2_ws/install/rrm_msgs/share/rrm_msgs/cmake/rrm_msgs__rosidl_typesupport_introspection_cExport-noconfig.cmake
[1.071s] -- Up-to-date: /home/kllemo/ros2_ws/install/rrm_msgs/share/rrm_msgs/cmake/rrm_msgs__rosidl_typesupport_cExport.cmake
[1.071s] -- Up-to-date: /home/kllemo/ros2_ws/install/rrm_msgs/share/rrm_msgs/cmake/rrm_msgs__rosidl_typesupport_cExport-noconfig.cmake
[1.071s] -- Up-to-date: /home/kllemo/ros2_ws/install/rrm_msgs/share/rrm_msgs/cmake/export_rrm_msgs__rosidl_generator_cppExport.cmake
[1.072s] -- Up-to-date: /home/kllemo/ros2_ws/install/rrm_msgs/share/rrm_msgs/cmake/export_rrm_msgs__rosidl_typesupport_fastrtps_cppExport.cmake
[1.072s] -- Up-to-date: /home/kllemo/ros2_ws/install/rrm_msgs/share/rrm_msgs/cmake/export_rrm_msgs__rosidl_typesupport_fastrtps_cppExport-noconfig.cmake
[1.072s] -- Up-to-date: /home/kllemo/ros2_ws/install/rrm_msgs/share/rrm_msgs/cmake/rrm_msgs__rosidl_typesupport_introspection_cppExport.cmake
[1.072s] -- Up-to-date: /home/kllemo/ros2_ws/install/rrm_msgs/share/rrm_msgs/cmake/rrm_msgs__rosidl_typesupport_introspection_cppExport-noconfig.cmake
[1.073s] -- Up-to-date: /home/kllemo/ros2_ws/install/rrm_msgs/share/rrm_msgs/cmake/rrm_msgs__rosidl_typesupport_cppExport.cmake
[1.073s] -- Up-to-date: /home/kllemo/ros2_ws/install/rrm_msgs/share/rrm_msgs/cmake/rrm_msgs__rosidl_typesupport_cppExport-noconfig.cmake
[1.073s] -- Up-to-date: /home/kllemo/ros2_ws/install/rrm_msgs/share/rrm_msgs/cmake/export_rrm_msgs__rosidl_generator_pyExport.cmake
[1.073s] -- Up-to-date: /home/kllemo/ros2_ws/install/rrm_msgs/share/rrm_msgs/cmake/export_rrm_msgs__rosidl_generator_pyExport-noconfig.cmake
[1.079s] Invoked command in '/home/kllemo/ros2_ws/build/rrm_msgs' returned '0': CMAKE_PREFIX_PATH=${CMAKE_PREFIX_PATH}:/opt/ros/jazzy DEBUGINFOD_URLS=https://debuginfod.ubuntu.com /usr/bin/cmake --install /home/kllemo/ros2_ws/build/rrm_msgs
