-- Found ament_cmake: 2.5.5 (/opt/ros/jazzy/share/ament_cmake/cmake)
-- Found Python3: /usr/bin/python3 (found version "3.12.3") found components: Interpreter 
-- Override CMake install command with custom implementation using symlinks instead of copying resources
-- Found rosidl_default_generators: 1.6.0 (/opt/ros/jazzy/share/rosidl_default_generators/cmake)
-- Using all available rosidl_typesupport_c: rosidl_typesupport_fastrtps_c;rosidl_typesupport_introspection_c
-- Using all available rosidl_typesupport_cpp: rosidl_typesupport_fastrtps_cpp;rosidl_typesupport_introspection_cpp
-- Found rosidl_adapter: 4.6.7 (/opt/ros/jazzy/share/rosidl_adapter/cmake)
-- Found ament_cmake_ros: 0.12.0 (/opt/ros/jazzy/share/ament_cmake_ros/cmake)
-- Using all available rosidl_typesupport_c: rosidl_typesupport_fastrtps_c;rosidl_typesupport_introspection_c
-- Using all available rosidl_typesupport_cpp: rosidl_typesupport_fastrtps_cpp;rosidl_typesupport_introspection_cpp
-- Found python_cmake_module: 0.11.1 (/opt/ros/jazzy/share/python_cmake_module/cmake)
-- Found Python3: /usr/bin/python3 (found version "3.12.3") found components: Interpreter Development NumPy Development.Module Development.Embed 
-- Found ament_lint_auto: 0.17.4 (/opt/ros/jazzy/share/ament_lint_auto/cmake)
-- Added test 'copyright' to check source files copyright and LICENSE
-- Added test 'lint_cmake' to check CMake code style
-- Added test 'xmllint' to check XML markup files
-- Configuring done (2.3s)
-- Generating done (0.1s)
-- Build files have been written to: /home/kllemo/ros2_ws/build/rrm_msgs
[  2%] Built target rrm_msgs__rosidl_generator_type_description
[  2%] Built target ament_cmake_python_symlink_rrm_msgs
[  4%] Built target rrm_msgs__cpp
[ 22%] Built target rrm_msgs__rosidl_generator_c
[ 31%] Built target rrm_msgs__rosidl_typesupport_c
[ 40%] Built target rrm_msgs__rosidl_typesupport_introspection_c
[ 50%] Built target rrm_msgs__rosidl_typesupport_introspection_cpp
[ 59%] Built target rrm_msgs__rosidl_typesupport_cpp
[ 68%] Built target rrm_msgs__rosidl_typesupport_fastrtps_cpp
[ 77%] Built target rrm_msgs__rosidl_typesupport_fastrtps_c
[ 77%] Built target rrm_msgs
[ 79%] Built target rrm_msgs__py
[ 86%] Built target rrm_msgs__rosidl_generator_py
[ 90%] Built target rrm_msgs_s__rosidl_typesupport_fastrtps_c
[ 95%] Built target rrm_msgs_s__rosidl_typesupport_c
[100%] Built target rrm_msgs_s__rosidl_typesupport_introspection_c
running egg_info
writing rrm_msgs.egg-info/PKG-INFO
writing dependency_links to rrm_msgs.egg-info/dependency_links.txt
writing top-level names to rrm_msgs.egg-info/top_level.txt
reading manifest file 'rrm_msgs.egg-info/SOURCES.txt'
writing manifest file 'rrm_msgs.egg-info/SOURCES.txt'
[100%] Built target ament_cmake_python_build_rrm_msgs_egg
-- Install configuration: ""
-- Execute custom install script
-- Up-to-date symlink: /home/kllemo/ros2_ws/install/rrm_msgs/share/ament_index/resource_index/rosidl_interfaces/rrm_msgs
-- Up-to-date symlink: /home/kllemo/ros2_ws/install/rrm_msgs/share/rrm_msgs/msg/Command.json
-- Up-to-date symlink: /home/kllemo/ros2_ws/install/rrm_msgs/share/rrm_msgs/srv/Command.json
-- Up-to-date symlink: /home/kllemo/ros2_ws/install/rrm_msgs/include/rrm_msgs/rrm_msgs/msg/command.h
-- Up-to-date symlink: /home/kllemo/ros2_ws/install/rrm_msgs/include/rrm_msgs/rrm_msgs/msg/detail/command__functions.h
-- Up-to-date symlink: /home/kllemo/ros2_ws/install/rrm_msgs/include/rrm_msgs/rrm_msgs/msg/detail/command__struct.h
-- Up-to-date symlink: /home/kllemo/ros2_ws/install/rrm_msgs/include/rrm_msgs/rrm_msgs/msg/detail/command__type_support.h
-- Up-to-date symlink: /home/kllemo/ros2_ws/install/rrm_msgs/include/rrm_msgs/rrm_msgs/msg/rosidl_generator_c__visibility_control.h
-- Up-to-date symlink: /home/kllemo/ros2_ws/install/rrm_msgs/include/rrm_msgs/rrm_msgs/srv/command.h
-- Up-to-date symlink: /home/kllemo/ros2_ws/install/rrm_msgs/include/rrm_msgs/rrm_msgs/srv/detail/command__functions.h
-- Up-to-date symlink: /home/kllemo/ros2_ws/install/rrm_msgs/include/rrm_msgs/rrm_msgs/srv/detail/command__struct.h
-- Up-to-date symlink: /home/kllemo/ros2_ws/install/rrm_msgs/include/rrm_msgs/rrm_msgs/srv/detail/command__type_support.h
-- Up-to-date symlink: /home/kllemo/ros2_ws/install/rrm_msgs/share/rrm_msgs/environment/library_path.sh
-- Up-to-date symlink: /home/kllemo/ros2_ws/install/rrm_msgs/share/rrm_msgs/environment/library_path.dsv
-- Up-to-date symlink: /home/kllemo/ros2_ws/install/rrm_msgs/include/rrm_msgs/rrm_msgs/msg/detail/command__rosidl_typesupport_fastrtps_c.h
-- Up-to-date symlink: /home/kllemo/ros2_ws/install/rrm_msgs/include/rrm_msgs/rrm_msgs/msg/rosidl_typesupport_fastrtps_c__visibility_control.h
-- Up-to-date symlink: /home/kllemo/ros2_ws/install/rrm_msgs/include/rrm_msgs/rrm_msgs/srv/detail/command__rosidl_typesupport_fastrtps_c.h
-- Up-to-date symlink: /home/kllemo/ros2_ws/install/rrm_msgs/include/rrm_msgs/rrm_msgs/msg/detail/command__rosidl_typesupport_introspection_c.h
-- Up-to-date symlink: /home/kllemo/ros2_ws/install/rrm_msgs/include/rrm_msgs/rrm_msgs/msg/rosidl_typesupport_introspection_c__visibility_control.h
-- Up-to-date symlink: /home/kllemo/ros2_ws/install/rrm_msgs/include/rrm_msgs/rrm_msgs/srv/detail/command__rosidl_typesupport_introspection_c.h
-- Up-to-date symlink: /home/kllemo/ros2_ws/install/rrm_msgs/include/rrm_msgs/rrm_msgs/msg/command.hpp
-- Up-to-date symlink: /home/kllemo/ros2_ws/install/rrm_msgs/include/rrm_msgs/rrm_msgs/msg/detail/command__builder.hpp
-- Up-to-date symlink: /home/kllemo/ros2_ws/install/rrm_msgs/include/rrm_msgs/rrm_msgs/msg/detail/command__struct.hpp
-- Up-to-date symlink: /home/kllemo/ros2_ws/install/rrm_msgs/include/rrm_msgs/rrm_msgs/msg/detail/command__traits.hpp
-- Up-to-date symlink: /home/kllemo/ros2_ws/install/rrm_msgs/include/rrm_msgs/rrm_msgs/msg/detail/command__type_support.hpp
-- Up-to-date symlink: /home/kllemo/ros2_ws/install/rrm_msgs/include/rrm_msgs/rrm_msgs/msg/rosidl_generator_cpp__visibility_control.hpp
-- Up-to-date symlink: /home/kllemo/ros2_ws/install/rrm_msgs/include/rrm_msgs/rrm_msgs/srv/command.hpp
-- Up-to-date symlink: /home/kllemo/ros2_ws/install/rrm_msgs/include/rrm_msgs/rrm_msgs/srv/detail/command__builder.hpp
-- Up-to-date symlink: /home/kllemo/ros2_ws/install/rrm_msgs/include/rrm_msgs/rrm_msgs/srv/detail/command__struct.hpp
-- Up-to-date symlink: /home/kllemo/ros2_ws/install/rrm_msgs/include/rrm_msgs/rrm_msgs/srv/detail/command__traits.hpp
-- Up-to-date symlink: /home/kllemo/ros2_ws/install/rrm_msgs/include/rrm_msgs/rrm_msgs/srv/detail/command__type_support.hpp
-- Up-to-date symlink: /home/kllemo/ros2_ws/install/rrm_msgs/include/rrm_msgs/rrm_msgs/msg/detail/command__rosidl_typesupport_fastrtps_cpp.hpp
-- Up-to-date symlink: /home/kllemo/ros2_ws/install/rrm_msgs/include/rrm_msgs/rrm_msgs/msg/rosidl_typesupport_fastrtps_cpp__visibility_control.h
-- Up-to-date symlink: /home/kllemo/ros2_ws/install/rrm_msgs/include/rrm_msgs/rrm_msgs/srv/detail/command__rosidl_typesupport_fastrtps_cpp.hpp
-- Up-to-date symlink: /home/kllemo/ros2_ws/install/rrm_msgs/include/rrm_msgs/rrm_msgs/msg/detail/command__rosidl_typesupport_introspection_cpp.hpp
-- Up-to-date symlink: /home/kllemo/ros2_ws/install/rrm_msgs/include/rrm_msgs/rrm_msgs/srv/detail/command__rosidl_typesupport_introspection_cpp.hpp
-- Up-to-date symlink: /home/kllemo/ros2_ws/install/rrm_msgs/share/rrm_msgs/environment/pythonpath.sh
-- Up-to-date symlink: /home/kllemo/ros2_ws/install/rrm_msgs/share/rrm_msgs/environment/pythonpath.dsv
-- Up-to-date symlink: /home/kllemo/ros2_ws/install/rrm_msgs/lib/python3.12/site-packages/rrm_msgs-0.0.0-py3.12.egg-info/PKG-INFO
-- Up-to-date symlink: /home/kllemo/ros2_ws/install/rrm_msgs/lib/python3.12/site-packages/rrm_msgs-0.0.0-py3.12.egg-info/SOURCES.txt
-- Up-to-date symlink: /home/kllemo/ros2_ws/install/rrm_msgs/lib/python3.12/site-packages/rrm_msgs-0.0.0-py3.12.egg-info/dependency_links.txt
-- Up-to-date symlink: /home/kllemo/ros2_ws/install/rrm_msgs/lib/python3.12/site-packages/rrm_msgs-0.0.0-py3.12.egg-info/top_level.txt
-- Up-to-date symlink: /home/kllemo/ros2_ws/install/rrm_msgs/lib/python3.12/site-packages/rrm_msgs/__init__.py
-- Up-to-date symlink: /home/kllemo/ros2_ws/install/rrm_msgs/lib/python3.12/site-packages/rrm_msgs/_rrm_msgs_s.ep.rosidl_typesupport_c.c
-- Up-to-date symlink: /home/kllemo/ros2_ws/install/rrm_msgs/lib/python3.12/site-packages/rrm_msgs/_rrm_msgs_s.ep.rosidl_typesupport_fastrtps_c.c
-- Up-to-date symlink: /home/kllemo/ros2_ws/install/rrm_msgs/lib/python3.12/site-packages/rrm_msgs/_rrm_msgs_s.ep.rosidl_typesupport_introspection_c.c
-- Up-to-date symlink: /home/kllemo/ros2_ws/install/rrm_msgs/lib/python3.12/site-packages/rrm_msgs/msg/__init__.py
-- Up-to-date symlink: /home/kllemo/ros2_ws/install/rrm_msgs/lib/python3.12/site-packages/rrm_msgs/msg/_command.py
-- Up-to-date symlink: /home/kllemo/ros2_ws/install/rrm_msgs/lib/python3.12/site-packages/rrm_msgs/msg/_command_s.c
-- Up-to-date symlink: /home/kllemo/ros2_ws/install/rrm_msgs/lib/python3.12/site-packages/rrm_msgs/rrm_msgs_s__rosidl_typesupport_c.so
-- Up-to-date symlink: /home/kllemo/ros2_ws/install/rrm_msgs/lib/python3.12/site-packages/rrm_msgs/rrm_msgs_s__rosidl_typesupport_fastrtps_c.so
-- Up-to-date symlink: /home/kllemo/ros2_ws/install/rrm_msgs/lib/python3.12/site-packages/rrm_msgs/rrm_msgs_s__rosidl_typesupport_introspection_c.so
-- Up-to-date symlink: /home/kllemo/ros2_ws/install/rrm_msgs/lib/python3.12/site-packages/rrm_msgs/srv/__init__.py
-- Up-to-date symlink: /home/kllemo/ros2_ws/install/rrm_msgs/lib/python3.12/site-packages/rrm_msgs/srv/_command.py
-- Up-to-date symlink: /home/kllemo/ros2_ws/install/rrm_msgs/lib/python3.12/site-packages/rrm_msgs/srv/_command_s.c
-- Up-to-date symlink: /home/kllemo/ros2_ws/install/rrm_msgs/lib/python3.12/site-packages/rrm_msgs/rrm_msgs_s__rosidl_typesupport_fastrtps_c.so
-- Up-to-date symlink: /home/kllemo/ros2_ws/install/rrm_msgs/lib/python3.12/site-packages/rrm_msgs/rrm_msgs_s__rosidl_typesupport_introspection_c.so
-- Up-to-date symlink: /home/kllemo/ros2_ws/install/rrm_msgs/lib/python3.12/site-packages/rrm_msgs/rrm_msgs_s__rosidl_typesupport_c.so
-- Up-to-date symlink: /home/kllemo/ros2_ws/install/rrm_msgs/share/rrm_msgs/msg/Command.idl
-- Up-to-date symlink: /home/kllemo/ros2_ws/install/rrm_msgs/share/rrm_msgs/srv/Command.idl
-- Up-to-date symlink: /home/kllemo/ros2_ws/install/rrm_msgs/share/rrm_msgs/msg/Command.msg
-- Up-to-date symlink: /home/kllemo/ros2_ws/install/rrm_msgs/share/rrm_msgs/srv/Command.srv
-- Up-to-date symlink: /home/kllemo/ros2_ws/install/rrm_msgs/share/ament_index/resource_index/package_run_dependencies/rrm_msgs
-- Up-to-date symlink: /home/kllemo/ros2_ws/install/rrm_msgs/share/ament_index/resource_index/parent_prefix_path/rrm_msgs
-- Up-to-date symlink: /home/kllemo/ros2_ws/install/rrm_msgs/share/rrm_msgs/environment/ament_prefix_path.sh
-- Up-to-date symlink: /home/kllemo/ros2_ws/install/rrm_msgs/share/rrm_msgs/environment/ament_prefix_path.dsv
-- Up-to-date symlink: /home/kllemo/ros2_ws/install/rrm_msgs/share/rrm_msgs/environment/path.sh
-- Up-to-date symlink: /home/kllemo/ros2_ws/install/rrm_msgs/share/rrm_msgs/environment/path.dsv
-- Up-to-date symlink: /home/kllemo/ros2_ws/install/rrm_msgs/share/rrm_msgs/local_setup.bash
-- Up-to-date symlink: /home/kllemo/ros2_ws/install/rrm_msgs/share/rrm_msgs/local_setup.sh
-- Up-to-date symlink: /home/kllemo/ros2_ws/install/rrm_msgs/share/rrm_msgs/local_setup.zsh
-- Up-to-date symlink: /home/kllemo/ros2_ws/install/rrm_msgs/share/rrm_msgs/local_setup.dsv
-- Symlinking: /home/kllemo/ros2_ws/install/rrm_msgs/share/rrm_msgs/package.dsv
-- Up-to-date symlink: /home/kllemo/ros2_ws/install/rrm_msgs/share/ament_index/resource_index/packages/rrm_msgs
-- Up-to-date symlink: /home/kllemo/ros2_ws/install/rrm_msgs/share/rrm_msgs/cmake/rosidl_cmake-extras.cmake
-- Up-to-date symlink: /home/kllemo/ros2_ws/install/rrm_msgs/share/rrm_msgs/cmake/ament_cmake_export_dependencies-extras.cmake
-- Up-to-date symlink: /home/kllemo/ros2_ws/install/rrm_msgs/share/rrm_msgs/cmake/ament_cmake_export_include_directories-extras.cmake
-- Up-to-date symlink: /home/kllemo/ros2_ws/install/rrm_msgs/share/rrm_msgs/cmake/ament_cmake_export_libraries-extras.cmake
-- Up-to-date symlink: /home/kllemo/ros2_ws/install/rrm_msgs/share/rrm_msgs/cmake/ament_cmake_export_targets-extras.cmake
-- Up-to-date symlink: /home/kllemo/ros2_ws/install/rrm_msgs/share/rrm_msgs/cmake/rosidl_cmake_export_typesupport_targets-extras.cmake
-- Up-to-date symlink: /home/kllemo/ros2_ws/install/rrm_msgs/share/rrm_msgs/cmake/rosidl_cmake_export_typesupport_libraries-extras.cmake
-- Up-to-date symlink: /home/kllemo/ros2_ws/install/rrm_msgs/share/rrm_msgs/cmake/rrm_msgsConfig.cmake
-- Up-to-date symlink: /home/kllemo/ros2_ws/install/rrm_msgs/share/rrm_msgs/cmake/rrm_msgsConfig-version.cmake
-- Up-to-date symlink: /home/kllemo/ros2_ws/install/rrm_msgs/share/rrm_msgs/package.xml
-- Up-to-date: /home/kllemo/ros2_ws/install/rrm_msgs/lib/librrm_msgs__rosidl_generator_c.so
-- Up-to-date: /home/kllemo/ros2_ws/install/rrm_msgs/lib/librrm_msgs__rosidl_typesupport_fastrtps_c.so
-- Up-to-date: /home/kllemo/ros2_ws/install/rrm_msgs/lib/librrm_msgs__rosidl_typesupport_introspection_c.so
-- Up-to-date: /home/kllemo/ros2_ws/install/rrm_msgs/lib/librrm_msgs__rosidl_typesupport_c.so
-- Up-to-date: /home/kllemo/ros2_ws/install/rrm_msgs/lib/librrm_msgs__rosidl_typesupport_fastrtps_cpp.so
-- Up-to-date: /home/kllemo/ros2_ws/install/rrm_msgs/lib/librrm_msgs__rosidl_typesupport_introspection_cpp.so
-- Up-to-date: /home/kllemo/ros2_ws/install/rrm_msgs/lib/librrm_msgs__rosidl_typesupport_cpp.so
Listing '/home/kllemo/ros2_ws/install/rrm_msgs/lib/python3.12/site-packages/rrm_msgs'...
Compiling '/home/kllemo/ros2_ws/install/rrm_msgs/lib/python3.12/site-packages/rrm_msgs/__init__.py'...
Listing '/home/kllemo/ros2_ws/install/rrm_msgs/lib/python3.12/site-packages/rrm_msgs/msg'...
Listing '/home/kllemo/ros2_ws/install/rrm_msgs/lib/python3.12/site-packages/rrm_msgs/srv'...
-- Up-to-date: /home/kllemo/ros2_ws/install/rrm_msgs/lib/librrm_msgs__rosidl_generator_py.so
-- Up-to-date: /home/kllemo/ros2_ws/install/rrm_msgs/share/rrm_msgs/cmake/export_rrm_msgs__rosidl_generator_cExport.cmake
-- Up-to-date: /home/kllemo/ros2_ws/install/rrm_msgs/share/rrm_msgs/cmake/export_rrm_msgs__rosidl_generator_cExport-noconfig.cmake
-- Up-to-date: /home/kllemo/ros2_ws/install/rrm_msgs/share/rrm_msgs/cmake/export_rrm_msgs__rosidl_typesupport_fastrtps_cExport.cmake
-- Up-to-date: /home/kllemo/ros2_ws/install/rrm_msgs/share/rrm_msgs/cmake/export_rrm_msgs__rosidl_typesupport_fastrtps_cExport-noconfig.cmake
-- Up-to-date: /home/kllemo/ros2_ws/install/rrm_msgs/share/rrm_msgs/cmake/rrm_msgs__rosidl_typesupport_introspection_cExport.cmake
-- Up-to-date: /home/kllemo/ros2_ws/install/rrm_msgs/share/rrm_msgs/cmake/rrm_msgs__rosidl_typesupport_introspection_cExport-noconfig.cmake
-- Up-to-date: /home/kllemo/ros2_ws/install/rrm_msgs/share/rrm_msgs/cmake/rrm_msgs__rosidl_typesupport_cExport.cmake
-- Up-to-date: /home/kllemo/ros2_ws/install/rrm_msgs/share/rrm_msgs/cmake/rrm_msgs__rosidl_typesupport_cExport-noconfig.cmake
-- Up-to-date: /home/kllemo/ros2_ws/install/rrm_msgs/share/rrm_msgs/cmake/export_rrm_msgs__rosidl_generator_cppExport.cmake
-- Up-to-date: /home/kllemo/ros2_ws/install/rrm_msgs/share/rrm_msgs/cmake/export_rrm_msgs__rosidl_typesupport_fastrtps_cppExport.cmake
-- Up-to-date: /home/kllemo/ros2_ws/install/rrm_msgs/share/rrm_msgs/cmake/export_rrm_msgs__rosidl_typesupport_fastrtps_cppExport-noconfig.cmake
-- Up-to-date: /home/kllemo/ros2_ws/install/rrm_msgs/share/rrm_msgs/cmake/rrm_msgs__rosidl_typesupport_introspection_cppExport.cmake
-- Up-to-date: /home/kllemo/ros2_ws/install/rrm_msgs/share/rrm_msgs/cmake/rrm_msgs__rosidl_typesupport_introspection_cppExport-noconfig.cmake
-- Up-to-date: /home/kllemo/ros2_ws/install/rrm_msgs/share/rrm_msgs/cmake/rrm_msgs__rosidl_typesupport_cppExport.cmake
-- Up-to-date: /home/kllemo/ros2_ws/install/rrm_msgs/share/rrm_msgs/cmake/rrm_msgs__rosidl_typesupport_cppExport-noconfig.cmake
-- Up-to-date: /home/kllemo/ros2_ws/install/rrm_msgs/share/rrm_msgs/cmake/export_rrm_msgs__rosidl_generator_pyExport.cmake
-- Up-to-date: /home/kllemo/ros2_ws/install/rrm_msgs/share/rrm_msgs/cmake/export_rrm_msgs__rosidl_generator_pyExport-noconfig.cmake
