[0.038s] Invoking command in '/home/kllemo/ros2_ws/build/rrm_msgs': CMAKE_PREFIX_PATH=${CMAKE_PREFIX_PATH}:/opt/ros/jazzy DEBUGINFOD_URLS=https://debuginfod.ubuntu.com /usr/bin/cmake --build /home/kllemo/ros2_ws/build/rrm_msgs -- -j16 -l16
[0.122s] [  2%] Built target rrm_msgs__rosidl_generator_type_description
[0.146s] [  2%] Built target ament_cmake_python_symlink_rrm_msgs
[0.166s] [ 20%] Built target rrm_msgs__rosidl_generator_c
[0.168s] [ 22%] Built target rrm_msgs__cpp
[0.208s] [ 31%] Built target rrm_msgs__rosidl_typesupport_c
[0.214s] [ 47%] Built target rrm_msgs__rosidl_typesupport_cpp
[0.214s] [ 50%] Built target rrm_msgs__rosidl_typesupport_fastrtps_c
[0.214s] [ 59%] Built target rrm_msgs__rosidl_typesupport_introspection_c
[0.217s] [ 68%] Built target rrm_msgs__rosidl_typesupport_introspection_cpp
[0.221s] [ 77%] Built target rrm_msgs__rosidl_typesupport_fastrtps_cpp
[0.260s] [ 77%] Built target rrm_msgs
[0.297s] [ 79%] Built target rrm_msgs__py
[0.337s] [ 86%] Built target rrm_msgs__rosidl_generator_py
[0.377s] [ 90%] Built target rrm_msgs_s__rosidl_typesupport_c
[0.381s] [ 95%] Built target rrm_msgs_s__rosidl_typesupport_fastrtps_c
[0.384s] [100%] Built target rrm_msgs_s__rosidl_typesupport_introspection_c
[0.617s] running egg_info
[0.658s] writing rrm_msgs.egg-info/PKG-INFO
[0.659s] writing dependency_links to rrm_msgs.egg-info/dependency_links.txt
[0.659s] writing top-level names to rrm_msgs.egg-info/top_level.txt
[0.780s] reading manifest file 'rrm_msgs.egg-info/SOURCES.txt'
[0.781s] writing manifest file 'rrm_msgs.egg-info/SOURCES.txt'
[0.833s] [100%] Built target ament_cmake_python_build_rrm_msgs_egg
