[0.254s] DEBUG:colcon:Command line arguments: ['/usr/bin/colcon', 'build']
[0.254s] DEBUG:colcon:Parsed command line arguments: Namespace(log_base=None, log_level=None, verb_name='build', build_base='build', install_base='install', merge_install=False, symlink_install=False, test_result_base=None, continue_on_error=False, executor='parallel', parallel_workers=16, event_handlers=None, ignore_user_meta=False, metas=['./colcon.meta'], base_paths=['.'], packages_ignore=None, packages_ignore_regex=None, paths=None, packages_up_to=None, packages_up_to_regex=None, packages_above=None, packages_above_and_dependencies=None, packages_above_depth=None, packages_select_by_dep=None, packages_skip_by_dep=None, packages_skip_up_to=None, packages_select_build_failed=False, packages_skip_build_finished=False, packages_select_test_failures=False, packages_skip_test_passed=False, packages_select=None, packages_skip=None, packages_select_regex=None, packages_skip_regex=None, packages_start=None, packages_end=None, allow_overriding=[], cmake_args=None, cmake_target=None, cmake_target_skip_unavailable=False, cmake_clean_cache=False, cmake_clean_first=False, cmake_force_configure=False, ament_cmake_args=None, catkin_cmake_args=None, catkin_skip_building_tests=False, mixin_files=None, mixin=None, verb_parser=<colcon_mixin.mixin.mixin_argument.MixinArgumentDecorator object at 0x77ba35e85790>, verb_extension=<colcon_core.verb.build.BuildVerb object at 0x77ba35e84a10>, main=<bound method BuildVerb.main of <colcon_core.verb.build.BuildVerb object at 0x77ba35e84a10>>, mixin_verb=('build',))
[0.345s] Level 1:colcon.colcon_core.package_discovery:discover_packages(colcon_meta) check parameters
[0.346s] Level 1:colcon.colcon_core.package_discovery:discover_packages(recursive) check parameters
[0.346s] Level 1:colcon.colcon_core.package_discovery:discover_packages(ignore) check parameters
[0.346s] Level 1:colcon.colcon_core.package_discovery:discover_packages(path) check parameters
[0.346s] Level 1:colcon.colcon_core.package_discovery:discover_packages(colcon_meta) discover
[0.346s] Level 1:colcon.colcon_core.package_discovery:discover_packages(recursive) discover
[0.346s] INFO:colcon.colcon_core.package_discovery:Crawling recursively for packages in '/home/kllemo/ros2_ws'
[0.346s] Level 1:colcon.colcon_core.package_identification:_identify(.) by extensions ['ignore', 'ignore_ament_install']
[0.346s] Level 1:colcon.colcon_core.package_identification:_identify(.) by extension 'ignore'
[0.347s] Level 1:colcon.colcon_core.package_identification:_identify(.) by extension 'ignore_ament_install'
[0.347s] Level 1:colcon.colcon_core.package_identification:_identify(.) by extensions ['colcon_pkg']
[0.347s] Level 1:colcon.colcon_core.package_identification:_identify(.) by extension 'colcon_pkg'
[0.347s] Level 1:colcon.colcon_core.package_identification:_identify(.) by extensions ['colcon_meta']
[0.347s] Level 1:colcon.colcon_core.package_identification:_identify(.) by extension 'colcon_meta'
[0.347s] Level 1:colcon.colcon_core.package_identification:_identify(.) by extensions ['ros']
[0.347s] Level 1:colcon.colcon_core.package_identification:_identify(.) by extension 'ros'
[0.410s] Level 1:colcon.colcon_core.package_identification:_identify(.) by extensions ['cmake', 'python']
[0.410s] Level 1:colcon.colcon_core.package_identification:_identify(.) by extension 'cmake'
[0.410s] Level 1:colcon.colcon_core.package_identification:_identify(.) by extension 'python'
[0.410s] Level 1:colcon.colcon_core.package_identification:_identify(.) by extensions ['python_setup_py']
[0.410s] Level 1:colcon.colcon_core.package_identification:_identify(.) by extension 'python_setup_py'
[0.410s] Level 1:colcon.colcon_core.package_identification:_identify(build) by extensions ['ignore', 'ignore_ament_install']
[0.411s] Level 1:colcon.colcon_core.package_identification:_identify(build) by extension 'ignore'
[0.411s] Level 1:colcon.colcon_core.package_identification:_identify(build) ignored
[0.411s] Level 1:colcon.colcon_core.package_identification:_identify(install) by extensions ['ignore', 'ignore_ament_install']
[0.411s] Level 1:colcon.colcon_core.package_identification:_identify(install) by extension 'ignore'
[0.411s] Level 1:colcon.colcon_core.package_identification:_identify(install) ignored
[0.412s] Level 1:colcon.colcon_core.package_identification:_identify(log) by extensions ['ignore', 'ignore_ament_install']
[0.412s] Level 1:colcon.colcon_core.package_identification:_identify(log) by extension 'ignore'
[0.412s] Level 1:colcon.colcon_core.package_identification:_identify(log) ignored
[0.412s] Level 1:colcon.colcon_core.package_identification:_identify(src) by extensions ['ignore', 'ignore_ament_install']
[0.412s] Level 1:colcon.colcon_core.package_identification:_identify(src) by extension 'ignore'
[0.412s] Level 1:colcon.colcon_core.package_identification:_identify(src) by extension 'ignore_ament_install'
[0.412s] Level 1:colcon.colcon_core.package_identification:_identify(src) by extensions ['colcon_pkg']
[0.413s] Level 1:colcon.colcon_core.package_identification:_identify(src) by extension 'colcon_pkg'
[0.413s] Level 1:colcon.colcon_core.package_identification:_identify(src) by extensions ['colcon_meta']
[0.413s] Level 1:colcon.colcon_core.package_identification:_identify(src) by extension 'colcon_meta'
[0.413s] Level 1:colcon.colcon_core.package_identification:_identify(src) by extensions ['ros']
[0.413s] Level 1:colcon.colcon_core.package_identification:_identify(src) by extension 'ros'
[0.413s] Level 1:colcon.colcon_core.package_identification:_identify(src) by extensions ['cmake', 'python']
[0.413s] Level 1:colcon.colcon_core.package_identification:_identify(src) by extension 'cmake'
[0.413s] Level 1:colcon.colcon_core.package_identification:_identify(src) by extension 'python'
[0.413s] Level 1:colcon.colcon_core.package_identification:_identify(src) by extensions ['python_setup_py']
[0.413s] Level 1:colcon.colcon_core.package_identification:_identify(src) by extension 'python_setup_py'
[0.413s] Level 1:colcon.colcon_core.package_identification:_identify(src/abb_irb4600_ikfast) by extensions ['ignore', 'ignore_ament_install']
[0.414s] Level 1:colcon.colcon_core.package_identification:_identify(src/abb_irb4600_ikfast) by extension 'ignore'
[0.414s] Level 1:colcon.colcon_core.package_identification:_identify(src/abb_irb4600_ikfast) by extension 'ignore_ament_install'
[0.414s] Level 1:colcon.colcon_core.package_identification:_identify(src/abb_irb4600_ikfast) by extensions ['colcon_pkg']
[0.414s] Level 1:colcon.colcon_core.package_identification:_identify(src/abb_irb4600_ikfast) by extension 'colcon_pkg'
[0.414s] Level 1:colcon.colcon_core.package_identification:_identify(src/abb_irb4600_ikfast) by extensions ['colcon_meta']
[0.414s] Level 1:colcon.colcon_core.package_identification:_identify(src/abb_irb4600_ikfast) by extension 'colcon_meta'
[0.414s] Level 1:colcon.colcon_core.package_identification:_identify(src/abb_irb4600_ikfast) by extensions ['ros']
[0.414s] Level 1:colcon.colcon_core.package_identification:_identify(src/abb_irb4600_ikfast) by extension 'ros'
[0.420s] DEBUG:colcon.colcon_core.package_identification:Package 'src/abb_irb4600_ikfast' with type 'ros.ament_cmake' and name 'abb_irb4600_ikfast'
[0.420s] Level 1:colcon.colcon_core.package_identification:_identify(src/abb_model) by extensions ['ignore', 'ignore_ament_install']
[0.420s] Level 1:colcon.colcon_core.package_identification:_identify(src/abb_model) by extension 'ignore'
[0.421s] Level 1:colcon.colcon_core.package_identification:_identify(src/abb_model) by extension 'ignore_ament_install'
[0.421s] Level 1:colcon.colcon_core.package_identification:_identify(src/abb_model) by extensions ['colcon_pkg']
[0.421s] Level 1:colcon.colcon_core.package_identification:_identify(src/abb_model) by extension 'colcon_pkg'
[0.421s] Level 1:colcon.colcon_core.package_identification:_identify(src/abb_model) by extensions ['colcon_meta']
[0.421s] Level 1:colcon.colcon_core.package_identification:_identify(src/abb_model) by extension 'colcon_meta'
[0.421s] Level 1:colcon.colcon_core.package_identification:_identify(src/abb_model) by extensions ['ros']
[0.421s] Level 1:colcon.colcon_core.package_identification:_identify(src/abb_model) by extension 'ros'
[0.422s] DEBUG:colcon.colcon_core.package_identification:Package 'src/abb_model' with type 'ros.ament_cmake' and name 'abb_model'
[0.422s] Level 1:colcon.colcon_core.package_identification:_identify(src/block1_kleman) by extensions ['ignore', 'ignore_ament_install']
[0.423s] Level 1:colcon.colcon_core.package_identification:_identify(src/block1_kleman) by extension 'ignore'
[0.423s] Level 1:colcon.colcon_core.package_identification:_identify(src/block1_kleman) by extension 'ignore_ament_install'
[0.423s] Level 1:colcon.colcon_core.package_identification:_identify(src/block1_kleman) by extensions ['colcon_pkg']
[0.423s] Level 1:colcon.colcon_core.package_identification:_identify(src/block1_kleman) by extension 'colcon_pkg'
[0.423s] Level 1:colcon.colcon_core.package_identification:_identify(src/block1_kleman) by extensions ['colcon_meta']
[0.423s] Level 1:colcon.colcon_core.package_identification:_identify(src/block1_kleman) by extension 'colcon_meta'
[0.423s] Level 1:colcon.colcon_core.package_identification:_identify(src/block1_kleman) by extensions ['ros']
[0.423s] Level 1:colcon.colcon_core.package_identification:_identify(src/block1_kleman) by extension 'ros'
[0.425s] DEBUG:colcon.colcon_core.package_identification:Package 'src/block1_kleman' with type 'ros.ament_cmake' and name 'block1_kleman'
[0.425s] Level 1:colcon.colcon_core.package_identification:_identify(src/cvicenie_2) by extensions ['ignore', 'ignore_ament_install']
[0.425s] Level 1:colcon.colcon_core.package_identification:_identify(src/cvicenie_2) by extension 'ignore'
[0.425s] Level 1:colcon.colcon_core.package_identification:_identify(src/cvicenie_2) by extension 'ignore_ament_install'
[0.426s] Level 1:colcon.colcon_core.package_identification:_identify(src/cvicenie_2) by extensions ['colcon_pkg']
[0.426s] Level 1:colcon.colcon_core.package_identification:_identify(src/cvicenie_2) by extension 'colcon_pkg'
[0.426s] Level 1:colcon.colcon_core.package_identification:_identify(src/cvicenie_2) by extensions ['colcon_meta']
[0.426s] Level 1:colcon.colcon_core.package_identification:_identify(src/cvicenie_2) by extension 'colcon_meta'
[0.426s] Level 1:colcon.colcon_core.package_identification:_identify(src/cvicenie_2) by extensions ['ros']
[0.426s] Level 1:colcon.colcon_core.package_identification:_identify(src/cvicenie_2) by extension 'ros'
[0.426s] Level 1:colcon.colcon_core.package_identification:_identify(src/cvicenie_2) by extensions ['cmake', 'python']
[0.426s] Level 1:colcon.colcon_core.package_identification:_identify(src/cvicenie_2) by extension 'cmake'
[0.426s] Level 1:colcon.colcon_core.package_identification:_identify(src/cvicenie_2) by extension 'python'
[0.426s] Level 1:colcon.colcon_core.package_identification:_identify(src/cvicenie_2) by extensions ['python_setup_py']
[0.426s] Level 1:colcon.colcon_core.package_identification:_identify(src/cvicenie_2) by extension 'python_setup_py'
[0.427s] Level 1:colcon.colcon_core.package_identification:_identify(src/cvicenie_2/rrm_msgs) by extensions ['ignore', 'ignore_ament_install']
[0.427s] Level 1:colcon.colcon_core.package_identification:_identify(src/cvicenie_2/rrm_msgs) by extension 'ignore'
[0.427s] Level 1:colcon.colcon_core.package_identification:_identify(src/cvicenie_2/rrm_msgs) by extension 'ignore_ament_install'
[0.427s] Level 1:colcon.colcon_core.package_identification:_identify(src/cvicenie_2/rrm_msgs) by extensions ['colcon_pkg']
[0.427s] Level 1:colcon.colcon_core.package_identification:_identify(src/cvicenie_2/rrm_msgs) by extension 'colcon_pkg'
[0.427s] Level 1:colcon.colcon_core.package_identification:_identify(src/cvicenie_2/rrm_msgs) by extensions ['colcon_meta']
[0.427s] Level 1:colcon.colcon_core.package_identification:_identify(src/cvicenie_2/rrm_msgs) by extension 'colcon_meta'
[0.427s] Level 1:colcon.colcon_core.package_identification:_identify(src/cvicenie_2/rrm_msgs) by extensions ['ros']
[0.427s] Level 1:colcon.colcon_core.package_identification:_identify(src/cvicenie_2/rrm_msgs) by extension 'ros'
[0.428s] DEBUG:colcon.colcon_core.package_identification:Package 'src/cvicenie_2/rrm_msgs' with type 'ros.ament_cmake' and name 'rrm_msgs'
[0.429s] Level 1:colcon.colcon_core.package_identification:_identify(src/cvicenie_2/rrm_sim) by extensions ['ignore', 'ignore_ament_install']
[0.429s] Level 1:colcon.colcon_core.package_identification:_identify(src/cvicenie_2/rrm_sim) by extension 'ignore'
[0.429s] Level 1:colcon.colcon_core.package_identification:_identify(src/cvicenie_2/rrm_sim) by extension 'ignore_ament_install'
[0.429s] Level 1:colcon.colcon_core.package_identification:_identify(src/cvicenie_2/rrm_sim) by extensions ['colcon_pkg']
[0.429s] Level 1:colcon.colcon_core.package_identification:_identify(src/cvicenie_2/rrm_sim) by extension 'colcon_pkg'
[0.429s] Level 1:colcon.colcon_core.package_identification:_identify(src/cvicenie_2/rrm_sim) by extensions ['colcon_meta']
[0.429s] Level 1:colcon.colcon_core.package_identification:_identify(src/cvicenie_2/rrm_sim) by extension 'colcon_meta'
[0.429s] Level 1:colcon.colcon_core.package_identification:_identify(src/cvicenie_2/rrm_sim) by extensions ['ros']
[0.429s] Level 1:colcon.colcon_core.package_identification:_identify(src/cvicenie_2/rrm_sim) by extension 'ros'
[0.431s] DEBUG:colcon.colcon_core.package_identification:Package 'src/cvicenie_2/rrm_sim' with type 'ros.ament_cmake' and name 'rrm_sim'
[0.431s] Level 1:colcon.colcon_core.package_identification:_identify(src/cvicenie_2/rrm_simple_robot_model) by extensions ['ignore', 'ignore_ament_install']
[0.431s] Level 1:colcon.colcon_core.package_identification:_identify(src/cvicenie_2/rrm_simple_robot_model) by extension 'ignore'
[0.431s] Level 1:colcon.colcon_core.package_identification:_identify(src/cvicenie_2/rrm_simple_robot_model) by extension 'ignore_ament_install'
[0.431s] Level 1:colcon.colcon_core.package_identification:_identify(src/cvicenie_2/rrm_simple_robot_model) by extensions ['colcon_pkg']
[0.431s] Level 1:colcon.colcon_core.package_identification:_identify(src/cvicenie_2/rrm_simple_robot_model) by extension 'colcon_pkg'
[0.432s] Level 1:colcon.colcon_core.package_identification:_identify(src/cvicenie_2/rrm_simple_robot_model) by extensions ['colcon_meta']
[0.432s] Level 1:colcon.colcon_core.package_identification:_identify(src/cvicenie_2/rrm_simple_robot_model) by extension 'colcon_meta'
[0.432s] Level 1:colcon.colcon_core.package_identification:_identify(src/cvicenie_2/rrm_simple_robot_model) by extensions ['ros']
[0.432s] Level 1:colcon.colcon_core.package_identification:_identify(src/cvicenie_2/rrm_simple_robot_model) by extension 'ros'
[0.433s] DEBUG:colcon.colcon_core.package_identification:Package 'src/cvicenie_2/rrm_simple_robot_model' with type 'ros.ament_cmake' and name 'rrm_simple_robot_model'
[0.433s] Level 1:colcon.colcon_core.package_identification:_identify(src/kleman_interface) by extensions ['ignore', 'ignore_ament_install']
[0.433s] Level 1:colcon.colcon_core.package_identification:_identify(src/kleman_interface) by extension 'ignore'
[0.433s] Level 1:colcon.colcon_core.package_identification:_identify(src/kleman_interface) by extension 'ignore_ament_install'
[0.433s] Level 1:colcon.colcon_core.package_identification:_identify(src/kleman_interface) by extensions ['colcon_pkg']
[0.433s] Level 1:colcon.colcon_core.package_identification:_identify(src/kleman_interface) by extension 'colcon_pkg'
[0.433s] Level 1:colcon.colcon_core.package_identification:_identify(src/kleman_interface) by extensions ['colcon_meta']
[0.434s] Level 1:colcon.colcon_core.package_identification:_identify(src/kleman_interface) by extension 'colcon_meta'
[0.434s] Level 1:colcon.colcon_core.package_identification:_identify(src/kleman_interface) by extensions ['ros']
[0.434s] Level 1:colcon.colcon_core.package_identification:_identify(src/kleman_interface) by extension 'ros'
[0.435s] DEBUG:colcon.colcon_core.package_identification:Package 'src/kleman_interface' with type 'ros.ament_cmake' and name 'kleman_interface'
[0.435s] Level 1:colcon.colcon_core.package_identification:_identify(src/msg) by extensions ['ignore', 'ignore_ament_install']
[0.435s] Level 1:colcon.colcon_core.package_identification:_identify(src/msg) by extension 'ignore'
[0.435s] Level 1:colcon.colcon_core.package_identification:_identify(src/msg) by extension 'ignore_ament_install'
[0.435s] Level 1:colcon.colcon_core.package_identification:_identify(src/msg) by extensions ['colcon_pkg']
[0.435s] Level 1:colcon.colcon_core.package_identification:_identify(src/msg) by extension 'colcon_pkg'
[0.435s] Level 1:colcon.colcon_core.package_identification:_identify(src/msg) by extensions ['colcon_meta']
[0.435s] Level 1:colcon.colcon_core.package_identification:_identify(src/msg) by extension 'colcon_meta'
[0.436s] Level 1:colcon.colcon_core.package_identification:_identify(src/msg) by extensions ['ros']
[0.436s] Level 1:colcon.colcon_core.package_identification:_identify(src/msg) by extension 'ros'
[0.436s] Level 1:colcon.colcon_core.package_identification:_identify(src/msg) by extensions ['cmake', 'python']
[0.436s] Level 1:colcon.colcon_core.package_identification:_identify(src/msg) by extension 'cmake'
[0.436s] Level 1:colcon.colcon_core.package_identification:_identify(src/msg) by extension 'python'
[0.436s] Level 1:colcon.colcon_core.package_identification:_identify(src/msg) by extensions ['python_setup_py']
[0.436s] Level 1:colcon.colcon_core.package_identification:_identify(src/msg) by extension 'python_setup_py'
[0.436s] Level 1:colcon.colcon_core.package_identification:_identify(src/srv) by extensions ['ignore', 'ignore_ament_install']
[0.436s] Level 1:colcon.colcon_core.package_identification:_identify(src/srv) by extension 'ignore'
[0.436s] Level 1:colcon.colcon_core.package_identification:_identify(src/srv) by extension 'ignore_ament_install'
[0.437s] Level 1:colcon.colcon_core.package_identification:_identify(src/srv) by extensions ['colcon_pkg']
[0.437s] Level 1:colcon.colcon_core.package_identification:_identify(src/srv) by extension 'colcon_pkg'
[0.437s] Level 1:colcon.colcon_core.package_identification:_identify(src/srv) by extensions ['colcon_meta']
[0.437s] Level 1:colcon.colcon_core.package_identification:_identify(src/srv) by extension 'colcon_meta'
[0.437s] Level 1:colcon.colcon_core.package_identification:_identify(src/srv) by extensions ['ros']
[0.437s] Level 1:colcon.colcon_core.package_identification:_identify(src/srv) by extension 'ros'
[0.437s] Level 1:colcon.colcon_core.package_identification:_identify(src/srv) by extensions ['cmake', 'python']
[0.437s] Level 1:colcon.colcon_core.package_identification:_identify(src/srv) by extension 'cmake'
[0.437s] Level 1:colcon.colcon_core.package_identification:_identify(src/srv) by extension 'python'
[0.437s] Level 1:colcon.colcon_core.package_identification:_identify(src/srv) by extensions ['python_setup_py']
[0.437s] Level 1:colcon.colcon_core.package_identification:_identify(src/srv) by extension 'python_setup_py'
[0.438s] Level 1:colcon.colcon_core.package_identification:_identify(src/stl_modely) by extensions ['ignore', 'ignore_ament_install']
[0.438s] Level 1:colcon.colcon_core.package_identification:_identify(src/stl_modely) by extension 'ignore'
[0.438s] Level 1:colcon.colcon_core.package_identification:_identify(src/stl_modely) by extension 'ignore_ament_install'
[0.438s] Level 1:colcon.colcon_core.package_identification:_identify(src/stl_modely) by extensions ['colcon_pkg']
[0.438s] Level 1:colcon.colcon_core.package_identification:_identify(src/stl_modely) by extension 'colcon_pkg'
[0.438s] Level 1:colcon.colcon_core.package_identification:_identify(src/stl_modely) by extensions ['colcon_meta']
[0.438s] Level 1:colcon.colcon_core.package_identification:_identify(src/stl_modely) by extension 'colcon_meta'
[0.438s] Level 1:colcon.colcon_core.package_identification:_identify(src/stl_modely) by extensions ['ros']
[0.438s] Level 1:colcon.colcon_core.package_identification:_identify(src/stl_modely) by extension 'ros'
[0.438s] Level 1:colcon.colcon_core.package_identification:_identify(src/stl_modely) by extensions ['cmake', 'python']
[0.438s] Level 1:colcon.colcon_core.package_identification:_identify(src/stl_modely) by extension 'cmake'
[0.439s] Level 1:colcon.colcon_core.package_identification:_identify(src/stl_modely) by extension 'python'
[0.439s] Level 1:colcon.colcon_core.package_identification:_identify(src/stl_modely) by extensions ['python_setup_py']
[0.439s] Level 1:colcon.colcon_core.package_identification:_identify(src/stl_modely) by extension 'python_setup_py'
[0.439s] Level 1:colcon.colcon_core.package_discovery:discover_packages(recursive) using defaults
[0.439s] Level 1:colcon.colcon_core.package_discovery:discover_packages(ignore) discover
[0.439s] Level 1:colcon.colcon_core.package_discovery:discover_packages(ignore) using defaults
[0.439s] Level 1:colcon.colcon_core.package_discovery:discover_packages(path) discover
[0.439s] Level 1:colcon.colcon_core.package_discovery:discover_packages(path) using defaults
[0.482s] Level 1:colcon.colcon_core.package_discovery:discover_packages(prefix_path) check parameters
[0.483s] Level 1:colcon.colcon_core.package_discovery:discover_packages(prefix_path) discover
[0.487s] DEBUG:colcon.colcon_installed_package_information.package_discovery:Found 7 installed packages in /home/kllemo/ros2_ws/install
[0.489s] DEBUG:colcon.colcon_installed_package_information.package_discovery:Found 289 installed packages in /opt/ros/jazzy
[0.493s] Level 1:colcon.colcon_core.package_discovery:discover_packages(prefix_path) using defaults
[0.577s] Level 5:colcon.colcon_core.verb:set package 'abb_irb4600_ikfast' build argument 'cmake_args' from command line to 'None'
[0.577s] Level 5:colcon.colcon_core.verb:set package 'abb_irb4600_ikfast' build argument 'cmake_target' from command line to 'None'
[0.577s] Level 5:colcon.colcon_core.verb:set package 'abb_irb4600_ikfast' build argument 'cmake_target_skip_unavailable' from command line to 'False'
[0.577s] Level 5:colcon.colcon_core.verb:set package 'abb_irb4600_ikfast' build argument 'cmake_clean_cache' from command line to 'False'
[0.577s] Level 5:colcon.colcon_core.verb:set package 'abb_irb4600_ikfast' build argument 'cmake_clean_first' from command line to 'False'
[0.577s] Level 5:colcon.colcon_core.verb:set package 'abb_irb4600_ikfast' build argument 'cmake_force_configure' from command line to 'False'
[0.577s] Level 5:colcon.colcon_core.verb:set package 'abb_irb4600_ikfast' build argument 'ament_cmake_args' from command line to 'None'
[0.577s] Level 5:colcon.colcon_core.verb:set package 'abb_irb4600_ikfast' build argument 'catkin_cmake_args' from command line to 'None'
[0.577s] Level 5:colcon.colcon_core.verb:set package 'abb_irb4600_ikfast' build argument 'catkin_skip_building_tests' from command line to 'False'
[0.577s] DEBUG:colcon.colcon_core.verb:Building package 'abb_irb4600_ikfast' with the following arguments: {'ament_cmake_args': None, 'build_base': '/home/kllemo/ros2_ws/build/abb_irb4600_ikfast', 'catkin_cmake_args': None, 'catkin_skip_building_tests': False, 'cmake_args': None, 'cmake_clean_cache': False, 'cmake_clean_first': False, 'cmake_force_configure': False, 'cmake_target': None, 'cmake_target_skip_unavailable': False, 'install_base': '/home/kllemo/ros2_ws/install/abb_irb4600_ikfast', 'merge_install': False, 'path': '/home/kllemo/ros2_ws/src/abb_irb4600_ikfast', 'symlink_install': False, 'test_result_base': None}
[0.578s] Level 5:colcon.colcon_core.verb:set package 'abb_model' build argument 'cmake_args' from command line to 'None'
[0.578s] Level 5:colcon.colcon_core.verb:set package 'abb_model' build argument 'cmake_target' from command line to 'None'
[0.578s] Level 5:colcon.colcon_core.verb:set package 'abb_model' build argument 'cmake_target_skip_unavailable' from command line to 'False'
[0.578s] Level 5:colcon.colcon_core.verb:set package 'abb_model' build argument 'cmake_clean_cache' from command line to 'False'
[0.578s] Level 5:colcon.colcon_core.verb:set package 'abb_model' build argument 'cmake_clean_first' from command line to 'False'
[0.578s] Level 5:colcon.colcon_core.verb:set package 'abb_model' build argument 'cmake_force_configure' from command line to 'False'
[0.578s] Level 5:colcon.colcon_core.verb:set package 'abb_model' build argument 'ament_cmake_args' from command line to 'None'
[0.578s] Level 5:colcon.colcon_core.verb:set package 'abb_model' build argument 'catkin_cmake_args' from command line to 'None'
[0.578s] Level 5:colcon.colcon_core.verb:set package 'abb_model' build argument 'catkin_skip_building_tests' from command line to 'False'
[0.578s] DEBUG:colcon.colcon_core.verb:Building package 'abb_model' with the following arguments: {'ament_cmake_args': None, 'build_base': '/home/kllemo/ros2_ws/build/abb_model', 'catkin_cmake_args': None, 'catkin_skip_building_tests': False, 'cmake_args': None, 'cmake_clean_cache': False, 'cmake_clean_first': False, 'cmake_force_configure': False, 'cmake_target': None, 'cmake_target_skip_unavailable': False, 'install_base': '/home/kllemo/ros2_ws/install/abb_model', 'merge_install': False, 'path': '/home/kllemo/ros2_ws/src/abb_model', 'symlink_install': False, 'test_result_base': None}
[0.579s] Level 5:colcon.colcon_core.verb:set package 'kleman_interface' build argument 'cmake_args' from command line to 'None'
[0.579s] Level 5:colcon.colcon_core.verb:set package 'kleman_interface' build argument 'cmake_target' from command line to 'None'
[0.579s] Level 5:colcon.colcon_core.verb:set package 'kleman_interface' build argument 'cmake_target_skip_unavailable' from command line to 'False'
[0.579s] Level 5:colcon.colcon_core.verb:set package 'kleman_interface' build argument 'cmake_clean_cache' from command line to 'False'
[0.579s] Level 5:colcon.colcon_core.verb:set package 'kleman_interface' build argument 'cmake_clean_first' from command line to 'False'
[0.579s] Level 5:colcon.colcon_core.verb:set package 'kleman_interface' build argument 'cmake_force_configure' from command line to 'False'
[0.579s] Level 5:colcon.colcon_core.verb:set package 'kleman_interface' build argument 'ament_cmake_args' from command line to 'None'
[0.579s] Level 5:colcon.colcon_core.verb:set package 'kleman_interface' build argument 'catkin_cmake_args' from command line to 'None'
[0.579s] Level 5:colcon.colcon_core.verb:set package 'kleman_interface' build argument 'catkin_skip_building_tests' from command line to 'False'
[0.579s] DEBUG:colcon.colcon_core.verb:Building package 'kleman_interface' with the following arguments: {'ament_cmake_args': None, 'build_base': '/home/kllemo/ros2_ws/build/kleman_interface', 'catkin_cmake_args': None, 'catkin_skip_building_tests': False, 'cmake_args': None, 'cmake_clean_cache': False, 'cmake_clean_first': False, 'cmake_force_configure': False, 'cmake_target': None, 'cmake_target_skip_unavailable': False, 'install_base': '/home/kllemo/ros2_ws/install/kleman_interface', 'merge_install': False, 'path': '/home/kllemo/ros2_ws/src/kleman_interface', 'symlink_install': False, 'test_result_base': None}
[0.580s] Level 5:colcon.colcon_core.verb:set package 'rrm_msgs' build argument 'cmake_args' from command line to 'None'
[0.580s] Level 5:colcon.colcon_core.verb:set package 'rrm_msgs' build argument 'cmake_target' from command line to 'None'
[0.580s] Level 5:colcon.colcon_core.verb:set package 'rrm_msgs' build argument 'cmake_target_skip_unavailable' from command line to 'False'
[0.580s] Level 5:colcon.colcon_core.verb:set package 'rrm_msgs' build argument 'cmake_clean_cache' from command line to 'False'
[0.580s] Level 5:colcon.colcon_core.verb:set package 'rrm_msgs' build argument 'cmake_clean_first' from command line to 'False'
[0.580s] Level 5:colcon.colcon_core.verb:set package 'rrm_msgs' build argument 'cmake_force_configure' from command line to 'False'
[0.580s] Level 5:colcon.colcon_core.verb:set package 'rrm_msgs' build argument 'ament_cmake_args' from command line to 'None'
[0.580s] Level 5:colcon.colcon_core.verb:set package 'rrm_msgs' build argument 'catkin_cmake_args' from command line to 'None'
[0.580s] Level 5:colcon.colcon_core.verb:set package 'rrm_msgs' build argument 'catkin_skip_building_tests' from command line to 'False'
[0.580s] DEBUG:colcon.colcon_core.verb:Building package 'rrm_msgs' with the following arguments: {'ament_cmake_args': None, 'build_base': '/home/kllemo/ros2_ws/build/rrm_msgs', 'catkin_cmake_args': None, 'catkin_skip_building_tests': False, 'cmake_args': None, 'cmake_clean_cache': False, 'cmake_clean_first': False, 'cmake_force_configure': False, 'cmake_target': None, 'cmake_target_skip_unavailable': False, 'install_base': '/home/kllemo/ros2_ws/install/rrm_msgs', 'merge_install': False, 'path': '/home/kllemo/ros2_ws/src/cvicenie_2/rrm_msgs', 'symlink_install': False, 'test_result_base': None}
[0.580s] Level 5:colcon.colcon_core.verb:set package 'rrm_simple_robot_model' build argument 'cmake_args' from command line to 'None'
[0.580s] Level 5:colcon.colcon_core.verb:set package 'rrm_simple_robot_model' build argument 'cmake_target' from command line to 'None'
[0.580s] Level 5:colcon.colcon_core.verb:set package 'rrm_simple_robot_model' build argument 'cmake_target_skip_unavailable' from command line to 'False'
[0.581s] Level 5:colcon.colcon_core.verb:set package 'rrm_simple_robot_model' build argument 'cmake_clean_cache' from command line to 'False'
[0.581s] Level 5:colcon.colcon_core.verb:set package 'rrm_simple_robot_model' build argument 'cmake_clean_first' from command line to 'False'
[0.581s] Level 5:colcon.colcon_core.verb:set package 'rrm_simple_robot_model' build argument 'cmake_force_configure' from command line to 'False'
[0.581s] Level 5:colcon.colcon_core.verb:set package 'rrm_simple_robot_model' build argument 'ament_cmake_args' from command line to 'None'
[0.581s] Level 5:colcon.colcon_core.verb:set package 'rrm_simple_robot_model' build argument 'catkin_cmake_args' from command line to 'None'
[0.581s] Level 5:colcon.colcon_core.verb:set package 'rrm_simple_robot_model' build argument 'catkin_skip_building_tests' from command line to 'False'
[0.581s] DEBUG:colcon.colcon_core.verb:Building package 'rrm_simple_robot_model' with the following arguments: {'ament_cmake_args': None, 'build_base': '/home/kllemo/ros2_ws/build/rrm_simple_robot_model', 'catkin_cmake_args': None, 'catkin_skip_building_tests': False, 'cmake_args': None, 'cmake_clean_cache': False, 'cmake_clean_first': False, 'cmake_force_configure': False, 'cmake_target': None, 'cmake_target_skip_unavailable': False, 'install_base': '/home/kllemo/ros2_ws/install/rrm_simple_robot_model', 'merge_install': False, 'path': '/home/kllemo/ros2_ws/src/cvicenie_2/rrm_simple_robot_model', 'symlink_install': False, 'test_result_base': None}
[0.581s] Level 5:colcon.colcon_core.verb:set package 'block1_kleman' build argument 'cmake_args' from command line to 'None'
[0.581s] Level 5:colcon.colcon_core.verb:set package 'block1_kleman' build argument 'cmake_target' from command line to 'None'
[0.581s] Level 5:colcon.colcon_core.verb:set package 'block1_kleman' build argument 'cmake_target_skip_unavailable' from command line to 'False'
[0.581s] Level 5:colcon.colcon_core.verb:set package 'block1_kleman' build argument 'cmake_clean_cache' from command line to 'False'
[0.581s] Level 5:colcon.colcon_core.verb:set package 'block1_kleman' build argument 'cmake_clean_first' from command line to 'False'
[0.581s] Level 5:colcon.colcon_core.verb:set package 'block1_kleman' build argument 'cmake_force_configure' from command line to 'False'
[0.581s] Level 5:colcon.colcon_core.verb:set package 'block1_kleman' build argument 'ament_cmake_args' from command line to 'None'
[0.581s] Level 5:colcon.colcon_core.verb:set package 'block1_kleman' build argument 'catkin_cmake_args' from command line to 'None'
[0.582s] Level 5:colcon.colcon_core.verb:set package 'block1_kleman' build argument 'catkin_skip_building_tests' from command line to 'False'
[0.582s] DEBUG:colcon.colcon_core.verb:Building package 'block1_kleman' with the following arguments: {'ament_cmake_args': None, 'build_base': '/home/kllemo/ros2_ws/build/block1_kleman', 'catkin_cmake_args': None, 'catkin_skip_building_tests': False, 'cmake_args': None, 'cmake_clean_cache': False, 'cmake_clean_first': False, 'cmake_force_configure': False, 'cmake_target': None, 'cmake_target_skip_unavailable': False, 'install_base': '/home/kllemo/ros2_ws/install/block1_kleman', 'merge_install': False, 'path': '/home/kllemo/ros2_ws/src/block1_kleman', 'symlink_install': False, 'test_result_base': None}
[0.582s] Level 5:colcon.colcon_core.verb:set package 'rrm_sim' build argument 'cmake_args' from command line to 'None'
[0.582s] Level 5:colcon.colcon_core.verb:set package 'rrm_sim' build argument 'cmake_target' from command line to 'None'
[0.582s] Level 5:colcon.colcon_core.verb:set package 'rrm_sim' build argument 'cmake_target_skip_unavailable' from command line to 'False'
[0.582s] Level 5:colcon.colcon_core.verb:set package 'rrm_sim' build argument 'cmake_clean_cache' from command line to 'False'
[0.582s] Level 5:colcon.colcon_core.verb:set package 'rrm_sim' build argument 'cmake_clean_first' from command line to 'False'
[0.582s] Level 5:colcon.colcon_core.verb:set package 'rrm_sim' build argument 'cmake_force_configure' from command line to 'False'
[0.582s] Level 5:colcon.colcon_core.verb:set package 'rrm_sim' build argument 'ament_cmake_args' from command line to 'None'
[0.582s] Level 5:colcon.colcon_core.verb:set package 'rrm_sim' build argument 'catkin_cmake_args' from command line to 'None'
[0.583s] Level 5:colcon.colcon_core.verb:set package 'rrm_sim' build argument 'catkin_skip_building_tests' from command line to 'False'
[0.583s] DEBUG:colcon.colcon_core.verb:Building package 'rrm_sim' with the following arguments: {'ament_cmake_args': None, 'build_base': '/home/kllemo/ros2_ws/build/rrm_sim', 'catkin_cmake_args': None, 'catkin_skip_building_tests': False, 'cmake_args': None, 'cmake_clean_cache': False, 'cmake_clean_first': False, 'cmake_force_configure': False, 'cmake_target': None, 'cmake_target_skip_unavailable': False, 'install_base': '/home/kllemo/ros2_ws/install/rrm_sim', 'merge_install': False, 'path': '/home/kllemo/ros2_ws/src/cvicenie_2/rrm_sim', 'symlink_install': False, 'test_result_base': None}
[0.583s] INFO:colcon.colcon_core.executor:Executing jobs using 'parallel' executor
[0.585s] DEBUG:colcon.colcon_parallel_executor.executor.parallel:run_until_complete
[0.585s] INFO:colcon.colcon_ros.task.ament_cmake.build:Building ROS package in '/home/kllemo/ros2_ws/src/abb_irb4600_ikfast' with build type 'ament_cmake'
[0.585s] INFO:colcon.colcon_cmake.task.cmake.build:Building CMake package in '/home/kllemo/ros2_ws/src/abb_irb4600_ikfast'
[0.589s] INFO:colcon.colcon_core.plugin_system:Skipping extension 'colcon_core.shell.bat': Not used on non-Windows systems
[0.589s] INFO:colcon.colcon_core.shell:Skip shell extension 'powershell' for command environment: Not usable outside of PowerShell
[0.589s] DEBUG:colcon.colcon_core.shell:Skip shell extension 'dsv' for command environment
[0.596s] INFO:colcon.colcon_ros.task.ament_cmake.build:Building ROS package in '/home/kllemo/ros2_ws/src/abb_model' with build type 'ament_cmake'
[0.596s] INFO:colcon.colcon_cmake.task.cmake.build:Building CMake package in '/home/kllemo/ros2_ws/src/abb_model'
[0.597s] INFO:colcon.colcon_core.shell:Skip shell extension 'powershell' for command environment: Not usable outside of PowerShell
[0.597s] DEBUG:colcon.colcon_core.shell:Skip shell extension 'dsv' for command environment
[0.602s] INFO:colcon.colcon_ros.task.ament_cmake.build:Building ROS package in '/home/kllemo/ros2_ws/src/cvicenie_2/rrm_msgs' with build type 'ament_cmake'
[0.603s] INFO:colcon.colcon_cmake.task.cmake.build:Building CMake package in '/home/kllemo/ros2_ws/src/cvicenie_2/rrm_msgs'
[0.603s] INFO:colcon.colcon_core.shell:Skip shell extension 'powershell' for command environment: Not usable outside of PowerShell
[0.603s] DEBUG:colcon.colcon_core.shell:Skip shell extension 'dsv' for command environment
[0.609s] INFO:colcon.colcon_ros.task.ament_cmake.build:Building ROS package in '/home/kllemo/ros2_ws/src/kleman_interface' with build type 'ament_cmake'
[0.609s] INFO:colcon.colcon_cmake.task.cmake.build:Building CMake package in '/home/kllemo/ros2_ws/src/kleman_interface'
[0.610s] INFO:colcon.colcon_core.shell:Skip shell extension 'powershell' for command environment: Not usable outside of PowerShell
[0.610s] DEBUG:colcon.colcon_core.shell:Skip shell extension 'dsv' for command environment
[0.615s] INFO:colcon.colcon_ros.task.ament_cmake.build:Building ROS package in '/home/kllemo/ros2_ws/src/cvicenie_2/rrm_simple_robot_model' with build type 'ament_cmake'
[0.616s] INFO:colcon.colcon_cmake.task.cmake.build:Building CMake package in '/home/kllemo/ros2_ws/src/cvicenie_2/rrm_simple_robot_model'
[0.616s] INFO:colcon.colcon_core.shell:Skip shell extension 'powershell' for command environment: Not usable outside of PowerShell
[0.616s] DEBUG:colcon.colcon_core.shell:Skip shell extension 'dsv' for command environment
[0.630s] DEBUG:colcon.colcon_core.event_handler.log_command:Invoking command in '/home/kllemo/ros2_ws/build/abb_irb4600_ikfast': CMAKE_PREFIX_PATH=${CMAKE_PREFIX_PATH}:/opt/ros/jazzy DEBUGINFOD_URLS=https://debuginfod.ubuntu.com /usr/bin/cmake --build /home/kllemo/ros2_ws/build/abb_irb4600_ikfast -- -j16 -l16
[0.634s] DEBUG:colcon.colcon_core.event_handler.log_command:Invoking command in '/home/kllemo/ros2_ws/build/abb_model': CMAKE_PREFIX_PATH=${CMAKE_PREFIX_PATH}:/opt/ros/jazzy DEBUGINFOD_URLS=https://debuginfod.ubuntu.com /usr/bin/cmake --build /home/kllemo/ros2_ws/build/abb_model -- -j16 -l16
[0.637s] DEBUG:colcon.colcon_core.event_handler.log_command:Invoking command in '/home/kllemo/ros2_ws/build/rrm_msgs': CMAKE_PREFIX_PATH=${CMAKE_PREFIX_PATH}:/opt/ros/jazzy DEBUGINFOD_URLS=https://debuginfod.ubuntu.com /usr/bin/cmake --build /home/kllemo/ros2_ws/build/rrm_msgs -- -j16 -l16
[0.641s] DEBUG:colcon.colcon_core.event_handler.log_command:Invoking command in '/home/kllemo/ros2_ws/build/kleman_interface': CMAKE_PREFIX_PATH=${CMAKE_PREFIX_PATH}:/opt/ros/jazzy DEBUGINFOD_URLS=https://debuginfod.ubuntu.com /usr/bin/cmake --build /home/kllemo/ros2_ws/build/kleman_interface -- -j16 -l16
[0.652s] DEBUG:colcon.colcon_core.event_handler.log_command:Invoking command in '/home/kllemo/ros2_ws/build/rrm_simple_robot_model': CMAKE_PREFIX_PATH=${CMAKE_PREFIX_PATH}:/opt/ros/jazzy DEBUGINFOD_URLS=https://debuginfod.ubuntu.com /usr/bin/cmake --build /home/kllemo/ros2_ws/build/rrm_simple_robot_model -- -j16 -l16
[0.700s] DEBUG:colcon.colcon_core.event_handler.log_command:Invoked command in '/home/kllemo/ros2_ws/build/abb_model' returned '0': CMAKE_PREFIX_PATH=${CMAKE_PREFIX_PATH}:/opt/ros/jazzy DEBUGINFOD_URLS=https://debuginfod.ubuntu.com /usr/bin/cmake --build /home/kllemo/ros2_ws/build/abb_model -- -j16 -l16
[0.717s] DEBUG:colcon.colcon_core.event_handler.log_command:Invoking command in '/home/kllemo/ros2_ws/build/abb_model': CMAKE_PREFIX_PATH=${CMAKE_PREFIX_PATH}:/opt/ros/jazzy DEBUGINFOD_URLS=https://debuginfod.ubuntu.com /usr/bin/cmake --install /home/kllemo/ros2_ws/build/abb_model
[0.719s] DEBUG:colcon.colcon_core.event_handler.log_command:Invoked command in '/home/kllemo/ros2_ws/build/rrm_simple_robot_model' returned '0': CMAKE_PREFIX_PATH=${CMAKE_PREFIX_PATH}:/opt/ros/jazzy DEBUGINFOD_URLS=https://debuginfod.ubuntu.com /usr/bin/cmake --build /home/kllemo/ros2_ws/build/rrm_simple_robot_model -- -j16 -l16
[0.722s] DEBUG:colcon.colcon_core.event_handler.log_command:Invoking command in '/home/kllemo/ros2_ws/build/rrm_simple_robot_model': CMAKE_PREFIX_PATH=${CMAKE_PREFIX_PATH}:/opt/ros/jazzy DEBUGINFOD_URLS=https://debuginfod.ubuntu.com /usr/bin/cmake --install /home/kllemo/ros2_ws/build/rrm_simple_robot_model
[0.746s] DEBUG:colcon.colcon_core.event_handler.log_command:Invoked command in '/home/kllemo/ros2_ws/build/abb_irb4600_ikfast' returned '0': CMAKE_PREFIX_PATH=${CMAKE_PREFIX_PATH}:/opt/ros/jazzy DEBUGINFOD_URLS=https://debuginfod.ubuntu.com /usr/bin/cmake --build /home/kllemo/ros2_ws/build/abb_irb4600_ikfast -- -j16 -l16
[0.749s] DEBUG:colcon.colcon_core.event_handler.log_command:Invoking command in '/home/kllemo/ros2_ws/build/abb_irb4600_ikfast': CMAKE_PREFIX_PATH=${CMAKE_PREFIX_PATH}:/opt/ros/jazzy DEBUGINFOD_URLS=https://debuginfod.ubuntu.com /usr/bin/cmake --install /home/kllemo/ros2_ws/build/abb_irb4600_ikfast
[0.759s] Level 1:colcon.colcon_core.environment:create_environment_scripts_only(rrm_simple_robot_model)
[0.760s] DEBUG:colcon.colcon_core.event_handler.log_command:Invoked command in '/home/kllemo/ros2_ws/build/rrm_simple_robot_model' returned '0': CMAKE_PREFIX_PATH=${CMAKE_PREFIX_PATH}:/opt/ros/jazzy DEBUGINFOD_URLS=https://debuginfod.ubuntu.com /usr/bin/cmake --install /home/kllemo/ros2_ws/build/rrm_simple_robot_model
[0.773s] Level 1:colcon.colcon_core.environment:checking '/home/kllemo/ros2_ws/install/rrm_simple_robot_model' for CMake module files
[0.775s] Level 1:colcon.colcon_core.environment:checking '/home/kllemo/ros2_ws/install/rrm_simple_robot_model' for CMake config files
[0.776s] Level 1:colcon.colcon_core.shell:create_environment_hook('rrm_simple_robot_model', 'cmake_prefix_path')
[0.776s] INFO:colcon.colcon_core.shell:Creating environment hook '/home/kllemo/ros2_ws/install/rrm_simple_robot_model/share/rrm_simple_robot_model/hook/cmake_prefix_path.ps1'
[0.778s] INFO:colcon.colcon_core.shell:Creating environment descriptor '/home/kllemo/ros2_ws/install/rrm_simple_robot_model/share/rrm_simple_robot_model/hook/cmake_prefix_path.dsv'
[0.780s] INFO:colcon.colcon_core.shell:Creating environment hook '/home/kllemo/ros2_ws/install/rrm_simple_robot_model/share/rrm_simple_robot_model/hook/cmake_prefix_path.sh'
[0.782s] Level 1:colcon.colcon_core.environment:checking '/home/kllemo/ros2_ws/install/rrm_simple_robot_model/bin'
[0.783s] Level 1:colcon.colcon_core.environment:checking '/home/kllemo/ros2_ws/install/rrm_simple_robot_model/lib/pkgconfig/rrm_simple_robot_model.pc'
[0.783s] Level 1:colcon.colcon_core.environment:checking '/home/kllemo/ros2_ws/install/rrm_simple_robot_model/lib/python3.12/site-packages'
[0.784s] Level 1:colcon.colcon_core.environment:checking '/home/kllemo/ros2_ws/install/rrm_simple_robot_model/bin'
[0.786s] INFO:colcon.colcon_core.shell:Creating package script '/home/kllemo/ros2_ws/install/rrm_simple_robot_model/share/rrm_simple_robot_model/package.ps1'
[0.788s] INFO:colcon.colcon_core.shell:Creating package descriptor '/home/kllemo/ros2_ws/install/rrm_simple_robot_model/share/rrm_simple_robot_model/package.dsv'
[0.790s] INFO:colcon.colcon_core.shell:Creating package script '/home/kllemo/ros2_ws/install/rrm_simple_robot_model/share/rrm_simple_robot_model/package.sh'
[0.793s] INFO:colcon.colcon_core.shell:Creating package script '/home/kllemo/ros2_ws/install/rrm_simple_robot_model/share/rrm_simple_robot_model/package.bash'
[0.795s] INFO:colcon.colcon_core.shell:Creating package script '/home/kllemo/ros2_ws/install/rrm_simple_robot_model/share/rrm_simple_robot_model/package.zsh'
[0.796s] Level 1:colcon.colcon_core.environment:create_file_with_runtime_dependencies(/home/kllemo/ros2_ws/install/rrm_simple_robot_model/share/colcon-core/packages/rrm_simple_robot_model)
[0.799s] Level 1:colcon.colcon_core.environment:create_environment_scripts_only(rrm_simple_robot_model)
[0.800s] Level 1:colcon.colcon_core.environment:checking '/home/kllemo/ros2_ws/install/rrm_simple_robot_model' for CMake module files
[0.801s] Level 1:colcon.colcon_core.environment:checking '/home/kllemo/ros2_ws/install/rrm_simple_robot_model' for CMake config files
[0.802s] Level 1:colcon.colcon_core.shell:create_environment_hook('rrm_simple_robot_model', 'cmake_prefix_path')
[0.803s] INFO:colcon.colcon_core.shell:Creating environment hook '/home/kllemo/ros2_ws/install/rrm_simple_robot_model/share/rrm_simple_robot_model/hook/cmake_prefix_path.ps1'
[0.804s] INFO:colcon.colcon_core.shell:Creating environment descriptor '/home/kllemo/ros2_ws/install/rrm_simple_robot_model/share/rrm_simple_robot_model/hook/cmake_prefix_path.dsv'
[0.805s] INFO:colcon.colcon_core.shell:Creating environment hook '/home/kllemo/ros2_ws/install/rrm_simple_robot_model/share/rrm_simple_robot_model/hook/cmake_prefix_path.sh'
[0.806s] Level 1:colcon.colcon_core.environment:checking '/home/kllemo/ros2_ws/install/rrm_simple_robot_model/bin'
[0.806s] Level 1:colcon.colcon_core.environment:checking '/home/kllemo/ros2_ws/install/rrm_simple_robot_model/lib/pkgconfig/rrm_simple_robot_model.pc'
[0.807s] Level 1:colcon.colcon_core.environment:checking '/home/kllemo/ros2_ws/install/rrm_simple_robot_model/lib/python3.12/site-packages'
[0.808s] Level 1:colcon.colcon_core.environment:checking '/home/kllemo/ros2_ws/install/rrm_simple_robot_model/bin'
[0.809s] INFO:colcon.colcon_core.shell:Creating package script '/home/kllemo/ros2_ws/install/rrm_simple_robot_model/share/rrm_simple_robot_model/package.ps1'
[0.810s] INFO:colcon.colcon_core.shell:Creating package descriptor '/home/kllemo/ros2_ws/install/rrm_simple_robot_model/share/rrm_simple_robot_model/package.dsv'
[0.811s] INFO:colcon.colcon_core.shell:Creating package script '/home/kllemo/ros2_ws/install/rrm_simple_robot_model/share/rrm_simple_robot_model/package.sh'
[0.812s] INFO:colcon.colcon_core.shell:Creating package script '/home/kllemo/ros2_ws/install/rrm_simple_robot_model/share/rrm_simple_robot_model/package.bash'
[0.813s] INFO:colcon.colcon_core.shell:Creating package script '/home/kllemo/ros2_ws/install/rrm_simple_robot_model/share/rrm_simple_robot_model/package.zsh'
[0.815s] Level 1:colcon.colcon_core.environment:create_file_with_runtime_dependencies(/home/kllemo/ros2_ws/install/rrm_simple_robot_model/share/colcon-core/packages/rrm_simple_robot_model)
[0.819s] Level 1:colcon.colcon_core.environment:create_environment_scripts_only(abb_irb4600_ikfast)
[0.820s] Level 1:colcon.colcon_core.environment:checking '/home/kllemo/ros2_ws/install/abb_irb4600_ikfast' for CMake module files
[0.822s] DEBUG:colcon.colcon_core.event_handler.log_command:Invoked command in '/home/kllemo/ros2_ws/build/abb_irb4600_ikfast' returned '0': CMAKE_PREFIX_PATH=${CMAKE_PREFIX_PATH}:/opt/ros/jazzy DEBUGINFOD_URLS=https://debuginfod.ubuntu.com /usr/bin/cmake --install /home/kllemo/ros2_ws/build/abb_irb4600_ikfast
[0.824s] Level 1:colcon.colcon_core.environment:checking '/home/kllemo/ros2_ws/install/abb_irb4600_ikfast' for CMake config files
[0.825s] Level 1:colcon.colcon_core.shell:create_environment_hook('abb_irb4600_ikfast', 'cmake_prefix_path')
[0.826s] INFO:colcon.colcon_core.shell:Creating environment hook '/home/kllemo/ros2_ws/install/abb_irb4600_ikfast/share/abb_irb4600_ikfast/hook/cmake_prefix_path.ps1'
[0.827s] INFO:colcon.colcon_core.shell:Creating environment descriptor '/home/kllemo/ros2_ws/install/abb_irb4600_ikfast/share/abb_irb4600_ikfast/hook/cmake_prefix_path.dsv'
[0.829s] INFO:colcon.colcon_core.shell:Creating environment hook '/home/kllemo/ros2_ws/install/abb_irb4600_ikfast/share/abb_irb4600_ikfast/hook/cmake_prefix_path.sh'
[0.830s] Level 1:colcon.colcon_core.environment:checking '/home/kllemo/ros2_ws/install/abb_irb4600_ikfast/lib'
[0.831s] Level 1:colcon.colcon_core.environment:checking '/home/kllemo/ros2_ws/install/abb_irb4600_ikfast/bin'
[0.831s] Level 1:colcon.colcon_core.environment:checking '/home/kllemo/ros2_ws/install/abb_irb4600_ikfast/lib/pkgconfig/abb_irb4600_ikfast.pc'
[0.832s] Level 1:colcon.colcon_core.environment:checking '/home/kllemo/ros2_ws/install/abb_irb4600_ikfast/lib/python3.12/site-packages'
[0.833s] Level 1:colcon.colcon_core.environment:checking '/home/kllemo/ros2_ws/install/abb_irb4600_ikfast/bin'
[0.834s] INFO:colcon.colcon_core.shell:Creating package script '/home/kllemo/ros2_ws/install/abb_irb4600_ikfast/share/abb_irb4600_ikfast/package.ps1'
[0.836s] INFO:colcon.colcon_core.shell:Creating package descriptor '/home/kllemo/ros2_ws/install/abb_irb4600_ikfast/share/abb_irb4600_ikfast/package.dsv'
[0.837s] INFO:colcon.colcon_core.shell:Creating package script '/home/kllemo/ros2_ws/install/abb_irb4600_ikfast/share/abb_irb4600_ikfast/package.sh'
[0.839s] INFO:colcon.colcon_core.shell:Creating package script '/home/kllemo/ros2_ws/install/abb_irb4600_ikfast/share/abb_irb4600_ikfast/package.bash'
[0.840s] INFO:colcon.colcon_core.shell:Creating package script '/home/kllemo/ros2_ws/install/abb_irb4600_ikfast/share/abb_irb4600_ikfast/package.zsh'
[0.840s] Level 1:colcon.colcon_core.environment:create_file_with_runtime_dependencies(/home/kllemo/ros2_ws/install/abb_irb4600_ikfast/share/colcon-core/packages/abb_irb4600_ikfast)
[0.842s] Level 1:colcon.colcon_core.environment:create_environment_scripts_only(abb_irb4600_ikfast)
[0.843s] Level 1:colcon.colcon_core.environment:checking '/home/kllemo/ros2_ws/install/abb_irb4600_ikfast' for CMake module files
[0.844s] Level 1:colcon.colcon_core.environment:checking '/home/kllemo/ros2_ws/install/abb_irb4600_ikfast' for CMake config files
[0.844s] Level 1:colcon.colcon_core.shell:create_environment_hook('abb_irb4600_ikfast', 'cmake_prefix_path')
[0.844s] INFO:colcon.colcon_core.shell:Creating environment hook '/home/kllemo/ros2_ws/install/abb_irb4600_ikfast/share/abb_irb4600_ikfast/hook/cmake_prefix_path.ps1'
[0.845s] INFO:colcon.colcon_core.shell:Creating environment descriptor '/home/kllemo/ros2_ws/install/abb_irb4600_ikfast/share/abb_irb4600_ikfast/hook/cmake_prefix_path.dsv'
[0.846s] INFO:colcon.colcon_core.shell:Creating environment hook '/home/kllemo/ros2_ws/install/abb_irb4600_ikfast/share/abb_irb4600_ikfast/hook/cmake_prefix_path.sh'
[0.847s] Level 1:colcon.colcon_core.environment:checking '/home/kllemo/ros2_ws/install/abb_irb4600_ikfast/lib'
[0.847s] Level 1:colcon.colcon_core.environment:checking '/home/kllemo/ros2_ws/install/abb_irb4600_ikfast/bin'
[0.847s] Level 1:colcon.colcon_core.environment:checking '/home/kllemo/ros2_ws/install/abb_irb4600_ikfast/lib/pkgconfig/abb_irb4600_ikfast.pc'
[0.848s] Level 1:colcon.colcon_core.environment:checking '/home/kllemo/ros2_ws/install/abb_irb4600_ikfast/lib/python3.12/site-packages'
[0.849s] Level 1:colcon.colcon_core.environment:checking '/home/kllemo/ros2_ws/install/abb_irb4600_ikfast/bin'
[0.850s] INFO:colcon.colcon_core.shell:Creating package script '/home/kllemo/ros2_ws/install/abb_irb4600_ikfast/share/abb_irb4600_ikfast/package.ps1'
[0.851s] INFO:colcon.colcon_core.shell:Creating package descriptor '/home/kllemo/ros2_ws/install/abb_irb4600_ikfast/share/abb_irb4600_ikfast/package.dsv'
[0.851s] INFO:colcon.colcon_core.shell:Creating package script '/home/kllemo/ros2_ws/install/abb_irb4600_ikfast/share/abb_irb4600_ikfast/package.sh'
[0.852s] INFO:colcon.colcon_core.shell:Creating package script '/home/kllemo/ros2_ws/install/abb_irb4600_ikfast/share/abb_irb4600_ikfast/package.bash'
[0.853s] INFO:colcon.colcon_core.shell:Creating package script '/home/kllemo/ros2_ws/install/abb_irb4600_ikfast/share/abb_irb4600_ikfast/package.zsh'
[0.854s] Level 1:colcon.colcon_core.environment:create_file_with_runtime_dependencies(/home/kllemo/ros2_ws/install/abb_irb4600_ikfast/share/colcon-core/packages/abb_irb4600_ikfast)
[0.854s] Level 1:colcon.colcon_core.environment:create_environment_scripts_only(abb_model)
[0.855s] Level 1:colcon.colcon_core.environment:checking '/home/kllemo/ros2_ws/install/abb_model' for CMake module files
[0.857s] DEBUG:colcon.colcon_core.event_handler.log_command:Invoked command in '/home/kllemo/ros2_ws/build/abb_model' returned '0': CMAKE_PREFIX_PATH=${CMAKE_PREFIX_PATH}:/opt/ros/jazzy DEBUGINFOD_URLS=https://debuginfod.ubuntu.com /usr/bin/cmake --install /home/kllemo/ros2_ws/build/abb_model
[0.857s] Level 1:colcon.colcon_core.environment:checking '/home/kllemo/ros2_ws/install/abb_model' for CMake config files
[0.858s] Level 1:colcon.colcon_core.shell:create_environment_hook('abb_model', 'cmake_prefix_path')
[0.858s] INFO:colcon.colcon_core.shell:Creating environment hook '/home/kllemo/ros2_ws/install/abb_model/share/abb_model/hook/cmake_prefix_path.ps1'
[0.859s] INFO:colcon.colcon_core.shell:Creating environment descriptor '/home/kllemo/ros2_ws/install/abb_model/share/abb_model/hook/cmake_prefix_path.dsv'
[0.859s] INFO:colcon.colcon_core.shell:Creating environment hook '/home/kllemo/ros2_ws/install/abb_model/share/abb_model/hook/cmake_prefix_path.sh'
[0.860s] Level 1:colcon.colcon_core.environment:checking '/home/kllemo/ros2_ws/install/abb_model/bin'
[0.861s] Level 1:colcon.colcon_core.environment:checking '/home/kllemo/ros2_ws/install/abb_model/lib/pkgconfig/abb_model.pc'
[0.861s] Level 1:colcon.colcon_core.environment:checking '/home/kllemo/ros2_ws/install/abb_model/lib/python3.12/site-packages'
[0.862s] Level 1:colcon.colcon_core.environment:checking '/home/kllemo/ros2_ws/install/abb_model/bin'
[0.862s] INFO:colcon.colcon_core.shell:Creating package script '/home/kllemo/ros2_ws/install/abb_model/share/abb_model/package.ps1'
[0.863s] INFO:colcon.colcon_core.shell:Creating package descriptor '/home/kllemo/ros2_ws/install/abb_model/share/abb_model/package.dsv'
[0.864s] INFO:colcon.colcon_core.shell:Creating package script '/home/kllemo/ros2_ws/install/abb_model/share/abb_model/package.sh'
[0.865s] INFO:colcon.colcon_core.shell:Creating package script '/home/kllemo/ros2_ws/install/abb_model/share/abb_model/package.bash'
[0.865s] INFO:colcon.colcon_core.shell:Creating package script '/home/kllemo/ros2_ws/install/abb_model/share/abb_model/package.zsh'
[0.866s] Level 1:colcon.colcon_core.environment:create_file_with_runtime_dependencies(/home/kllemo/ros2_ws/install/abb_model/share/colcon-core/packages/abb_model)
[0.867s] Level 1:colcon.colcon_core.environment:create_environment_scripts_only(abb_model)
[0.867s] Level 1:colcon.colcon_core.environment:checking '/home/kllemo/ros2_ws/install/abb_model' for CMake module files
[0.868s] Level 1:colcon.colcon_core.environment:checking '/home/kllemo/ros2_ws/install/abb_model' for CMake config files
[0.869s] Level 1:colcon.colcon_core.shell:create_environment_hook('abb_model', 'cmake_prefix_path')
[0.869s] INFO:colcon.colcon_core.shell:Creating environment hook '/home/kllemo/ros2_ws/install/abb_model/share/abb_model/hook/cmake_prefix_path.ps1'
[0.870s] INFO:colcon.colcon_core.shell:Creating environment descriptor '/home/kllemo/ros2_ws/install/abb_model/share/abb_model/hook/cmake_prefix_path.dsv'
[0.870s] INFO:colcon.colcon_core.shell:Creating environment hook '/home/kllemo/ros2_ws/install/abb_model/share/abb_model/hook/cmake_prefix_path.sh'
[0.871s] Level 1:colcon.colcon_core.environment:checking '/home/kllemo/ros2_ws/install/abb_model/bin'
[0.872s] Level 1:colcon.colcon_core.environment:checking '/home/kllemo/ros2_ws/install/abb_model/lib/pkgconfig/abb_model.pc'
[0.872s] Level 1:colcon.colcon_core.environment:checking '/home/kllemo/ros2_ws/install/abb_model/lib/python3.12/site-packages'
[0.873s] Level 1:colcon.colcon_core.environment:checking '/home/kllemo/ros2_ws/install/abb_model/bin'
[0.873s] INFO:colcon.colcon_core.shell:Creating package script '/home/kllemo/ros2_ws/install/abb_model/share/abb_model/package.ps1'
[0.874s] INFO:colcon.colcon_core.shell:Creating package descriptor '/home/kllemo/ros2_ws/install/abb_model/share/abb_model/package.dsv'
[0.875s] INFO:colcon.colcon_core.shell:Creating package script '/home/kllemo/ros2_ws/install/abb_model/share/abb_model/package.sh'
[0.876s] INFO:colcon.colcon_core.shell:Creating package script '/home/kllemo/ros2_ws/install/abb_model/share/abb_model/package.bash'
[0.877s] INFO:colcon.colcon_core.shell:Creating package script '/home/kllemo/ros2_ws/install/abb_model/share/abb_model/package.zsh'
[0.878s] Level 1:colcon.colcon_core.environment:create_file_with_runtime_dependencies(/home/kllemo/ros2_ws/install/abb_model/share/colcon-core/packages/abb_model)
[0.879s] INFO:colcon.colcon_ros.task.ament_cmake.build:Building ROS package in '/home/kllemo/ros2_ws/src/block1_kleman' with build type 'ament_cmake'
[0.879s] INFO:colcon.colcon_cmake.task.cmake.build:Building CMake package in '/home/kllemo/ros2_ws/src/block1_kleman'
[0.880s] INFO:colcon.colcon_core.shell:Skip shell extension 'powershell' for command environment: Not usable outside of PowerShell
[0.880s] DEBUG:colcon.colcon_core.shell:Skip shell extension 'dsv' for command environment
[0.903s] DEBUG:colcon.colcon_core.event_handler.log_command:Invoking command in '/home/kllemo/ros2_ws/build/block1_kleman': CMAKE_PREFIX_PATH=/home/kllemo/ros2_ws/install/abb_model:/home/kllemo/ros2_ws/install/abb_irb4600_ikfast:/home/kllemo/ros2_ws/install/rrm_simple_robot_model:/home/kllemo/ros2_ws/install/rrm_sim:/home/kllemo/ros2_ws/install/rrm_msgs:/home/kllemo/ros2_ws/install/kleman_interface:/home/kllemo/ros2_ws/install/block1_kleman:/opt/ros/jazzy/opt/gz_math_vendor:/opt/ros/jazzy/opt/gz_utils_vendor:/opt/ros/jazzy/opt/gz_cmake_vendor:/opt/ros/jazzy DEBUGINFOD_URLS=https://debuginfod.ubuntu.com /usr/bin/cmake --build /home/kllemo/ros2_ws/build/block1_kleman -- -j16 -l16
[1.442s] DEBUG:colcon.colcon_core.event_handler.log_command:Invoked command in '/home/kllemo/ros2_ws/build/rrm_msgs' returned '0': CMAKE_PREFIX_PATH=${CMAKE_PREFIX_PATH}:/opt/ros/jazzy DEBUGINFOD_URLS=https://debuginfod.ubuntu.com /usr/bin/cmake --build /home/kllemo/ros2_ws/build/rrm_msgs -- -j16 -l16
[1.444s] DEBUG:colcon.colcon_core.event_handler.log_command:Invoking command in '/home/kllemo/ros2_ws/build/rrm_msgs': CMAKE_PREFIX_PATH=${CMAKE_PREFIX_PATH}:/opt/ros/jazzy DEBUGINFOD_URLS=https://debuginfod.ubuntu.com /usr/bin/cmake --install /home/kllemo/ros2_ws/build/rrm_msgs
[1.446s] DEBUG:colcon.colcon_core.event_handler.log_command:Invoked command in '/home/kllemo/ros2_ws/build/kleman_interface' returned '0': CMAKE_PREFIX_PATH=${CMAKE_PREFIX_PATH}:/opt/ros/jazzy DEBUGINFOD_URLS=https://debuginfod.ubuntu.com /usr/bin/cmake --build /home/kllemo/ros2_ws/build/kleman_interface -- -j16 -l16
[1.448s] DEBUG:colcon.colcon_core.event_handler.log_command:Invoking command in '/home/kllemo/ros2_ws/build/kleman_interface': CMAKE_PREFIX_PATH=${CMAKE_PREFIX_PATH}:/opt/ros/jazzy DEBUGINFOD_URLS=https://debuginfod.ubuntu.com /usr/bin/cmake --install /home/kllemo/ros2_ws/build/kleman_interface
[1.613s] Level 1:colcon.colcon_core.environment:create_environment_scripts_only(rrm_msgs)
[1.613s] Level 1:colcon.colcon_core.environment:checking '/home/kllemo/ros2_ws/install/rrm_msgs' for CMake module files
[1.614s] DEBUG:colcon.colcon_core.event_handler.log_command:Invoked command in '/home/kllemo/ros2_ws/build/rrm_msgs' returned '0': CMAKE_PREFIX_PATH=${CMAKE_PREFIX_PATH}:/opt/ros/jazzy DEBUGINFOD_URLS=https://debuginfod.ubuntu.com /usr/bin/cmake --install /home/kllemo/ros2_ws/build/rrm_msgs
[1.615s] Level 1:colcon.colcon_core.environment:checking '/home/kllemo/ros2_ws/install/rrm_msgs' for CMake config files
[1.616s] Level 1:colcon.colcon_core.shell:create_environment_hook('rrm_msgs', 'cmake_prefix_path')
[1.616s] INFO:colcon.colcon_core.shell:Creating environment hook '/home/kllemo/ros2_ws/install/rrm_msgs/share/rrm_msgs/hook/cmake_prefix_path.ps1'
[1.617s] INFO:colcon.colcon_core.shell:Creating environment descriptor '/home/kllemo/ros2_ws/install/rrm_msgs/share/rrm_msgs/hook/cmake_prefix_path.dsv'
[1.619s] INFO:colcon.colcon_core.shell:Creating environment hook '/home/kllemo/ros2_ws/install/rrm_msgs/share/rrm_msgs/hook/cmake_prefix_path.sh'
[1.623s] Level 1:colcon.colcon_core.environment:checking '/home/kllemo/ros2_ws/install/rrm_msgs/lib'
[1.623s] Level 1:colcon.colcon_core.shell:create_environment_hook('rrm_msgs', 'ld_library_path_lib')
[1.623s] INFO:colcon.colcon_core.shell:Creating environment hook '/home/kllemo/ros2_ws/install/rrm_msgs/share/rrm_msgs/hook/ld_library_path_lib.ps1'
[1.624s] INFO:colcon.colcon_core.shell:Creating environment descriptor '/home/kllemo/ros2_ws/install/rrm_msgs/share/rrm_msgs/hook/ld_library_path_lib.dsv'
[1.625s] INFO:colcon.colcon_core.shell:Creating environment hook '/home/kllemo/ros2_ws/install/rrm_msgs/share/rrm_msgs/hook/ld_library_path_lib.sh'
[1.626s] Level 1:colcon.colcon_core.environment:checking '/home/kllemo/ros2_ws/install/rrm_msgs/bin'
[1.626s] Level 1:colcon.colcon_core.environment:checking '/home/kllemo/ros2_ws/install/rrm_msgs/lib/pkgconfig/rrm_msgs.pc'
[1.626s] Level 1:colcon.colcon_core.environment:checking '/home/kllemo/ros2_ws/install/rrm_msgs/lib/python3.12/site-packages'
[1.626s] Level 1:colcon.colcon_core.shell:create_environment_hook('rrm_msgs', 'pythonpath')
[1.627s] INFO:colcon.colcon_core.shell:Creating environment hook '/home/kllemo/ros2_ws/install/rrm_msgs/share/rrm_msgs/hook/pythonpath.ps1'
[1.628s] INFO:colcon.colcon_core.shell:Creating environment descriptor '/home/kllemo/ros2_ws/install/rrm_msgs/share/rrm_msgs/hook/pythonpath.dsv'
[1.628s] INFO:colcon.colcon_core.shell:Creating environment hook '/home/kllemo/ros2_ws/install/rrm_msgs/share/rrm_msgs/hook/pythonpath.sh'
[1.629s] Level 1:colcon.colcon_core.environment:checking '/home/kllemo/ros2_ws/install/rrm_msgs/bin'
[1.630s] INFO:colcon.colcon_core.shell:Creating package script '/home/kllemo/ros2_ws/install/rrm_msgs/share/rrm_msgs/package.ps1'
[1.631s] INFO:colcon.colcon_core.shell:Creating package descriptor '/home/kllemo/ros2_ws/install/rrm_msgs/share/rrm_msgs/package.dsv'
[1.632s] INFO:colcon.colcon_core.shell:Creating package script '/home/kllemo/ros2_ws/install/rrm_msgs/share/rrm_msgs/package.sh'
[1.633s] INFO:colcon.colcon_core.shell:Creating package script '/home/kllemo/ros2_ws/install/rrm_msgs/share/rrm_msgs/package.bash'
[1.634s] INFO:colcon.colcon_core.shell:Creating package script '/home/kllemo/ros2_ws/install/rrm_msgs/share/rrm_msgs/package.zsh'
[1.634s] Level 1:colcon.colcon_core.environment:create_file_with_runtime_dependencies(/home/kllemo/ros2_ws/install/rrm_msgs/share/colcon-core/packages/rrm_msgs)
[1.635s] Level 1:colcon.colcon_core.environment:create_environment_scripts_only(rrm_msgs)
[1.636s] Level 1:colcon.colcon_core.environment:checking '/home/kllemo/ros2_ws/install/rrm_msgs' for CMake module files
[1.637s] Level 1:colcon.colcon_core.environment:checking '/home/kllemo/ros2_ws/install/rrm_msgs' for CMake config files
[1.638s] Level 1:colcon.colcon_core.shell:create_environment_hook('rrm_msgs', 'cmake_prefix_path')
[1.638s] INFO:colcon.colcon_core.shell:Creating environment hook '/home/kllemo/ros2_ws/install/rrm_msgs/share/rrm_msgs/hook/cmake_prefix_path.ps1'
[1.639s] INFO:colcon.colcon_core.shell:Creating environment descriptor '/home/kllemo/ros2_ws/install/rrm_msgs/share/rrm_msgs/hook/cmake_prefix_path.dsv'
[1.639s] INFO:colcon.colcon_core.shell:Creating environment hook '/home/kllemo/ros2_ws/install/rrm_msgs/share/rrm_msgs/hook/cmake_prefix_path.sh'
[1.641s] Level 1:colcon.colcon_core.environment:checking '/home/kllemo/ros2_ws/install/rrm_msgs/lib'
[1.641s] Level 1:colcon.colcon_core.shell:create_environment_hook('rrm_msgs', 'ld_library_path_lib')
[1.641s] INFO:colcon.colcon_core.shell:Creating environment hook '/home/kllemo/ros2_ws/install/rrm_msgs/share/rrm_msgs/hook/ld_library_path_lib.ps1'
[1.642s] INFO:colcon.colcon_core.shell:Creating environment descriptor '/home/kllemo/ros2_ws/install/rrm_msgs/share/rrm_msgs/hook/ld_library_path_lib.dsv'
[1.642s] INFO:colcon.colcon_core.shell:Creating environment hook '/home/kllemo/ros2_ws/install/rrm_msgs/share/rrm_msgs/hook/ld_library_path_lib.sh'
[1.643s] Level 1:colcon.colcon_core.environment:checking '/home/kllemo/ros2_ws/install/rrm_msgs/bin'
[1.643s] Level 1:colcon.colcon_core.environment:checking '/home/kllemo/ros2_ws/install/rrm_msgs/lib/pkgconfig/rrm_msgs.pc'
[1.644s] Level 1:colcon.colcon_core.environment:checking '/home/kllemo/ros2_ws/install/rrm_msgs/lib/python3.12/site-packages'
[1.644s] Level 1:colcon.colcon_core.shell:create_environment_hook('rrm_msgs', 'pythonpath')
[1.644s] INFO:colcon.colcon_core.shell:Creating environment hook '/home/kllemo/ros2_ws/install/rrm_msgs/share/rrm_msgs/hook/pythonpath.ps1'
[1.645s] INFO:colcon.colcon_core.shell:Creating environment descriptor '/home/kllemo/ros2_ws/install/rrm_msgs/share/rrm_msgs/hook/pythonpath.dsv'
[1.645s] INFO:colcon.colcon_core.shell:Creating environment hook '/home/kllemo/ros2_ws/install/rrm_msgs/share/rrm_msgs/hook/pythonpath.sh'
[1.647s] Level 1:colcon.colcon_core.environment:checking '/home/kllemo/ros2_ws/install/rrm_msgs/bin'
[1.647s] INFO:colcon.colcon_core.shell:Creating package script '/home/kllemo/ros2_ws/install/rrm_msgs/share/rrm_msgs/package.ps1'
[1.649s] INFO:colcon.colcon_core.shell:Creating package descriptor '/home/kllemo/ros2_ws/install/rrm_msgs/share/rrm_msgs/package.dsv'
[1.650s] INFO:colcon.colcon_core.shell:Creating package script '/home/kllemo/ros2_ws/install/rrm_msgs/share/rrm_msgs/package.sh'
[1.651s] INFO:colcon.colcon_core.shell:Creating package script '/home/kllemo/ros2_ws/install/rrm_msgs/share/rrm_msgs/package.bash'
[1.651s] INFO:colcon.colcon_core.shell:Creating package script '/home/kllemo/ros2_ws/install/rrm_msgs/share/rrm_msgs/package.zsh'
[1.652s] Level 1:colcon.colcon_core.environment:create_file_with_runtime_dependencies(/home/kllemo/ros2_ws/install/rrm_msgs/share/colcon-core/packages/rrm_msgs)
[1.653s] INFO:colcon.colcon_ros.task.ament_cmake.build:Building ROS package in '/home/kllemo/ros2_ws/src/cvicenie_2/rrm_sim' with build type 'ament_cmake'
[1.653s] INFO:colcon.colcon_cmake.task.cmake.build:Building CMake package in '/home/kllemo/ros2_ws/src/cvicenie_2/rrm_sim'
[1.653s] INFO:colcon.colcon_core.shell:Skip shell extension 'powershell' for command environment: Not usable outside of PowerShell
[1.653s] DEBUG:colcon.colcon_core.shell:Skip shell extension 'dsv' for command environment
[1.663s] Level 1:colcon.colcon_core.environment:create_environment_scripts_only(kleman_interface)
[1.663s] Level 1:colcon.colcon_core.environment:checking '/home/kllemo/ros2_ws/install/kleman_interface' for CMake module files
[1.664s] DEBUG:colcon.colcon_core.event_handler.log_command:Invoked command in '/home/kllemo/ros2_ws/build/kleman_interface' returned '0': CMAKE_PREFIX_PATH=${CMAKE_PREFIX_PATH}:/opt/ros/jazzy DEBUGINFOD_URLS=https://debuginfod.ubuntu.com /usr/bin/cmake --install /home/kllemo/ros2_ws/build/kleman_interface
[1.666s] Level 1:colcon.colcon_core.environment:checking '/home/kllemo/ros2_ws/install/kleman_interface' for CMake config files
[1.666s] Level 1:colcon.colcon_core.shell:create_environment_hook('kleman_interface', 'cmake_prefix_path')
[1.666s] INFO:colcon.colcon_core.shell:Creating environment hook '/home/kllemo/ros2_ws/install/kleman_interface/share/kleman_interface/hook/cmake_prefix_path.ps1'
[1.667s] INFO:colcon.colcon_core.shell:Creating environment descriptor '/home/kllemo/ros2_ws/install/kleman_interface/share/kleman_interface/hook/cmake_prefix_path.dsv'
[1.668s] INFO:colcon.colcon_core.shell:Creating environment hook '/home/kllemo/ros2_ws/install/kleman_interface/share/kleman_interface/hook/cmake_prefix_path.sh'
[1.669s] Level 1:colcon.colcon_core.environment:checking '/home/kllemo/ros2_ws/install/kleman_interface/lib'
[1.669s] Level 1:colcon.colcon_core.shell:create_environment_hook('kleman_interface', 'ld_library_path_lib')
[1.669s] INFO:colcon.colcon_core.shell:Creating environment hook '/home/kllemo/ros2_ws/install/kleman_interface/share/kleman_interface/hook/ld_library_path_lib.ps1'
[1.670s] INFO:colcon.colcon_core.shell:Creating environment descriptor '/home/kllemo/ros2_ws/install/kleman_interface/share/kleman_interface/hook/ld_library_path_lib.dsv'
[1.671s] INFO:colcon.colcon_core.shell:Creating environment hook '/home/kllemo/ros2_ws/install/kleman_interface/share/kleman_interface/hook/ld_library_path_lib.sh'
[1.671s] Level 1:colcon.colcon_core.environment:checking '/home/kllemo/ros2_ws/install/kleman_interface/bin'
[1.672s] Level 1:colcon.colcon_core.environment:checking '/home/kllemo/ros2_ws/install/kleman_interface/lib/pkgconfig/kleman_interface.pc'
[1.672s] Level 1:colcon.colcon_core.environment:checking '/home/kllemo/ros2_ws/install/kleman_interface/lib/python3.12/site-packages'
[1.672s] Level 1:colcon.colcon_core.shell:create_environment_hook('kleman_interface', 'pythonpath')
[1.673s] INFO:colcon.colcon_core.shell:Creating environment hook '/home/kllemo/ros2_ws/install/kleman_interface/share/kleman_interface/hook/pythonpath.ps1'
[1.674s] INFO:colcon.colcon_core.shell:Creating environment descriptor '/home/kllemo/ros2_ws/install/kleman_interface/share/kleman_interface/hook/pythonpath.dsv'
[1.674s] INFO:colcon.colcon_core.shell:Creating environment hook '/home/kllemo/ros2_ws/install/kleman_interface/share/kleman_interface/hook/pythonpath.sh'
[1.676s] Level 1:colcon.colcon_core.environment:checking '/home/kllemo/ros2_ws/install/kleman_interface/bin'
[1.677s] INFO:colcon.colcon_core.shell:Creating package script '/home/kllemo/ros2_ws/install/kleman_interface/share/kleman_interface/package.ps1'
[1.678s] INFO:colcon.colcon_core.shell:Creating package descriptor '/home/kllemo/ros2_ws/install/kleman_interface/share/kleman_interface/package.dsv'
[1.679s] INFO:colcon.colcon_core.shell:Creating package script '/home/kllemo/ros2_ws/install/kleman_interface/share/kleman_interface/package.sh'
[1.679s] INFO:colcon.colcon_core.shell:Creating package script '/home/kllemo/ros2_ws/install/kleman_interface/share/kleman_interface/package.bash'
[1.680s] INFO:colcon.colcon_core.shell:Creating package script '/home/kllemo/ros2_ws/install/kleman_interface/share/kleman_interface/package.zsh'
[1.681s] Level 1:colcon.colcon_core.environment:create_file_with_runtime_dependencies(/home/kllemo/ros2_ws/install/kleman_interface/share/colcon-core/packages/kleman_interface)
[1.682s] Level 1:colcon.colcon_core.environment:create_environment_scripts_only(kleman_interface)
[1.682s] Level 1:colcon.colcon_core.environment:checking '/home/kllemo/ros2_ws/install/kleman_interface' for CMake module files
[1.683s] Level 1:colcon.colcon_core.environment:checking '/home/kllemo/ros2_ws/install/kleman_interface' for CMake config files
[1.684s] Level 1:colcon.colcon_core.shell:create_environment_hook('kleman_interface', 'cmake_prefix_path')
[1.684s] INFO:colcon.colcon_core.shell:Creating environment hook '/home/kllemo/ros2_ws/install/kleman_interface/share/kleman_interface/hook/cmake_prefix_path.ps1'
[1.685s] INFO:colcon.colcon_core.shell:Creating environment descriptor '/home/kllemo/ros2_ws/install/kleman_interface/share/kleman_interface/hook/cmake_prefix_path.dsv'
[1.685s] INFO:colcon.colcon_core.shell:Creating environment hook '/home/kllemo/ros2_ws/install/kleman_interface/share/kleman_interface/hook/cmake_prefix_path.sh'
[1.687s] Level 1:colcon.colcon_core.environment:checking '/home/kllemo/ros2_ws/install/kleman_interface/lib'
[1.687s] Level 1:colcon.colcon_core.shell:create_environment_hook('kleman_interface', 'ld_library_path_lib')
[1.687s] INFO:colcon.colcon_core.shell:Creating environment hook '/home/kllemo/ros2_ws/install/kleman_interface/share/kleman_interface/hook/ld_library_path_lib.ps1'
[1.688s] INFO:colcon.colcon_core.shell:Creating environment descriptor '/home/kllemo/ros2_ws/install/kleman_interface/share/kleman_interface/hook/ld_library_path_lib.dsv'
[1.689s] INFO:colcon.colcon_core.shell:Creating environment hook '/home/kllemo/ros2_ws/install/kleman_interface/share/kleman_interface/hook/ld_library_path_lib.sh'
[1.689s] Level 1:colcon.colcon_core.environment:checking '/home/kllemo/ros2_ws/install/kleman_interface/bin'
[1.690s] Level 1:colcon.colcon_core.environment:checking '/home/kllemo/ros2_ws/install/kleman_interface/lib/pkgconfig/kleman_interface.pc'
[1.690s] Level 1:colcon.colcon_core.environment:checking '/home/kllemo/ros2_ws/install/kleman_interface/lib/python3.12/site-packages'
[1.690s] Level 1:colcon.colcon_core.shell:create_environment_hook('kleman_interface', 'pythonpath')
[1.691s] INFO:colcon.colcon_core.shell:Creating environment hook '/home/kllemo/ros2_ws/install/kleman_interface/share/kleman_interface/hook/pythonpath.ps1'
[1.692s] INFO:colcon.colcon_core.shell:Creating environment descriptor '/home/kllemo/ros2_ws/install/kleman_interface/share/kleman_interface/hook/pythonpath.dsv'
[1.693s] INFO:colcon.colcon_core.shell:Creating environment hook '/home/kllemo/ros2_ws/install/kleman_interface/share/kleman_interface/hook/pythonpath.sh'
[1.694s] Level 1:colcon.colcon_core.environment:checking '/home/kllemo/ros2_ws/install/kleman_interface/bin'
[1.695s] INFO:colcon.colcon_core.shell:Creating package script '/home/kllemo/ros2_ws/install/kleman_interface/share/kleman_interface/package.ps1'
[1.696s] INFO:colcon.colcon_core.shell:Creating package descriptor '/home/kllemo/ros2_ws/install/kleman_interface/share/kleman_interface/package.dsv'
[1.698s] INFO:colcon.colcon_core.shell:Creating package script '/home/kllemo/ros2_ws/install/kleman_interface/share/kleman_interface/package.sh'
[1.699s] INFO:colcon.colcon_core.shell:Creating package script '/home/kllemo/ros2_ws/install/kleman_interface/share/kleman_interface/package.bash'
[1.699s] INFO:colcon.colcon_core.shell:Creating package script '/home/kllemo/ros2_ws/install/kleman_interface/share/kleman_interface/package.zsh'
[1.700s] Level 1:colcon.colcon_core.environment:create_file_with_runtime_dependencies(/home/kllemo/ros2_ws/install/kleman_interface/share/colcon-core/packages/kleman_interface)
[1.708s] DEBUG:colcon.colcon_core.event_handler.log_command:Invoking command in '/home/kllemo/ros2_ws/build/rrm_sim': CMAKE_PREFIX_PATH=/home/kllemo/ros2_ws/install/rrm_msgs:/home/kllemo/ros2_ws/install/rrm_simple_robot_model:/home/kllemo/ros2_ws/install/rrm_sim:/home/kllemo/ros2_ws/install/kleman_interface:/home/kllemo/ros2_ws/install/block1_kleman:/home/kllemo/ros2_ws/install/abb_model:/home/kllemo/ros2_ws/install/abb_irb4600_ikfast:/opt/ros/jazzy/opt/gz_math_vendor:/opt/ros/jazzy/opt/gz_utils_vendor:/opt/ros/jazzy/opt/gz_cmake_vendor:/opt/ros/jazzy DEBUGINFOD_URLS=https://debuginfod.ubuntu.com /usr/bin/cmake --build /home/kllemo/ros2_ws/build/rrm_sim -- -j16 -l16
[1.849s] DEBUG:colcon.colcon_core.event_handler.log_command:Invoked command in '/home/kllemo/ros2_ws/build/rrm_sim' returned '0': CMAKE_PREFIX_PATH=/home/kllemo/ros2_ws/install/rrm_msgs:/home/kllemo/ros2_ws/install/rrm_simple_robot_model:/home/kllemo/ros2_ws/install/rrm_sim:/home/kllemo/ros2_ws/install/kleman_interface:/home/kllemo/ros2_ws/install/block1_kleman:/home/kllemo/ros2_ws/install/abb_model:/home/kllemo/ros2_ws/install/abb_irb4600_ikfast:/opt/ros/jazzy/opt/gz_math_vendor:/opt/ros/jazzy/opt/gz_utils_vendor:/opt/ros/jazzy/opt/gz_cmake_vendor:/opt/ros/jazzy DEBUGINFOD_URLS=https://debuginfod.ubuntu.com /usr/bin/cmake --build /home/kllemo/ros2_ws/build/rrm_sim -- -j16 -l16
[1.852s] DEBUG:colcon.colcon_core.event_handler.log_command:Invoking command in '/home/kllemo/ros2_ws/build/rrm_sim': CMAKE_PREFIX_PATH=/home/kllemo/ros2_ws/install/rrm_msgs:/home/kllemo/ros2_ws/install/rrm_simple_robot_model:/home/kllemo/ros2_ws/install/rrm_sim:/home/kllemo/ros2_ws/install/kleman_interface:/home/kllemo/ros2_ws/install/block1_kleman:/home/kllemo/ros2_ws/install/abb_model:/home/kllemo/ros2_ws/install/abb_irb4600_ikfast:/opt/ros/jazzy/opt/gz_math_vendor:/opt/ros/jazzy/opt/gz_utils_vendor:/opt/ros/jazzy/opt/gz_cmake_vendor:/opt/ros/jazzy DEBUGINFOD_URLS=https://debuginfod.ubuntu.com /usr/bin/cmake --install /home/kllemo/ros2_ws/build/rrm_sim
[1.898s] Level 1:colcon.colcon_core.environment:create_environment_scripts_only(rrm_sim)
[1.898s] Level 1:colcon.colcon_core.environment:checking '/home/kllemo/ros2_ws/install/rrm_sim' for CMake module files
[1.899s] DEBUG:colcon.colcon_core.event_handler.log_command:Invoked command in '/home/kllemo/ros2_ws/build/rrm_sim' returned '0': CMAKE_PREFIX_PATH=/home/kllemo/ros2_ws/install/rrm_msgs:/home/kllemo/ros2_ws/install/rrm_simple_robot_model:/home/kllemo/ros2_ws/install/rrm_sim:/home/kllemo/ros2_ws/install/kleman_interface:/home/kllemo/ros2_ws/install/block1_kleman:/home/kllemo/ros2_ws/install/abb_model:/home/kllemo/ros2_ws/install/abb_irb4600_ikfast:/opt/ros/jazzy/opt/gz_math_vendor:/opt/ros/jazzy/opt/gz_utils_vendor:/opt/ros/jazzy/opt/gz_cmake_vendor:/opt/ros/jazzy DEBUGINFOD_URLS=https://debuginfod.ubuntu.com /usr/bin/cmake --install /home/kllemo/ros2_ws/build/rrm_sim
[1.900s] Level 1:colcon.colcon_core.environment:checking '/home/kllemo/ros2_ws/install/rrm_sim' for CMake config files
[1.901s] Level 1:colcon.colcon_core.shell:create_environment_hook('rrm_sim', 'cmake_prefix_path')
[1.901s] INFO:colcon.colcon_core.shell:Creating environment hook '/home/kllemo/ros2_ws/install/rrm_sim/share/rrm_sim/hook/cmake_prefix_path.ps1'
[1.902s] INFO:colcon.colcon_core.shell:Creating environment descriptor '/home/kllemo/ros2_ws/install/rrm_sim/share/rrm_sim/hook/cmake_prefix_path.dsv'
[1.903s] INFO:colcon.colcon_core.shell:Creating environment hook '/home/kllemo/ros2_ws/install/rrm_sim/share/rrm_sim/hook/cmake_prefix_path.sh'
[1.904s] Level 1:colcon.colcon_core.environment:checking '/home/kllemo/ros2_ws/install/rrm_sim/lib'
[1.904s] Level 1:colcon.colcon_core.environment:checking '/home/kllemo/ros2_ws/install/rrm_sim/bin'
[1.904s] Level 1:colcon.colcon_core.environment:checking '/home/kllemo/ros2_ws/install/rrm_sim/lib/pkgconfig/rrm_sim.pc'
[1.904s] Level 1:colcon.colcon_core.environment:checking '/home/kllemo/ros2_ws/install/rrm_sim/lib/python3.12/site-packages'
[1.905s] Level 1:colcon.colcon_core.environment:checking '/home/kllemo/ros2_ws/install/rrm_sim/bin'
[1.905s] INFO:colcon.colcon_core.shell:Creating package script '/home/kllemo/ros2_ws/install/rrm_sim/share/rrm_sim/package.ps1'
[1.906s] INFO:colcon.colcon_core.shell:Creating package descriptor '/home/kllemo/ros2_ws/install/rrm_sim/share/rrm_sim/package.dsv'
[1.907s] INFO:colcon.colcon_core.shell:Creating package script '/home/kllemo/ros2_ws/install/rrm_sim/share/rrm_sim/package.sh'
[1.908s] INFO:colcon.colcon_core.shell:Creating package script '/home/kllemo/ros2_ws/install/rrm_sim/share/rrm_sim/package.bash'
[1.908s] INFO:colcon.colcon_core.shell:Creating package script '/home/kllemo/ros2_ws/install/rrm_sim/share/rrm_sim/package.zsh'
[1.909s] Level 1:colcon.colcon_core.environment:create_file_with_runtime_dependencies(/home/kllemo/ros2_ws/install/rrm_sim/share/colcon-core/packages/rrm_sim)
[1.910s] Level 1:colcon.colcon_core.environment:create_environment_scripts_only(rrm_sim)
[1.910s] Level 1:colcon.colcon_core.environment:checking '/home/kllemo/ros2_ws/install/rrm_sim' for CMake module files
[1.911s] Level 1:colcon.colcon_core.environment:checking '/home/kllemo/ros2_ws/install/rrm_sim' for CMake config files
[1.912s] Level 1:colcon.colcon_core.shell:create_environment_hook('rrm_sim', 'cmake_prefix_path')
[1.912s] INFO:colcon.colcon_core.shell:Creating environment hook '/home/kllemo/ros2_ws/install/rrm_sim/share/rrm_sim/hook/cmake_prefix_path.ps1'
[1.913s] INFO:colcon.colcon_core.shell:Creating environment descriptor '/home/kllemo/ros2_ws/install/rrm_sim/share/rrm_sim/hook/cmake_prefix_path.dsv'
[1.914s] INFO:colcon.colcon_core.shell:Creating environment hook '/home/kllemo/ros2_ws/install/rrm_sim/share/rrm_sim/hook/cmake_prefix_path.sh'
[1.915s] Level 1:colcon.colcon_core.environment:checking '/home/kllemo/ros2_ws/install/rrm_sim/lib'
[1.915s] Level 1:colcon.colcon_core.environment:checking '/home/kllemo/ros2_ws/install/rrm_sim/bin'
[1.915s] Level 1:colcon.colcon_core.environment:checking '/home/kllemo/ros2_ws/install/rrm_sim/lib/pkgconfig/rrm_sim.pc'
[1.916s] Level 1:colcon.colcon_core.environment:checking '/home/kllemo/ros2_ws/install/rrm_sim/lib/python3.12/site-packages'
[1.916s] Level 1:colcon.colcon_core.environment:checking '/home/kllemo/ros2_ws/install/rrm_sim/bin'
[1.917s] INFO:colcon.colcon_core.shell:Creating package script '/home/kllemo/ros2_ws/install/rrm_sim/share/rrm_sim/package.ps1'
[1.918s] INFO:colcon.colcon_core.shell:Creating package descriptor '/home/kllemo/ros2_ws/install/rrm_sim/share/rrm_sim/package.dsv'
[1.919s] INFO:colcon.colcon_core.shell:Creating package script '/home/kllemo/ros2_ws/install/rrm_sim/share/rrm_sim/package.sh'
[1.919s] INFO:colcon.colcon_core.shell:Creating package script '/home/kllemo/ros2_ws/install/rrm_sim/share/rrm_sim/package.bash'
[1.920s] INFO:colcon.colcon_core.shell:Creating package script '/home/kllemo/ros2_ws/install/rrm_sim/share/rrm_sim/package.zsh'
[1.921s] Level 1:colcon.colcon_core.environment:create_file_with_runtime_dependencies(/home/kllemo/ros2_ws/install/rrm_sim/share/colcon-core/packages/rrm_sim)
[18.716s] DEBUG:colcon.colcon_core.event_handler.log_command:Invoked command in '/home/kllemo/ros2_ws/build/block1_kleman' returned '2': CMAKE_PREFIX_PATH=/home/kllemo/ros2_ws/install/abb_model:/home/kllemo/ros2_ws/install/abb_irb4600_ikfast:/home/kllemo/ros2_ws/install/rrm_simple_robot_model:/home/kllemo/ros2_ws/install/rrm_sim:/home/kllemo/ros2_ws/install/rrm_msgs:/home/kllemo/ros2_ws/install/kleman_interface:/home/kllemo/ros2_ws/install/block1_kleman:/opt/ros/jazzy/opt/gz_math_vendor:/opt/ros/jazzy/opt/gz_utils_vendor:/opt/ros/jazzy/opt/gz_cmake_vendor:/opt/ros/jazzy DEBUGINFOD_URLS=https://debuginfod.ubuntu.com /usr/bin/cmake --build /home/kllemo/ros2_ws/build/block1_kleman -- -j16 -l16
[18.716s] Level 1:colcon.colcon_core.environment:create_environment_scripts_only(block1_kleman)
[18.717s] Level 1:colcon.colcon_core.environment:checking '/home/kllemo/ros2_ws/install/block1_kleman' for CMake module files
[18.718s] Level 1:colcon.colcon_core.environment:checking '/home/kllemo/ros2_ws/install/block1_kleman' for CMake config files
[18.718s] Level 1:colcon.colcon_core.shell:create_environment_hook('block1_kleman', 'cmake_prefix_path')
[18.719s] INFO:colcon.colcon_core.shell:Creating environment hook '/home/kllemo/ros2_ws/install/block1_kleman/share/block1_kleman/hook/cmake_prefix_path.ps1'
[18.720s] INFO:colcon.colcon_core.shell:Creating environment descriptor '/home/kllemo/ros2_ws/install/block1_kleman/share/block1_kleman/hook/cmake_prefix_path.dsv'
[18.720s] INFO:colcon.colcon_core.shell:Creating environment hook '/home/kllemo/ros2_ws/install/block1_kleman/share/block1_kleman/hook/cmake_prefix_path.sh'
[18.721s] Level 1:colcon.colcon_core.environment:checking '/home/kllemo/ros2_ws/install/block1_kleman/lib'
[18.722s] Level 1:colcon.colcon_core.environment:checking '/home/kllemo/ros2_ws/install/block1_kleman/bin'
[18.722s] Level 1:colcon.colcon_core.environment:checking '/home/kllemo/ros2_ws/install/block1_kleman/lib/pkgconfig/block1_kleman.pc'
[18.722s] Level 1:colcon.colcon_core.environment:checking '/home/kllemo/ros2_ws/install/block1_kleman/lib/python3.12/site-packages'
[18.723s] Level 1:colcon.colcon_core.environment:checking '/home/kllemo/ros2_ws/install/block1_kleman/bin'
[18.723s] INFO:colcon.colcon_core.shell:Creating package script '/home/kllemo/ros2_ws/install/block1_kleman/share/block1_kleman/package.ps1'
[18.724s] INFO:colcon.colcon_core.shell:Creating package descriptor '/home/kllemo/ros2_ws/install/block1_kleman/share/block1_kleman/package.dsv'
[18.725s] INFO:colcon.colcon_core.shell:Creating package script '/home/kllemo/ros2_ws/install/block1_kleman/share/block1_kleman/package.sh'
[18.726s] INFO:colcon.colcon_core.shell:Creating package script '/home/kllemo/ros2_ws/install/block1_kleman/share/block1_kleman/package.bash'
[18.726s] INFO:colcon.colcon_core.shell:Creating package script '/home/kllemo/ros2_ws/install/block1_kleman/share/block1_kleman/package.zsh'
[18.727s] Level 1:colcon.colcon_core.environment:create_file_with_runtime_dependencies(/home/kllemo/ros2_ws/install/block1_kleman/share/colcon-core/packages/block1_kleman)
[18.738s] DEBUG:colcon.colcon_parallel_executor.executor.parallel:closing loop
[18.738s] DEBUG:colcon.colcon_parallel_executor.executor.parallel:loop closed
[18.738s] DEBUG:colcon.colcon_parallel_executor.executor.parallel:run_until_complete finished with '2'
[18.738s] DEBUG:colcon.colcon_core.event_reactor:joining thread
[18.750s] INFO:colcon.colcon_core.plugin_system:Skipping extension 'colcon_notification.desktop_notification.terminal_notifier': Not used on non-Darwin systems
[18.750s] INFO:colcon.colcon_core.plugin_system:Skipping extension 'colcon_notification.desktop_notification.win32': Not used on non-Windows systems
[18.750s] INFO:colcon.colcon_notification.desktop_notification:Sending desktop notification using 'notify2'
[18.776s] DEBUG:colcon.colcon_core.event_reactor:joined thread
[18.776s] INFO:colcon.colcon_core.shell:Creating prefix script '/home/kllemo/ros2_ws/install/local_setup.ps1'
[18.778s] INFO:colcon.colcon_core.shell:Creating prefix util module '/home/kllemo/ros2_ws/install/_local_setup_util_ps1.py'
[18.780s] INFO:colcon.colcon_core.shell:Creating prefix chain script '/home/kllemo/ros2_ws/install/setup.ps1'
[18.782s] INFO:colcon.colcon_core.shell:Creating prefix script '/home/kllemo/ros2_ws/install/local_setup.sh'
[18.783s] INFO:colcon.colcon_core.shell:Creating prefix util module '/home/kllemo/ros2_ws/install/_local_setup_util_sh.py'
[18.784s] INFO:colcon.colcon_core.shell:Creating prefix chain script '/home/kllemo/ros2_ws/install/setup.sh'
[18.786s] INFO:colcon.colcon_core.shell:Creating prefix script '/home/kllemo/ros2_ws/install/local_setup.bash'
[18.787s] INFO:colcon.colcon_core.shell:Creating prefix chain script '/home/kllemo/ros2_ws/install/setup.bash'
[18.789s] INFO:colcon.colcon_core.shell:Creating prefix script '/home/kllemo/ros2_ws/install/local_setup.zsh'
[18.790s] INFO:colcon.colcon_core.shell:Creating prefix chain script '/home/kllemo/ros2_ws/install/setup.zsh'
