[0.021s] Invoking command in '/home/kllemo/ros2_ws/build/block1_kleman': CMAKE_PREFIX_PATH=/home/kllemo/ros2_ws/install/abb_model:/home/kllemo/ros2_ws/install/abb_irb4600_ikfast:/home/kllemo/ros2_ws/install/rrm_simple_robot_model:/home/kllemo/ros2_ws/install/rrm_sim:/home/kllemo/ros2_ws/install/rrm_msgs:/home/kllemo/ros2_ws/install/kleman_interface:/home/kllemo/ros2_ws/install/block1_kleman:/opt/ros/jazzy/opt/gz_math_vendor:/opt/ros/jazzy/opt/gz_utils_vendor:/opt/ros/jazzy/opt/gz_cmake_vendor:/opt/ros/jazzy DEBUGINFOD_URLS=https://debuginfod.ubuntu.com /usr/bin/cmake --build /home/kllemo/ros2_ws/build/block1_kleman -- -j16 -l16
[0.064s] -- Found ament_cmake: 2.5.5 (/opt/ros/jazzy/share/ament_cmake/cmake)
[0.496s] -- Override CMake install command with custom implementation using symlinks instead of copying resources
[0.510s] -- Found rclcpp: 28.1.16 (/opt/ros/jazzy/share/rclcpp/cmake)
[0.567s] -- Found rosidl_generator_c: 4.6.7 (/opt/ros/jazzy/share/rosidl_generator_c/cmake)
[0.592s] -- Found rosidl_generator_cpp: 4.6.7 (/opt/ros/jazzy/share/rosidl_generator_cpp/cmake)
[0.622s] -- Using all available rosidl_typesupport_c: rosidl_typesupport_fastrtps_c;rosidl_typesupport_introspection_c
[0.660s] -- Using all available rosidl_typesupport_cpp: rosidl_typesupport_fastrtps_cpp;rosidl_typesupport_introspection_cpp
[0.822s] -- Found rmw_implementation_cmake: 7.3.3 (/opt/ros/jazzy/share/rmw_implementation_cmake/cmake)
[0.827s] -- Found rmw_fastrtps_cpp: 8.4.3 (/opt/ros/jazzy/share/rmw_fastrtps_cpp/cmake)
[0.971s] -- Using RMW implementation 'rmw_fastrtps_cpp' as default
[1.112s] -- Found sensor_msgs: 5.3.6 (/opt/ros/jazzy/share/sensor_msgs/cmake)
[1.230s] -- Found visualization_msgs: 5.3.6 (/opt/ros/jazzy/share/visualization_msgs/cmake)
[1.288s] -- Found interactive_markers: 2.5.5 (/opt/ros/jazzy/share/interactive_markers/cmake)
[1.307s] -- Found abb_irb4600_ikfast: 0.0.0 (/home/kllemo/ros2_ws/install/abb_irb4600_ikfast/share/abb_irb4600_ikfast/cmake)
[1.521s] -- Configuring done (1.5s)
[1.553s] -- Generating done (0.0s)
[1.563s] -- Build files have been written to: /home/kllemo/ros2_ws/build/block1_kleman
[1.649s] [ 25%] [32mBuilding CXX object CMakeFiles/model_spawner.dir/src/model_spawner.cpp.o[0m
[1.653s] [ 50%] [32mBuilding CXX object CMakeFiles/pose_teacher.dir/src/pose_teacher.cpp.o[0m
[1.665s] [01m[K/home/kllemo/ros2_ws/src/block1_kleman/src/model_spawner.cpp:1:10:[m[K [01;31m[Kfatal error: [m[Kblock1_kleman/model_spawner.hpp: No such file or directory
[1.665s]     1 | #include [01;31m[K"block1_kleman/model_spawner.hpp"[m[K
[1.666s]       |          [01;31m[K^~~~~~~~~~~~~~~~~~~~~~~~~~~~~~~~~[m[K
[1.666s] compilation terminated.
[1.667s] gmake[2]: *** [CMakeFiles/model_spawner.dir/build.make:76: CMakeFiles/model_spawner.dir/src/model_spawner.cpp.o] Error 1
[1.667s] gmake[1]: *** [CMakeFiles/Makefile2:139: CMakeFiles/model_spawner.dir/all] Error 2
[1.667s] gmake[1]: *** Waiting for unfinished jobs....
[17.285s] [ 75%] [32m[1mLinking CXX executable pose_teacher[0m
[17.828s] [ 75%] Built target pose_teacher
[17.830s] gmake: *** [Makefile:146: all] Error 2
[17.834s] Invoked command in '/home/kllemo/ros2_ws/build/block1_kleman' returned '2': CMAKE_PREFIX_PATH=/home/kllemo/ros2_ws/install/abb_model:/home/kllemo/ros2_ws/install/abb_irb4600_ikfast:/home/kllemo/ros2_ws/install/rrm_simple_robot_model:/home/kllemo/ros2_ws/install/rrm_sim:/home/kllemo/ros2_ws/install/rrm_msgs:/home/kllemo/ros2_ws/install/kleman_interface:/home/kllemo/ros2_ws/install/block1_kleman:/opt/ros/jazzy/opt/gz_math_vendor:/opt/ros/jazzy/opt/gz_utils_vendor:/opt/ros/jazzy/opt/gz_cmake_vendor:/opt/ros/jazzy DEBUGINFOD_URLS=https://debuginfod.ubuntu.com /usr/bin/cmake --build /home/kllemo/ros2_ws/build/block1_kleman -- -j16 -l16
