-- The C compiler identification is GNU 13.3.0
-- The CXX compiler identification is GNU 13.3.0
-- Detecting C compiler ABI info
-- Detecting C compiler ABI info - done
-- Check for working C compiler: /usr/bin/cc - skipped
-- Detecting C compile features
-- Detecting C compile features - done
-- Detecting CXX compiler ABI info
-- Detecting CXX compiler ABI info - done
-- Check for working CXX compiler: /usr/bin/c++ - skipped
-- Detecting CXX compile features
-- Detecting CXX compile features - done
-- Found ament_cmake: 2.5.5 (/opt/ros/jazzy/share/ament_cmake/cmake)
-- Found Python3: /usr/bin/python3 (found version "3.12.3") found components: Interpreter 
-- Override CMake install command with custom implementation using symlinks instead of copying resources
-- Found rviz2: 14.1.19 (/opt/ros/jazzy/share/rviz2/cmake)
-- Configuring done (1.3s)
-- Generating done (0.0s)
-- Build files have been written to: /home/kllemo/ros2_ws/build/rrm_simple_robot_model
-- Install configuration: ""
-- Execute custom install script
-- Symlinking: /home/kllemo/ros2_ws/install/rrm_simple_robot_model/share/rrm_simple_robot_model/urdf/arm.urdf
-- Symlinking: /home/kllemo/ros2_ws/install/rrm_simple_robot_model/share/rrm_simple_robot_model/config/rrm_cv3.rviz
-- Symlinking: /home/kllemo/ros2_ws/install/rrm_simple_robot_model/share/rrm_simple_robot_model/launch/robot_state_publisher.launch.py
-- Symlinking: /home/kllemo/ros2_ws/install/rrm_simple_robot_model/share/rrm_simple_robot_model/launch/robot_state_publisher.launch.xml
-- Symlinking: /home/kllemo/ros2_ws/install/rrm_simple_robot_model/share/ament_index/resource_index/package_run_dependencies/rrm_simple_robot_model
-- Symlinking: /home/kllemo/ros2_ws/install/rrm_simple_robot_model/share/ament_index/resource_index/parent_prefix_path/rrm_simple_robot_model
-- Symlinking: /home/kllemo/ros2_ws/install/rrm_simple_robot_model/share/rrm_simple_robot_model/environment/ament_prefix_path.sh
-- Symlinking: /home/kllemo/ros2_ws/install/rrm_simple_robot_model/share/rrm_simple_robot_model/environment/ament_prefix_path.dsv
-- Symlinking: /home/kllemo/ros2_ws/install/rrm_simple_robot_model/share/rrm_simple_robot_model/environment/path.sh
-- Symlinking: /home/kllemo/ros2_ws/install/rrm_simple_robot_model/share/rrm_simple_robot_model/environment/path.dsv
-- Symlinking: /home/kllemo/ros2_ws/install/rrm_simple_robot_model/share/rrm_simple_robot_model/local_setup.bash
-- Symlinking: /home/kllemo/ros2_ws/install/rrm_simple_robot_model/share/rrm_simple_robot_model/local_setup.sh
-- Symlinking: /home/kllemo/ros2_ws/install/rrm_simple_robot_model/share/rrm_simple_robot_model/local_setup.zsh
-- Symlinking: /home/kllemo/ros2_ws/install/rrm_simple_robot_model/share/rrm_simple_robot_model/local_setup.dsv
-- Symlinking: /home/kllemo/ros2_ws/install/rrm_simple_robot_model/share/rrm_simple_robot_model/package.dsv
-- Symlinking: /home/kllemo/ros2_ws/install/rrm_simple_robot_model/share/ament_index/resource_index/packages/rrm_simple_robot_model
-- Symlinking: /home/kllemo/ros2_ws/install/rrm_simple_robot_model/share/rrm_simple_robot_model/cmake/rrm_simple_robot_modelConfig.cmake
-- Symlinking: /home/kllemo/ros2_ws/install/rrm_simple_robot_model/share/rrm_simple_robot_model/cmake/rrm_simple_robot_modelConfig-version.cmake
-- Symlinking: /home/kllemo/ros2_ws/install/rrm_simple_robot_model/share/rrm_simple_robot_model/package.xml
