-- Install configuration: ""
-- Execute custom install script
-- Up-to-date symlink: /home/kllemo/ros2_ws/install/rrm_simple_robot_model/share/rrm_simple_robot_model/urdf/arm.urdf
-- Up-to-date symlink: /home/kllemo/ros2_ws/install/rrm_simple_robot_model/share/rrm_simple_robot_model/config/rrm_cv3.rviz
-- Up-to-date symlink: /home/kllemo/ros2_ws/install/rrm_simple_robot_model/share/rrm_simple_robot_model/launch/robot_state_publisher.launch.py
-- Up-to-date symlink: /home/kllemo/ros2_ws/install/rrm_simple_robot_model/share/rrm_simple_robot_model/launch/robot_state_publisher.launch.xml
-- Up-to-date symlink: /home/kllemo/ros2_ws/install/rrm_simple_robot_model/share/ament_index/resource_index/package_run_dependencies/rrm_simple_robot_model
-- Up-to-date symlink: /home/kllemo/ros2_ws/install/rrm_simple_robot_model/share/ament_index/resource_index/parent_prefix_path/rrm_simple_robot_model
-- Up-to-date symlink: /home/kllemo/ros2_ws/install/rrm_simple_robot_model/share/rrm_simple_robot_model/environment/ament_prefix_path.sh
-- Up-to-date symlink: /home/kllemo/ros2_ws/install/rrm_simple_robot_model/share/rrm_simple_robot_model/environment/ament_prefix_path.dsv
-- Up-to-date symlink: /home/kllemo/ros2_ws/install/rrm_simple_robot_model/share/rrm_simple_robot_model/environment/path.sh
-- Up-to-date symlink: /home/kllemo/ros2_ws/install/rrm_simple_robot_model/share/rrm_simple_robot_model/environment/path.dsv
-- Up-to-date symlink: /home/kllemo/ros2_ws/install/rrm_simple_robot_model/share/rrm_simple_robot_model/local_setup.bash
-- Up-to-date symlink: /home/kllemo/ros2_ws/install/rrm_simple_robot_model/share/rrm_simple_robot_model/local_setup.sh
-- Up-to-date symlink: /home/kllemo/ros2_ws/install/rrm_simple_robot_model/share/rrm_simple_robot_model/local_setup.zsh
-- Up-to-date symlink: /home/kllemo/ros2_ws/install/rrm_simple_robot_model/share/rrm_simple_robot_model/local_setup.dsv
-- Symlinking: /home/kllemo/ros2_ws/install/rrm_simple_robot_model/share/rrm_simple_robot_model/package.dsv
-- Up-to-date symlink: /home/kllemo/ros2_ws/install/rrm_simple_robot_model/share/ament_index/resource_index/packages/rrm_simple_robot_model
-- Up-to-date symlink: /home/kllemo/ros2_ws/install/rrm_simple_robot_model/share/rrm_simple_robot_model/cmake/rrm_simple_robot_modelConfig.cmake
-- Up-to-date symlink: /home/kllemo/ros2_ws/install/rrm_simple_robot_model/share/rrm_simple_robot_model/cmake/rrm_simple_robot_modelConfig-version.cmake
-- Up-to-date symlink: /home/kllemo/ros2_ws/install/rrm_simple_robot_model/share/rrm_simple_robot_model/package.xml
