-- The C compiler identification is GNU 13.3.0
-- The CXX compiler identification is GNU 13.3.0
-- Detecting C compiler ABI info
-- Detecting C compiler ABI info - done
-- Check for working C compiler: /usr/bin/cc - skipped
-- Detecting C compile features
-- Detecting C compile features - done
-- Detecting CXX compiler ABI info
-- Detecting CXX compiler ABI info - done
-- Check for working CXX compiler: /usr/bin/c++ - skipped
-- Detecting CXX compile features
-- Detecting CXX compile features - done
-- Found ament_cmake: 2.5.5 (/opt/ros/jazzy/share/ament_cmake/cmake)
-- Found Python3: /usr/bin/python3 (found version "3.12.3") found components: Interpreter 
-- Found rclcpp: 28.1.16 (/opt/ros/jazzy/share/rclcpp/cmake)
-- Found rosidl_generator_c: 4.6.7 (/opt/ros/jazzy/share/rosidl_generator_c/cmake)
-- Found rosidl_generator_cpp: 4.6.7 (/opt/ros/jazzy/share/rosidl_generator_cpp/cmake)
-- Using all available rosidl_typesupport_c: rosidl_typesupport_fastrtps_c;rosidl_typesupport_introspection_c
-- Using all available rosidl_typesupport_cpp: rosidl_typesupport_fastrtps_cpp;rosidl_typesupport_introspection_cpp
-- Found rmw_implementation_cmake: 7.3.3 (/opt/ros/jazzy/share/rmw_implementation_cmake/cmake)
-- Found rmw_fastrtps_cpp: 8.4.3 (/opt/ros/jazzy/share/rmw_fastrtps_cpp/cmake)
-- Found OpenSSL: /usr/lib/x86_64-linux-gnu/libcrypto.so (found version "3.0.13")  
-- Found FastRTPS: /opt/ros/jazzy/include (Required is at least version "2.13") 
-- Using RMW implementation 'rmw_fastrtps_cpp' as default
-- Found rrm_msgs: 0.0.0 (/home/kllemo/ros2_ws/install/rrm_msgs/share/rrm_msgs/cmake)
-- Found sensor_msgs: 5.3.6 (/opt/ros/jazzy/share/sensor_msgs/cmake)
-- Found ament_lint_auto: 0.17.4 (/opt/ros/jazzy/share/ament_lint_auto/cmake)
-- Added test 'cppcheck' to perform static code analysis on C / C++ code
-- Configured cppcheck include dirs: $<BUILD_INTERFACE:/home/kllemo/ros2_ws/block1_kleman/include>
-- Configured cppcheck exclude dirs and/or files: 
-- Added test 'lint_cmake' to check CMake code style
-- Added test 'uncrustify' to check C / C++ code style
-- Configured uncrustify additional arguments: 
-- Added test 'xmllint' to check XML markup files
-- Configuring done (2.5s)
-- Generating done (0.0s)
-- Build files have been written to: /home/kllemo/ros2_ws/block1_kleman/build/block1_kleman
[ 25%] [32mBuilding CXX object CMakeFiles/logger_node.dir/src/logger_node.cpp.o[0m
[ 50%] [32mBuilding CXX object CMakeFiles/teleop_node.dir/src/teleop_node.cpp.o[0m
[ 75%] [32m[1mLinking CXX executable teleop_node[0m
[ 75%] Built target teleop_node
[100%] [32m[1mLinking CXX executable logger_node[0m
[100%] Built target logger_node
-- Install configuration: ""
-- Installing: /home/kllemo/ros2_ws/block1_kleman/install/block1_kleman/lib/block1_kleman/teleop_node
-- Set non-toolchain portion of runtime path of "/home/kllemo/ros2_ws/block1_kleman/install/block1_kleman/lib/block1_kleman/teleop_node" to ""
-- Installing: /home/kllemo/ros2_ws/block1_kleman/install/block1_kleman/lib/block1_kleman/logger_node
-- Set non-toolchain portion of runtime path of "/home/kllemo/ros2_ws/block1_kleman/install/block1_kleman/lib/block1_kleman/logger_node" to ""
-- Installing: /home/kllemo/ros2_ws/block1_kleman/install/block1_kleman/share/ament_index/resource_index/package_run_dependencies/block1_kleman
-- Installing: /home/kllemo/ros2_ws/block1_kleman/install/block1_kleman/share/ament_index/resource_index/parent_prefix_path/block1_kleman
-- Installing: /home/kllemo/ros2_ws/block1_kleman/install/block1_kleman/share/block1_kleman/environment/ament_prefix_path.sh
-- Installing: /home/kllemo/ros2_ws/block1_kleman/install/block1_kleman/share/block1_kleman/environment/ament_prefix_path.dsv
-- Installing: /home/kllemo/ros2_ws/block1_kleman/install/block1_kleman/share/block1_kleman/environment/path.sh
-- Installing: /home/kllemo/ros2_ws/block1_kleman/install/block1_kleman/share/block1_kleman/environment/path.dsv
-- Installing: /home/kllemo/ros2_ws/block1_kleman/install/block1_kleman/share/block1_kleman/local_setup.bash
-- Installing: /home/kllemo/ros2_ws/block1_kleman/install/block1_kleman/share/block1_kleman/local_setup.sh
-- Installing: /home/kllemo/ros2_ws/block1_kleman/install/block1_kleman/share/block1_kleman/local_setup.zsh
-- Installing: /home/kllemo/ros2_ws/block1_kleman/install/block1_kleman/share/block1_kleman/local_setup.dsv
-- Installing: /home/kllemo/ros2_ws/block1_kleman/install/block1_kleman/share/block1_kleman/package.dsv
-- Installing: /home/kllemo/ros2_ws/block1_kleman/install/block1_kleman/share/ament_index/resource_index/packages/block1_kleman
-- Installing: /home/kllemo/ros2_ws/block1_kleman/install/block1_kleman/share/block1_kleman/cmake/block1_klemanConfig.cmake
-- Installing: /home/kllemo/ros2_ws/block1_kleman/install/block1_kleman/share/block1_kleman/cmake/block1_klemanConfig-version.cmake
-- Installing: /home/kllemo/ros2_ws/block1_kleman/install/block1_kleman/share/block1_kleman/package.xml
