[0.032s] Invoking command in '/home/kllemo/ros2_ws/build/kleman_interface': CMAKE_PREFIX_PATH=${CMAKE_PREFIX_PATH}:/opt/ros/jazzy DEBUGINFOD_URLS=https://debuginfod.ubuntu.com /usr/bin/cmake --build /home/kllemo/ros2_ws/build/kleman_interface -- -j16 -l16
[0.114s] [  1%] Built target kleman_interface__rosidl_generator_type_description
[0.132s] [  1%] Built target ament_cmake_python_symlink_kleman_interface
[0.151s] [  3%] Built target kleman_interface__cpp
[0.168s] [ 24%] Built target kleman_interface__rosidl_generator_c
[0.222s] [ 33%] Built target kleman_interface__rosidl_typesupport_introspection_c
[0.225s] [ 42%] Built target kleman_interface__rosidl_typesupport_fastrtps_c
[0.226s] [ 51%] Built target kleman_interface__rosidl_typesupport_c
[0.226s] [ 70%] Built target kleman_interface__rosidl_typesupport_cpp
[0.226s] [ 70%] Built target kleman_interface__rosidl_typesupport_introspection_cpp
[0.227s] [ 79%] Built target kleman_interface__rosidl_typesupport_fastrtps_cpp
[0.266s] [ 79%] Built target kleman_interface
[0.302s] [ 81%] Built target kleman_interface__py
[0.343s] [ 88%] Built target kleman_interface__rosidl_generator_py
[0.385s] [ 96%] Built target kleman_interface_s__rosidl_typesupport_fastrtps_c
[0.385s] [ 96%] Built target kleman_interface_s__rosidl_typesupport_c
[0.385s] [100%] Built target kleman_interface_s__rosidl_typesupport_introspection_c
[0.606s] running egg_info
[0.647s] writing kleman_interface.egg-info/PKG-INFO
[0.647s] writing dependency_links to kleman_interface.egg-info/dependency_links.txt
[0.647s] writing top-level names to kleman_interface.egg-info/top_level.txt
[0.764s] reading manifest file 'kleman_interface.egg-info/SOURCES.txt'
[0.765s] writing manifest file 'kleman_interface.egg-info/SOURCES.txt'
[0.814s] [100%] Built target ament_cmake_python_build_kleman_interface_egg
[0.835s] Invoked command in '/home/kllemo/ros2_ws/build/kleman_interface' returned '0': CMAKE_PREFIX_PATH=${CMAKE_PREFIX_PATH}:/opt/ros/jazzy DEBUGINFOD_URLS=https://debuginfod.ubuntu.com /usr/bin/cmake --build /home/kllemo/ros2_ws/build/kleman_interface -- -j16 -l16
[0.837s] Invoking command in '/home/kllemo/ros2_ws/build/kleman_interface': CMAKE_PREFIX_PATH=${CMAKE_PREFIX_PATH}:/opt/ros/jazzy DEBUGINFOD_URLS=https://debuginfod.ubuntu.com /usr/bin/cmake --install /home/kllemo/ros2_ws/build/kleman_interface
[0.853s] -- Install configuration: ""
[0.854s] -- Execute custom install script
[0.854s] -- Up-to-date symlink: /home/kllemo/ros2_ws/install/kleman_interface/share/ament_index/resource_index/rosidl_interfaces/kleman_interface
[0.855s] -- Up-to-date symlink: /home/kllemo/ros2_ws/install/kleman_interface/share/kleman_interface/srv/SavePoint.json
[0.855s] -- Up-to-date symlink: /home/kllemo/ros2_ws/install/kleman_interface/share/kleman_interface/srv/SolveIK.json
[0.855s] -- Up-to-date symlink: /home/kllemo/ros2_ws/install/kleman_interface/share/kleman_interface/srv/MoveToXYZ.json
[0.856s] -- Up-to-date symlink: /home/kllemo/ros2_ws/install/kleman_interface/include/kleman_interface/kleman_interface/msg/rosidl_generator_c__visibility_control.h
[0.856s] -- Up-to-date symlink: /home/kllemo/ros2_ws/install/kleman_interface/include/kleman_interface/kleman_interface/srv/detail/move_to_xyz__functions.h
[0.856s] -- Up-to-date symlink: /home/kllemo/ros2_ws/install/kleman_interface/include/kleman_interface/kleman_interface/srv/detail/move_to_xyz__struct.h
[0.857s] -- Up-to-date symlink: /home/kllemo/ros2_ws/install/kleman_interface/include/kleman_interface/kleman_interface/srv/detail/move_to_xyz__type_support.h
[0.857s] -- Up-to-date symlink: /home/kllemo/ros2_ws/install/kleman_interface/include/kleman_interface/kleman_interface/srv/detail/save_point__functions.h
[0.857s] -- Up-to-date symlink: /home/kllemo/ros2_ws/install/kleman_interface/include/kleman_interface/kleman_interface/srv/detail/save_point__struct.h
[0.857s] -- Up-to-date symlink: /home/kllemo/ros2_ws/install/kleman_interface/include/kleman_interface/kleman_interface/srv/detail/save_point__type_support.h
[0.857s] -- Up-to-date symlink: /home/kllemo/ros2_ws/install/kleman_interface/include/kleman_interface/kleman_interface/srv/detail/solve_ik__functions.h
[0.857s] -- Up-to-date symlink: /home/kllemo/ros2_ws/install/kleman_interface/include/kleman_interface/kleman_interface/srv/detail/solve_ik__struct.h
[0.858s] -- Up-to-date symlink: /home/kllemo/ros2_ws/install/kleman_interface/include/kleman_interface/kleman_interface/srv/detail/solve_ik__type_support.h
[0.858s] -- Up-to-date symlink: /home/kllemo/ros2_ws/install/kleman_interface/include/kleman_interface/kleman_interface/srv/move_to_xyz.h
[0.858s] -- Up-to-date symlink: /home/kllemo/ros2_ws/install/kleman_interface/include/kleman_interface/kleman_interface/srv/save_point.h
[0.858s] -- Up-to-date symlink: /home/kllemo/ros2_ws/install/kleman_interface/include/kleman_interface/kleman_interface/srv/solve_ik.h
[0.858s] -- Up-to-date symlink: /home/kllemo/ros2_ws/install/kleman_interface/share/kleman_interface/environment/library_path.sh
[0.859s] -- Up-to-date symlink: /home/kllemo/ros2_ws/install/kleman_interface/share/kleman_interface/environment/library_path.dsv
[0.860s] -- Up-to-date symlink: /home/kllemo/ros2_ws/install/kleman_interface/include/kleman_interface/kleman_interface/msg/rosidl_typesupport_fastrtps_c__visibility_control.h
[0.860s] -- Up-to-date symlink: /home/kllemo/ros2_ws/install/kleman_interface/include/kleman_interface/kleman_interface/srv/detail/move_to_xyz__rosidl_typesupport_fastrtps_c.h
[0.860s] -- Up-to-date symlink: /home/kllemo/ros2_ws/install/kleman_interface/include/kleman_interface/kleman_interface/srv/detail/save_point__rosidl_typesupport_fastrtps_c.h
[0.860s] -- Up-to-date symlink: /home/kllemo/ros2_ws/install/kleman_interface/include/kleman_interface/kleman_interface/srv/detail/solve_ik__rosidl_typesupport_fastrtps_c.h
[0.861s] -- Up-to-date symlink: /home/kllemo/ros2_ws/install/kleman_interface/include/kleman_interface/kleman_interface/msg/rosidl_typesupport_introspection_c__visibility_control.h
[0.861s] -- Up-to-date symlink: /home/kllemo/ros2_ws/install/kleman_interface/include/kleman_interface/kleman_interface/srv/detail/move_to_xyz__rosidl_typesupport_introspection_c.h
[0.861s] -- Up-to-date symlink: /home/kllemo/ros2_ws/install/kleman_interface/include/kleman_interface/kleman_interface/srv/detail/save_point__rosidl_typesupport_introspection_c.h
[0.861s] -- Up-to-date symlink: /home/kllemo/ros2_ws/install/kleman_interface/include/kleman_interface/kleman_interface/srv/detail/solve_ik__rosidl_typesupport_introspection_c.h
[0.862s] -- Up-to-date symlink: /home/kllemo/ros2_ws/install/kleman_interface/include/kleman_interface/kleman_interface/msg/rosidl_generator_cpp__visibility_control.hpp
[0.863s] -- Up-to-date symlink: /home/kllemo/ros2_ws/install/kleman_interface/include/kleman_interface/kleman_interface/srv/detail/move_to_xyz__builder.hpp
[0.863s] -- Up-to-date symlink: /home/kllemo/ros2_ws/install/kleman_interface/include/kleman_interface/kleman_interface/srv/detail/move_to_xyz__struct.hpp
[0.863s] -- Up-to-date symlink: /home/kllemo/ros2_ws/install/kleman_interface/include/kleman_interface/kleman_interface/srv/detail/move_to_xyz__traits.hpp
[0.863s] -- Up-to-date symlink: /home/kllemo/ros2_ws/install/kleman_interface/include/kleman_interface/kleman_interface/srv/detail/move_to_xyz__type_support.hpp
[0.863s] -- Up-to-date symlink: /home/kllemo/ros2_ws/install/kleman_interface/include/kleman_interface/kleman_interface/srv/detail/save_point__builder.hpp
[0.864s] -- Up-to-date symlink: /home/kllemo/ros2_ws/install/kleman_interface/include/kleman_interface/kleman_interface/srv/detail/save_point__struct.hpp
[0.864s] -- Up-to-date symlink: /home/kllemo/ros2_ws/install/kleman_interface/include/kleman_interface/kleman_interface/srv/detail/save_point__traits.hpp
[0.864s] -- Up-to-date symlink: /home/kllemo/ros2_ws/install/kleman_interface/include/kleman_interface/kleman_interface/srv/detail/save_point__type_support.hpp
[0.864s] -- Up-to-date symlink: /home/kllemo/ros2_ws/install/kleman_interface/include/kleman_interface/kleman_interface/srv/detail/solve_ik__builder.hpp
[0.864s] -- Up-to-date symlink: /home/kllemo/ros2_ws/install/kleman_interface/include/kleman_interface/kleman_interface/srv/detail/solve_ik__struct.hpp
[0.864s] -- Up-to-date symlink: /home/kllemo/ros2_ws/install/kleman_interface/include/kleman_interface/kleman_interface/srv/detail/solve_ik__traits.hpp
[0.865s] -- Up-to-date symlink: /home/kllemo/ros2_ws/install/kleman_interface/include/kleman_interface/kleman_interface/srv/detail/solve_ik__type_support.hpp
[0.865s] -- Up-to-date symlink: /home/kllemo/ros2_ws/install/kleman_interface/include/kleman_interface/kleman_interface/srv/move_to_xyz.hpp
[0.865s] -- Up-to-date symlink: /home/kllemo/ros2_ws/install/kleman_interface/include/kleman_interface/kleman_interface/srv/save_point.hpp
[0.865s] -- Up-to-date symlink: /home/kllemo/ros2_ws/install/kleman_interface/include/kleman_interface/kleman_interface/srv/solve_ik.hpp
[0.866s] -- Up-to-date symlink: /home/kllemo/ros2_ws/install/kleman_interface/include/kleman_interface/kleman_interface/msg/rosidl_typesupport_fastrtps_cpp__visibility_control.h
[0.866s] -- Up-to-date symlink: /home/kllemo/ros2_ws/install/kleman_interface/include/kleman_interface/kleman_interface/srv/detail/move_to_xyz__rosidl_typesupport_fastrtps_cpp.hpp
[0.866s] -- Up-to-date symlink: /home/kllemo/ros2_ws/install/kleman_interface/include/kleman_interface/kleman_interface/srv/detail/save_point__rosidl_typesupport_fastrtps_cpp.hpp
[0.867s] -- Up-to-date symlink: /home/kllemo/ros2_ws/install/kleman_interface/include/kleman_interface/kleman_interface/srv/detail/solve_ik__rosidl_typesupport_fastrtps_cpp.hpp
[0.867s] -- Up-to-date symlink: /home/kllemo/ros2_ws/install/kleman_interface/include/kleman_interface/kleman_interface/srv/detail/move_to_xyz__rosidl_typesupport_introspection_cpp.hpp
[0.867s] -- Up-to-date symlink: /home/kllemo/ros2_ws/install/kleman_interface/include/kleman_interface/kleman_interface/srv/detail/save_point__rosidl_typesupport_introspection_cpp.hpp
[0.868s] -- Up-to-date symlink: /home/kllemo/ros2_ws/install/kleman_interface/include/kleman_interface/kleman_interface/srv/detail/solve_ik__rosidl_typesupport_introspection_cpp.hpp
[0.868s] -- Up-to-date symlink: /home/kllemo/ros2_ws/install/kleman_interface/share/kleman_interface/environment/pythonpath.sh
[0.868s] -- Up-to-date symlink: /home/kllemo/ros2_ws/install/kleman_interface/share/kleman_interface/environment/pythonpath.dsv
[0.869s] -- Up-to-date symlink: /home/kllemo/ros2_ws/install/kleman_interface/lib/python3.12/site-packages/kleman_interface-0.0.0-py3.12.egg-info/PKG-INFO
[0.869s] -- Up-to-date symlink: /home/kllemo/ros2_ws/install/kleman_interface/lib/python3.12/site-packages/kleman_interface-0.0.0-py3.12.egg-info/SOURCES.txt
[0.870s] -- Up-to-date symlink: /home/kllemo/ros2_ws/install/kleman_interface/lib/python3.12/site-packages/kleman_interface-0.0.0-py3.12.egg-info/dependency_links.txt
[0.870s] -- Up-to-date symlink: /home/kllemo/ros2_ws/install/kleman_interface/lib/python3.12/site-packages/kleman_interface-0.0.0-py3.12.egg-info/top_level.txt
[0.871s] -- Up-to-date symlink: /home/kllemo/ros2_ws/install/kleman_interface/lib/python3.12/site-packages/kleman_interface/__init__.py
[0.871s] -- Up-to-date symlink: /home/kllemo/ros2_ws/install/kleman_interface/lib/python3.12/site-packages/kleman_interface/_kleman_interface_s.ep.rosidl_typesupport_c.c
[0.871s] -- Up-to-date symlink: /home/kllemo/ros2_ws/install/kleman_interface/lib/python3.12/site-packages/kleman_interface/_kleman_interface_s.ep.rosidl_typesupport_fastrtps_c.c
[0.872s] -- Up-to-date symlink: /home/kllemo/ros2_ws/install/kleman_interface/lib/python3.12/site-packages/kleman_interface/_kleman_interface_s.ep.rosidl_typesupport_introspection_c.c
[0.872s] -- Up-to-date symlink: /home/kllemo/ros2_ws/install/kleman_interface/lib/python3.12/site-packages/kleman_interface/kleman_interface_s__rosidl_typesupport_c.so
[0.872s] -- Up-to-date symlink: /home/kllemo/ros2_ws/install/kleman_interface/lib/python3.12/site-packages/kleman_interface/kleman_interface_s__rosidl_typesupport_fastrtps_c.so
[0.873s] -- Up-to-date symlink: /home/kllemo/ros2_ws/install/kleman_interface/lib/python3.12/site-packages/kleman_interface/kleman_interface_s__rosidl_typesupport_introspection_c.so
[0.873s] -- Up-to-date symlink: /home/kllemo/ros2_ws/install/kleman_interface/lib/python3.12/site-packages/kleman_interface/srv/__init__.py
[0.873s] -- Up-to-date symlink: /home/kllemo/ros2_ws/install/kleman_interface/lib/python3.12/site-packages/kleman_interface/srv/_move_to_xyz.py
[0.873s] -- Up-to-date symlink: /home/kllemo/ros2_ws/install/kleman_interface/lib/python3.12/site-packages/kleman_interface/srv/_move_to_xyz_s.c
[0.874s] -- Up-to-date symlink: /home/kllemo/ros2_ws/install/kleman_interface/lib/python3.12/site-packages/kleman_interface/srv/_save_point.py
[0.874s] -- Up-to-date symlink: /home/kllemo/ros2_ws/install/kleman_interface/lib/python3.12/site-packages/kleman_interface/srv/_save_point_s.c
[0.874s] -- Up-to-date symlink: /home/kllemo/ros2_ws/install/kleman_interface/lib/python3.12/site-packages/kleman_interface/srv/_solve_ik.py
[0.874s] -- Up-to-date symlink: /home/kllemo/ros2_ws/install/kleman_interface/lib/python3.12/site-packages/kleman_interface/srv/_solve_ik_s.c
[0.875s] -- Up-to-date symlink: /home/kllemo/ros2_ws/install/kleman_interface/lib/python3.12/site-packages/kleman_interface/kleman_interface_s__rosidl_typesupport_fastrtps_c.so
[0.875s] -- Up-to-date symlink: /home/kllemo/ros2_ws/install/kleman_interface/lib/python3.12/site-packages/kleman_interface/kleman_interface_s__rosidl_typesupport_introspection_c.so
[0.875s] -- Up-to-date symlink: /home/kllemo/ros2_ws/install/kleman_interface/lib/python3.12/site-packages/kleman_interface/kleman_interface_s__rosidl_typesupport_c.so
[0.877s] -- Up-to-date symlink: /home/kllemo/ros2_ws/install/kleman_interface/share/kleman_interface/srv/SavePoint.idl
[0.878s] -- Up-to-date symlink: /home/kllemo/ros2_ws/install/kleman_interface/share/kleman_interface/srv/SolveIK.idl
[0.878s] -- Up-to-date symlink: /home/kllemo/ros2_ws/install/kleman_interface/share/kleman_interface/srv/MoveToXYZ.idl
[0.878s] -- Up-to-date symlink: /home/kllemo/ros2_ws/install/kleman_interface/share/kleman_interface/srv/SavePoint.srv
[0.879s] -- Up-to-date symlink: /home/kllemo/ros2_ws/install/kleman_interface/share/kleman_interface/srv/SolveIK.srv
[0.879s] -- Up-to-date symlink: /home/kllemo/ros2_ws/install/kleman_interface/share/kleman_interface/srv/MoveToXYZ.srv
[0.880s] -- Up-to-date symlink: /home/kllemo/ros2_ws/install/kleman_interface/share/ament_index/resource_index/package_run_dependencies/kleman_interface
[0.880s] -- Up-to-date symlink: /home/kllemo/ros2_ws/install/kleman_interface/share/ament_index/resource_index/parent_prefix_path/kleman_interface
[0.880s] -- Up-to-date symlink: /home/kllemo/ros2_ws/install/kleman_interface/share/kleman_interface/environment/ament_prefix_path.sh
[0.881s] -- Up-to-date symlink: /home/kllemo/ros2_ws/install/kleman_interface/share/kleman_interface/environment/ament_prefix_path.dsv
[0.881s] -- Up-to-date symlink: /home/kllemo/ros2_ws/install/kleman_interface/share/kleman_interface/environment/path.sh
[0.882s] -- Up-to-date symlink: /home/kllemo/ros2_ws/install/kleman_interface/share/kleman_interface/environment/path.dsv
[0.882s] -- Up-to-date symlink: /home/kllemo/ros2_ws/install/kleman_interface/share/kleman_interface/local_setup.bash
[0.882s] -- Up-to-date symlink: /home/kllemo/ros2_ws/install/kleman_interface/share/kleman_interface/local_setup.sh
[0.882s] -- Up-to-date symlink: /home/kllemo/ros2_ws/install/kleman_interface/share/kleman_interface/local_setup.zsh
[0.883s] -- Up-to-date symlink: /home/kllemo/ros2_ws/install/kleman_interface/share/kleman_interface/local_setup.dsv
[0.883s] -- Symlinking: /home/kllemo/ros2_ws/install/kleman_interface/share/kleman_interface/package.dsv
[0.895s] -- Up-to-date symlink: /home/kllemo/ros2_ws/install/kleman_interface/share/ament_index/resource_index/packages/kleman_interface
[0.895s] -- Up-to-date symlink: /home/kllemo/ros2_ws/install/kleman_interface/share/kleman_interface/cmake/rosidl_cmake-extras.cmake
[0.895s] -- Up-to-date symlink: /home/kllemo/ros2_ws/install/kleman_interface/share/kleman_interface/cmake/ament_cmake_export_dependencies-extras.cmake
[0.895s] -- Up-to-date symlink: /home/kllemo/ros2_ws/install/kleman_interface/share/kleman_interface/cmake/ament_cmake_export_include_directories-extras.cmake
[0.895s] -- Up-to-date symlink: /home/kllemo/ros2_ws/install/kleman_interface/share/kleman_interface/cmake/ament_cmake_export_libraries-extras.cmake
[0.896s] -- Up-to-date symlink: /home/kllemo/ros2_ws/install/kleman_interface/share/kleman_interface/cmake/ament_cmake_export_targets-extras.cmake
[0.896s] -- Up-to-date symlink: /home/kllemo/ros2_ws/install/kleman_interface/share/kleman_interface/cmake/rosidl_cmake_export_typesupport_targets-extras.cmake
[0.896s] -- Up-to-date symlink: /home/kllemo/ros2_ws/install/kleman_interface/share/kleman_interface/cmake/rosidl_cmake_export_typesupport_libraries-extras.cmake
[0.897s] -- Up-to-date symlink: /home/kllemo/ros2_ws/install/kleman_interface/share/kleman_interface/cmake/kleman_interfaceConfig.cmake
[0.897s] -- Up-to-date symlink: /home/kllemo/ros2_ws/install/kleman_interface/share/kleman_interface/cmake/kleman_interfaceConfig-version.cmake
[0.897s] -- Up-to-date symlink: /home/kllemo/ros2_ws/install/kleman_interface/share/kleman_interface/package.xml
[0.898s] -- Up-to-date: /home/kllemo/ros2_ws/install/kleman_interface/lib/libkleman_interface__rosidl_generator_c.so
[0.898s] -- Up-to-date: /home/kllemo/ros2_ws/install/kleman_interface/lib/libkleman_interface__rosidl_typesupport_fastrtps_c.so
[0.899s] -- Up-to-date: /home/kllemo/ros2_ws/install/kleman_interface/lib/libkleman_interface__rosidl_typesupport_introspection_c.so
[0.899s] -- Up-to-date: /home/kllemo/ros2_ws/install/kleman_interface/lib/libkleman_interface__rosidl_typesupport_c.so
[0.900s] -- Up-to-date: /home/kllemo/ros2_ws/install/kleman_interface/lib/libkleman_interface__rosidl_typesupport_fastrtps_cpp.so
[0.900s] -- Up-to-date: /home/kllemo/ros2_ws/install/kleman_interface/lib/libkleman_interface__rosidl_typesupport_introspection_cpp.so
[0.901s] -- Up-to-date: /home/kllemo/ros2_ws/install/kleman_interface/lib/libkleman_interface__rosidl_typesupport_cpp.so
[0.983s] Listing '/home/kllemo/ros2_ws/install/kleman_interface/lib/python3.12/site-packages/kleman_interface'...
[0.984s] Listing '/home/kllemo/ros2_ws/install/kleman_interface/lib/python3.12/site-packages/kleman_interface/srv'...
[0.999s] -- Up-to-date: /home/kllemo/ros2_ws/install/kleman_interface/lib/libkleman_interface__rosidl_generator_py.so
[0.999s] -- Up-to-date: /home/kllemo/ros2_ws/install/kleman_interface/share/kleman_interface/cmake/export_kleman_interface__rosidl_generator_cExport.cmake
[1.000s] -- Up-to-date: /home/kllemo/ros2_ws/install/kleman_interface/share/kleman_interface/cmake/export_kleman_interface__rosidl_generator_cExport-noconfig.cmake
[1.000s] -- Up-to-date: /home/kllemo/ros2_ws/install/kleman_interface/share/kleman_interface/cmake/export_kleman_interface__rosidl_typesupport_fastrtps_cExport.cmake
[1.000s] -- Up-to-date: /home/kllemo/ros2_ws/install/kleman_interface/share/kleman_interface/cmake/export_kleman_interface__rosidl_typesupport_fastrtps_cExport-noconfig.cmake
[1.000s] -- Up-to-date: /home/kllemo/ros2_ws/install/kleman_interface/share/kleman_interface/cmake/kleman_interface__rosidl_typesupport_introspection_cExport.cmake
[1.000s] -- Up-to-date: /home/kllemo/ros2_ws/install/kleman_interface/share/kleman_interface/cmake/kleman_interface__rosidl_typesupport_introspection_cExport-noconfig.cmake
[1.000s] -- Up-to-date: /home/kllemo/ros2_ws/install/kleman_interface/share/kleman_interface/cmake/kleman_interface__rosidl_typesupport_cExport.cmake
[1.001s] -- Up-to-date: /home/kllemo/ros2_ws/install/kleman_interface/share/kleman_interface/cmake/kleman_interface__rosidl_typesupport_cExport-noconfig.cmake
[1.001s] -- Up-to-date: /home/kllemo/ros2_ws/install/kleman_interface/share/kleman_interface/cmake/export_kleman_interface__rosidl_generator_cppExport.cmake
[1.001s] -- Up-to-date: /home/kllemo/ros2_ws/install/kleman_interface/share/kleman_interface/cmake/export_kleman_interface__rosidl_typesupport_fastrtps_cppExport.cmake
[1.001s] -- Up-to-date: /home/kllemo/ros2_ws/install/kleman_interface/share/kleman_interface/cmake/export_kleman_interface__rosidl_typesupport_fastrtps_cppExport-noconfig.cmake
[1.002s] -- Up-to-date: /home/kllemo/ros2_ws/install/kleman_interface/share/kleman_interface/cmake/kleman_interface__rosidl_typesupport_introspection_cppExport.cmake
[1.003s] -- Up-to-date: /home/kllemo/ros2_ws/install/kleman_interface/share/kleman_interface/cmake/kleman_interface__rosidl_typesupport_introspection_cppExport-noconfig.cmake
[1.003s] -- Up-to-date: /home/kllemo/ros2_ws/install/kleman_interface/share/kleman_interface/cmake/kleman_interface__rosidl_typesupport_cppExport.cmake
[1.003s] -- Up-to-date: /home/kllemo/ros2_ws/install/kleman_interface/share/kleman_interface/cmake/kleman_interface__rosidl_typesupport_cppExport-noconfig.cmake
[1.003s] -- Up-to-date: /home/kllemo/ros2_ws/install/kleman_interface/share/kleman_interface/cmake/export_kleman_interface__rosidl_generator_pyExport.cmake
[1.003s] -- Up-to-date: /home/kllemo/ros2_ws/install/kleman_interface/share/kleman_interface/cmake/export_kleman_interface__rosidl_generator_pyExport-noconfig.cmake
[1.007s] Invoked command in '/home/kllemo/ros2_ws/build/kleman_interface' returned '0': CMAKE_PREFIX_PATH=${CMAKE_PREFIX_PATH}:/opt/ros/jazzy DEBUGINFOD_URLS=https://debuginfod.ubuntu.com /usr/bin/cmake --install /home/kllemo/ros2_ws/build/kleman_interface
